рампа #1: пост z=296.7 T=325 A=116 -> ОСЦ | пре -> тихо [1s]
рампа #6: пост z=307.3 T=328 A=117 -> ОСЦ | пре -> тихо [2s]
рампа #7: пост z=305.8 T=328 A=155 -> ОСЦ | пре -> тихо [3s]
рампа #8: пост z=305.2 T=327 A=149 -> ОСЦ | пре -> тихо [3s]
рампа #9: пост z=305.0 T=326 A=134 -> ОСЦ | пре -> тихо [3s]
рампа #10: пост z=217.3 T=167 A=114 -> ОСЦ | пре -> тихо [4s]
рампа #11: пост z=306.9 T=326 A=134 -> ОСЦ | пре -> тихо [4s]
рампа #12: пост z=307.1 T=325 A=131 -> ОСЦ | пре -> тихо [4s]
E016: пост-осц 8/8, пре-огней 0/8 | P-B1a ✓ P-B1b ✓
лестница #1 V=0.00: z=1.3 T=51 A=1.3 -> нет [4s]
лестница #2 V=0.32: z=10.1 T=383 A=1.4 -> нет [5s]
лестница #3 V=0.64: z=16.5 T=636 A=1.5 -> нет [5s]
лестница #4 V=0.96: z=9.1 T=350 A=1.5 -> нет [5s]
лестница #5 V=1.28: z=11.2 T=443 A=1.6 -> нет [5s]
лестница #6 V=1.60: z=65.5 T=2414 A=1.7 -> нет [5s]
лестница #7 V=1.92: z=82.4 T=2931 A=1.8 -> нет [5s]
лестница #8 V=2.24: z=93.5 T=3260 A=1.9 -> нет [5s]
лестница #9 V=2.40: z=90.9 T=3236 A=2.0 -> нет [5s]
лестница #10 V=2.56: z=72.6 T=2738 A=2.1 -> нет [5s]
лестница #11 V=2.64: z=302.7 T=326 A=146.7 -> ОСЦ [5s]
лестница #12 V=2.72: z=302.7 T=326 A=146.7 -> ОСЦ [6s]
лестница #13 V=2.80: z=310.3 T=327 A=186.9 -> ОСЦ [6s]
лестница #14 V=2.88: z=311.8 T=328 A=198.2 -> ОСЦ [6s]
лестница #15 V=2.96: z=313.3 T=328 A=207.7 -> ОСЦ [6s]
лестница #16 V=3.04: z=314.5 T=328 A=219.0 -> ОСЦ [6s]
лестница #17 V=3.20: z=317.0 T=328 A=234.9 -> ОСЦ [6s]
лестница #18 V=3.52: z=320.6 T=329 A=266.6 -> ОСЦ [6s]
лестница #19 V=3.84: z=325.3 T=330 A=300.6 -> ОСЦ [7s]
E018: V*_qs=2.64 | выше огней 1.00, ниже 0.00, островов 0 | якорь 1.86 -> P-B4a ✓ P-B4b УБИТ
[done 7s]
