тест fold#1: R2=3.43 rise=15.52 S=37.73 -> fold [3s]
тест fold#2: R2=4.40 rise=19.68 S=29.52 -> fold [5s]
тест fold#3: R2=3.17 rise=16.44 S=37.05 -> fold [7s]
тест fold#4: R2=3.65 rise=10.96 S=13.19 -> fold [10s]
тест fold#5: R2=4.08 rise=3.36 S=46.6 -> none [12s]
тест trans#1: R2=3.91 rise=24.84 S=1.58 -> trans [16s]
тест trans#2: R2=4.25 rise=29.34 S=2.18 -> trans [21s]
тест trans#3: R2=3.96 rise=21.09 S=3.85 -> trans [25s]
тест trans#4: R2=4.39 rise=21.03 S=3.89 -> trans [30s]
тест trans#5: R2=4.49 rise=20.86 S=5.07 -> trans [34s]
тест hopf#1: R2=22.09 rise=-3.53 S=None -> hopf [40s]
тест hopf#2: R2=19.64 rise=-4.48 S=None -> hopf [47s]
тест hopf#3: R2=19.62 rise=-2.93 S=None -> hopf [53s]
тест hopf#4: R2=22.65 rise=-3.19 S=None -> hopf [60s]
тест hopf#5: R2=19.51 rise=-2.93 S=None -> hopf [67s]
контроль fold#1: -> none [69s]
контроль fold#2: -> none [71s]
контроль fold#3: -> none [74s]
контроль trans#1: -> none [78s]
контроль trans#2: -> none [82s]
контроль trans#3: -> none [87s]
контроль hopf#1: -> hopf [94s]
контроль hopf#2: -> hopf [100s]
контроль hopf#3: -> hopf [107s]

матрица: {'fold': {'fold': 4, 'none': 1}, 'trans': {'trans': 5}, 'hopf': {'hopf': 5}}
P-V1c1: верных 14/15 (исходно 13/15), фолд<->Хопф 0 -> РЕПЛИЦИРОВАН (LOO=True)
P-V1c2: контроли none 6/9 -> не уст.
[107s]
