50 {'A0': 1.5528, 'AW': 1.5408, 'AR': 1.533} dW 0.012 dR -0.0078
51 {'A0': 1.5468, 'AW': 1.514, 'AR': 1.5257} dW 0.0327 dR 0.0116
52 {'A0': 1.5471, 'AW': 1.5337, 'AR': 1.5509} dW 0.0134 dR 0.0172
53 {'A0': 1.5543, 'AW': 1.5355, 'AR': 1.5355} dW 0.0188 dR -0.0001
54 {'A0': 1.5469, 'AW': 1.5389, 'AR': 1.5434} dW 0.008 dR 0.0045
55 {'A0': 1.5482, 'AW': 1.5366, 'AR': 1.5414} dW 0.0116 dR 0.0048
56 {'A0': 1.5439, 'AW': 1.5299, 'AR': 1.5311} dW 0.014 dR 0.0013
57 {'A0': 1.5418, 'AW': 1.5352, 'AR': 1.5293} dW 0.0065 dR -0.0059
58 {'A0': 1.5416, 'AW': 1.5446, 'AR': 1.5458} dW -0.003 dR 0.0012
59 {'A0': 1.5586, 'AW': 1.5315, 'AR': 1.5296} dW 0.0271 dR -0.0019
60 {'A0': 1.5432, 'AW': 1.5267, 'AR': 1.5158} dW 0.0165 dR -0.0108
61 {'A0': 1.5425, 'AW': 1.5167, 'AR': 1.5156} dW 0.0258 dR -0.0011
62 {'A0': 1.5421, 'AW': 1.5285, 'AR': 1.5251} dW 0.0136 dR -0.0034
63 {'A0': 1.5504, 'AW': 1.5363, 'AR': 1.5384} dW 0.0141 dR 0.0021
64 {'A0': 1.5457, 'AW': 1.5242, 'AR': 1.524} dW 0.0215 dR -0.0002
65 {'A0': 1.5399, 'AW': 1.522, 'AR': 1.5233} dW 0.018 dR 0.0013
66 {'A0': 1.5456, 'AW': 1.5184, 'AR': 1.5192} dW 0.0273 dR 0.0008
67 {'A0': 1.5506, 'AW': 1.5344, 'AR': 1.5449} dW 0.0162 dR 0.0105
68 {'A0': 1.5555, 'AW': 1.5183, 'AR': 1.5199} dW 0.0372 dR 0.0016
69 {'A0': 1.5436, 'AW': 1.538, 'AR': 1.5329} dW 0.0056 dR -0.0051
{
 "P1": {
  "n_positive": 19,
  "verdict": "подтверждено",
  "sign_p": 2.002716064453125e-05
 },
 "P2": {
  "n_positive": 11,
  "verdict": "разницы нет",
  "sign_p": 0.41190147399902344
 },
 "P3": {
  "median_dW": 0.015173949739955672,
  "ci_dW": [
   0.012726397418529212,
   0.0201297030010521
  ],
  "median_dR": 0.0009898450937440018,
  "ci_dR": [
   -0.0014764008166631148,
   0.0018406749230466257
  ],
  "curves": {
   "A0": {
    "0": 3.7463114361978582,
    "500": 1.8689781472062108,
    "1000": 1.6473673049993673,
    "1500": 1.5724132597256868,
    "2000": 1.5462477824580136
   },
   "AW": {
    "0": 3.7463114361978582,
    "500": 1.8257921499354897,
    "1000": 1.6210196411233881,
    "1500": 1.5523008399801665,
    "2000": 1.5325720877997044
   },
   "AR": {
    "0": 3.7463114361978582,
    "500": 1.825273712788889,
    "1000": 1.6200762446198023,
    "1500": 1.5518675510477067,
    "2000": 1.53035233511984
   }
  },
  "A0_sd_2000": 0.005181744192647657,
  "AR_minus_A0_positive": 18
 }
}
