{
 "PA1": {
  "wins": 49,
  "ties": 0,
  "median_gain": 0.20017880794702025,
  "sign_p": 3.7806404911983754e-07,
  "verdict": "подтверждено"
 },
 "PA2": {
  "wins": 49,
  "ties": 0,
  "median_gain": 0.31377152317880785,
  "sign_p": 3.7806404911983754e-07,
  "verdict": "подтверждено"
 },
 "PB1": {
  "wins": 48,
  "ties": 0,
  "median_gain": 0.29782615894039743,
  "sign_p": 1.5918143689667985e-06,
  "verdict": "подтверждено"
 },
 "PB2": {
  "wins": 25,
  "ties": 0,
  "median_gain": -0.021495033112582697,
  "sign_p": 0.9224990479983697,
  "verdict": "подтверждено"
 },
 "PC": {
  "wins": 5,
  "ties": 0,
  "median_gain": -0.10440728476821198,
  "sign_p": 0.9999999999995458,
  "verdict": "вредит",
  "base_wins": 55
 }
}
ρ(доля новизны, ИОИ), медиана: -0.8
T1/BASE        ИОИ 0.993  незнание 0.972  самообман 0.024  итог 0.507
T1/LIFE2       ИОИ 1.026  незнание 0.994  самообман 0.031  итог 0.009
T1/MIRROR_0    ИОИ 1.507  незнание 0.980  самообман 0.549  итог 0.026
T1/MIRROR_100  ИОИ 1.395  незнание 0.980  самообман 0.409  итог 0.021
T1/MIRROR_25   ИОИ 1.542  незнание 0.974  самообман 0.557  итог 0.031
T1/MIRROR_50   ИОИ 1.499  незнание 0.977  самообман 0.519  итог 0.029
T1/TWO         ИОИ 1.013  незнание 0.986  самообман 0.027  итог 0.019
T2/BASE        ИОИ 0.333  незнание 0.278  самообман 0.043  итог 1.000
T2/LIFE2       ИОИ 0.519  незнание 0.438  самообман 0.084  итог 0.575
T2/MIRROR_0    ИОИ 0.967  незнание 0.487  самообман 0.480  итог 0.520
T2/MIRROR_100  ИОИ 0.595  незнание 0.396  самообман 0.200  итог 0.619
T2/MIRROR_25   ИОИ 0.336  незнание 0.187  самообман 0.149  итог 1.000
T2/MIRROR_50   ИОИ 0.336  незнание 0.208  самообман 0.132  итог 1.000
T2/TWO         ИОИ 0.045  незнание 0.039  самообман 0.008  итог 1.000
T3/BASE        ИОИ 0.834  незнание 0.705  самообман 0.101  итог 0.500
T3/LIFE2       ИОИ 1.032  незнание 0.939  самообман 0.090  итог 0.076
T3/MIRROR_0    ИОИ 1.694  незнание 0.955  самообман 0.739  итог 0.056
T3/MIRROR_100  ИОИ 1.384  незнание 0.930  самообман 0.454  итог 0.081
T3/MIRROR_25   ИОИ 1.592  незнание 0.951  самообман 0.634  итог 0.054
T3/MIRROR_50   ИОИ 1.493  незнание 0.941  самообман 0.542  итог 0.071
T3/TWO         ИОИ 0.930  незнание 0.822  самообман 0.100  итог 0.198
T4/BASE        ИОИ 0.537  незнание 0.487  самообман 0.054  итог 0.526
T4/TWO         ИОИ 0.105  незнание 0.093  самообман 0.012  итог 1.000
T5/BASE        ИОИ 0.557  незнание 0.503  самообман 0.048  итог 0.551
T5/TWO         ИОИ 0.096  незнание 0.082  самообман 0.015  итог 1.000
T6/BASE        ИОИ 0.245  незнание 0.239  самообман 0.007  итог 1.000
T6/TWO         ИОИ 0.155  незнание 0.149  самообман 0.006  итог 1.000
