A0 42 0 1.8018 1.2269 2.5
A0 42 100 1.7902 1.2177 12.0
A0 42 200 1.7836 1.2184 21.8
A0 42 300 1.7753 1.2242 31.6
A0 42 400 1.758 1.2138 41.2
A0 42 500 1.7566 1.2123 50.7
A0 42 600 1.7354 1.2125 60.0
A0 42 700 1.7481 1.2217 69.5
A0 42 800 1.7444 1.2191 78.8
A0 42 900 1.7363 1.2188 88.3
A0 42 1000 1.7307 1.2222 97.9
A0 42 1100 1.7289 1.2171 107.5
A0 42 1200 1.728 1.218 117.1
A0 42 1300 1.7166 1.2137 126.9
A0 42 1400 1.7308 1.2223 136.6
A0 42 1500 1.7075 1.2179 145.9
A0 42 1600 1.7333 1.2217 155.5
A0 42 1700 1.72 1.2249 164.7
A0 42 1800 1.7079 1.2127 174.0
A0 42 1900 1.7289 1.2183 183.3
done 192.7
