A0 37 0 1.7991 1.2198 2.5
A0 37 100 1.7889 1.221 12.3
A0 37 200 1.7876 1.2189 22.0
A0 37 300 1.7727 1.2199 31.6
A0 37 400 1.7645 1.2225 41.4
A0 37 500 1.7345 1.2142 51.1
A0 37 600 1.7201 1.2185 60.7
A0 37 700 1.7175 1.2214 70.2
A0 37 800 1.7229 1.2134 80.3
A0 37 900 1.7137 1.2134 90.1
A0 37 1000 1.7285 1.2192 99.9
A0 37 1100 1.7149 1.219 109.7
A0 37 1200 1.7226 1.2158 119.5
A0 37 1300 1.7234 1.2134 129.5
A0 37 1400 1.7301 1.2183 139.5
A0 37 1500 1.7165 1.2174 149.4
A0 37 1600 1.7245 1.226 159.3
A0 37 1700 1.7245 1.2209 169.5
A0 37 1800 1.7092 1.2109 179.3
A0 37 1900 1.7236 1.2197 188.8
done 198.8
