A0 41 0 1.8005 1.2244 2.3
A0 41 100 1.7914 1.2146 12.2
A0 41 200 1.7818 1.2212 21.9
A0 41 300 1.7779 1.2141 31.5
A0 41 400 1.7537 1.2205 41.2
A0 41 500 1.7543 1.2153 50.8
A0 41 600 1.7499 1.2158 60.4
A0 41 700 1.7346 1.2131 69.9
A0 41 800 1.7273 1.218 79.4
A0 41 900 1.7349 1.2124 88.8
A0 41 1000 1.7239 1.2169 98.1
A0 41 1100 1.7179 1.2193 107.6
A0 41 1200 1.7207 1.2206 116.9
A0 41 1300 1.7283 1.2228 126.1
A0 41 1400 1.7226 1.2214 135.2
A0 41 1500 1.7126 1.2175 144.6
A0 41 1600 1.7144 1.2264 153.5
A0 41 1700 1.7093 1.2179 162.8
A0 41 1800 1.7237 1.2188 172.4
A0 41 1900 1.7121 1.2187 181.9
done 191.1
