A0 49 0 1.8094 1.218 2.3
A0 49 100 1.791 1.2232 11.9
A0 49 200 1.7857 1.2202 21.4
A0 49 300 1.7754 1.218 30.8
A0 49 400 1.7517 1.2215 40.4
A0 49 500 1.7518 1.2161 49.8
A0 49 600 1.7477 1.2196 59.3
A0 49 700 1.7335 1.2247 68.7
A0 49 800 1.7384 1.2228 78.3
A0 49 900 1.7312 1.2198 87.5
A0 49 1000 1.7326 1.2306 97.0
A0 49 1100 1.7287 1.2209 106.3
A0 49 1200 1.7243 1.2169 115.7
A0 49 1300 1.7198 1.2204 125.1
A0 49 1400 1.7152 1.2112 134.3
A0 49 1500 1.7099 1.2218 143.7
A0 49 1600 1.7172 1.2196 153.2
A0 49 1700 1.724 1.2128 162.6
A0 49 1800 1.7109 1.2154 172.2
A0 49 1900 1.7166 1.221 181.7
done 190.9
