A0 39 0 1.8023 1.216 2.7
A0 39 100 1.7921 1.2226 12.6
A0 39 200 1.7835 1.2221 22.4
A0 39 300 1.7793 1.215 32.1
A0 39 400 1.7502 1.2138 41.8
A0 39 500 1.7534 1.2197 51.6
A0 39 600 1.7491 1.2173 61.3
A0 39 700 1.7393 1.223 71.1
A0 39 800 1.7271 1.2164 80.8
A0 39 900 1.7273 1.2163 90.7
A0 39 1000 1.7287 1.2155 100.4
A0 39 1100 1.7155 1.215 110.0
A0 39 1200 1.7244 1.222 120.0
A0 39 1300 1.7219 1.2213 129.8
A0 39 1400 1.7232 1.2183 139.4
A0 39 1500 1.7293 1.215 149.0
A0 39 1600 1.7204 1.2165 158.4
A0 39 1700 1.7262 1.2192 168.1
A0 39 1800 1.7166 1.2165 177.8
A0 39 1900 1.707 1.2133 187.5
done 197.0
