A0 35 0 1.8011 1.222 2.5
A0 35 100 1.7892 1.2183 12.4
A0 35 200 1.7807 1.2211 22.4
A0 35 300 1.7718 1.2166 32.5
A0 35 400 1.7533 1.2201 42.6
A0 35 500 1.7422 1.225 52.4
A0 35 600 1.7327 1.2196 62.5
A0 35 700 1.7279 1.2217 72.4
A0 35 800 1.7338 1.2254 82.4
A0 35 900 1.7302 1.2117 92.4
A0 35 1000 1.7153 1.2126 102.0
A0 35 1100 1.7189 1.2175 111.6
A0 35 1200 1.7136 1.2211 121.3
A0 35 1300 1.7348 1.2168 130.8
A0 35 1400 1.7236 1.215 140.4
A0 35 1500 1.7241 1.218 150.4
A0 35 1600 1.7275 1.2218 160.1
A0 35 1700 1.7121 1.2171 169.8
A0 35 1800 1.7208 1.2148 179.7
A0 35 1900 1.7166 1.22 189.6
done 199.1
