A0 45 0 1.7991 1.2193 2.4
A0 45 100 1.7907 1.2197 12.0
A0 45 200 1.7869 1.2122 21.7
A0 45 300 1.7761 1.2155 31.1
A0 45 400 1.7708 1.2208 40.9
A0 45 500 1.7641 1.2156 50.9
A0 45 600 1.7511 1.2175 60.4
A0 45 700 1.7398 1.2175 70.1
A0 45 800 1.7259 1.2215 79.6
A0 45 900 1.7402 1.2262 88.9
A0 45 1000 1.7259 1.2209 98.6
A0 45 1100 1.7364 1.222 108.0
A0 45 1200 1.7178 1.2166 117.7
A0 45 1300 1.7089 1.2221 127.3
A0 45 1400 1.7159 1.2267 136.6
A0 45 1500 1.7206 1.2194 146.2
A0 45 1600 1.7266 1.2235 155.9
A0 45 1700 1.7197 1.2212 165.6
A0 45 1800 1.7115 1.2214 175.3
A0 45 1900 1.7279 1.2244 184.9
done 194.2
