A0 43 0 1.8064 1.2225 2.4
A0 43 100 1.7903 1.2122 11.7
A0 43 200 1.7817 1.2175 21.0
A0 43 300 1.7778 1.2241 30.4
A0 43 400 1.7556 1.2201 39.5
A0 43 500 1.7396 1.2185 48.9
A0 43 600 1.7499 1.2145 58.1
A0 43 700 1.7321 1.2135 67.6
A0 43 800 1.7428 1.2171 77.0
A0 43 900 1.7382 1.2155 86.7
A0 43 1000 1.7392 1.2134 96.2
A0 43 1100 1.732 1.2188 106.0
A0 43 1200 1.734 1.2247 115.7
A0 43 1300 1.706 1.2133 125.2
A0 43 1400 1.7251 1.2173 134.8
A0 43 1500 1.7242 1.2173 144.5
A0 43 1600 1.7235 1.2172 154.2
A0 43 1700 1.7278 1.2147 163.8
A0 43 1800 1.7282 1.2224 173.5
A0 43 1900 1.7156 1.2186 183.2
done 192.6
