A0 32 0 1.8035 1.22 2.4
A0 32 100 1.7902 1.217 12.1
A0 32 200 1.7863 1.2213 21.7
A0 32 300 1.7758 1.2187 31.3
A0 32 400 1.7587 1.2134 40.9
A0 32 500 1.7623 1.2303 50.3
A0 32 600 1.7496 1.2167 60.2
A0 32 700 1.752 1.2189 69.9
A0 32 800 1.7456 1.2185 79.6
A0 32 900 1.7237 1.2169 89.6
A0 32 1000 1.7148 1.2216 99.0
A0 32 1100 1.7306 1.2143 108.7
A0 32 1200 1.7229 1.2125 118.2
A0 32 1300 1.728 1.2155 127.8
A0 32 1400 1.7188 1.2277 137.4
A0 32 1500 1.7289 1.2184 147.1
A0 32 1600 1.7223 1.2254 156.8
A0 32 1700 1.7178 1.2202 166.3
A0 32 1800 1.7201 1.2145 176.1
A0 32 1900 1.7122 1.2121 185.6
done 195.0
