A0 33 0 1.7991 1.2225 2.4
A0 33 100 1.7891 1.2165 12.2
A0 33 200 1.788 1.2148 21.8
A0 33 300 1.7662 1.2191 31.4
A0 33 400 1.7475 1.2135 41.0
A0 33 500 1.7507 1.2206 50.7
A0 33 600 1.7426 1.2179 60.1
A0 33 700 1.736 1.2208 69.6
A0 33 800 1.7153 1.217 79.4
A0 33 900 1.7183 1.2185 89.2
A0 33 1000 1.7289 1.2197 99.3
A0 33 1100 1.7297 1.218 108.9
A0 33 1200 1.7252 1.2228 118.7
A0 33 1300 1.713 1.2066 128.5
A0 33 1400 1.7161 1.2141 138.4
A0 33 1500 1.7097 1.2128 147.8
A0 33 1600 1.7263 1.2248 157.3
A0 33 1700 1.7235 1.2258 167.0
A0 33 1800 1.7268 1.2263 176.5
A0 33 1900 1.7255 1.2161 186.3
done 195.9
