A0 31 0 1.8027 1.2218 2.7
A0 31 100 1.7919 1.2245 12.6
A0 31 200 1.7836 1.2115 22.5
A0 31 300 1.7795 1.2173 32.4
A0 31 400 1.7514 1.2149 42.0
A0 31 500 1.7538 1.2231 51.5
A0 31 600 1.738 1.2084 60.8
A0 31 700 1.7207 1.2185 70.1
A0 31 800 1.7092 1.2161 79.6
A0 31 900 1.718 1.2161 89.4
A0 31 1000 1.7209 1.2174 98.9
A0 31 1100 1.7144 1.2217 108.4
A0 31 1200 1.7254 1.2122 117.6
A0 31 1300 1.7064 1.219 127.0
A0 31 1400 1.7179 1.2189 136.6
A0 31 1500 1.722 1.2187 146.3
A0 31 1600 1.7023 1.2158 155.9
A0 31 1700 1.7146 1.2187 165.5
A0 31 1800 1.6989 1.2163 175.1
A0 31 1900 1.7123 1.2199 184.9
done 194.4
