A0 30 0 1.8099 1.2224 3.0
A0 30 100 1.7887 1.2185 12.7
A0 30 200 1.7814 1.2175 22.1
A0 30 300 1.7785 1.2235 31.7
A0 30 400 1.7512 1.2197 41.2
A0 30 500 1.7283 1.2224 50.9
A0 30 600 1.7202 1.2178 60.5
A0 30 700 1.7103 1.2177 70.4
A0 30 800 1.7286 1.221 79.8
A0 30 900 1.7369 1.2229 89.8
A0 30 1000 1.7166 1.2189 99.5
A0 30 1100 1.7228 1.2168 109.1
A0 30 1200 1.7189 1.218 118.9
A0 30 1300 1.7154 1.2144 128.6
A0 30 1400 1.7129 1.2193 138.4
A0 30 1500 1.7243 1.2215 148.3
A0 30 1600 1.7282 1.2217 158.2
A0 30 1700 1.723 1.2198 167.7
A0 30 1800 1.7273 1.2195 177.6
A0 30 1900 1.7226 1.2155 187.4
done 197.0
