A0 36 0 1.8004 1.2209 2.5
A0 36 100 1.7913 1.2224 12.1
A0 36 200 1.7859 1.2195 22.2
A0 36 300 1.7787 1.2196 32.0
A0 36 400 1.7686 1.2181 42.1
A0 36 500 1.7554 1.2226 52.0
A0 36 600 1.7423 1.2228 61.9
A0 36 700 1.7394 1.2266 71.9
A0 36 800 1.7458 1.2222 81.6
A0 36 900 1.7165 1.2167 91.7
A0 36 1000 1.7133 1.2182 101.9
A0 36 1100 1.7248 1.2175 111.8
A0 36 1200 1.7382 1.2149 121.9
A0 36 1300 1.7109 1.2142 132.2
A0 36 1400 1.7139 1.2192 142.3
A0 36 1500 1.7135 1.2104 152.3
A0 36 1600 1.7164 1.2234 162.4
A0 36 1700 1.7131 1.222 172.4
A0 36 1800 1.7109 1.2159 182.5
A0 36 1900 1.7237 1.2119 192.3
done 201.7
