A0 48 0 1.7999 1.2183 2.4
A0 48 100 1.7892 1.2174 12.0
A0 48 200 1.7831 1.2277 21.8
A0 48 300 1.7689 1.2213 31.5
A0 48 400 1.7571 1.2193 41.0
A0 48 500 1.7387 1.2188 50.5
A0 48 600 1.7358 1.2177 59.8
A0 48 700 1.7295 1.2123 69.3
A0 48 800 1.7471 1.2145 78.8
A0 48 900 1.732 1.2104 88.2
A0 48 1000 1.7244 1.2131 97.7
A0 48 1100 1.7227 1.215 107.0
A0 48 1200 1.725 1.2182 116.5
A0 48 1300 1.7268 1.2194 125.7
A0 48 1400 1.7316 1.2169 135.0
A0 48 1500 1.7316 1.2174 144.5
A0 48 1600 1.7185 1.2207 154.0
A0 48 1700 1.721 1.226 163.4
A0 48 1800 1.7132 1.2181 173.7
A0 48 1900 1.7375 1.2168 183.3
done 192.9
