A0 34 0 1.7983 1.2117 2.4
A0 34 100 1.7901 1.2163 12.4
A0 34 200 1.7859 1.2197 22.1
A0 34 300 1.7751 1.2188 31.7
A0 34 400 1.7529 1.2196 41.3
A0 34 500 1.7482 1.2182 51.2
A0 34 600 1.7486 1.2239 60.9
A0 34 700 1.7424 1.222 70.7
A0 34 800 1.7418 1.224 80.5
A0 34 900 1.7584 1.2207 90.2
A0 34 1000 1.7503 1.2223 99.5
A0 34 1100 1.7391 1.2235 109.1
A0 34 1200 1.7313 1.2166 118.6
A0 34 1300 1.7177 1.2162 128.3
A0 34 1400 1.7316 1.2236 138.1
A0 34 1500 1.7184 1.2212 147.8
A0 34 1600 1.7225 1.2248 157.4
A0 34 1700 1.7294 1.2198 166.9
A0 34 1800 1.7213 1.2181 177.1
A0 34 1900 1.7276 1.22 186.9
done 196.5
