A0 38 0 1.805 1.2233 2.4
A0 38 100 1.7913 1.2239 12.2
A0 38 200 1.7837 1.214 21.8
A0 38 300 1.7716 1.2144 31.7
A0 38 400 1.743 1.2216 41.3
A0 38 500 1.7619 1.2178 51.0
A0 38 600 1.7522 1.221 60.5
A0 38 700 1.7353 1.2161 69.9
A0 38 800 1.7302 1.2141 79.4
A0 38 900 1.7352 1.2108 89.1
A0 38 1000 1.7361 1.2222 98.5
A0 38 1100 1.7251 1.2138 108.3
A0 38 1200 1.7093 1.2189 117.9
A0 38 1300 1.714 1.2235 127.7
A0 38 1400 1.7151 1.213 137.7
A0 38 1500 1.7333 1.2158 147.4
A0 38 1600 1.7229 1.2186 157.1
A0 38 1700 1.7126 1.2148 167.0
A0 38 1800 1.7278 1.2236 177.2
A0 38 1900 1.7387 1.2252 187.0
done 196.9
