A0 44 0 1.8028 1.2256 2.3
A0 44 100 1.7916 1.2126 11.8
A0 44 200 1.7876 1.2139 21.2
A0 44 300 1.7758 1.2164 30.7
A0 44 400 1.761 1.2132 40.2
A0 44 500 1.7506 1.2234 50.0
A0 44 600 1.7347 1.2145 59.5
A0 44 700 1.7404 1.2261 69.1
A0 44 800 1.7268 1.2104 78.9
A0 44 900 1.722 1.2225 88.5
A0 44 1000 1.7286 1.2245 97.9
A0 44 1100 1.7077 1.2149 107.0
A0 44 1200 1.7294 1.2201 116.4
A0 44 1300 1.7219 1.2176 126.1
A0 44 1400 1.7173 1.2204 135.5
A0 44 1500 1.698 1.2124 145.2
A0 44 1600 1.7188 1.2269 154.9
A0 44 1700 1.7308 1.2181 164.2
A0 44 1800 1.7142 1.219 173.4
A0 44 1900 1.721 1.2265 182.8
done 192.4
