A0 47 0 1.8061 1.2157 2.4
A0 47 100 1.7908 1.2163 12.1
A0 47 200 1.7837 1.2117 21.7
A0 47 300 1.7774 1.224 31.6
A0 47 400 1.7486 1.2209 41.2
A0 47 500 1.7306 1.2163 50.8
A0 47 600 1.7182 1.2232 60.4
A0 47 700 1.7173 1.2241 70.0
A0 47 800 1.7332 1.2209 79.5
A0 47 900 1.7026 1.2219 88.9
A0 47 1000 1.7183 1.2191 98.5
A0 47 1100 1.7195 1.209 108.2
A0 47 1200 1.7165 1.2219 117.7
A0 47 1300 1.7281 1.2239 127.7
A0 47 1400 1.7111 1.2138 137.3
A0 47 1500 1.7084 1.2172 147.0
A0 47 1600 1.7232 1.217 156.4
A0 47 1700 1.715 1.2177 166.3
A0 47 1800 1.7079 1.22 176.0
A0 47 1900 1.7128 1.2225 185.8
done 195.2
