A0 40 0 1.8052 1.216 2.6
A0 40 100 1.7911 1.2143 12.3
A0 40 200 1.7832 1.2157 21.9
A0 40 300 1.7748 1.2193 31.8
A0 40 400 1.747 1.2216 41.6
A0 40 500 1.7354 1.2183 51.3
A0 40 600 1.724 1.2181 61.1
A0 40 700 1.7204 1.2228 71.0
A0 40 800 1.7258 1.2222 80.9
A0 40 900 1.7185 1.2228 90.8
A0 40 1000 1.7303 1.2224 101.0
A0 40 1100 1.721 1.2144 110.7
A0 40 1200 1.7291 1.2151 120.3
A0 40 1300 1.7145 1.2228 129.9
A0 40 1400 1.7141 1.2211 139.6
A0 40 1500 1.7249 1.2261 149.2
A0 40 1600 1.7155 1.2151 158.8
A0 40 1700 1.7015 1.2188 168.3
A0 40 1800 1.7221 1.2204 178.1
A0 40 1900 1.733 1.2188 187.5
done 196.9
