A0 46 0 1.8001 1.2246 2.4
A0 46 100 1.7913 1.2203 11.9
A0 46 200 1.7862 1.2191 21.2
A0 46 300 1.7776 1.2146 30.6
A0 46 400 1.7589 1.2186 40.0
A0 46 500 1.737 1.2217 49.5
A0 46 600 1.7446 1.2207 59.2
A0 46 700 1.7288 1.2168 68.9
A0 46 800 1.7297 1.2195 78.6
A0 46 900 1.7248 1.215 88.5
A0 46 1000 1.722 1.2209 97.8
A0 46 1100 1.7209 1.2195 107.7
A0 46 1200 1.716 1.2221 117.2
A0 46 1300 1.7127 1.2163 127.1
A0 46 1400 1.708 1.2169 136.9
A0 46 1500 1.7253 1.2168 146.8
A0 46 1600 1.7062 1.2276 156.6
A0 46 1700 1.7136 1.2177 166.3
A0 46 1800 1.723 1.2237 176.3
A0 46 1900 1.7175 1.2177 186.1
done 195.7
