AW 48 0 1.7999 1.2183 2.4
AW 48 100 1.7881 1.0104 12.1
AW 48 200 1.7814 1.0066 21.6
AW 48 300 1.7658 1.0054 31.2
AW 48 400 1.7573 1.0064 40.9
AW 48 500 1.7406 1.0017 50.4
AW 48 600 1.7405 1.0044 60.1
AW 48 700 1.7366 0.9996 69.5
AW 48 800 1.75 1.0045 78.9
AW 48 900 1.7344 1.0019 88.4
AW 48 1000 1.7243 1.0013 97.9
AW 48 1100 1.7222 0.999 107.2
AW 48 1200 1.7237 0.9997 116.6
AW 48 1300 1.7264 1.0026 126.0
AW 48 1400 1.7278 0.9989 135.3
AW 48 1500 1.7278 0.9958 144.9
AW 48 1600 1.7166 0.9977 154.1
AW 48 1700 1.7179 0.9975 163.6
AW 48 1800 1.7136 0.9945 173.4
AW 48 1900 1.739 0.9978 183.0
done 192.7
