AW 40 0 1.8052 1.216 2.6
AW 40 100 1.7912 1.006 12.2
AW 40 200 1.7826 1.0039 21.8
AW 40 300 1.7642 1.0091 31.5
AW 40 400 1.7422 1.0064 41.2
AW 40 500 1.7346 1.0057 50.9
AW 40 600 1.727 1.0051 60.6
AW 40 700 1.7231 1.0042 70.4
AW 40 800 1.7263 1.0022 80.3
AW 40 900 1.7176 0.9956 90.3
AW 40 1000 1.7282 1.0017 100.4
AW 40 1100 1.7216 0.9969 110.1
AW 40 1200 1.7283 1.003 119.6
AW 40 1300 1.7151 0.9956 129.0
AW 40 1400 1.7149 0.9953 138.6
AW 40 1500 1.723 0.9954 148.0
AW 40 1600 1.7151 0.9973 157.7
AW 40 1700 1.7008 0.9966 167.4
AW 40 1800 1.7205 1.0039 177.1
AW 40 1900 1.731 0.9934 186.6
done 196.0
