AW 34 0 1.7983 1.2117 2.4
AW 34 100 1.7915 1.0049 12.5
AW 34 200 1.7847 1.0086 22.1
AW 34 300 1.7741 1.0043 31.9
AW 34 400 1.751 1.0086 41.4
AW 34 500 1.7495 1.0068 51.2
AW 34 600 1.7432 1.0078 61.0
AW 34 700 1.7391 1.0049 70.8
AW 34 800 1.7314 1.0 80.5
AW 34 900 1.7504 1.0035 90.2
AW 34 1000 1.7333 1.0064 99.6
AW 34 1100 1.7322 1.0039 109.2
AW 34 1200 1.729 0.999 118.6
AW 34 1300 1.714 0.9967 128.2
AW 34 1400 1.7258 0.9989 137.9
AW 34 1500 1.718 1.0004 147.6
AW 34 1600 1.7192 0.998 157.0
AW 34 1700 1.7268 1.0017 166.7
AW 34 1800 1.7198 1.0021 176.8
AW 34 1900 1.7247 1.0021 186.6
done 196.2
