AW 43 0 1.8064 1.2225 2.4
AW 43 100 1.7923 1.0045 11.9
AW 43 200 1.7821 1.007 21.1
AW 43 300 1.7775 1.0035 30.3
AW 43 400 1.7588 1.0064 39.5
AW 43 500 1.744 1.0058 48.9
AW 43 600 1.7502 1.0098 58.1
AW 43 700 1.7265 1.0015 67.4
AW 43 800 1.7372 1.0035 76.9
AW 43 900 1.7364 0.9978 86.6
AW 43 1000 1.7411 0.9974 96.1
AW 43 1100 1.7359 1.0024 105.8
AW 43 1200 1.7407 1.0 115.7
AW 43 1300 1.7109 0.989 125.2
AW 43 1400 1.7262 0.9959 135.0
AW 43 1500 1.7262 0.9995 144.5
AW 43 1600 1.7245 1.0008 154.1
AW 43 1700 1.7297 0.997 163.9
AW 43 1800 1.7309 1.0019 173.5
AW 43 1900 1.7197 0.9987 182.9
done 192.4
