AW 49 0 1.8094 1.218 2.5
AW 49 100 1.7915 1.0068 12.2
AW 49 200 1.7861 1.0101 21.9
AW 49 300 1.7725 1.0055 31.4
AW 49 400 1.756 1.0068 41.1
AW 49 500 1.7486 1.0079 50.7
AW 49 600 1.7462 1.0013 60.1
AW 49 700 1.7367 1.0041 69.4
AW 49 800 1.7402 1.0029 78.7
AW 49 900 1.7301 1.0054 87.9
AW 49 1000 1.7311 1.0061 97.5
AW 49 1100 1.7296 1.0026 106.9
AW 49 1200 1.722 1.0018 116.4
AW 49 1300 1.7215 1.001 125.9
AW 49 1400 1.714 0.9978 135.0
AW 49 1500 1.7099 0.9983 144.3
AW 49 1600 1.7147 1.0011 154.0
AW 49 1700 1.7223 0.9976 163.6
AW 49 1800 1.7075 0.9985 173.3
AW 49 1900 1.7137 1.0 182.8
done 191.6
