AW 44 0 1.8028 1.2256 2.4
AW 44 100 1.7922 1.0043 11.8
AW 44 200 1.7873 1.007 21.3
AW 44 300 1.774 1.0066 30.9
AW 44 400 1.7507 1.0065 40.5
AW 44 500 1.7477 1.0047 50.2
AW 44 600 1.73 1.0027 59.8
AW 44 700 1.7354 0.9987 69.4
AW 44 800 1.7226 1.0026 79.2
AW 44 900 1.7249 0.9984 88.9
AW 44 1000 1.7284 1.0034 98.7
AW 44 1100 1.7058 1.001 107.8
AW 44 1200 1.727 0.994 117.2
AW 44 1300 1.7197 0.9995 126.8
AW 44 1400 1.7168 0.9993 136.2
AW 44 1500 1.699 0.9952 145.9
AW 44 1600 1.7186 0.9946 155.7
AW 44 1700 1.7304 1.0001 165.0
AW 44 1800 1.7144 0.992 174.2
AW 44 1900 1.7208 1.0004 183.8
done 193.1
