AW 42 0 1.8018 1.2269 2.3
AW 42 100 1.7908 1.0044 11.6
AW 42 200 1.7819 1.011 21.1
AW 42 300 1.7754 1.0053 30.9
AW 42 400 1.7621 1.0091 40.6
AW 42 500 1.7581 1.0058 50.1
AW 42 600 1.7364 1.0077 59.5
AW 42 700 1.747 1.0026 69.0
AW 42 800 1.7401 1.0019 78.4
AW 42 900 1.727 1.0037 87.9
AW 42 1000 1.7152 1.0035 97.5
AW 42 1100 1.7195 1.0017 107.1
AW 42 1200 1.721 0.9986 116.7
AW 42 1300 1.7102 1.0 126.4
AW 42 1400 1.7267 1.001 136.0
AW 42 1500 1.7065 0.9935 145.3
AW 42 1600 1.7278 1.004 154.9
AW 42 1700 1.7194 0.9975 164.1
AW 42 1800 1.7068 0.9911 173.5
AW 42 1900 1.7284 1.0015 183.0
done 192.2
