AW 39 0 1.8023 1.216 2.7
AW 39 100 1.7925 1.0082 12.3
AW 39 200 1.7824 1.0065 22.5
AW 39 300 1.7812 1.0088 32.5
AW 39 400 1.7552 1.007 42.4
AW 39 500 1.7515 1.0068 52.2
AW 39 600 1.7452 1.0054 61.8
AW 39 700 1.7262 1.0011 71.6
AW 39 800 1.715 1.0034 81.4
AW 39 900 1.716 1.0007 91.2
AW 39 1000 1.7201 1.0024 101.0
AW 39 1100 1.7115 0.9949 110.9
AW 39 1200 1.7207 1.003 121.0
AW 39 1300 1.7229 0.9994 130.8
AW 39 1400 1.7201 0.9971 140.4
AW 39 1500 1.7291 0.9992 150.3
AW 39 1600 1.719 0.9992 159.8
AW 39 1700 1.7244 0.9988 169.5
AW 39 1800 1.7133 0.9971 179.1
AW 39 1900 1.7052 0.9944 188.7
done 198.0
