AW 32 0 1.8035 1.22 2.5
AW 32 100 1.7914 1.0067 12.2
AW 32 200 1.7885 1.0063 21.7
AW 32 300 1.7733 1.0072 31.2
AW 32 400 1.7561 1.0056 41.0
AW 32 500 1.7566 1.0046 50.5
AW 32 600 1.748 1.0044 60.2
AW 32 700 1.7463 1.0015 69.8
AW 32 800 1.738 1.0019 79.4
AW 32 900 1.7173 0.9917 89.3
AW 32 1000 1.7201 0.9964 98.8
AW 32 1100 1.7376 1.0016 108.5
AW 32 1200 1.7269 1.0036 118.2
AW 32 1300 1.7311 0.9981 127.7
AW 32 1400 1.7217 0.9993 137.4
AW 32 1500 1.7281 0.9993 146.8
AW 32 1600 1.7242 0.9967 156.6
AW 32 1700 1.7189 0.9927 166.3
AW 32 1800 1.7205 0.9953 176.0
AW 32 1900 1.7118 0.9984 185.6
done 195.1
