AW 41 0 1.8005 1.2244 2.4
AW 41 100 1.7924 1.0055 12.4
AW 41 200 1.7812 1.0152 22.2
AW 41 300 1.7733 1.0093 31.9
AW 41 400 1.7533 1.0098 41.3
AW 41 500 1.7532 1.0088 50.9
AW 41 600 1.7468 1.0087 60.5
AW 41 700 1.7271 1.0041 70.1
AW 41 800 1.7235 1.0035 79.6
AW 41 900 1.7325 0.9981 89.1
AW 41 1000 1.7217 1.0035 98.4
AW 41 1100 1.7175 1.0006 107.9
AW 41 1200 1.7213 1.0001 117.2
AW 41 1300 1.7269 1.0047 126.5
AW 41 1400 1.723 1.0017 135.6
AW 41 1500 1.71 0.9987 144.7
AW 41 1600 1.7134 0.9917 153.7
AW 41 1700 1.7072 0.9976 163.0
AW 41 1800 1.7224 0.9948 172.4
AW 41 1900 1.7105 0.9935 181.8
done 191.0
