AW 33 0 1.7991 1.2225 2.3
AW 33 100 1.7897 1.0135 11.9
AW 33 200 1.7882 1.0065 21.6
AW 33 300 1.7669 1.0078 31.2
AW 33 400 1.7465 1.0056 40.9
AW 33 500 1.7512 1.0055 50.7
AW 33 600 1.7484 1.0006 60.0
AW 33 700 1.7412 1.0029 69.5
AW 33 800 1.7197 0.9996 79.1
AW 33 900 1.7234 0.9985 88.7
AW 33 1000 1.7297 1.0085 98.7
AW 33 1100 1.7289 1.0025 108.5
AW 33 1200 1.7206 1.005 118.3
AW 33 1300 1.7105 1.0 127.8
AW 33 1400 1.717 0.9973 137.7
AW 33 1500 1.7092 0.9989 147.0
AW 33 1600 1.7269 1.0035 156.4
AW 33 1700 1.7246 1.0038 166.2
AW 33 1800 1.7233 1.0016 175.7
AW 33 1900 1.7222 0.9978 185.5
done 195.2
