AW 35 0 1.8011 1.222 2.5
AW 35 100 1.7893 1.0079 12.3
AW 35 200 1.7831 1.0046 22.4
AW 35 300 1.7717 1.0078 32.5
AW 35 400 1.7538 1.0051 42.6
AW 35 500 1.7443 1.0032 52.6
AW 35 600 1.7445 1.003 62.7
AW 35 700 1.7361 1.0069 72.4
AW 35 800 1.7389 1.0039 82.4
AW 35 900 1.7287 1.0013 92.0
AW 35 1000 1.718 0.9951 101.6
AW 35 1100 1.719 0.9975 111.2
AW 35 1200 1.7156 0.9933 120.9
AW 35 1300 1.7337 1.0003 130.7
AW 35 1400 1.7215 1.0023 140.3
AW 35 1500 1.7228 0.9975 150.3
AW 35 1600 1.7278 0.9983 160.1
AW 35 1700 1.7091 0.9952 169.8
AW 35 1800 1.7205 0.9983 179.6
AW 35 1900 1.716 0.9954 189.4
done 198.9
