AW 47 0 1.8061 1.2157 2.5
AW 47 100 1.7904 1.0057 12.0
AW 47 200 1.7862 1.0061 21.8
AW 47 300 1.7792 1.0035 31.5
AW 47 400 1.741 1.0075 41.1
AW 47 500 1.7486 1.0103 50.6
AW 47 600 1.7409 1.0029 60.2
AW 47 700 1.7393 1.0044 69.9
AW 47 800 1.7448 1.0054 79.4
AW 47 900 1.7142 0.9981 88.9
AW 47 1000 1.7286 0.9971 98.5
AW 47 1100 1.7234 1.0122 108.0
AW 47 1200 1.7229 0.9993 117.7
AW 47 1300 1.7268 1.0052 127.6
AW 47 1400 1.7125 0.994 137.1
AW 47 1500 1.7093 1.0004 146.6
AW 47 1600 1.724 0.9997 156.5
AW 47 1700 1.7166 0.9941 166.2
AW 47 1800 1.709 1.0001 175.7
AW 47 1900 1.7149 1.0008 185.7
done 195.0
