AW 38 0 1.805 1.2233 2.4
AW 38 100 1.7915 1.0092 12.2
AW 38 200 1.7839 1.0068 22.0
AW 38 300 1.7724 1.008 31.8
AW 38 400 1.7459 1.0085 41.3
AW 38 500 1.7598 1.0061 51.1
AW 38 600 1.7515 1.0009 60.6
AW 38 700 1.7364 1.0023 69.8
AW 38 800 1.7416 0.9999 79.4
AW 38 900 1.7486 1.0057 89.0
AW 38 1000 1.735 0.9967 98.5
AW 38 1100 1.731 0.9999 108.0
AW 38 1200 1.7116 1.0 117.9
AW 38 1300 1.7158 1.0018 127.5
AW 38 1400 1.7166 1.0004 137.3
AW 38 1500 1.733 1.0045 147.1
AW 38 1600 1.7211 0.9972 156.8
AW 38 1700 1.7143 0.9957 166.6
AW 38 1800 1.727 0.994 176.7
AW 38 1900 1.7386 0.9989 186.7
done 196.7
