AW 46 0 1.8001 1.2246 2.4
AW 46 100 1.7907 1.0087 12.0
AW 46 200 1.7845 1.0078 21.6
AW 46 300 1.7771 1.007 31.2
AW 46 400 1.7563 1.0055 40.5
AW 46 500 1.7369 1.0028 49.9
AW 46 600 1.744 1.0013 59.6
AW 46 700 1.7269 0.9992 69.2
AW 46 800 1.7281 1.0003 78.9
AW 46 900 1.7227 0.9999 88.7
AW 46 1000 1.7201 0.9953 98.1
AW 46 1100 1.7204 0.999 107.6
AW 46 1200 1.7165 1.0025 117.1
AW 46 1300 1.7116 0.998 126.9
AW 46 1400 1.7074 0.9973 136.6
AW 46 1500 1.7256 1.0067 146.5
AW 46 1600 1.7057 0.9986 156.4
AW 46 1700 1.7135 0.998 166.4
AW 46 1800 1.7215 0.9993 176.3
AW 46 1900 1.7165 0.9979 186.2
done 195.6
