AW 30 0 1.8099 1.2224 3.1
AW 30 100 1.7905 1.0067 12.5
AW 30 200 1.7798 1.0067 22.1
AW 30 300 1.7774 1.0103 31.7
AW 30 400 1.7455 1.0059 41.2
AW 30 500 1.7193 1.0071 50.9
AW 30 600 1.7199 1.0 60.4
AW 30 700 1.7074 1.0004 70.2
AW 30 800 1.7265 1.0072 80.1
AW 30 900 1.7335 1.0063 90.0
AW 30 1000 1.7169 1.0006 99.9
AW 30 1100 1.7209 0.9981 109.7
AW 30 1200 1.7181 0.9981 119.2
AW 30 1300 1.7155 0.9978 129.1
AW 30 1400 1.7114 0.9997 138.9
AW 30 1500 1.7242 1.0001 148.5
AW 30 1600 1.7248 1.0007 158.3
AW 30 1700 1.7222 1.005 167.8
AW 30 1800 1.7249 0.9993 177.7
AW 30 1900 1.7209 0.9949 187.7
done 197.2
