AW 37 0 1.7991 1.2198 2.3
AW 37 100 1.7898 1.0043 12.2
AW 37 200 1.7869 1.0079 21.7
AW 37 300 1.766 1.0052 31.1
AW 37 400 1.7567 1.0044 40.7
AW 37 500 1.74 1.0052 50.5
AW 37 600 1.7388 1.0004 60.2
AW 37 700 1.7285 1.0001 69.7
AW 37 800 1.7272 1.0054 79.8
AW 37 900 1.7125 1.0017 89.8
AW 37 1000 1.7284 1.0021 99.6
AW 37 1100 1.7161 1.0011 109.6
AW 37 1200 1.7234 0.9953 119.6
AW 37 1300 1.7241 0.9951 129.6
AW 37 1400 1.729 1.0046 139.6
AW 37 1500 1.7156 1.0048 149.4
AW 37 1600 1.7249 1.0023 159.5
AW 37 1700 1.724 0.9997 169.6
AW 37 1800 1.7087 0.9931 179.3
AW 37 1900 1.7219 0.9968 189.0
done 199.0
