AW 31 0 1.8027 1.2218 2.6
AW 31 100 1.7917 1.0077 12.7
AW 31 200 1.782 1.0053 22.6
AW 31 300 1.7744 1.0075 32.4
AW 31 400 1.7532 1.0074 41.8
AW 31 500 1.7535 1.0061 51.3
AW 31 600 1.7399 1.0039 60.9
AW 31 700 1.7256 1.0021 70.2
AW 31 800 1.7175 0.9969 79.7
AW 31 900 1.7174 0.9969 89.4
AW 31 1000 1.7219 0.9962 98.9
AW 31 1100 1.7173 0.9997 108.5
AW 31 1200 1.7275 0.9991 117.8
AW 31 1300 1.7027 1.0 127.1
AW 31 1400 1.7203 1.0003 137.0
AW 31 1500 1.7197 1.0037 146.5
AW 31 1600 1.7011 0.9968 156.2
AW 31 1700 1.714 0.9988 165.7
AW 31 1800 1.6974 0.997 175.3
AW 31 1900 1.7128 0.9962 185.0
done 194.4
