AW 45 0 1.7991 1.2193 2.4
AW 45 100 1.7912 1.0054 12.0
AW 45 200 1.7881 1.006 21.6
AW 45 300 1.7766 1.0067 31.0
AW 45 400 1.7679 1.0062 40.6
AW 45 500 1.7531 1.0071 50.2
AW 45 600 1.7457 1.0049 60.1
AW 45 700 1.7418 0.9997 69.6
AW 45 800 1.7275 1.0013 79.1
AW 45 900 1.7405 1.0029 88.5
AW 45 1000 1.7243 1.0007 98.0
AW 45 1100 1.7326 1.0023 107.3
AW 45 1200 1.715 0.9977 117.0
AW 45 1300 1.7072 0.9979 126.7
AW 45 1400 1.7153 0.995 136.4
AW 45 1500 1.7196 0.9947 145.8
AW 45 1600 1.723 1.0031 155.4
AW 45 1700 1.7187 0.9982 165.1
AW 45 1800 1.7106 0.9967 174.7
AW 45 1900 1.7269 0.9988 184.4
done 193.8
