AW 36 0 1.8004 1.2209 2.5
AW 36 100 1.7917 1.0048 12.3
AW 36 200 1.7841 1.0092 22.2
AW 36 300 1.7766 1.0074 32.1
AW 36 400 1.7627 1.0082 42.3
AW 36 500 1.7529 1.0037 52.3
AW 36 600 1.7412 1.0054 62.3
AW 36 700 1.7382 1.0031 72.1
AW 36 800 1.7434 1.0037 81.9
AW 36 900 1.7224 0.9976 91.8
AW 36 1000 1.7152 0.9971 101.9
AW 36 1100 1.7267 1.0058 111.7
AW 36 1200 1.7368 1.0 121.9
AW 36 1300 1.7072 0.9949 132.3
AW 36 1400 1.716 0.9998 142.1
AW 36 1500 1.7119 1.0001 152.0
AW 36 1600 1.7154 1.0004 162.2
AW 36 1700 1.713 1.0035 172.3
AW 36 1800 1.7095 0.9917 182.3
AW 36 1900 1.7196 1.0022 192.1
done 201.6
