{
 "P1": {
  "wins": 40,
  "ties": 4,
  "losses": 16,
  "verdict": "подтверждено",
  "median": 0.10750000000000001,
  "sign_p": 0.00674464686559593
 },
 "P2": {
  "wins": 14,
  "ties": 2,
  "losses": 44,
  "verdict": "опровергнуто",
  "median": -0.1405,
  "sign_p": 0.9999939266459885
 },
 "P3": {
  "wins": 20,
  "ties": 9,
  "losses": 31,
  "verdict": "опровергнуто",
  "median": -0.09,
  "sign_p": 0.9968911986703367
 }
}
FIXED16 {'T1': (0.009, 0.125, 16), 'T2': (0.923, 1.0, 16), 'T3': (0.179, 0.5, 16)}
RANDOM16 {'T1': (0.242, 0.312, 2416), 'T2': (0.867, 0.906, 2416), 'T3': (0.334, 0.438, 2416)}
RANDOM64 {'T1': (0.025, 0.047, 9664), 'T2': (0.996, 1.0, 9664), 'T3': (0.422, 0.461, 9664)}
COEVO16 {'T1': (0.034, 0.188, 9664), 'T2': (0.521, 1.0, 9664), 'T3': (0.214, 0.781, 9664)}
MIRROR16 {'T1': (0.024, 0.719, 1216), 'T2': (1.0, 1.0, 1216), 'T3': (0.064, 0.719, 1216)}
ORACLE {'T1': (0.768, 0.768, 1000), 'T2': (1.0, 1.0, 1000), 'T3': (0.357, 0.357, 1000)}
