T1 FIXED16 0 правда 0.005 оценщик 0.125 7.6 с
T1 RANDOM16 0 правда 0.019 оценщик 0.0 8.3 с
T1 RANDOM64 0 правда 0.033 оценщик 0.047 11.7 с
T1 MIRROR16 0 правда 1.0 оценщик 1.0 6.5 с
T1 COEVO16 0 правда 0.023 оценщик 0.062 25.7 с
T2 FIXED16 0 правда 1.0 оценщик 1.0 14.5 с
T1 ORACLE 0 правда 0.997 оценщик 0.997 26.0 с
T2 RANDOM16 0 правда 1.0 оценщик 1.0 14.4 с
T2 RANDOM64 0 правда 1.0 оценщик 1.0 14.1 с
T2 MIRROR16 0 правда 1.0 оценщик 1.0 13.6 с
T2 COEVO16 0 правда 0.47 оценщик 1.0 21.7 с
T3 FIXED16 0 правда 0.179 оценщик 0.5 8.3 с
T3 RANDOM16 0 правда 0.654 оценщик 0.688 9.1 с
T2 ORACLE 0 правда 1.0 оценщик 1.0 25.2 с
T3 RANDOM64 0 правда 0.678 оценщик 0.641 8.1 с
T3 COEVO16 0 правда 0.207 оценщик 0.938 14.6 с
T3 MIRROR16 0 правда 0.079 оценщик 0.75 13.4 с
T1 FIXED16 1 правда 0.015 оценщик 0.125 12.5 с
T3 ORACLE 0 правда 0.688 оценщик 0.688 22.8 с
T1 RANDOM16 1 правда 0.015 оценщик 0.0 8.6 с
T1 RANDOM64 1 правда 0.015 оценщик 0.016 11.6 с
T1 COEVO16 1 правда 0.504 оценщик 1.0 15.2 с
T1 MIRROR16 1 правда 1.0 оценщик 1.0 12.0 с
T1 ORACLE 1 правда 1.0 оценщик 1.0 9.7 с
T2 FIXED16 1 правда 0.996 оценщик 1.0 8.7 с
T2 RANDOM16 1 правда 0.576 оценщик 0.812 11.6 с
T2 RANDOM64 1 правда 0.593 оценщик 0.672 7.1 с
T2 MIRROR16 1 правда 0.577 оценщик 0.938 8.6 с
T2 COEVO16 1 правда 0.519 оценщик 1.0 17.2 с
T3 FIXED16 1 правда 0.412 оценщик 0.5 7.6 с
T2 ORACLE 1 правда 0.599 оценщик 0.599 19.0 с
T3 RANDOM16 1 правда 0.975 оценщик 1.0 8.9 с
T3 RANDOM64 1 правда 0.242 оценщик 0.281 13.4 с
T3 MIRROR16 1 правда 0.028 оценщик 0.812 11.1 с
T3 COEVO16 1 правда 0.227 оценщик 0.688 21.4 с
T1 FIXED16 2 правда 0.004 оценщик 0.062 10.0 с
T1 RANDOM16 2 правда 1.0 оценщик 1.0 5.7 с
T3 ORACLE 1 правда 0.3 оценщик 0.3 29.2 с
T1 RANDOM64 2 правда 0.017 оценщик 0.016 10.6 с
T1 MIRROR16 2 правда 0.019 оценщик 0.75 9.2 с
T1 COEVO16 2 правда 0.025 оценщик 0.125 23.0 с
T1 ORACLE 2 правда 0.047 оценщик 0.047 19.6 с
T2 FIXED16 2 правда 0.569 оценщик 0.812 12.7 с
T2 RANDOM16 2 правда 1.0 оценщик 1.0 13.1 с
T2 RANDOM64 2 правда 1.0 оценщик 1.0 13.5 с
T2 COEVO16 2 правда 0.494 оценщик 1.0 15.0 с
T2 MIRROR16 2 правда 1.0 оценщик 1.0 9.5 с
T3 FIXED16 2 правда 0.208 оценщик 0.5 7.2 с
T3 RANDOM16 2 правда 0.209 оценщик 0.312 11.2 с
T2 ORACLE 2 правда 1.0 оценщик 1.0 27.1 с
T3 RANDOM64 2 правда 1.0 оценщик 1.0 11.8 с
T3 MIRROR16 2 правда 0.112 оценщик 0.5 9.8 с
T3 COEVO16 2 правда 0.209 оценщик 0.688 23.3 с
T1 FIXED16 3 правда 0.01 оценщик 0.125 10.0 с
T3 ORACLE 2 правда 0.26 оценщик 0.26 25.8 с
T1 RANDOM16 3 правда 0.012 оценщик 0.0 8.2 с
T1 RANDOM64 3 правда 0.024 оценщик 0.047 9.5 с
T1 COEVO16 3 правда 0.035 оценщик 0.188 16.0 с
T1 MIRROR16 3 правда 0.018 оценщик 0.688 11.8 с
T2 FIXED16 3 правда 0.599 оценщик 0.812 9.5 с
T1 ORACLE 3 правда 1.0 оценщик 1.0 17.1 с
T2 RANDOM16 3 правда 1.0 оценщик 1.0 13.0 с
T2 RANDOM64 3 правда 0.612 оценщик 0.609 15.0 с
T2 COEVO16 3 правда 0.5 оценщик 1.0 14.6 с
T2 MIRROR16 3 правда 1.0 оценщик 1.0 11.3 с
T2 ORACLE 3 правда 0.625 оценщик 0.625 12.9 с
T3 FIXED16 3 правда 0.231 оценщик 0.5 11.5 с
T3 RANDOM16 3 правда 0.171 оценщик 0.438 7.5 с
T3 RANDOM64 3 правда 0.481 оценщик 0.594 13.2 с
T3 COEVO16 3 правда 0.225 оценщик 0.75 20.8 с
T3 MIRROR16 3 правда 0.045 оценщик 0.688 16.5 с
T1 FIXED16 4 правда 0.009 оценщик 0.062 14.5 с
T3 ORACLE 3 правда 0.697 оценщик 0.697 17.0 с
T1 RANDOM16 4 правда 0.465 оценщик 0.562 8.3 с
T1 RANDOM64 4 правда 0.019 оценщик 0.016 12.6 с
T1 MIRROR16 4 правда 0.019 оценщик 0.75 10.8 с
T1 COEVO16 4 правда 0.032 оценщик 0.062 18.9 с
T1 ORACLE 4 правда 1.0 оценщик 1.0 10.8 с
T2 FIXED16 4 правда 1.0 оценщик 1.0 15.8 с
T2 RANDOM16 4 правда 0.604 оценщик 0.688 9.4 с
T2 RANDOM64 4 правда 1.0 оценщик 1.0 18.9 с
T2 COEVO16 4 правда 0.512 оценщик 1.0 26.0 с
T2 MIRROR16 4 правда 1.0 оценщик 1.0 14.5 с
T3 FIXED16 4 правда 0.07 оценщик 0.375 10.8 с
T2 ORACLE 4 правда 1.0 оценщик 1.0 22.6 с
T3 RANDOM16 4 правда 0.632 оценщик 0.688 10.0 с
T3 RANDOM64 4 правда 0.206 оценщик 0.297 8.3 с
T3 MIRROR16 4 правда 0.051 оценщик 0.812 11.2 с
T3 COEVO16 4 правда 0.22 оценщик 0.938 28.1 с
T1 FIXED16 5 правда 0.014 оценщик 0.125 9.0 с
T3 ORACLE 4 правда 0.599 оценщик 0.599 21.4 с
T1 RANDOM16 5 правда 1.0 оценщик 1.0 5.4 с
T1 RANDOM64 5 правда 1.0 оценщик 1.0 13.5 с
T1 COEVO16 5 правда 0.016 оценщик 0.125 16.7 с
T1 MIRROR16 5 правда 0.022 оценщик 0.562 11.3 с
T1 ORACLE 5 правда 0.033 оценщик 0.033 11.7 с
T2 FIXED16 5 правда 1.0 оценщик 1.0 13.5 с
T2 RANDOM16 5 правда 0.602 оценщик 0.75 17.3 с
T2 RANDOM64 5 правда 0.63 оценщик 0.625 17.0 с
T2 COEVO16 5 правда 0.514 оценщик 1.0 15.5 с
T2 MIRROR16 5 правда 1.0 оценщик 1.0 13.2 с
T3 FIXED16 5 правда 0.282 оценщик 0.5 8.1 с
T2 ORACLE 5 правда 0.607 оценщик 0.607 13.9 с
T3 RANDOM16 5 правда 0.676 оценщик 0.688 7.3 с
T3 RANDOM64 5 правда 0.411 оценщик 0.469 8.6 с
T3 COEVO16 5 правда 0.231 оценщик 0.75 14.9 с
T3 MIRROR16 5 правда 0.059 оценщик 0.688 11.8 с
T1 FIXED16 6 правда 0.012 оценщик 0.188 7.7 с
T3 ORACLE 5 правда 0.245 оценщик 0.245 14.4 с
T1 RANDOM16 6 правда 0.009 оценщик 0.0 5.8 с
T1 RANDOM64 6 правда 0.025 оценщик 0.016 7.5 с
T1 COEVO16 6 правда 1.0 оценщик 1.0 15.8 с
T1 MIRROR16 6 правда 0.035 оценщик 0.75 11.7 с
T2 FIXED16 6 правда 0.599 оценщик 0.812 12.8 с
T1 ORACLE 6 правда 1.0 оценщик 1.0 17.2 с
T2 RANDOM16 6 правда 0.565 оценщик 0.688 11.1 с
T2 RANDOM64 6 правда 0.611 оценщик 0.625 12.1 с
T2 MIRROR16 6 правда 1.0 оценщик 1.0 12.5 с
T2 COEVO16 6 правда 0.585 оценщик 1.0 24.7 с
T3 FIXED16 6 правда 0.178 оценщик 0.562 6.7 с
T2 ORACLE 6 правда 1.0 оценщик 1.0 19.3 с
T3 RANDOM16 6 правда 0.204 оценщик 0.25 14.8 с
T3 RANDOM64 6 правда 0.193 оценщик 0.172 13.4 с
T3 MIRROR16 6 правда 0.068 оценщик 0.75 12.2 с
T3 COEVO16 6 правда 0.125 оценщик 0.5 17.8 с
T1 FIXED16 7 правда 0.008 оценщик 0.125 13.9 с
T3 ORACLE 6 правда 0.26 оценщик 0.26 17.4 с
T1 RANDOM16 7 правда 1.0 оценщик 1.0 7.8 с
T1 RANDOM64 7 правда 1.0 оценщик 1.0 13.1 с
T1 MIRROR16 7 правда 1.0 оценщик 1.0 6.4 с
T1 COEVO16 7 правда 0.037 оценщик 0.188 17.8 с
T2 FIXED16 7 правда 0.605 оценщик 0.812 9.3 с
T1 ORACLE 7 правда 0.042 оценщик 0.042 19.0 с
T2 RANDOM16 7 правда 0.601 оценщик 0.438 8.3 с
T2 RANDOM64 7 правда 1.0 оценщик 1.0 11.7 с
T2 COEVO16 7 правда 0.486 оценщик 1.0 19.4 с
T2 MIRROR16 7 правда 1.0 оценщик 1.0 13.0 с
T3 FIXED16 7 правда 0.209 оценщик 0.5 8.0 с
T3 RANDOM16 7 правда 0.621 оценщик 0.688 11.5 с
T2 ORACLE 7 правда 1.0 оценщик 1.0 20.9 с
T3 RANDOM64 7 правда 0.371 оценщик 0.359 10.8 с
T3 MIRROR16 7 правда 0.267 оценщик 0.812 8.1 с
T3 COEVO16 7 правда 0.267 оценщик 0.812 22.6 с
T1 FIXED16 8 правда 0.0 оценщик 0.0 5.4 с
T3 ORACLE 7 правда 0.404 оценщик 0.404 14.5 с
T1 RANDOM16 8 правда 0.017 оценщик 0.0 8.6 с
T1 RANDOM64 8 правда 0.017 оценщик 0.016 11.7 с
T1 COEVO16 8 правда 0.02 оценщик 0.062 21.1 с
T1 MIRROR16 8 правда 0.02 оценщик 0.75 14.1 с
T2 FIXED16 8 правда 1.0 оценщик 1.0 10.7 с
T1 ORACLE 8 правда 1.0 оценщик 1.0 14.9 с
T2 RANDOM16 8 правда 1.0 оценщик 1.0 12.5 с
T2 RANDOM64 8 правда 1.0 оценщик 1.0 15.6 с
T2 MIRROR16 8 правда 1.0 оценщик 1.0 10.2 с
T2 COEVO16 8 правда 0.523 оценщик 1.0 18.3 с
T3 FIXED16 8 правда 0.022 оценщик 0.125 9.8 с
T3 RANDOM16 8 правда 0.193 оценщик 0.188 11.0 с
T2 ORACLE 8 правда 1.0 оценщик 1.0 32.3 с
T3 RANDOM64 8 правда 0.664 оценщик 0.672 10.6 с
T3 MIRROR16 8 правда 0.089 оценщик 0.625 10.2 с
T3 COEVO16 8 правда 0.332 оценщик 0.938 16.6 с
T3 ORACLE 8 правда 0.431 оценщик 0.431 14.9 с
T1 FIXED16 9 правда 1.0 оценщик 1.0 11.5 с
T1 RANDOM16 9 правда 0.016 оценщик 0.062 7.1 с
T1 RANDOM64 9 правда 0.257 оценщик 0.25 11.4 с
T1 COEVO16 9 правда 0.021 оценщик 0.125 13.4 с
T1 MIRROR16 9 правда 0.028 оценщик 0.688 10.4 с
T2 FIXED16 9 правда 0.583 оценщик 0.688 9.2 с
T1 ORACLE 9 правда 0.042 оценщик 0.042 19.3 с
T2 RANDOM16 9 правда 1.0 оценщик 1.0 17.2 с
T2 RANDOM64 9 правда 1.0 оценщик 1.0 15.0 с
T2 COEVO16 9 правда 0.493 оценщик 1.0 16.2 с
T2 MIRROR16 9 правда 1.0 оценщик 1.0 14.0 с
T3 FIXED16 9 правда 0.185 оценщик 0.562 7.3 с
T2 ORACLE 9 правда 1.0 оценщик 1.0 18.9 с
T3 RANDOM16 9 правда 0.647 оценщик 0.625 8.9 с
T3 RANDOM64 9 правда 0.733 оценщик 0.781 8.8 с
T3 COEVO16 9 правда 0.406 оценщик 1.0 16.2 с
T3 MIRROR16 9 правда 0.075 оценщик 0.812 14.8 с
T3 ORACLE 9 правда 0.647 оценщик 0.647 12.7 с
T1 FIXED16 10 правда 0.007 оценщик 0.062 9.5 с
T1 RANDOM16 10 правда 0.009 оценщик 0.0 7.1 с
T1 RANDOM64 10 правда 0.025 оценщик 0.047 12.8 с
T1 MIRROR16 10 правда 0.025 оценщик 0.688 10.0 с
T1 COEVO16 10 правда 0.499 оценщик 1.0 22.8 с
T1 ORACLE 10 правда 1.0 оценщик 1.0 10.9 с
T2 FIXED16 10 правда 0.962 оценщик 1.0 15.6 с
T2 RANDOM16 10 правда 1.0 оценщик 1.0 13.8 с
T2 RANDOM64 10 правда 1.0 оценщик 1.0 22.3 с
T2 COEVO16 10 правда 1.0 оценщик 1.0 21.9 с
T2 MIRROR16 10 правда 1.0 оценщик 1.0 18.9 с
T2 ORACLE 10 правда 0.614 оценщик 0.614 17.2 с
T3 FIXED16 10 правда 0.087 оценщик 0.375 8.3 с
T3 RANDOM16 10 правда 0.171 оценщик 0.188 7.6 с
T3 RANDOM64 10 правда 0.245 оценщик 0.281 11.6 с
T3 COEVO16 10 правда 0.172 оценщик 1.0 14.7 с
T3 MIRROR16 10 правда 0.059 оценщик 0.938 11.5 с
T3 ORACLE 10 правда 0.206 оценщик 0.206 14.3 с
T1 FIXED16 11 правда 0.009 оценщик 0.062 10.2 с
T1 RANDOM16 11 правда 0.012 оценщик 0.0 9.4 с
T1 RANDOM64 11 правда 0.021 оценщик 0.016 15.2 с
T1 COEVO16 11 правда 0.492 оценщик 1.0 16.6 с
T1 MIRROR16 11 правда 0.03 оценщик 0.688 14.2 с
T1 ORACLE 11 правда 0.038 оценщик 0.038 14.1 с
T2 FIXED16 11 правда 0.592 оценщик 0.875 10.5 с
T2 RANDOM16 11 правда 0.588 оценщик 0.688 7.9 с
T2 RANDOM64 11 правда 0.592 оценщик 0.562 11.3 с
T2 MIRROR16 11 правда 1.0 оценщик 1.0 11.1 с
T2 COEVO16 11 правда 1.0 оценщик 1.0 20.0 с
T3 FIXED16 11 правда 0.198 оценщик 0.5 7.7 с
T2 ORACLE 11 правда 0.609 оценщик 0.609 13.1 с
T3 RANDOM64 11 правда 0.961 оценщик 0.922 11.0 с
T3 RANDOM16 11 правда 0.412 оценщик 0.5 13.2 с
T3 MIRROR16 11 правда 0.054 оценщик 0.625 11.8 с
T3 COEVO16 11 правда 0.21 оценщик 1.0 16.4 с
T1 FIXED16 12 правда 0.5 оценщик 0.75 13.7 с
T3 ORACLE 11 правда 0.68 оценщик 0.68 18.4 с
T1 RANDOM16 12 правда 0.003 оценщик 0.0 5.6 с
T1 RANDOM64 12 правда 1.0 оценщик 1.0 8.8 с
T1 MIRROR16 12 правда 0.018 оценщик 0.562 8.1 с
T1 COEVO16 12 правда 0.023 оценщик 0.062 19.1 с
T1 ORACLE 12 правда 0.044 оценщик 0.044 14.3 с
T2 FIXED16 12 правда 1.0 оценщик 1.0 9.5 с
T2 RANDOM16 12 правда 1.0 оценщик 1.0 12.5 с
T2 RANDOM64 12 правда 1.0 оценщик 1.0 11.0 с
T2 MIRROR16 12 правда 0.533 оценщик 1.0 8.0 с
T2 COEVO16 12 правда 0.582 оценщик 1.0 17.3 с
T3 FIXED16 12 правда 0.023 оценщик 0.188 10.6 с
T2 ORACLE 12 правда 1.0 оценщик 1.0 19.7 с
T3 RANDOM64 12 правда 0.711 оценщик 0.703 8.8 с
T3 RANDOM16 12 правда 0.583 оценщик 0.625 9.6 с
T3 MIRROR16 12 правда 0.025 оценщик 0.625 12.4 с
T3 COEVO16 12 правда 0.153 оценщик 0.5 18.2 с
T1 FIXED16 13 правда 0.009 оценщик 0.062 11.6 с
T3 ORACLE 12 правда 0.239 оценщик 0.239 21.1 с
T1 RANDOM16 13 правда 1.0 оценщик 1.0 9.3 с
T1 RANDOM64 13 правда 0.021 оценщик 0.078 14.0 с
T1 MIRROR16 13 правда 0.019 оценщик 0.688 8.7 с
T1 COEVO16 13 правда 0.027 оценщик 0.062 21.1 с
T2 FIXED16 13 правда 0.603 оценщик 0.75 10.2 с
T1 ORACLE 13 правда 1.0 оценщик 1.0 21.6 с
T2 RANDOM16 13 правда 1.0 оценщик 1.0 12.9 с
T2 RANDOM64 13 правда 1.0 оценщик 1.0 20.6 с
T2 MIRROR16 13 правда 0.622 оценщик 0.812 7.5 с
T2 COEVO16 13 правда 0.604 оценщик 1.0 29.2 с
T3 FIXED16 13 правда 0.112 оценщик 0.188 12.2 с
T2 ORACLE 13 правда 1.0 оценщик 1.0 24.3 с
T3 RANDOM16 13 правда 0.355 оценщик 0.438 6.4 с
T3 RANDOM64 13 правда 0.195 оценщик 0.312 8.2 с
T3 COEVO16 13 правда 0.173 оценщик 0.812 16.4 с
T3 MIRROR16 13 правда 0.099 оценщик 0.75 9.4 с
T1 FIXED16 14 правда 0.004 оценщик 0.062 8.6 с
T1 RANDOM16 14 правда 1.0 оценщик 1.0 6.0 с
T3 ORACLE 13 правда 0.226 оценщик 0.226 16.0 с
T1 RANDOM64 14 правда 1.0 оценщик 1.0 8.5 с
T1 COEVO16 14 правда 0.468 оценщик 1.0 16.2 с
T1 MIRROR16 14 правда 0.025 оценщик 0.688 11.0 с
T2 FIXED16 14 правда 0.521 оценщик 0.75 8.9 с
T1 ORACLE 14 правда 1.0 оценщик 1.0 21.7 с
T2 RANDOM16 14 правда 0.735 оценщик 0.625 10.9 с
T2 RANDOM64 14 правда 0.989 оценщик 1.0 13.1 с
T2 COEVO16 14 правда 0.598 оценщик 1.0 19.8 с
T2 MIRROR16 14 правда 1.0 оценщик 1.0 10.6 с
T3 FIXED16 14 правда 0.101 оценщик 0.438 14.2 с
T3 RANDOM16 14 правда 0.313 оценщик 0.438 8.4 с
T2 ORACLE 14 правда 1.0 оценщик 1.0 26.9 с
T3 RANDOM64 14 правда 0.2 оценщик 0.25 11.3 с
T3 MIRROR16 14 правда 0.077 оценщик 0.688 12.9 с
T3 COEVO16 14 правда 0.083 оценщик 0.438 28.4 с
T1 FIXED16 15 правда 0.008 оценщик 0.125 10.6 с
T3 ORACLE 14 правда 0.252 оценщик 0.252 19.0 с
T1 RANDOM16 15 правда 0.005 оценщик 0.0 8.2 с
T1 RANDOM64 15 правда 1.0 оценщик 1.0 7.6 с
T1 MIRROR16 15 правда 0.017 оценщик 0.688 7.8 с
T1 COEVO16 15 правда 1.0 оценщик 1.0 11.8 с
T1 ORACLE 15 правда 0.025 оценщик 0.025 12.8 с
T2 FIXED16 15 правда 0.536 оценщик 0.812 12.1 с
T2 RANDOM16 15 правда 1.0 оценщик 1.0 10.2 с
T2 RANDOM64 15 правда 0.56 оценщик 0.672 11.8 с
T2 MIRROR16 15 правда 0.566 оценщик 0.938 9.0 с
T2 COEVO16 15 правда 0.537 оценщик 1.0 13.7 с
T3 FIXED16 15 правда 0.316 оценщик 0.688 11.4 с
T2 ORACLE 15 правда 0.704 оценщик 0.704 22.0 с
T3 RANDOM16 15 правда 0.219 оценщик 0.375 14.3 с
T3 RANDOM64 15 правда 0.434 оценщик 0.453 9.2 с
T3 MIRROR16 15 правда 0.046 оценщик 0.875 12.3 с
T3 COEVO16 15 правда 0.218 оценщик 0.938 18.1 с
T1 FIXED16 16 правда 0.474 оценщик 0.562 7.8 с
T3 ORACLE 15 правда 0.43 оценщик 0.43 15.3 с
T1 RANDOM16 16 правда 1.0 оценщик 1.0 6.8 с
T1 RANDOM64 16 правда 0.024 оценщик 0.016 7.5 с
T1 MIRROR16 16 правда 0.017 оценщик 0.75 11.1 с
T1 COEVO16 16 правда 1.0 оценщик 1.0 20.1 с
T2 FIXED16 16 правда 0.893 оценщик 1.0 11.1 с
T1 ORACLE 16 правда 0.028 оценщик 0.028 21.0 с
T2 RANDOM16 16 правда 0.59 оценщик 0.812 8.6 с
T2 RANDOM64 16 правда 0.992 оценщик 0.953 11.7 с
T2 COEVO16 16 правда 0.509 оценщик 1.0 14.6 с
T2 MIRROR16 16 правда 1.0 оценщик 1.0 16.1 с
T2 ORACLE 16 правда 0.625 оценщик 0.625 15.7 с
T3 RANDOM16 16 правда 0.234 оценщик 0.375 7.7 с
T3 FIXED16 16 правда 0.098 оценщик 0.375 12.5 с
T3 RANDOM64 16 правда 0.245 оценщик 0.266 10.1 с
T3 COEVO16 16 правда 0.098 оценщик 0.562 21.7 с
T3 MIRROR16 16 правда 0.055 оценщик 0.75 18.7 с
T1 FIXED16 17 правда 0.512 оценщик 0.438 8.0 с
T1 RANDOM16 17 правда 1.0 оценщик 1.0 6.8 с
T3 ORACLE 16 правда 0.309 оценщик 0.309 23.2 с
T1 RANDOM64 17 правда 1.0 оценщик 1.0 10.7 с
T1 MIRROR16 17 правда 1.0 оценщик 1.0 7.0 с
T1 COEVO16 17 правда 0.017 оценщик 0.375 19.4 с
T2 FIXED16 17 правда 0.953 оценщик 1.0 12.0 с
T1 ORACLE 17 правда 1.0 оценщик 1.0 22.1 с
T2 RANDOM16 17 правда 0.65 оценщик 0.625 11.1 с
T2 RANDOM64 17 правда 0.706 оценщик 0.703 12.7 с
T2 MIRROR16 17 правда 1.0 оценщик 1.0 12.1 с
T2 COEVO16 17 правда 0.572 оценщик 1.0 22.7 с
T3 FIXED16 17 правда 0.18 оценщик 0.5 12.2 с
T3 RANDOM16 17 правда 0.644 оценщик 0.688 9.0 с
T2 ORACLE 17 правда 0.697 оценщик 0.697 25.1 с
T3 RANDOM64 17 правда 0.64 оценщик 0.688 9.8 с
T3 COEVO16 17 правда 0.22 оценщик 1.0 20.8 с
T3 MIRROR16 17 правда 0.113 оценщик 0.688 15.1 с
T1 FIXED16 18 правда 0.484 оценщик 0.688 15.1 с
T3 ORACLE 17 правда 0.429 оценщик 0.429 22.9 с
T1 RANDOM16 18 правда 1.0 оценщик 1.0 9.5 с
T1 RANDOM64 18 правда 0.012 оценщик 0.047 13.3 с
T1 COEVO16 18 правда 1.0 оценщик 1.0 17.3 с
T1 MIRROR16 18 правда 0.02 оценщик 0.688 8.2 с
T2 FIXED16 18 правда 1.0 оценщик 1.0 10.2 с
T2 RANDOM16 18 правда 0.575 оценщик 0.562 13.5 с
T1 ORACLE 18 правда 0.54 оценщик 0.54 24.6 с
T2 COEVO16 18 правда 0.493 оценщик 1.0 18.5 с
T2 RANDOM64 18 правда 1.0 оценщик 1.0 19.1 с
T2 MIRROR16 18 правда 1.0 оценщик 1.0 12.2 с
T2 ORACLE 18 правда 1.0 оценщик 1.0 25.7 с
T3 FIXED16 18 правда 0.079 оценщик 0.438 15.6 с
T3 RANDOM16 18 правда 0.21 оценщик 0.188 12.6 с
T3 RANDOM64 18 правда 0.226 оценщик 0.25 14.2 с
T3 MIRROR16 18 правда 0.053 оценщик 0.688 17.0 с
T3 COEVO16 18 правда 0.225 оценщик 0.688 21.7 с
T1 FIXED16 19 правда 0.015 оценщик 0.062 8.3 с
T1 RANDOM16 19 правда 1.0 оценщик 1.0 11.1 с
T1 RANDOM64 19 правда 1.0 оценщик 1.0 8.6 с
T3 ORACLE 18 правда 0.286 оценщик 0.286 30.4 с
T1 MIRROR16 19 правда 0.04 оценщик 0.75 13.2 с
T1 COEVO16 19 правда 0.015 оценщик 0.062 19.1 с
T2 FIXED16 19 правда 0.975 оценщик 1.0 11.1 с
T1 ORACLE 19 правда 0.026 оценщик 0.026 24.0 с
T2 RANDOM16 19 правда 1.0 оценщик 1.0 8.8 с
T2 RANDOM64 19 правда 0.608 оценщик 0.578 10.7 с
T2 MIRROR16 19 правда 1.0 оценщик 1.0 10.1 с
T2 COEVO16 19 правда 1.0 оценщик 1.0 23.9 с
T3 FIXED16 19 правда 0.663 оценщик 0.875 10.7 с
T2 ORACLE 19 правда 0.697 оценщик 0.697 22.6 с
T3 RANDOM16 19 правда 0.186 оценщик 0.438 7.7 с
T3 RANDOM64 19 правда 0.664 оценщик 0.719 10.2 с
T3 COEVO16 19 правда 0.163 оценщик 0.375 21.9 с
T3 MIRROR16 19 правда 0.103 оценщик 0.625 13.4 с
T3 ORACLE 19 правда 0.671 оценщик 0.671 10.1 с
