30 0.00462 0.00357 Δ2000 0.00106
31 0.00402 0.00266 Δ2000 0.00136
32 0.00598 0.00471 Δ2000 0.00127
33 0.00536 0.00353 Δ2000 0.00183
34 0.00664 0.00478 Δ2000 0.00186
35 0.00395 0.0036 Δ2000 0.00035
36 0.00435 0.00314 Δ2000 0.00121
37 0.00404 0.00334 Δ2000 0.0007
38 0.0052 0.00389 Δ2000 0.0013
39 0.00434 0.0032 Δ2000 0.00115
40 0.00393 0.00341 Δ2000 0.00052
41 0.00407 0.00315 Δ2000 0.00092
42 0.00559 0.00378 Δ2000 0.00181
43 0.00522 0.00579 Δ2000 -0.00057
44 0.00416 0.00323 Δ2000 0.00093
45 0.00509 0.00286 Δ2000 0.00224
46 0.0042 0.0039 Δ2000 0.0003
47 0.00375 0.00428 Δ2000 -0.00054
48 0.01033 0.00974 Δ2000 0.00058
49 0.00435 0.00263 Δ2000 0.00172
{
 "P1": {
  "n_positive": 18,
  "verdict": "подтверждено",
  "false_level": 0.005908966064453125,
  "sign_p_one_sided": 0.00020122528076171875
 },
 "P2": {
  "n_ge": 16,
  "verdict": "подтверждено",
  "p0_auto02": 0.378,
  "false_level_auto02": 0.0035383909513409884,
  "p0_recalibrated": 0.31842105263157894,
  "false_level_recalibrated": 0.0005211210412560502
 },
 "P3": {
  "median": 0.001102096278515985,
  "mean": 0.0010002282708410416,
  "ci95_mean": [
   0.0006696544162290819,
   0.0013140663506563382
  ],
  "ci95_median": [
   0.0006425681161502661,
   0.0013310798118039147
  ],
  "d1000_positive": 11,
  "d1000_median": 0.0007111074602793588,
  "A0_excess2000_median": 0.0043499714806708445,
  "A0_excess2000_sd": 0.0014846172009474144
 },
 "P4": {
  "n": 30,
  "positive": 27,
  "ge_0005": 23,
  "median": 0.0010047246927306075
 }
}
