70 {'A0': 0.00424, 'AW': 0.00327, 'AR': 0.00397}
71 {'A0': 0.00422, 'AW': 0.00331, 'AR': 0.00344}
72 {'A0': 0.00355, 'AW': 0.0032, 'AR': 0.0031}
73 {'A0': 0.00363, 'AW': 0.00351, 'AR': 0.00353}
74 {'A0': 0.00484, 'AW': 0.00599, 'AR': 0.00654}
75 {'A0': 0.00393, 'AW': 0.00345, 'AR': 0.00361}
76 {'A0': 0.00407, 'AW': 0.00283, 'AR': 0.00378}
77 {'A0': 0.00404, 'AW': 0.00296, 'AR': 0.00275}
78 {'A0': 0.00404, 'AW': 0.00535, 'AR': 0.00555}
79 {'A0': 0.00597, 'AW': 0.00279, 'AR': 0.0031}
80 {'A0': 0.00522, 'AW': 0.00369, 'AR': 0.00386}
81 {'A0': 0.00434, 'AW': 0.00302, 'AR': 0.00313}
82 {'A0': 0.00599, 'AW': 0.00412, 'AR': 0.00429}
83 {'A0': 0.00399, 'AW': 0.00306, 'AR': 0.00365}
84 {'A0': 0.01224, 'AW': 0.00958, 'AR': 0.00987}
85 {'A0': 0.0039, 'AW': 0.00261, 'AR': 0.00315}
86 {'A0': 0.00412, 'AW': 0.00327, 'AR': 0.00303}
87 {'A0': 0.00553, 'AW': 0.00416, 'AR': 0.00411}
88 {'A0': 0.00383, 'AW': 0.00328, 'AR': 0.0036}
89 {'A0': 0.00392, 'AW': 0.00326, 'AR': 0.00325}
{
 "P1": {
  "n_positive": 18,
  "verdict": "подтверждено",
  "median": 0.0009452324239981325,
  "ci": [
   0.0005994852615727186,
   0.0013016671401167024
  ]
 },
 "P2": {
  "n_positive": 15,
  "verdict": "разницы нет",
  "median": 0.00016846838309647616,
  "ci": [
   6.525946988000797e-05,
   0.00031178111736740455
  ],
  "sign_p": 0.020694732666015625
 },
 "P3": {
  "AR_better_than_A0": 18,
  "median": 0.0007095225538525929,
  "ci": [
   0.0003010738236564059,
   0.0012431229925343734
  ]
 }
}
