A0 136 0 3.75 0.0 4.3
A0 136 100 2.5263 0.0 19.2
A0 136 200 2.3367 0.0 33.9
A0 136 300 2.0684 0.0 48.3
A0 136 400 1.8665 0.0 63.1
A0 136 500 1.78 0.0 78.1
A0 136 600 1.7394 0.0 93.2
A0 136 700 1.6948 0.0 108.2
A0 136 800 1.6443 0.0 122.8
A0 136 900 1.6028 0.0 137.2
A0 136 1000 1.5849 0.0 152.3
A0 136 1100 1.4657 0.0 167.3
A0 136 1200 1.5168 0.0 181.9
A0 136 1300 1.4186 0.0 196.9
A0 136 1400 1.4104 0.0 212.3
A0 136 1500 1.4174 0.0 227.5
A0 136 1600 1.3949 0.0 243.0
A0 136 1700 1.3775 0.0 258.5
A0 136 1800 1.3878 0.0 274.4
A0 136 1900 1.4478 0.0 289.8
done 305.5 test_nll 1.5611685094307381
