A0 137 0 3.7539 0.0 4.6
A0 137 100 2.5084 0.0 19.6
A0 137 200 2.2962 0.0 34.7
A0 137 300 2.1014 0.0 49.7
A0 137 400 1.9244 0.0 64.5
A0 137 500 1.7873 0.0 79.5
A0 137 600 1.8011 0.0 94.9
A0 137 700 1.7157 0.0 109.7
A0 137 800 1.6692 0.0 124.6
A0 137 900 1.6086 0.0 140.2
A0 137 1000 1.6076 0.0 155.8
A0 137 1100 1.492 0.0 171.6
A0 137 1200 1.4751 0.0 187.1
A0 137 1300 1.4526 0.0 202.2
A0 137 1400 1.4248 0.0 217.8
A0 137 1500 1.4143 0.0 233.0
A0 137 1600 1.3935 0.0 248.4
A0 137 1700 1.362 0.0 263.6
A0 137 1800 1.3892 0.0 279.3
A0 137 1900 1.3996 0.0 295.0
done 311.1 test_nll 1.5455721706725074
