A0 131 0 3.7545 0.0 4.5
A0 131 100 2.5517 0.0 19.5
A0 131 200 2.3129 0.0 34.8
A0 131 300 2.1097 0.0 49.6
A0 131 400 1.9688 0.0 64.5
A0 131 500 1.8364 0.0 79.2
A0 131 600 1.7144 0.0 94.2
A0 131 700 1.7006 0.0 109.0
A0 131 800 1.644 0.0 124.1
A0 131 900 1.5694 0.0 139.1
A0 131 1000 1.5399 0.0 154.3
A0 131 1100 1.4805 0.0 169.3
A0 131 1200 1.4595 0.0 184.3
A0 131 1300 1.4442 0.0 199.7
A0 131 1400 1.4326 0.0 215.0
A0 131 1500 1.4069 0.0 230.4
A0 131 1600 1.3447 0.0 245.4
A0 131 1700 1.3452 0.0 260.8
A0 131 1800 1.3642 0.0 275.8
A0 131 1900 1.3544 0.0 291.0
done 306.1 test_nll 1.5517217274181774
