A0 135 0 3.7407 0.0 4.4
A0 135 100 2.5228 0.0 19.9
A0 135 200 2.3045 0.0 35.2
A0 135 300 2.0354 0.0 50.6
A0 135 400 1.9473 0.0 66.4
A0 135 500 1.8567 0.0 82.5
A0 135 600 1.7386 0.0 97.5
A0 135 700 1.665 0.0 112.8
A0 135 800 1.6281 0.0 128.1
A0 135 900 1.6145 0.0 143.4
A0 135 1000 1.4968 0.0 158.7
A0 135 1100 1.4784 0.0 174.1
A0 135 1200 1.4367 0.0 189.5
A0 135 1300 1.4412 0.0 204.8
A0 135 1400 1.3967 0.0 219.9
A0 135 1500 1.4274 0.0 235.1
A0 135 1600 1.4061 0.0 249.9
A0 135 1700 1.4288 0.0 264.9
A0 135 1800 1.3496 0.0 280.0
A0 135 1900 1.3859 0.0 295.2
done 310.5 test_nll 1.552214515192796
