A0 130 0 3.7392 0.0 4.6
A0 130 100 2.5298 0.0 19.7
A0 130 200 2.3233 0.0 34.7
A0 130 300 2.1609 0.0 50.5
A0 130 400 1.9085 0.0 66.1
A0 130 500 1.8644 0.0 81.7
A0 130 600 1.7692 0.0 96.3
A0 130 700 1.6969 0.0 111.5
A0 130 800 1.6356 0.0 126.4
A0 130 900 1.5653 0.0 140.9
A0 130 1000 1.5731 0.0 156.2
A0 130 1100 1.5381 0.0 170.9
A0 130 1200 1.496 0.0 186.1
A0 130 1300 1.4538 0.0 200.8
A0 130 1400 1.4514 0.0 215.5
A0 130 1500 1.4007 0.0 230.9
A0 130 1600 1.3963 0.0 245.6
A0 130 1700 1.3226 0.0 260.8
A0 130 1800 1.3847 0.0 275.8
A0 130 1900 1.3495 0.0 290.8
done 305.7 test_nll 1.5490679556667968
