A0 138 0 3.7551 0.0 4.5
A0 138 100 2.5101 0.0 20.3
A0 138 200 2.3056 0.0 35.7
A0 138 300 2.0963 0.0 51.0
A0 138 400 1.953 0.0 66.4
A0 138 500 1.7908 0.0 81.9
A0 138 600 1.6777 0.0 97.3
A0 138 700 1.6765 0.0 112.6
A0 138 800 1.6319 0.0 128.0
A0 138 900 1.5124 0.0 143.0
A0 138 1000 1.4772 0.0 158.7
A0 138 1100 1.4823 0.0 174.1
A0 138 1200 1.4532 0.0 189.5
A0 138 1300 1.4395 0.0 204.8
A0 138 1400 1.3653 0.0 219.9
A0 138 1500 1.3696 0.0 235.4
A0 138 1600 1.3653 0.0 250.5
A0 138 1700 1.3672 0.0 265.6
A0 138 1800 1.2964 0.0 280.3
A0 138 1900 1.3329 0.0 295.3
done 309.0 test_nll 1.533227683286885
