A0 134 0 3.7414 0.0 4.5
A0 134 100 2.5375 0.0 20.1
A0 134 200 2.3216 0.0 35.9
A0 134 300 2.1192 0.0 51.7
A0 134 400 2.0087 0.0 67.1
A0 134 500 1.8674 0.0 83.3
A0 134 600 1.7215 0.0 98.9
A0 134 700 1.6759 0.0 114.1
A0 134 800 1.6388 0.0 129.2
A0 134 900 1.5549 0.0 144.1
A0 134 1000 1.465 0.0 159.4
A0 134 1100 1.514 0.0 174.8
A0 134 1200 1.4397 0.0 189.5
A0 134 1300 1.3978 0.0 204.5
A0 134 1400 1.4794 0.0 219.7
A0 134 1500 1.3452 0.0 235.2
A0 134 1600 1.3824 0.0 250.2
A0 134 1700 1.3679 0.0 265.6
A0 134 1800 1.3512 0.0 280.8
A0 134 1900 1.3178 0.0 296.3
done 311.9 test_nll 1.5389514552810735
