A0 133 0 3.7605 0.0 4.3
A0 133 100 2.5534 0.0 19.7
A0 133 200 2.3065 0.0 34.6
A0 133 300 2.1006 0.0 49.6
A0 133 400 1.9172 0.0 64.6
A0 133 500 1.8724 0.0 79.9
A0 133 600 1.7289 0.0 94.5
A0 133 700 1.7014 0.0 109.1
A0 133 800 1.6347 0.0 123.6
A0 133 900 1.5363 0.0 138.6
A0 133 1000 1.5865 0.0 153.2
A0 133 1100 1.5073 0.0 168.4
A0 133 1200 1.4868 0.0 183.2
A0 133 1300 1.4327 0.0 198.0
A0 133 1400 1.3871 0.0 212.5
A0 133 1500 1.3717 0.0 227.5
A0 133 1600 1.3565 0.0 241.7
A0 133 1700 1.3896 0.0 256.7
A0 133 1800 1.362 0.0 271.7
A0 133 1900 1.4174 0.0 286.2
done 301.2 test_nll 1.5553272563994363
