A0 141 0 3.7612 0.0 4.4
A0 141 100 2.5087 0.0 19.6
A0 141 200 2.3477 0.0 34.7
A0 141 300 2.164 0.0 49.8
A0 141 400 1.9863 0.0 65.1
A0 141 500 1.8828 0.0 80.5
A0 141 600 1.824 0.0 95.8
A0 141 700 1.6816 0.0 111.6
A0 141 800 1.5875 0.0 126.9
A0 141 900 1.5823 0.0 141.6
A0 141 1000 1.5884 0.0 156.7
A0 141 1100 1.5053 0.0 171.6
A0 141 1200 1.4435 0.0 186.5
A0 141 1300 1.4568 0.0 202.1
A0 141 1400 1.4222 0.0 217.1
A0 141 1500 1.3601 0.0 232.3
A0 141 1600 1.468 0.0 247.1
A0 141 1700 1.3865 0.0 261.9
A0 141 1800 1.3872 0.0 276.7
A0 141 1900 1.3087 0.0 291.7
done 307.0 test_nll 1.565290591341612
