A0 140 0 3.7496 0.0 4.3
A0 140 100 2.5131 0.0 19.5
A0 140 200 2.3534 0.0 34.5
A0 140 300 2.0894 0.0 49.9
A0 140 400 1.9909 0.0 65.0
A0 140 500 1.8513 0.0 80.7
A0 140 600 1.7449 0.0 95.6
A0 140 700 1.708 0.0 111.2
A0 140 800 1.5909 0.0 126.5
A0 140 900 1.5742 0.0 142.2
A0 140 1000 1.5407 0.0 157.9
A0 140 1100 1.4995 0.0 173.2
A0 140 1200 1.4661 0.0 188.3
A0 140 1300 1.4288 0.0 203.9
A0 140 1400 1.4778 0.0 219.5
A0 140 1500 1.3755 0.0 234.7
A0 140 1600 1.4022 0.0 249.9
A0 140 1700 1.3784 0.0 264.6
A0 140 1800 1.383 0.0 279.4
A0 140 1900 1.3287 0.0 294.0
done 309.0 test_nll 1.5495473863484328
