A0 139 0 3.7473 0.0 4.5
A0 139 100 2.5091 0.0 19.4
A0 139 200 2.3259 0.0 34.5
A0 139 300 2.0935 0.0 49.4
A0 139 400 2.0111 0.0 64.9
A0 139 500 1.8288 0.0 80.2
A0 139 600 1.7321 0.0 95.1
A0 139 700 1.6993 0.0 109.9
A0 139 800 1.6392 0.0 124.8
A0 139 900 1.5677 0.0 139.6
A0 139 1000 1.5466 0.0 154.8
A0 139 1100 1.5371 0.0 169.5
A0 139 1200 1.5005 0.0 184.5
A0 139 1300 1.4363 0.0 199.4
A0 139 1400 1.4207 0.0 214.4
A0 139 1500 1.4171 0.0 229.3
A0 139 1600 1.3598 0.0 243.7
A0 139 1700 1.3636 0.0 258.3
A0 139 1800 1.3228 0.0 273.1
A0 139 1900 1.3647 0.0 288.2
done 302.6 test_nll 1.5529986619414677
