A0 132 0 3.7401 0.0 4.4
A0 132 100 2.5195 0.0 19.5
A0 132 200 2.277 0.0 34.5
A0 132 300 2.1115 0.0 49.9
A0 132 400 1.881 0.0 64.9
A0 132 500 1.8507 0.0 80.6
A0 132 600 1.765 0.0 96.0
A0 132 700 1.6471 0.0 111.5
A0 132 800 1.6398 0.0 126.8
A0 132 900 1.6035 0.0 142.0
A0 132 1000 1.5455 0.0 158.1
A0 132 1100 1.4929 0.0 173.4
A0 132 1200 1.5256 0.0 188.6
A0 132 1300 1.443 0.0 203.7
A0 132 1400 1.419 0.0 218.9
A0 132 1500 1.4308 0.0 234.6
A0 132 1600 1.3466 0.0 250.2
A0 132 1700 1.3868 0.0 265.4
A0 132 1800 1.3322 0.0 281.0
A0 132 1900 1.399 0.0 296.5
done 311.3 test_nll 1.544547200502564
