B 140 0 3.7496 1.2836 3.3
B 140 100 2.7505 1.288 14.5
B 140 200 2.5024 0.9506 25.3
B 140 300 2.3267 0.9691 36.5
B 140 400 2.2218 0.9475 47.5
B 140 500 2.0443 1.0598 58.9
B 140 600 1.9319 0.968 70.2
B 140 700 1.8364 0.9714 81.4
B 140 800 1.707 0.9645 92.8
B 140 900 1.6494 0.9494 104.1
B 140 1000 1.6103 0.9328 115.5
B 140 1100 1.5706 0.9374 126.4
B 140 1200 1.4945 0.9384 137.5
B 140 1300 1.4737 0.9362 149.1
B 140 1400 1.5102 0.9701 160.7
B 140 1500 1.4124 0.8638 171.8
B 140 1600 1.4209 0.8634 183.1
B 140 1700 1.3953 0.9764 194.0
B 140 1800 1.3831 0.9484 205.4
B 140 1900 1.3553 0.895 216.6
done 227.8 test_nll 1.5423872540346597
