B 131 0 3.7545 1.4808 3.4
B 131 100 2.7146 1.0922 14.7
B 131 200 2.4407 1.1498 25.8
B 131 300 2.3739 1.0407 37.2
B 131 400 2.2036 0.9848 48.4
B 131 500 2.01 0.989 60.2
B 131 600 1.8287 1.3805 71.8
B 131 700 1.7841 0.9024 83.3
B 131 800 1.7076 0.9604 94.6
B 131 900 1.6089 0.9422 106.2
B 131 1000 1.6008 0.8884 118.2
B 131 1100 1.4942 0.9753 129.6
B 131 1200 1.5062 1.0072 141.1
B 131 1300 1.4758 0.9443 152.8
B 131 1400 1.4609 0.9188 164.4
B 131 1500 1.3993 0.9158 176.0
B 131 1600 1.3413 0.9066 187.5
B 131 1700 1.3558 0.9295 198.8
B 131 1800 1.3589 0.9547 210.3
B 131 1900 1.3359 0.9411 221.7
done 232.9 test_nll 1.5440663048208165
