B 132 0 3.7401 1.3972 3.3
B 132 100 2.71 1.0132 14.9
B 132 200 2.3838 1.0005 26.2
B 132 300 2.3401 0.9997 37.3
B 132 400 2.0793 0.9626 49.0
B 132 500 1.9773 0.9568 60.5
B 132 600 1.8815 0.9709 71.7
B 132 700 1.7292 0.9469 83.1
B 132 800 1.7023 0.9452 94.3
B 132 900 1.6488 0.933 105.2
B 132 1000 1.5772 0.899 116.8
B 132 1100 1.5416 0.9062 128.2
B 132 1200 1.5279 0.9294 139.4
B 132 1300 1.4792 0.9184 150.7
B 132 1400 1.4354 0.9048 162.2
B 132 1500 1.4341 0.9071 173.8
B 132 1600 1.3499 0.9368 185.4
B 132 1700 1.3656 0.9387 197.1
B 132 1800 1.3257 0.9624 208.8
B 132 1900 1.3952 0.9188 220.4
done 231.8 test_nll 1.548152717737844
