B 141 0 3.7612 1.3881 3.3
B 141 100 2.6863 1.2979 14.7
B 141 200 2.4824 1.1637 26.2
B 141 300 2.3804 0.955 37.8
B 141 400 2.2576 0.9705 49.0
B 141 500 2.0816 1.0783 60.7
B 141 600 1.9575 1.0574 72.2
B 141 700 1.7937 0.9555 83.5
B 141 800 1.6619 0.9744 95.0
B 141 900 1.6309 0.9747 106.7
B 141 1000 1.6524 0.9478 118.5
B 141 1100 1.5495 0.9696 130.2
B 141 1200 1.4822 0.8953 141.9
B 141 1300 1.4756 0.9732 153.4
B 141 1400 1.4414 0.8963 165.0
B 141 1500 1.3685 0.9611 176.9
B 141 1600 1.4825 0.9543 188.6
B 141 1700 1.3838 0.8821 200.3
B 141 1800 1.3993 0.8835 212.1
B 141 1900 1.3139 0.8581 224.0
done 235.6 test_nll 1.5560266295435332
