B 136 0 3.75 1.4227 3.3
B 136 100 2.7142 1.0158 14.4
B 136 200 2.4371 1.1787 25.7
B 136 300 2.3306 1.0182 37.2
B 136 400 2.1637 1.0426 48.9
B 136 500 1.966 0.9952 60.5
B 136 600 1.8573 0.9742 71.9
B 136 700 1.8128 0.9477 83.3
B 136 800 1.727 0.9348 94.8
B 136 900 1.6546 0.9677 106.1
B 136 1000 1.5988 0.9518 117.8
B 136 1100 1.4898 0.9478 129.2
B 136 1200 1.5491 0.9073 140.8
B 136 1300 1.439 1.0003 152.5
B 136 1400 1.4281 0.9005 163.8
B 136 1500 1.4096 0.9376 175.3
B 136 1600 1.4099 0.9604 187.2
B 136 1700 1.3696 0.9279 198.3
B 136 1800 1.3839 0.9376 209.5
B 136 1900 1.4297 0.9259 221.0
done 232.5 test_nll 1.5531725541578458
