B 130 0 3.7392 1.6029 3.4
B 130 100 2.7494 1.0395 14.9
B 130 200 2.4959 1.0491 26.4
B 130 300 2.435 1.0089 37.9
B 130 400 2.1998 0.958 49.9
B 130 500 2.1107 0.9841 61.7
B 130 600 1.9153 0.9892 73.1
B 130 700 1.8252 0.9747 84.3
B 130 800 1.7574 0.9349 95.7
B 130 900 1.6524 0.9919 107.3
B 130 1000 1.6452 0.9482 118.7
B 130 1100 1.6033 0.9267 130.2
B 130 1200 1.559 0.9117 141.5
B 130 1300 1.4872 0.9207 152.9
B 130 1400 1.4768 0.9197 164.1
B 130 1500 1.4305 0.958 175.6
B 130 1600 1.4117 0.894 186.9
B 130 1700 1.3467 0.8932 198.2
B 130 1800 1.406 0.8755 210.0
B 130 1900 1.3601 0.916 221.8
done 233.4 test_nll 1.542201728036245
