B 134 0 3.7414 1.5267 3.4
B 134 100 2.7877 1.054 14.9
B 134 200 2.4743 1.0179 26.5
B 134 300 2.3881 1.0367 37.9
B 134 400 2.2501 0.9706 49.3
B 134 500 2.0635 1.0118 61.1
B 134 600 1.8749 1.2696 72.9
B 134 700 1.7985 0.9878 84.4
B 134 800 1.7363 0.9972 96.0
B 134 900 1.6493 0.9392 107.7
B 134 1000 1.5911 0.969 119.4
B 134 1100 1.5646 0.931 131.0
B 134 1200 1.5173 0.9581 142.7
B 134 1300 1.4551 0.9466 154.5
B 134 1400 1.5229 0.9366 165.7
B 134 1500 1.3888 0.9133 177.5
B 134 1600 1.3929 0.9498 189.0
B 134 1700 1.3962 0.8941 200.8
B 134 1800 1.3729 0.9553 212.0
B 134 1900 1.3422 0.969 223.5
done 235.0 test_nll 1.5499446916284485
