B 138 0 3.7551 1.422 3.4
B 138 100 2.7173 1.0866 14.6
B 138 200 2.4454 1.007 25.9
B 138 300 2.3039 0.9656 37.4
B 138 400 2.1215 0.9865 48.8
B 138 500 1.9419 0.976 60.2
B 138 600 1.794 0.9526 71.7
B 138 700 1.7613 0.9871 83.1
B 138 800 1.7046 0.908 94.7
B 138 900 1.5871 0.9432 105.9
B 138 1000 1.531 0.9433 116.9
B 138 1100 1.5417 0.9887 128.0
B 138 1200 1.5028 0.962 139.1
B 138 1300 1.4795 0.9397 150.2
B 138 1400 1.387 0.9381 161.6
B 138 1500 1.391 0.8675 173.2
B 138 1600 1.3881 0.933 184.6
B 138 1700 1.3805 0.9639 195.7
B 138 1800 1.3272 0.862 207.0
B 138 1900 1.3426 0.9431 218.2
done 229.5 test_nll 1.5340719021051294
