B 139 0 3.7473 1.5557 3.2
B 139 100 2.7578 1.3544 14.9
B 139 200 2.4918 1.0478 26.2
B 139 300 2.3288 1.0228 38.0
B 139 400 2.2171 0.9927 49.4
B 139 500 1.9774 0.9701 60.9
B 139 600 1.8471 1.1164 72.4
B 139 700 1.8736 0.987 84.7
B 139 800 1.7407 1.0662 96.3
B 139 900 1.6376 0.9519 107.7
B 139 1000 1.6304 1.2146 119.4
B 139 1100 1.5691 0.9601 130.7
B 139 1200 1.5355 0.9389 142.4
B 139 1300 1.4711 0.9607 154.3
B 139 1400 1.4453 0.971 166.0
B 139 1500 1.4402 0.9456 177.8
B 139 1600 1.3774 0.9197 189.5
B 139 1700 1.3703 0.9237 201.0
B 139 1800 1.321 0.929 212.5
B 139 1900 1.3636 0.9474 224.0
done 235.4 test_nll 1.5523947099046655
