B 135 0 3.7407 1.4441 3.4
B 135 100 2.7205 1.0491 14.9
B 135 200 2.51 1.0253 26.4
B 135 300 2.389 1.0924 37.7
B 135 400 2.2025 0.9273 49.0
B 135 500 2.0458 0.9804 60.6
B 135 600 1.8982 0.94 72.0
B 135 700 1.7703 0.9215 83.6
B 135 800 1.7046 0.9854 95.2
B 135 900 1.6434 0.9699 106.9
B 135 1000 1.5465 0.9624 118.2
B 135 1100 1.5287 0.9797 129.3
B 135 1200 1.4736 0.9507 141.0
B 135 1300 1.444 0.982 152.6
B 135 1400 1.3947 0.9298 164.3
B 135 1500 1.4092 0.9121 175.8
B 135 1600 1.4185 0.9249 187.1
B 135 1700 1.3894 0.9508 198.2
B 135 1800 1.3369 0.9413 209.4
B 135 1900 1.3721 0.9378 220.5
done 231.6 test_nll 1.5376845673096564
