B 133 0 3.7605 1.4119 3.5
B 133 100 2.713 1.0015 14.8
B 133 200 2.4443 0.9622 26.3
B 133 300 2.313 0.9702 37.6
B 133 400 2.1758 1.0687 49.0
B 133 500 2.0983 1.0186 60.8
B 133 600 1.8721 0.9619 72.3
B 133 700 1.8325 0.948 83.8
B 133 800 1.7566 0.9483 95.2
B 133 900 1.6218 0.9516 106.7
B 133 1000 1.6349 0.8719 118.4
B 133 1100 1.5416 0.9026 130.0
B 133 1200 1.5418 0.929 141.4
B 133 1300 1.4674 0.9823 153.3
B 133 1400 1.4265 0.9029 165.0
B 133 1500 1.3779 0.8768 176.9
B 133 1600 1.3683 0.9091 188.3
B 133 1700 1.4225 0.8977 199.6
B 133 1800 1.3711 0.9203 211.3
B 133 1900 1.4067 0.951 223.0
done 235.0 test_nll 1.5481444482591584
