B 137 0 3.7539 1.49 3.4
B 137 100 2.728 1.0976 14.9
B 137 200 2.5234 0.9904 26.9
B 137 300 2.3663 1.0072 38.4
B 137 400 2.1804 0.9612 50.2
B 137 500 1.9845 1.1625 61.8
B 137 600 1.9441 0.9814 73.4
B 137 700 1.8103 0.9685 84.9
B 137 800 1.7265 0.9494 96.6
B 137 900 1.6629 0.9504 108.5
B 137 1000 1.6218 0.9646 120.5
B 137 1100 1.5309 0.9756 131.8
B 137 1200 1.5141 0.9539 143.4
B 137 1300 1.4793 0.9064 155.1
B 137 1400 1.4466 0.9405 167.0
B 137 1500 1.4248 0.9401 179.1
B 137 1600 1.3902 0.96 190.7
B 137 1700 1.3698 0.9362 202.7
B 137 1800 1.3862 0.9267 214.5
B 137 1900 1.4057 0.9278 226.5
done 238.3 test_nll 1.542023875218859
