C 139 0 3.7473 0.9749 4.2
C 139 100 2.7051 0.9868 19.0
C 139 200 2.4625 0.793 33.7
C 139 300 2.4305 0.7739 48.6
C 139 400 2.3264 2.836 63.7
C 139 500 2.1743 0.3091 78.8
C 139 600 2.026 0.3258 93.7
C 139 700 1.957 0.4444 108.6
C 139 800 1.848 0.5331 123.5
C 139 900 1.7746 0.2916 138.5
C 139 1000 1.7549 0.9771 153.5
C 139 1100 1.6815 0.2862 168.6
C 139 1200 1.6511 0.2279 183.4
C 139 1300 1.5903 0.2785 198.0
C 139 1400 1.5334 0.2688 212.8
C 139 1500 1.5133 0.2463 227.5
C 139 1600 1.4679 0.2122 242.0
C 139 1700 1.4461 0.241 256.8
C 139 1800 1.4079 0.1883 271.8
C 139 1900 1.4395 0.2623 286.7
done 301.4 test_nll 1.5773702025350742
