C 135 0 3.7407 0.9428 4.5
C 135 100 2.8033 0.9844 19.6
C 135 200 2.5036 1.1053 34.5
C 135 300 2.4055 0.5722 49.8
C 135 400 2.3525 0.4315 65.1
C 135 500 2.2096 0.3673 80.4
C 135 600 2.0708 0.3916 95.6
C 135 700 1.9321 0.4943 110.7
C 135 800 1.8504 0.2921 126.0
C 135 900 1.7852 0.3615 141.3
C 135 1000 1.6875 0.3112 157.0
C 135 1100 1.6531 0.3182 172.0
C 135 1200 1.5845 0.2562 186.5
C 135 1300 1.5653 0.3009 201.3
C 135 1400 1.526 0.2268 216.2
C 135 1500 1.5293 0.249 231.3
C 135 1600 1.5128 0.1942 246.1
C 135 1700 1.516 0.2689 260.8
C 135 1800 1.4532 0.2623 275.5
C 135 1900 1.4872 0.2578 290.5
done 305.4 test_nll 1.5721133511431713
