C 130 0 3.7392 0.9425 4.1
C 130 100 2.7486 0.9461 19.4
C 130 200 2.4816 0.7477 34.3
C 130 300 2.4272 0.4859 49.3
C 130 400 2.2619 0.4003 64.2
C 130 500 2.2589 0.4173 79.2
C 130 600 2.0698 0.3794 94.4
C 130 700 1.982 0.338 109.6
C 130 800 1.943 0.3855 124.5
C 130 900 1.8055 0.3619 139.5
C 130 1000 1.7546 0.2842 154.8
C 130 1100 1.7187 0.2581 170.1
C 130 1200 1.6588 0.2631 184.9
C 130 1300 1.581 0.2302 199.5
C 130 1400 1.5788 0.2387 214.4
C 130 1500 1.5268 0.2822 229.6
C 130 1600 1.491 0.2108 244.4
C 130 1700 1.44 0.2241 259.3
C 130 1800 1.4846 0.2147 274.1
C 130 1900 1.4587 0.2734 288.8
done 303.6 test_nll 1.5813253738263822
