C 140 0 3.7496 0.9155 4.3
C 140 100 2.7687 1.0507 19.3
C 140 200 2.4909 0.7218 34.1
C 140 300 2.3839 1.1032 48.9
C 140 400 2.3693 0.4604 63.8
C 140 500 2.2348 0.5084 79.2
C 140 600 2.125 0.4376 94.2
C 140 700 2.0064 0.3678 108.8
C 140 800 1.8663 0.4941 123.6
C 140 900 1.8217 0.3306 138.8
C 140 1000 1.7914 0.3522 154.4
C 140 1100 1.7185 0.3278 169.5
C 140 1200 1.6142 0.3088 184.5
C 140 1300 1.613 0.307 199.7
C 140 1400 1.618 0.3151 214.3
C 140 1500 1.5079 0.2481 229.2
C 140 1600 1.5136 0.2199 244.1
C 140 1700 1.4969 0.2722 258.9
C 140 1800 1.4896 0.3128 273.5
C 140 1900 1.4508 0.2295 288.5
done 303.7 test_nll 1.5832282492724166
