C 134 0 3.7414 0.9743 4.5
C 134 100 2.7371 1.1492 20.1
C 134 200 2.4715 1.4657 35.8
C 134 300 2.4185 0.6146 50.7
C 134 400 2.3593 0.872 66.3
C 134 500 2.2426 0.9112 81.7
C 134 600 2.1239 0.3714 97.1
C 134 700 2.0064 4.3431 112.6
C 134 800 1.9014 0.3455 128.0
C 134 900 1.8163 0.3553 143.9
C 134 1000 1.7445 0.4525 160.0
C 134 1100 1.7265 0.8709 175.9
C 134 1200 1.6571 0.306 191.4
C 134 1300 1.617 0.3013 207.1
C 134 1400 1.6598 0.5448 222.5
C 134 1500 1.538 0.2591 238.3
C 134 1600 1.5509 0.2929 253.7
C 134 1700 1.5348 0.2516 269.6
C 134 1800 1.4996 0.2678 285.0
C 134 1900 1.4717 0.3126 300.3
done 315.7 test_nll 1.6038200972391048
