C 133 0 3.7605 0.9798 4.2
C 133 100 2.7611 4.3349 18.7
C 133 200 2.4995 0.839 33.5
C 133 300 2.408 0.7959 48.4
C 133 400 2.3206 1.4987 63.5
C 133 500 2.3204 0.6942 78.7
C 133 600 2.1042 0.5355 93.7
C 133 700 2.0163 0.4483 108.6
C 133 800 1.9696 0.4194 123.3
C 133 900 1.7837 0.3866 138.4
C 133 1000 1.7885 0.9027 153.5
C 133 1100 1.7196 1.4933 168.8
C 133 1200 1.644 0.3457 184.1
C 133 1300 1.5852 0.323 199.5
C 133 1400 1.5581 0.3085 214.6
C 133 1500 1.499 0.7323 229.7
C 133 1600 1.4811 0.3467 244.7
C 133 1700 1.5103 1.7006 259.4
C 133 1800 1.4661 0.3208 274.6
C 133 1900 1.5093 0.3839 289.3
done 304.5 test_nll 1.5716237479692237
