C 137 0 3.7539 0.9742 4.5
C 137 100 2.7419 1.0521 21.0
C 137 200 2.5591 0.8283 37.3
C 137 300 2.4089 0.6082 53.1
C 137 400 2.3358 0.4799 69.0
C 137 500 2.2154 0.4277 85.0
C 137 600 2.1084 0.6579 100.6
C 137 700 1.9579 0.39 116.3
C 137 800 1.904 0.477 131.7
C 137 900 1.8361 0.4113 147.2
C 137 1000 1.7651 0.9429 163.2
C 137 1100 1.6701 0.3917 178.8
C 137 1200 1.6449 0.3603 194.4
C 137 1300 1.5878 0.3602 210.1
C 137 1400 1.5674 0.278 225.8
C 137 1500 1.5345 0.2653 241.4
C 137 1600 1.5041 0.2932 257.1
C 137 1700 1.4562 0.2855 272.4
C 137 1800 1.4784 0.2546 288.5
C 137 1900 1.4962 0.1951 303.9
done 319.3 test_nll 1.5724133705191043
