C 131 0 3.7545 0.9257 4.3
C 131 100 2.8127 0.8917 19.7
C 131 200 2.465 0.956 35.0
C 131 300 2.4043 0.5977 50.0
C 131 400 2.4147 0.5872 65.5
C 131 500 2.2124 0.3815 80.8
C 131 600 2.1259 0.5319 95.9
C 131 700 1.9998 0.377 110.6
C 131 800 1.9326 0.4203 125.4
C 131 900 1.7918 0.3082 140.6
C 131 1000 1.7794 0.351 155.4
C 131 1100 1.6611 0.2871 170.2
C 131 1200 1.6428 0.7713 185.3
C 131 1300 1.6312 0.3081 200.4
C 131 1400 1.6059 0.2044 215.3
C 131 1500 1.5501 0.3036 230.4
C 131 1600 1.5032 0.2581 245.1
C 131 1700 1.4903 0.2626 260.1
C 131 1800 1.4807 0.279 275.0
C 131 1900 1.4709 0.2677 290.2
done 305.1 test_nll 1.596645685890303
