C 136 0 3.75 0.9966 4.4
C 136 100 2.7526 0.9403 20.1
C 136 200 2.4679 0.7631 35.7
C 136 300 2.3659 0.4938 50.6
C 136 400 2.2955 0.4335 65.6
C 136 500 2.1691 0.4022 81.0
C 136 600 2.0567 0.479 96.0
C 136 700 1.9909 0.318 110.8
C 136 800 1.9233 0.3929 125.6
C 136 900 1.7784 0.6259 140.7
C 136 1000 1.7302 0.2637 155.8
C 136 1100 1.6319 0.3287 171.3
C 136 1200 1.6495 0.331 186.5
C 136 1300 1.5559 0.2841 202.1
C 136 1400 1.5264 0.2503 217.0
C 136 1500 1.5087 0.3479 232.1
C 136 1600 1.4906 0.3014 247.3
C 136 1700 1.4579 0.2211 262.1
C 136 1800 1.4765 0.2813 276.7
C 136 1900 1.5206 0.2892 291.6
done 306.6 test_nll 1.5633127055207996
