C 132 0 3.7401 0.8911 4.3
C 132 100 2.697 0.9387 19.8
C 132 200 2.4376 1.3363 35.2
C 132 300 2.4023 0.6879 50.8
C 132 400 2.2688 1.4779 66.2
C 132 500 2.1894 0.4227 81.9
C 132 600 2.0105 0.473 96.6
C 132 700 1.8656 0.4047 111.6
C 132 800 1.8127 0.2733 126.3
C 132 900 1.7752 0.3601 141.5
C 132 1000 1.7114 0.2764 156.6
C 132 1100 1.6282 0.2975 171.9
C 132 1200 1.6512 0.3191 186.7
C 132 1300 1.5611 0.3004 201.6
C 132 1400 1.5072 0.2756 216.4
C 132 1500 1.4938 0.4202 231.7
C 132 1600 1.4206 0.2863 246.3
C 132 1700 1.4445 0.3107 261.7
C 132 1800 1.3832 0.3087 276.3
C 132 1900 1.4549 0.2996 291.6
done 306.4 test_nll 1.5559532125584714
