C 138 0 3.7551 0.8806 4.1
C 138 100 2.7435 0.9632 18.1
C 138 200 2.4484 0.719 32.4
C 138 300 2.3938 0.519 46.5
C 138 400 2.3139 0.3961 61.1
C 138 500 2.209 0.3931 76.0
C 138 600 2.0218 0.3897 90.5
C 138 700 1.945 0.3885 105.2
C 138 800 1.8874 0.4263 119.4
C 138 900 1.7421 0.2966 134.4
C 138 1000 1.6834 0.2932 149.5
C 138 1100 1.6681 0.2494 164.3
C 138 1200 1.6467 0.2675 179.0
C 138 1300 1.5974 0.2561 193.9
C 138 1400 1.4997 0.2742 208.8
C 138 1500 1.5079 0.1571 223.9
C 138 1600 1.4923 0.2446 238.7
C 138 1700 1.4998 0.2819 253.5
C 138 1800 1.4319 0.19 268.3
C 138 1900 1.4399 0.2473 283.3
done 298.2 test_nll 1.5792798832815218
