C 141 0 3.7612 0.9031 4.5
C 141 100 2.7685 0.9222 19.5
C 141 200 2.522 0.7265 34.9
C 141 300 2.4295 0.7056 50.0
C 141 400 2.3567 0.6228 65.1
C 141 500 2.2953 0.3709 80.1
C 141 600 2.245 0.3272 94.8
C 141 700 2.0655 0.3501 109.5
C 141 800 1.8876 0.323 124.5
C 141 900 1.8349 0.4676 139.4
C 141 1000 1.8289 0.7755 154.6
C 141 1100 1.6796 0.2619 169.7
C 141 1200 1.6031 0.2473 184.8
C 141 1300 1.62 0.2883 200.1
C 141 1400 1.567 0.2353 215.3
C 141 1500 1.4686 0.318 230.9
C 141 1600 1.5687 0.2571 246.0
C 141 1700 1.4824 0.2106 261.3
C 141 1800 1.4922 0.22 276.5
C 141 1900 1.4111 0.153 291.5
done 306.6 test_nll 1.586066255749105
