F 140 0 3.7496 0.9001 4.4
F 140 100 2.7569 1.0312 19.5
F 140 200 2.5159 0.9798 34.5
F 140 300 2.4087 0.9488 49.8
F 140 400 2.2896 0.9764 64.8
F 140 500 2.1376 0.9405 80.0
F 140 600 1.9751 0.973 94.7
F 140 700 1.9356 1.1879 110.3
F 140 800 1.7332 0.9809 125.7
F 140 900 1.6776 0.9314 141.2
F 140 1000 1.6886 0.9274 156.8
F 140 1100 1.6018 0.9333 171.7
F 140 1200 1.5386 0.8927 186.8
F 140 1300 1.5252 0.9379 202.1
F 140 1400 1.5299 0.9649 217.3
F 140 1500 1.4313 0.8498 232.8
F 140 1600 1.44 0.9072 248.0
F 140 1700 1.4108 0.916 263.3
F 140 1800 1.4037 0.8996 278.0
F 140 1900 1.3716 0.9004 293.2
done 306.8 test_nll 1.5438018415889665
