F 135 0 3.7407 0.9118 4.4
F 135 100 2.7516 1.0468 20.0
F 135 200 2.4876 1.031 35.3
F 135 300 2.3326 1.1221 50.3
F 135 400 2.197 0.9514 65.7
F 135 500 2.071 0.9533 81.0
F 135 600 1.9094 0.92 96.5
F 135 700 1.7736 0.9014 112.1
F 135 800 1.7249 0.9225 127.2
F 135 900 1.6651 1.1475 142.5
F 135 1000 1.6003 0.9629 158.1
F 135 1100 1.5334 0.9524 173.4
F 135 1200 1.5084 0.9348 188.5
F 135 1300 1.4683 0.9622 203.8
F 135 1400 1.4373 0.9165 218.8
F 135 1500 1.4414 0.9178 234.0
F 135 1600 1.4208 0.9143 249.1
F 135 1700 1.4263 0.9545 263.7
F 135 1800 1.3652 0.9262 278.2
F 135 1900 1.4058 0.902 293.3
done 307.4 test_nll 1.5469810042049008
