F 141 0 3.7612 0.899 4.4
F 141 100 2.738 1.0881 19.9
F 141 200 2.4751 1.0117 35.3
F 141 300 2.374 0.9982 50.8
F 141 400 2.2719 1.1115 66.1
F 141 500 2.0825 0.9484 81.4
F 141 600 2.0196 0.9464 96.2
F 141 700 1.8366 0.9288 111.3
F 141 800 1.7002 0.9445 126.4
F 141 900 1.6454 0.9617 142.0
F 141 1000 1.666 1.242 157.7
F 141 1100 1.5565 0.9498 173.3
F 141 1200 1.5018 0.8903 188.9
F 141 1300 1.5107 0.9688 204.1
F 141 1400 1.4738 0.8891 219.9
F 141 1500 1.3812 0.965 235.3
F 141 1600 1.484 0.9339 251.0
F 141 1700 1.3955 0.8539 266.6
F 141 1800 1.399 0.8729 282.1
F 141 1900 1.3191 0.8371 297.6
done 310.7 test_nll 1.5496327195950088
