F 134 0 3.7414 0.9466 4.7
F 134 100 2.8157 1.1079 20.8
F 134 200 2.4671 0.9852 36.6
F 134 300 2.3759 0.9715 51.7
F 134 400 2.2004 1.1534 67.6
F 134 500 2.0397 0.9365 82.9
F 134 600 1.8787 0.9228 98.6
F 134 700 1.8519 0.9526 114.1
F 134 800 1.7562 1.2261 129.6
F 134 900 1.6721 0.9979 145.8
F 134 1000 1.5948 1.075 161.5
F 134 1100 1.6055 1.017 177.7
F 134 1200 1.5379 0.9384 193.4
F 134 1300 1.4738 0.9512 209.1
F 134 1400 1.5415 0.9083 225.0
F 134 1500 1.4157 0.907 240.5
F 134 1600 1.4189 0.9428 256.5
F 134 1700 1.4167 0.8886 272.7
F 134 1800 1.3901 0.9543 288.2
F 134 1900 1.353 0.9461 303.6
done 318.0 test_nll 1.5502299241534785
