F 139 0 3.7473 0.967 4.3
F 139 100 2.7115 1.0134 19.5
F 139 200 2.4384 0.9931 34.5
F 139 300 2.3483 0.9785 49.4
F 139 400 2.2401 0.9641 64.6
F 139 500 2.0313 1.0438 79.9
F 139 600 1.8793 0.9899 95.4
F 139 700 1.8307 1.0193 110.3
F 139 800 1.7504 1.0601 125.4
F 139 900 1.6368 1.0236 140.4
F 139 1000 1.6638 1.1622 155.6
F 139 1100 1.6 0.9333 170.5
F 139 1200 1.5635 0.9284 185.5
F 139 1300 1.4999 0.9343 200.4
F 139 1400 1.446 0.9486 215.3
F 139 1500 1.4449 0.9504 230.3
F 139 1600 1.3904 0.9203 245.0
F 139 1700 1.3684 0.9107 260.3
F 139 1800 1.3357 0.9079 275.2
F 139 1900 1.3686 0.9491 290.3
done 304.1 test_nll 1.5449108107793066
