F 138 0 3.7551 0.869 4.3
F 138 100 2.7379 1.1891 18.9
F 138 200 2.3995 0.9851 33.4
F 138 300 2.3258 0.9633 47.9
F 138 400 2.1505 0.9385 62.7
F 138 500 1.9953 2.8534 77.9
F 138 600 1.8444 0.9375 92.9
F 138 700 1.8084 0.9378 107.7
F 138 800 1.734 1.8631 122.3
F 138 900 1.6228 0.9358 137.2
F 138 1000 1.5537 0.9375 152.2
F 138 1100 1.5772 0.8935 167.6
F 138 1200 1.5351 0.9087 182.6
F 138 1300 1.4815 2.205 197.9
F 138 1400 1.3916 0.9206 212.7
F 138 1500 1.3957 0.858 228.2
F 138 1600 1.3699 0.9208 243.1
F 138 1700 1.3708 0.9637 258.1
F 138 1800 1.3143 0.8689 273.3
F 138 1900 1.3246 0.9284 288.4
done 301.6 test_nll 1.5345254393948686
