F 132 0 3.7401 0.9027 4.5
F 132 100 2.6815 1.0034 20.3
F 132 200 2.4228 0.9686 35.8
F 132 300 2.3472 0.9377 51.2
F 132 400 2.1443 1.0005 66.6
F 132 500 2.1046 0.9553 82.4
F 132 600 1.9326 1.7419 97.8
F 132 700 1.8163 1.0287 113.1
F 132 800 1.7743 0.9046 128.6
F 132 900 1.7093 0.9021 143.9
F 132 1000 1.6261 0.8719 159.3
F 132 1100 1.5748 0.8931 174.4
F 132 1200 1.6078 1.0354 189.3
F 132 1300 1.5294 0.924 204.2
F 132 1400 1.4797 0.909 219.0
F 132 1500 1.4712 0.8952 234.5
F 132 1600 1.3963 0.9246 249.5
F 132 1700 1.4087 0.9153 264.8
F 132 1800 1.3596 0.8702 279.8
F 132 1900 1.4227 0.8836 295.1
done 308.7 test_nll 1.5538178688240007
