F 136 0 3.75 0.9966 4.2
F 136 100 2.7685 0.9917 20.0
F 136 200 2.4391 1.1483 35.4
F 136 300 2.295 0.999 50.7
F 136 400 2.0681 0.934 65.9
F 136 500 1.9463 0.9784 81.5
F 136 600 1.8721 1.1901 96.7
F 136 700 1.8179 0.9851 111.8
F 136 800 1.7509 0.9003 126.8
F 136 900 1.6923 0.9155 141.9
F 136 1000 1.6171 0.9166 157.5
F 136 1100 1.5106 0.9118 172.9
F 136 1200 1.5361 0.9001 188.4
F 136 1300 1.4426 0.9419 204.0
F 136 1400 1.4092 0.8895 219.2
F 136 1500 1.393 0.9032 234.7
F 136 1600 1.3765 0.9512 250.1
F 136 1700 1.3649 0.8895 265.0
F 136 1800 1.3678 0.9286 280.0
F 136 1900 1.4179 0.921 294.8
done 308.9 test_nll 1.5253271531262123
