F 133 0 3.7605 0.9799 4.4
F 133 100 2.7874 1.1755 19.4
F 133 200 2.4573 0.9257 34.2
F 133 300 2.3436 0.9863 49.2
F 133 400 2.2233 1.05 64.5
F 133 500 2.1475 0.9634 80.1
F 133 600 1.9361 0.9305 95.4
F 133 700 1.8414 0.9241 110.5
F 133 800 1.7771 0.9399 125.9
F 133 900 1.6584 0.946 141.1
F 133 1000 1.6791 0.8504 156.5
F 133 1100 1.5857 0.8673 171.6
F 133 1200 1.5336 0.9292 187.4
F 133 1300 1.4679 0.9311 202.4
F 133 1400 1.4308 1.0129 217.5
F 133 1500 1.3888 0.9182 232.9
F 133 1600 1.3758 0.8913 248.0
F 133 1700 1.3987 0.8752 263.3
F 133 1800 1.3568 0.9046 278.7
F 133 1900 1.3999 0.9154 293.4
done 307.8 test_nll 1.533155367959113
