F 130 0 3.7392 0.9424 4.1
F 130 100 2.733 3.2193 19.4
F 130 200 2.4509 0.9662 34.8
F 130 300 2.3869 0.9439 50.2
F 130 400 2.1947 0.9713 65.5
F 130 500 2.098 0.9276 81.1
F 130 600 1.9311 0.9732 96.2
F 130 700 1.8066 0.9569 111.8
F 130 800 1.7555 1.1646 127.0
F 130 900 1.6677 0.979 141.9
F 130 1000 1.632 0.9357 157.5
F 130 1100 1.6073 0.958 172.6
F 130 1200 1.5758 0.9106 187.6
F 130 1300 1.5046 0.9211 202.3
F 130 1400 1.4982 0.9134 217.3
F 130 1500 1.4385 0.9425 232.8
F 130 1600 1.4097 0.8837 247.8
F 130 1700 1.3451 0.8792 262.9
F 130 1800 1.3942 0.8534 277.8
F 130 1900 1.3606 0.9188 293.0
done 306.6 test_nll 1.5501428130184283
