F 131 0 3.7545 0.9257 4.4
F 131 100 2.7769 1.0064 19.4
F 131 200 2.5023 1.0512 34.7
F 131 300 2.3654 0.9633 50.0
F 131 400 2.2265 0.978 65.1
F 131 500 2.0559 1.1338 80.4
F 131 600 1.8637 1.03 95.2
F 131 700 1.8042 0.9092 110.5
F 131 800 1.7636 0.9404 125.2
F 131 900 1.6646 0.9474 140.0
F 131 1000 1.6473 0.9401 155.1
F 131 1100 1.5498 0.8744 170.1
F 131 1200 1.5343 0.8835 185.0
F 131 1300 1.4954 0.9168 200.2
F 131 1400 1.4853 0.9136 215.2
F 131 1500 1.4337 0.8549 229.9
F 131 1600 1.3915 0.9094 244.9
F 131 1700 1.3693 0.9316 259.8
F 131 1800 1.3744 0.9367 274.7
F 131 1900 1.3575 0.9438 289.7
done 304.7 test_nll 1.5441411287646583
