F 137 0 3.7539 0.8963 4.5
F 137 100 2.7136 1.3023 21.2
F 137 200 2.5117 0.9719 37.8
F 137 300 2.3714 0.9787 54.1
F 137 400 2.233 0.9002 70.0
F 137 500 1.9979 1.1703 86.4
F 137 600 2.0301 1.0464 102.2
F 137 700 1.8514 0.9814 118.3
F 137 800 1.7744 0.9706 134.2
F 137 900 1.753 0.9286 150.1
F 137 1000 1.6959 0.9461 166.3
F 137 1100 1.5773 0.9476 182.6
F 137 1200 1.5732 0.9577 198.5
F 137 1300 1.4937 0.9317 214.4
F 137 1400 1.4661 0.9186 230.3
F 137 1500 1.4533 0.9128 246.1
F 137 1600 1.4337 0.8929 262.2
F 137 1700 1.38 0.9276 277.9
F 137 1800 1.3979 0.8272 294.0
F 137 1900 1.4228 0.9092 309.7
done 323.9 test_nll 1.5609478673037227
