M 137 0 3.7539 1.0383 3.5
M 137 100 2.7502 1.1758 15.3
M 137 200 2.4806 0.9672 27.4
M 137 300 2.3656 0.9444 39.3
M 137 400 2.1482 1.0857 50.9
M 137 500 1.9857 1.0733 62.7
M 137 600 1.9752 1.1222 74.5
M 137 700 1.8333 0.9073 86.1
M 137 800 1.7448 1.0426 97.8
M 137 900 1.6592 0.8732 109.6
M 137 1000 1.6731 0.9658 121.4
M 137 1100 1.5404 0.8782 133.0
M 137 1200 1.5386 0.8738 144.8
M 137 1300 1.4981 0.8317 156.7
M 137 1400 1.4574 0.8342 168.5
M 137 1500 1.4452 0.8461 180.6
M 137 1600 1.413 0.8306 192.3
M 137 1700 1.3811 0.8443 204.2
M 137 1800 1.397 0.7914 216.3
M 137 1900 1.4069 0.8266 228.2
done 239.6 test_nll 1.553303161692833
