M 136 0 3.75 1.0384 3.2
M 136 100 2.7564 1.0124 14.4
M 136 200 2.4278 0.9163 25.7
M 136 300 2.2914 0.9323 37.2
M 136 400 2.0699 0.8843 48.6
M 136 500 1.9382 0.9254 60.1
M 136 600 1.8293 1.0765 71.5
M 136 700 1.8124 0.8809 82.8
M 136 800 1.7271 0.8581 94.3
M 136 900 1.6463 0.9311 105.5
M 136 1000 1.6124 0.8656 117.4
M 136 1100 1.5127 0.8443 129.1
M 136 1200 1.5478 0.8296 140.5
M 136 1300 1.429 0.8593 152.2
M 136 1400 1.4131 0.8384 163.5
M 136 1500 1.3987 0.8396 175.3
M 136 1600 1.3921 0.8753 187.0
M 136 1700 1.3795 0.8159 198.3
M 136 1800 1.3833 0.8459 209.7
M 136 1900 1.4324 0.8632 221.1
done 232.6 test_nll 1.5321495692798914
