M 132 0 3.7401 1.0246 3.4
M 132 100 2.6917 1.0679 14.9
M 132 200 2.4253 0.929 26.0
M 132 300 2.3514 1.4711 37.5
M 132 400 2.1464 1.0508 49.0
M 132 500 2.1102 0.9414 60.7
M 132 600 1.9159 1.243 72.1
M 132 700 1.7582 0.8775 83.4
M 132 800 1.7086 0.8364 94.7
M 132 900 1.6801 0.8679 105.8
M 132 1000 1.5889 0.8302 117.4
M 132 1100 1.5578 0.8302 129.1
M 132 1200 1.5487 0.8613 140.3
M 132 1300 1.4791 0.8428 151.7
M 132 1400 1.4431 0.8283 163.4
M 132 1500 1.4354 0.8395 175.1
M 132 1600 1.3629 0.8478 186.8
M 132 1700 1.3705 0.8554 198.6
M 132 1800 1.3369 0.8456 210.1
M 132 1900 1.3951 0.8362 221.8
done 232.9 test_nll 1.5384992249418563
