M 134 0 3.7414 1.0308 3.4
M 134 100 2.7614 1.1648 15.0
M 134 200 2.469 1.1 26.7
M 134 300 2.3578 0.936 38.2
M 134 400 2.2597 1.2107 49.6
M 134 500 2.1269 1.167 61.4
M 134 600 1.9362 0.8912 73.1
M 134 700 1.8744 4.004 84.4
M 134 800 1.7988 0.888 95.9
M 134 900 1.7142 0.9004 107.6
M 134 1000 1.6306 0.9001 119.1
M 134 1100 1.6147 0.8721 130.7
M 134 1200 1.5805 0.8687 142.4
M 134 1300 1.5342 0.8746 154.3
M 134 1400 1.5933 0.8401 165.8
M 134 1500 1.4764 0.8486 177.8
M 134 1600 1.4778 0.8588 189.7
M 134 1700 1.468 0.8167 201.4
M 134 1800 1.4354 0.8629 212.8
M 134 1900 1.4087 0.8789 224.4
done 236.0 test_nll 1.5661999530760775
