M 131 0 3.7545 0.9906 3.3
M 131 100 2.7525 1.0264 14.6
M 131 200 2.4378 1.0276 25.8
M 131 300 2.3227 0.9164 37.3
M 131 400 2.1522 0.9145 48.5
M 131 500 2.0092 0.9767 60.2
M 131 600 1.8569 1.0766 71.8
M 131 700 1.8091 0.8578 83.6
M 131 800 1.7581 0.8786 95.1
M 131 900 1.6477 0.8432 106.5
M 131 1000 1.6314 0.933 118.3
M 131 1100 1.5506 0.8255 129.8
M 131 1200 1.5245 0.8467 141.5
M 131 1300 1.4836 0.8437 153.2
M 131 1400 1.4732 0.8267 164.8
M 131 1500 1.4256 0.8209 176.5
M 131 1600 1.3722 0.8274 187.9
M 131 1700 1.3571 0.8434 199.7
M 131 1800 1.3783 0.845 211.4
M 131 1900 1.3579 0.8488 222.9
done 233.8 test_nll 1.5416765267981263
