M 130 0 3.7392 1.0281 3.4
M 130 100 2.6945 2.3541 14.7
M 130 200 2.4708 0.9617 26.5
M 130 300 2.3585 0.9087 38.1
M 130 400 2.1276 0.9166 49.8
M 130 500 2.06 0.928 61.5
M 130 600 1.9044 0.9202 72.7
M 130 700 1.7776 0.8938 84.0
M 130 800 1.7492 0.8802 95.5
M 130 900 1.6956 0.9097 106.8
M 130 1000 1.6524 0.8779 118.2
M 130 1100 1.6046 0.9228 129.7
M 130 1200 1.5393 0.8555 141.2
M 130 1300 1.4894 0.8357 152.7
M 130 1400 1.4876 0.8553 164.2
M 130 1500 1.4414 0.878 176.0
M 130 1600 1.4069 0.8134 187.5
M 130 1700 1.3418 0.8159 199.0
M 130 1800 1.4084 0.8094 210.9
M 130 1900 1.3703 0.8523 222.8
done 234.1 test_nll 1.5378536478036755
