M 141 0 3.7612 0.9846 3.2
M 141 100 2.7671 0.9491 14.8
M 141 200 2.4767 0.9709 26.5
M 141 300 2.3559 0.9593 38.0
M 141 400 2.2426 0.8972 49.0
M 141 500 2.0236 0.877 60.8
M 141 600 1.9365 0.9275 72.5
M 141 700 1.8047 0.8764 83.9
M 141 800 1.6838 0.9322 95.4
M 141 900 1.6617 0.8999 107.1
M 141 1000 1.6531 0.9396 119.0
M 141 1100 1.5398 0.8201 130.8
M 141 1200 1.4575 0.8196 142.6
M 141 1300 1.4747 0.8657 154.4
M 141 1400 1.4464 0.821 166.1
M 141 1500 1.3583 0.8585 177.9
M 141 1600 1.4659 0.8385 189.4
M 141 1700 1.3701 0.7859 200.9
M 141 1800 1.3667 0.8048 212.4
M 141 1900 1.3053 0.7685 224.2
done 235.6 test_nll 1.5522063871978509
