M 135 0 3.7407 1.0599 3.2
M 135 100 2.765 0.995 14.7
M 135 200 2.4518 0.9358 26.1
M 135 300 2.3275 1.0057 37.2
M 135 400 2.2048 0.8884 48.3
M 135 500 2.0595 0.9084 59.8
M 135 600 1.9072 0.9353 71.0
M 135 700 1.813 0.8523 82.7
M 135 800 1.7436 0.8673 94.1
M 135 900 1.7089 0.9548 105.8
M 135 1000 1.6045 0.8846 117.6
M 135 1100 1.566 0.8831 128.9
M 135 1200 1.5029 0.8655 140.3
M 135 1300 1.4738 0.8875 151.9
M 135 1400 1.4251 0.8466 163.4
M 135 1500 1.4569 0.8433 175.1
M 135 1600 1.4258 0.8377 186.3
M 135 1700 1.4174 0.8642 197.4
M 135 1800 1.3656 0.8647 208.7
M 135 1900 1.3907 0.858 219.9
done 231.1 test_nll 1.53428258971975
