M 133 0 3.7605 1.025 3.6
M 133 100 2.7839 2.6995 14.8
M 133 200 2.4449 0.9382 26.3
M 133 300 2.3575 0.9607 37.8
M 133 400 2.2449 0.9915 49.2
M 133 500 2.1565 0.8964 60.9
M 133 600 1.9207 0.897 72.3
M 133 700 1.8748 0.8954 83.8
M 133 800 1.8048 0.8741 95.3
M 133 900 1.6289 0.8627 106.8
M 133 1000 1.6517 0.81 118.7
M 133 1100 1.5513 0.8407 130.4
M 133 1200 1.5281 0.8579 141.8
M 133 1300 1.4799 0.8701 153.4
M 133 1400 1.425 0.8288 165.4
M 133 1500 1.3794 0.8777 177.3
M 133 1600 1.389 0.8318 188.8
M 133 1700 1.4093 1.5289 200.2
M 133 1800 1.3558 0.8494 212.1
M 133 1900 1.3966 0.857 223.8
done 235.7 test_nll 1.5465123478396348
