M 140 0 3.7496 0.987 3.4
M 140 100 2.758 1.0782 14.6
M 140 200 2.4962 0.9365 25.6
M 140 300 2.3536 1.0489 37.0
M 140 400 2.2591 0.9139 48.2
M 140 500 2.0933 0.9483 59.8
M 140 600 1.9794 0.9358 71.1
M 140 700 1.8543 0.8972 82.4
M 140 800 1.7641 0.9451 93.8
M 140 900 1.6777 0.9166 105.2
M 140 1000 1.6411 0.9026 116.6
M 140 1100 1.5959 0.8922 127.7
M 140 1200 1.5262 0.8325 138.9
M 140 1300 1.5118 0.8937 150.7
M 140 1400 1.5172 0.914 162.3
M 140 1500 1.4321 0.8329 173.7
M 140 1600 1.4452 0.8204 184.7
M 140 1700 1.4164 0.8771 195.9
M 140 1800 1.4013 0.8686 207.3
M 140 1900 1.3687 0.838 218.3
done 229.0 test_nll 1.5461778625707123
