M 138 0 3.7551 0.9892 3.5
M 138 100 2.7544 1.002 14.8
M 138 200 2.4041 0.9634 26.5
M 138 300 2.3495 0.9256 38.0
M 138 400 2.1918 0.9151 49.5
M 138 500 2.0213 1.3066 61.2
M 138 600 1.8675 0.982 72.6
M 138 700 1.8255 0.8963 84.0
M 138 800 1.7671 1.4367 95.5
M 138 900 1.625 0.8721 106.9
M 138 1000 1.5821 0.8702 118.3
M 138 1100 1.5999 0.8342 129.7
M 138 1200 1.5588 0.859 141.0
M 138 1300 1.5215 1.4154 152.5
M 138 1400 1.4278 0.8471 164.0
M 138 1500 1.4214 0.7979 175.6
M 138 1600 1.4109 0.8467 187.0
M 138 1700 1.4139 0.8759 198.3
M 138 1800 1.3418 0.7913 209.7
M 138 1900 1.3639 0.8515 221.3
done 231.6 test_nll 1.540542682974346
