M 139 0 3.7473 1.0462 3.2
M 139 100 2.7285 1.0547 14.7
M 139 200 2.4385 0.9988 26.2
M 139 300 2.3691 1.0517 37.9
M 139 400 2.2484 1.0482 49.8
M 139 500 2.0576 0.9483 61.6
M 139 600 1.8864 0.9032 73.4
M 139 700 1.8548 1.5129 85.3
M 139 800 1.7414 1.0347 97.0
M 139 900 1.6367 0.8754 108.4
M 139 1000 1.6506 1.0619 120.3
M 139 1100 1.579 0.8551 132.0
M 139 1200 1.5403 0.8356 143.5
M 139 1300 1.4921 0.9455 155.3
M 139 1400 1.4588 0.8599 167.1
M 139 1500 1.4573 0.8454 179.0
M 139 1600 1.4037 0.8294 190.6
M 139 1700 1.3674 0.8357 202.4
M 139 1800 1.3454 0.8284 214.2
M 139 1900 1.3838 0.8557 225.7
done 236.9 test_nll 1.5522244839622281
