N 133 0 3.7605 1.0005 4.6
N 133 100 2.5534 1.0007 20.1
N 133 200 2.3064 1.0007 35.0
N 133 300 2.0901 1.0006 50.0
N 133 400 1.9117 1.0005 65.3
N 133 500 1.8717 1.0005 80.3
N 133 600 1.7351 1.0005 95.1
N 133 700 1.7014 1.0005 109.7
N 133 800 1.6345 1.0005 124.4
N 133 900 1.5372 1.0005 139.4
N 133 1000 1.587 1.0005 154.0
N 133 1100 1.5022 1.0006 168.9
N 133 1200 1.4836 1.0006 183.9
N 133 1300 1.4317 1.0006 198.8
N 133 1400 1.3878 1.0004 213.8
N 133 1500 1.3654 1.0005 228.5
N 133 1600 1.3577 1.0005 243.2
N 133 1700 1.3877 1.0005 258.2
N 133 1800 1.36 1.0005 272.7
N 133 1900 1.4155 1.0005 287.7
done 302.2 test_nll 1.5544454268645647
