N 141 0 3.7612 1.0005 4.4
N 141 100 2.5086 1.0006 19.4
N 141 200 2.3483 1.0006 34.8
N 141 300 2.1576 1.0007 50.0
N 141 400 1.9877 1.0005 65.4
N 141 500 1.8804 1.0006 80.9
N 141 600 1.823 1.0005 95.9
N 141 700 1.6806 1.0005 111.4
N 141 800 1.5882 1.0006 127.0
N 141 900 1.5823 1.0005 142.0
N 141 1000 1.5867 1.0005 156.9
N 141 1100 1.5087 1.0004 171.9
N 141 1200 1.4441 1.0005 187.4
N 141 1300 1.4561 1.0005 202.9
N 141 1400 1.4271 1.0005 218.0
N 141 1500 1.3606 1.0005 233.4
N 141 1600 1.4674 1.0005 248.2
N 141 1700 1.3808 1.0005 263.0
N 141 1800 1.3893 1.0005 278.0
N 141 1900 1.3082 1.0005 292.8
done 307.9 test_nll 1.5642260824600718
