N 139 0 3.7473 1.0005 4.3
N 139 100 2.5091 1.0006 19.1
N 139 200 2.3306 1.0007 34.3
N 139 300 2.0998 1.0006 49.7
N 139 400 2.0137 1.0005 64.9
N 139 500 1.8276 1.0006 79.9
N 139 600 1.7286 1.0006 94.6
N 139 700 1.6989 1.0006 109.8
N 139 800 1.6404 1.0005 124.5
N 139 900 1.5659 1.0006 139.2
N 139 1000 1.5459 1.0006 154.0
N 139 1100 1.5384 1.0005 168.9
N 139 1200 1.4989 1.0004 183.6
N 139 1300 1.4363 1.0005 198.1
N 139 1400 1.4183 1.0005 212.8
N 139 1500 1.4243 1.0006 227.4
N 139 1600 1.3614 1.0005 242.4
N 139 1700 1.3649 1.0004 257.3
N 139 1800 1.3232 1.0004 272.0
N 139 1900 1.3539 1.0005 286.8
done 301.7 test_nll 1.5559429494265693
