N 131 0 3.7545 1.0004 4.4
N 131 100 2.5517 1.0006 19.3
N 131 200 2.3133 1.0007 34.4
N 131 300 2.1062 1.0006 49.2
N 131 400 1.9682 1.0005 64.1
N 131 500 1.8344 1.0006 78.9
N 131 600 1.7133 1.0006 94.2
N 131 700 1.6997 1.0006 109.0
N 131 800 1.6426 1.0005 123.8
N 131 900 1.5685 1.0006 138.4
N 131 1000 1.5423 1.0006 153.9
N 131 1100 1.4784 1.0006 168.9
N 131 1200 1.459 1.0005 183.9
N 131 1300 1.4435 1.0005 199.0
N 131 1400 1.4312 1.0006 214.2
N 131 1500 1.4081 1.0005 229.7
N 131 1600 1.3455 1.0005 244.9
N 131 1700 1.3434 1.0006 260.2
N 131 1800 1.3655 1.0004 275.3
N 131 1900 1.3526 1.0005 290.5
done 305.7 test_nll 1.5509890978296021
