N 130 0 3.7392 1.0005 4.7
N 130 100 2.5298 1.0005 20.0
N 130 200 2.3232 1.0007 34.6
N 130 300 2.1649 1.0006 50.0
N 130 400 1.9106 1.0006 65.4
N 130 500 1.8611 1.0006 81.3
N 130 600 1.7673 1.0006 96.3
N 130 700 1.6911 1.0006 111.7
N 130 800 1.6408 1.0005 126.7
N 130 900 1.5673 1.0005 141.2
N 130 1000 1.5786 1.0006 156.5
N 130 1100 1.5303 1.0006 171.4
N 130 1200 1.496 1.0004 186.5
N 130 1300 1.4506 1.0005 201.4
N 130 1400 1.4541 1.0004 216.2
N 130 1500 1.4031 1.0006 231.3
N 130 1600 1.3944 1.0005 246.2
N 130 1700 1.3283 1.0005 261.0
N 130 1800 1.389 1.0005 275.9
N 130 1900 1.3551 1.0005 291.3
done 306.3 test_nll 1.5422667871880065
