N 135 0 3.7407 1.0005 4.6
N 135 100 2.5228 1.0006 20.0
N 135 200 2.3048 1.0007 35.5
N 135 300 2.0331 1.0005 51.0
N 135 400 1.9481 1.0006 66.2
N 135 500 1.8456 1.0006 82.2
N 135 600 1.74 1.0005 97.1
N 135 700 1.6615 1.0006 112.3
N 135 800 1.6296 1.0005 127.9
N 135 900 1.6132 1.0006 143.4
N 135 1000 1.4963 1.0005 158.3
N 135 1100 1.4794 1.0004 173.6
N 135 1200 1.4368 1.0006 188.7
N 135 1300 1.4387 1.0005 204.1
N 135 1400 1.3993 1.0005 219.3
N 135 1500 1.4285 1.0006 234.7
N 135 1600 1.4065 1.0005 249.9
N 135 1700 1.4272 1.0005 265.0
N 135 1800 1.3522 1.0004 280.2
N 135 1900 1.387 1.0005 295.5
done 310.9 test_nll 1.5545944110908372
