N 136 0 3.75 1.0004 4.4
N 136 100 2.5263 1.0006 19.4
N 136 200 2.3357 1.0007 34.2
N 136 300 2.0764 1.0006 49.1
N 136 400 1.8754 1.0005 63.8
N 136 500 1.7829 1.0006 78.6
N 136 600 1.7423 1.0005 93.9
N 136 700 1.6963 1.0006 109.0
N 136 800 1.6436 1.0006 123.7
N 136 900 1.5994 1.0006 138.1
N 136 1000 1.5893 1.0006 152.8
N 136 1100 1.4672 1.0005 167.9
N 136 1200 1.5188 1.0005 182.7
N 136 1300 1.4147 1.0005 197.6
N 136 1400 1.4048 1.0005 212.9
N 136 1500 1.4141 1.0005 228.4
N 136 1600 1.395 1.0005 243.8
N 136 1700 1.3812 1.0005 259.1
N 136 1800 1.3861 1.0006 274.9
N 136 1900 1.4452 1.0005 290.5
done 305.9 test_nll 1.558847616474328
