N 132 0 3.7401 1.0005 4.3
N 132 100 2.5195 1.0006 19.1
N 132 200 2.2776 1.0007 34.1
N 132 300 2.11 1.0006 49.3
N 132 400 1.8808 1.0005 64.1
N 132 500 1.8519 1.0005 79.7
N 132 600 1.7678 1.0005 94.8
N 132 700 1.647 1.0006 110.1
N 132 800 1.642 1.0006 125.3
N 132 900 1.6021 1.0005 140.6
N 132 1000 1.547 1.0004 157.0
N 132 1100 1.4952 1.0005 172.4
N 132 1200 1.5261 1.0005 187.8
N 132 1300 1.4457 1.0005 203.0
N 132 1400 1.4196 1.0006 218.7
N 132 1500 1.4301 1.0005 234.6
N 132 1600 1.3481 1.0005 250.0
N 132 1700 1.3883 1.0005 265.4
N 132 1800 1.3314 1.0005 281.0
N 132 1900 1.3975 1.0005 296.1
done 311.1 test_nll 1.5479703543706824
