N 137 0 3.7539 1.0006 4.6
N 137 100 2.5084 1.0006 19.8
N 137 200 2.2965 1.0007 35.0
N 137 300 2.1024 1.0007 50.1
N 137 400 1.924 1.0006 64.9
N 137 500 1.7862 1.0006 79.9
N 137 600 1.801 1.0005 95.4
N 137 700 1.7156 1.0005 110.2
N 137 800 1.6679 1.0006 125.3
N 137 900 1.6122 1.0005 141.0
N 137 1000 1.605 1.0005 156.8
N 137 1100 1.4928 1.0006 172.5
N 137 1200 1.476 1.0005 188.0
N 137 1300 1.4565 1.0005 203.2
N 137 1400 1.4223 1.0004 219.0
N 137 1500 1.4192 1.0005 234.4
N 137 1600 1.39 1.0005 249.8
N 137 1700 1.3679 1.0004 264.9
N 137 1800 1.3853 1.0005 280.2
N 137 1900 1.4004 1.0005 295.9
done 311.5 test_nll 1.5438904549161296
