N 140 0 3.7496 1.0004 4.4
N 140 100 2.5131 1.0006 19.7
N 140 200 2.3532 1.0007 35.1
N 140 300 2.0896 1.0006 50.2
N 140 400 1.9906 1.0006 65.4
N 140 500 1.851 1.0006 80.9
N 140 600 1.7446 1.0006 95.9
N 140 700 1.7083 1.0006 111.5
N 140 800 1.5906 1.0005 126.9
N 140 900 1.5741 1.0004 142.4
N 140 1000 1.5405 1.0005 157.9
N 140 1100 1.4998 1.0005 173.1
N 140 1200 1.466 1.0006 188.6
N 140 1300 1.4288 1.0006 203.8
N 140 1400 1.4772 1.0005 219.4
N 140 1500 1.3749 1.0006 235.2
N 140 1600 1.4015 1.0005 250.5
N 140 1700 1.3785 1.0005 265.6
N 140 1800 1.3832 1.0005 280.4
N 140 1900 1.3292 1.0005 295.5
done 309.6 test_nll 1.549649429770333
