N 138 0 3.7551 1.0005 4.7
N 138 100 2.5101 1.0006 20.0
N 138 200 2.3056 1.0007 35.2
N 138 300 2.088 1.0006 50.8
N 138 400 1.9489 1.0005 65.7
N 138 500 1.7881 1.0005 81.2
N 138 600 1.6748 1.0006 96.6
N 138 700 1.6722 1.0005 112.1
N 138 800 1.6281 1.0006 127.2
N 138 900 1.515 1.0007 142.2
N 138 1000 1.4794 1.0005 158.1
N 138 1100 1.4811 1.0005 173.5
N 138 1200 1.4557 1.0005 188.9
N 138 1300 1.4371 1.0006 203.7
N 138 1400 1.3666 1.0005 218.8
N 138 1500 1.3731 1.0005 234.1
N 138 1600 1.366 1.0004 249.0
N 138 1700 1.3715 1.0005 263.9
N 138 1800 1.3002 1.0005 278.7
N 138 1900 1.3245 1.0005 293.8
done 308.1 test_nll 1.5337964701163977
