N 134 0 3.7414 1.0005 4.7
N 134 100 2.5375 1.0006 20.0
N 134 200 2.3221 1.0006 35.7
N 134 300 2.1257 1.0007 51.7
N 134 400 2.0092 1.0006 67.1
N 134 500 1.8686 1.0006 82.9
N 134 600 1.7213 1.0006 98.1
N 134 700 1.6768 1.0006 113.2
N 134 800 1.6407 1.0006 128.3
N 134 900 1.5543 1.0005 143.3
N 134 1000 1.4659 1.0006 158.8
N 134 1100 1.5119 1.0005 173.9
N 134 1200 1.4413 1.0005 188.9
N 134 1300 1.4021 1.0005 203.8
N 134 1400 1.4842 1.0005 219.0
N 134 1500 1.3455 1.0005 234.5
N 134 1600 1.3788 1.0004 249.6
N 134 1700 1.3647 1.0004 264.8
N 134 1800 1.3492 1.0006 280.0
N 134 1900 1.317 1.0005 295.6
done 311.1 test_nll 1.5412941580939952
