P 134 0 3.7414 0.9783 4.7
P 134 100 2.6953 1.0302 20.2
P 134 200 2.5005 1.0131 35.7
P 134 300 2.3796 0.9667 51.2
P 134 400 2.3018 1.2483 66.4
P 134 500 2.0955 0.9689 82.1
P 134 600 1.9459 0.9388 97.6
P 134 700 1.8496 2.2121 113.0
P 134 800 1.797 0.9748 128.7
P 134 900 1.6731 1.0117 144.7
P 134 1000 1.6159 0.9358 161.0
P 134 1100 1.6164 0.8994 176.6
P 134 1200 1.56 0.9291 192.5
P 134 1300 1.4953 0.9143 208.4
P 134 1400 1.5591 0.9041 224.2
P 134 1500 1.4398 0.9065 239.9
P 134 1600 1.44 0.9285 255.4
P 134 1700 1.4318 0.8857 271.4
P 134 1800 1.3924 0.8994 286.9
P 134 1900 1.3715 0.9342 302.5
done 317.3 test_nll 1.550638830364566
