P 132 0 3.7401 0.9067 4.5
P 132 100 2.7101 1.0049 19.5
P 132 200 2.4142 0.9323 34.7
P 132 300 2.4195 1.2881 49.8
P 132 400 2.1728 1.2522 65.1
P 132 500 2.0861 0.9525 80.5
P 132 600 1.9641 1.0037 95.4
P 132 700 1.7719 0.9648 110.5
P 132 800 1.7565 0.8853 125.5
P 132 900 1.7554 0.9279 140.4
P 132 1000 1.6472 0.8966 156.2
P 132 1100 1.5754 0.9199 171.3
P 132 1200 1.5884 0.8828 186.2
P 132 1300 1.5115 0.8884 201.4
P 132 1400 1.4777 0.8725 217.0
P 132 1500 1.4637 0.839 232.5
P 132 1600 1.3811 0.9126 247.2
P 132 1700 1.3943 0.908 262.2
P 132 1800 1.3553 0.9124 277.2
P 132 1900 1.413 0.9065 292.2
done 307.3 test_nll 1.5506937937246346
