P 133 0 3.7605 0.9719 4.5
P 133 100 2.8363 1.2911 19.3
P 133 200 2.4694 1.0704 34.1
P 133 300 2.3742 0.9936 48.9
P 133 400 2.2558 1.158 63.9
P 133 500 2.1504 0.9433 79.5
P 133 600 1.9558 0.9248 94.9
P 133 700 1.9291 0.9189 110.0
P 133 800 1.7784 0.8966 124.9
P 133 900 1.6458 0.9259 140.2
P 133 1000 1.6726 1.0915 155.9
P 133 1100 1.589 1.6245 171.3
P 133 1200 1.548 0.8606 186.8
P 133 1300 1.5059 0.8609 201.8
P 133 1400 1.4481 0.8465 216.8
P 133 1500 1.4266 0.9326 231.8
P 133 1600 1.3947 0.8745 247.1
P 133 1700 1.4438 0.9295 262.4
P 133 1800 1.3922 0.8589 277.5
P 133 1900 1.4314 0.9326 292.3
done 307.0 test_nll 1.54313985912655
