P 140 0 3.7496 0.9155 4.4
P 140 100 2.7473 1.0484 19.3
P 140 200 2.4991 1.0126 34.4
P 140 300 2.3287 0.9433 49.1
P 140 400 2.2463 1.0934 63.9
P 140 500 2.0806 1.0414 79.4
P 140 600 1.9701 0.9266 94.3
P 140 700 1.8867 0.9276 109.1
P 140 800 1.7511 0.9226 124.4
P 140 900 1.6946 0.9581 139.8
P 140 1000 1.643 0.9295 155.3
P 140 1100 1.6037 0.8782 170.5
P 140 1200 1.5155 0.8454 185.5
P 140 1300 1.5223 0.918 200.4
P 140 1400 1.525 0.9131 215.3
P 140 1500 1.4355 0.8767 230.4
P 140 1600 1.438 0.8628 245.6
P 140 1700 1.4196 0.9169 260.7
P 140 1800 1.4094 0.8785 275.5
P 140 1900 1.3624 0.804 290.3
done 305.4 test_nll 1.548808602561492
