P 136 0 3.75 0.9652 4.3
P 136 100 2.7405 1.2731 19.9
P 136 200 2.4471 0.9586 35.3
P 136 300 2.3433 1.6143 50.6
P 136 400 2.2127 0.926 65.5
P 136 500 1.9927 0.946 81.0
P 136 600 1.9353 1.0226 96.0
P 136 700 1.8638 1.1957 111.2
P 136 800 1.7436 1.0038 126.2
P 136 900 1.6795 1.0274 141.4
P 136 1000 1.6417 0.8912 156.6
P 136 1100 1.5276 0.8788 172.0
P 136 1200 1.5769 0.9349 187.7
P 136 1300 1.4525 0.8657 203.0
P 136 1400 1.4308 0.8946 218.2
P 136 1500 1.4184 0.8614 233.6
P 136 1600 1.4128 0.8796 248.9
P 136 1700 1.3731 0.8416 264.0
P 136 1800 1.3989 0.8876 278.6
P 136 1900 1.4366 0.9067 293.4
done 308.2 test_nll 1.5405466515888067
