P 138 0 3.7551 0.908 4.2
P 138 100 2.7368 0.9946 18.9
P 138 200 2.4251 0.9877 33.4
P 138 300 2.3552 0.9639 47.8
P 138 400 2.2546 1.3044 62.8
P 138 500 2.0638 0.9341 77.9
P 138 600 1.8956 0.9723 92.9
P 138 700 1.8398 0.9351 107.7
P 138 800 1.7437 1.5546 122.2
P 138 900 1.6779 0.9351 136.9
P 138 1000 1.5794 0.9327 151.9
P 138 1100 1.5996 0.8789 166.7
P 138 1200 1.5452 0.9804 181.5
P 138 1300 1.5361 0.8956 196.6
P 138 1400 1.4254 0.9142 211.6
P 138 1500 1.4278 0.8319 226.7
P 138 1600 1.4091 0.9158 241.4
P 138 1700 1.4087 0.9109 256.1
P 138 1800 1.339 0.8444 270.8
P 138 1900 1.3554 0.919 285.7
done 300.0 test_nll 1.5402166017949703
