P 141 0 3.7612 0.8799 4.4
P 141 100 2.756 1.2384 19.9
P 141 200 2.5559 0.9384 35.1
P 141 300 2.4009 1.142 50.3
P 141 400 2.2809 1.0318 65.4
P 141 500 2.1704 0.9628 80.6
P 141 600 2.0343 1.0071 95.3
P 141 700 1.8352 0.9106 110.6
P 141 800 1.7125 0.9434 125.7
P 141 900 1.6907 0.9723 141.3
P 141 1000 1.6948 1.2349 156.6
P 141 1100 1.6059 0.9595 172.2
P 141 1200 1.5273 0.8832 187.6
P 141 1300 1.5138 0.8976 202.8
P 141 1400 1.4784 0.8756 218.3
P 141 1500 1.3956 0.9076 233.9
P 141 1600 1.4977 0.8437 249.1
P 141 1700 1.4068 0.8419 264.4
P 141 1800 1.4022 0.8553 280.1
P 141 1900 1.3263 0.7927 295.6
done 309.6 test_nll 1.5601888596819389
