P 135 0 3.7407 0.9666 4.3
P 135 100 2.7562 1.0115 19.5
P 135 200 2.5167 1.0841 34.4
P 135 300 2.3184 0.9816 49.5
P 135 400 2.1632 0.9509 65.0
P 135 500 2.0329 1.0867 80.2
P 135 600 1.889 0.935 95.5
P 135 700 1.8044 0.9257 111.2
P 135 800 1.7328 0.905 126.4
P 135 900 1.6626 1.0851 141.5
P 135 1000 1.6216 0.9426 157.2
P 135 1100 1.5485 0.9611 172.5
P 135 1200 1.4807 0.9556 187.6
P 135 1300 1.4731 0.9528 202.9
P 135 1400 1.4282 0.8665 218.0
P 135 1500 1.4245 0.9194 233.6
P 135 1600 1.4128 0.8711 248.6
P 135 1700 1.3969 0.8619 263.0
P 135 1800 1.3553 0.9307 277.6
P 135 1900 1.3923 0.9144 292.3
done 306.9 test_nll 1.5268558702558486
