P 131 0 3.7545 0.9257 4.4
P 131 100 2.8311 1.0352 19.9
P 131 200 2.4285 1.2172 34.9
P 131 300 2.3415 0.9473 50.5
P 131 400 2.1929 0.9732 65.8
P 131 500 2.0223 1.4393 81.1
P 131 600 1.8713 1.0982 96.2
P 131 700 1.8276 0.9139 111.5
P 131 800 1.7757 1.0296 126.4
P 131 900 1.6759 0.9105 141.4
P 131 1000 1.6269 0.8875 156.5
P 131 1100 1.5345 0.8955 171.6
P 131 1200 1.5268 0.8651 186.8
P 131 1300 1.4992 0.9358 201.9
P 131 1400 1.4748 0.8437 216.9
P 131 1500 1.4234 0.9125 232.4
P 131 1600 1.3864 0.9117 247.4
P 131 1700 1.3662 0.8976 262.5
P 131 1800 1.3641 0.8951 277.5
P 131 1900 1.3488 0.9019 292.7
done 306.2 test_nll 1.550081152138095
