P 139 0 3.7473 0.9906 4.3
P 139 100 2.7559 0.9934 19.2
P 139 200 2.4625 1.372 34.1
P 139 300 2.4059 1.0282 49.2
P 139 400 2.3057 1.0008 63.9
P 139 500 2.0535 0.9683 79.1
P 139 600 1.8762 0.9588 94.3
P 139 700 1.8803 1.1489 109.0
P 139 800 1.7642 1.1569 124.2
P 139 900 1.6656 0.9493 139.1
P 139 1000 1.6344 1.2041 154.6
P 139 1100 1.601 0.9055 169.7
P 139 1200 1.5726 0.8865 184.4
P 139 1300 1.5174 0.9665 199.2
P 139 1400 1.4569 0.9303 214.0
P 139 1500 1.4515 0.9114 228.8
P 139 1600 1.3951 0.8695 243.3
P 139 1700 1.3787 0.9297 258.3
P 139 1800 1.3423 0.8615 273.5
P 139 1900 1.3785 0.949 288.5
done 302.9 test_nll 1.5458996650993426
