P 137 0 3.7539 0.9393 4.9
P 137 100 2.7219 0.988 21.4
P 137 200 2.4907 1.0453 37.7
P 137 300 2.3588 1.0589 54.0
P 137 400 2.1308 0.9365 70.2
P 137 500 1.9434 1.043 86.4
P 137 600 1.9263 0.9621 102.0
P 137 700 1.7981 0.9485 118.1
P 137 800 1.7611 0.9679 134.1
P 137 900 1.7069 0.8799 149.8
P 137 1000 1.6704 1.0009 166.0
P 137 1100 1.5607 0.9356 182.0
P 137 1200 1.5403 0.9295 198.0
P 137 1300 1.4877 0.8708 213.9
P 137 1400 1.4713 0.8812 229.5
P 137 1500 1.4251 0.89 245.5
P 137 1600 1.4011 0.8779 261.2
P 137 1700 1.3816 0.8406 276.8
P 137 1800 1.3846 0.8605 292.7
P 137 1900 1.4179 0.8532 308.2
done 322.9 test_nll 1.5426400440249075
