P 130 0 3.7392 0.9075 4.3
P 130 100 2.7262 0.9693 19.4
P 130 200 2.4715 0.9768 34.7
P 130 300 2.3871 0.9795 49.9
P 130 400 2.2163 0.9624 64.8
P 130 500 2.0984 1.012 80.4
P 130 600 1.9285 0.9302 95.5
P 130 700 1.841 0.9351 110.9
P 130 800 1.745 1.1211 126.0
P 130 900 1.6787 0.9737 140.9
P 130 1000 1.6558 0.9401 156.2
P 130 1100 1.6168 0.9642 171.3
P 130 1200 1.5463 0.9151 186.2
P 130 1300 1.4951 0.8817 200.9
P 130 1400 1.4806 0.9141 216.1
P 130 1500 1.422 0.9196 231.8
P 130 1600 1.3929 0.8594 246.8
P 130 1700 1.3366 0.8455 262.0
P 130 1800 1.3884 0.8395 276.5
P 130 1900 1.3548 0.9046 291.5
done 305.5 test_nll 1.5348893748973562
