S 140 0 3.7496 0.9001 4.4
S 140 100 2.7568 1.0063 19.8
S 140 200 2.4958 0.9952 34.7
S 140 300 2.3525 0.9469 50.0
S 140 400 2.2487 1.006 65.2
S 140 500 2.1041 0.945 80.5
S 140 600 1.9614 0.9582 95.3
S 140 700 1.9411 0.9882 110.7
S 140 800 1.7532 0.9615 125.8
S 140 900 1.7074 0.9738 141.4
S 140 1000 1.6799 0.9501 156.8
S 140 1100 1.5952 0.9414 171.8
S 140 1200 1.5503 0.925 187.0
S 140 1300 1.5291 0.947 202.4
S 140 1400 1.5292 0.9862 217.9
S 140 1500 1.4449 0.8899 233.3
S 140 1600 1.4396 0.9075 248.0
S 140 1700 1.4407 0.928 263.3
S 140 1800 1.4081 0.908 278.1
S 140 1900 1.3676 0.9108 292.8
done 308.0 test_nll 1.5473427317874398
