S 135 0 3.7407 0.9118 4.6
S 135 100 2.7484 1.0119 20.3
S 135 200 2.5317 1.0345 35.6
S 135 300 2.3619 1.0742 51.1
S 135 400 2.2461 1.2083 66.5
S 135 500 2.0709 0.9693 82.4
S 135 600 1.9206 0.9408 97.5
S 135 700 1.7802 0.9291 112.9
S 135 800 1.7126 0.9715 128.0
S 135 900 1.6777 1.0774 143.9
S 135 1000 1.6013 0.9758 159.2
S 135 1100 1.5222 0.9546 174.4
S 135 1200 1.4881 0.9463 190.0
S 135 1300 1.4614 0.9741 205.3
S 135 1400 1.4309 0.93 220.6
S 135 1500 1.4176 0.9224 235.9
S 135 1600 1.4171 0.9264 250.8
S 135 1700 1.417 0.9657 265.7
S 135 1800 1.3482 0.9382 280.8
S 135 1900 1.3829 0.9145 295.8
done 310.9 test_nll 1.5370687189856733
