S 131 0 3.7545 0.9257 4.4
S 131 100 2.765 1.0899 19.6
S 131 200 2.5109 1.183 34.7
S 131 300 2.3529 0.9465 49.6
S 131 400 2.2408 0.9798 64.2
S 131 500 2.0577 1.0056 79.1
S 131 600 1.8751 0.9363 94.1
S 131 700 1.8308 0.9183 108.9
S 131 800 1.8021 0.943 123.6
S 131 900 1.6791 0.9434 138.6
S 131 1000 1.6714 0.9104 153.7
S 131 1100 1.5639 0.8755 168.9
S 131 1200 1.5337 0.9036 183.8
S 131 1300 1.5115 0.9241 199.0
S 131 1400 1.5017 0.9227 214.2
S 131 1500 1.4416 0.8918 229.7
S 131 1600 1.3943 0.9187 244.8
S 131 1700 1.3804 0.9422 260.0
S 131 1800 1.3927 0.9459 275.6
S 131 1900 1.3607 0.9534 290.7
done 305.8 test_nll 1.5440324793657212
