S 137 0 3.7539 0.8963 4.7
S 137 100 2.7127 1.1742 19.4
S 137 200 2.4518 0.9913 34.7
S 137 300 2.3771 1.0347 49.8
S 137 400 2.1444 0.9031 64.6
S 137 500 1.9466 1.0263 79.8
S 137 600 1.9628 1.1679 94.8
S 137 700 1.7993 0.9882 109.5
S 137 800 1.7565 0.9373 124.7
S 137 900 1.7276 0.9188 139.7
S 137 1000 1.6592 0.9585 155.7
S 137 1100 1.546 0.953 171.6
S 137 1200 1.5208 0.9699 187.3
S 137 1300 1.4804 0.9292 202.6
S 137 1400 1.4541 0.9306 218.0
S 137 1500 1.4285 0.919 233.6
S 137 1600 1.3972 0.9068 248.9
S 137 1700 1.3677 0.9419 263.8
S 137 1800 1.383 0.8406 279.1
S 137 1900 1.4088 0.9226 295.1
done 310.9 test_nll 1.5375753522989646
