S 130 0 3.7392 0.9424 4.6
S 130 100 2.7235 3.3967 19.6
S 130 200 2.4358 0.9791 34.2
S 130 300 2.3788 0.9404 49.7
S 130 400 2.1813 0.9531 65.0
S 130 500 2.064 0.974 80.5
S 130 600 1.9222 0.9845 95.5
S 130 700 1.7688 0.9711 111.1
S 130 800 1.7283 1.2185 126.1
S 130 900 1.6537 0.985 140.8
S 130 1000 1.6232 0.9446 156.0
S 130 1100 1.5731 1.0225 170.5
S 130 1200 1.5444 0.9274 185.5
S 130 1300 1.4741 0.9268 200.4
S 130 1400 1.4699 0.9258 215.5
S 130 1500 1.4205 0.9538 230.9
S 130 1600 1.4029 0.8952 246.1
S 130 1700 1.3247 0.8918 261.2
S 130 1800 1.3943 0.8638 276.2
S 130 1900 1.3341 0.9303 291.6
done 306.3 test_nll 1.5346392821990087
