S 132 0 3.7401 0.9027 4.3
S 132 100 2.6836 0.9859 19.2
S 132 200 2.4267 0.9918 34.2
S 132 300 2.3958 1.0513 49.7
S 132 400 2.1427 0.9769 64.8
S 132 500 2.1107 0.9673 80.4
S 132 600 1.9267 1.5371 95.4
S 132 700 1.8145 1.0753 110.7
S 132 800 1.764 0.9567 126.0
S 132 900 1.7104 0.9441 141.5
S 132 1000 1.6118 0.906 157.6
S 132 1100 1.5887 0.8983 172.9
S 132 1200 1.6097 1.0512 188.3
S 132 1300 1.5134 0.9319 203.3
S 132 1400 1.4694 0.9191 218.4
S 132 1500 1.4631 0.9157 233.9
S 132 1600 1.3865 0.9341 249.7
S 132 1700 1.4049 0.9263 264.9
S 132 1800 1.3333 0.8677 280.4
S 132 1900 1.4278 0.8952 295.7
done 310.2 test_nll 1.5463293321604317
