S 136 0 3.75 0.9966 4.5
S 136 100 2.7613 1.0065 19.5
S 136 200 2.4336 1.4954 34.3
S 136 300 2.3058 0.957 49.1
S 136 400 2.133 0.9459 64.2
S 136 500 1.9733 0.9896 79.2
S 136 600 1.9024 1.0592 94.3
S 136 700 1.822 0.9589 109.7
S 136 800 1.7507 0.9416 124.6
S 136 900 1.6889 0.9263 139.3
S 136 1000 1.6278 0.928 154.5
S 136 1100 1.5206 0.923 169.6
S 136 1200 1.5699 0.9291 184.4
S 136 1300 1.4558 0.9513 199.3
S 136 1400 1.4144 0.8992 214.8
S 136 1500 1.4005 0.9135 230.4
S 136 1600 1.4005 0.9615 246.1
S 136 1700 1.3579 0.899 261.8
S 136 1800 1.363 0.938 277.3
S 136 1900 1.4276 0.93 291.9
done 306.5 test_nll 1.5412211782635894
