S 133 0 3.7605 0.9799 4.4
S 133 100 2.7813 1.1753 19.8
S 133 200 2.4704 0.931 34.7
S 133 300 2.3778 1.0838 49.6
S 133 400 2.2504 1.2861 64.4
S 133 500 2.1487 0.9417 79.6
S 133 600 1.9364 0.9393 94.4
S 133 700 1.8567 0.9441 109.2
S 133 800 1.7673 0.9121 123.9
S 133 900 1.6526 0.9667 138.9
S 133 1000 1.7109 0.862 153.7
S 133 1100 1.5876 0.8705 168.6
S 133 1200 1.5571 0.9388 183.2
S 133 1300 1.4772 0.9427 198.0
S 133 1400 1.4312 0.9003 212.7
S 133 1500 1.3984 0.854 227.5
S 133 1600 1.3821 0.9029 242.1
S 133 1700 1.4139 0.8872 257.3
S 133 1800 1.3605 0.9161 272.3
S 133 1900 1.4017 0.9264 287.2
done 302.1 test_nll 1.5459790277359253
