S 134 0 3.7414 0.9466 4.6
S 134 100 2.7977 1.528 19.6
S 134 200 2.4606 0.9857 35.3
S 134 300 2.4035 0.9777 51.0
S 134 400 2.1878 1.0415 66.1
S 134 500 2.027 0.976 82.0
S 134 600 1.8624 0.9486 97.5
S 134 700 1.8278 0.9635 112.8
S 134 800 1.756 1.1139 128.1
S 134 900 1.6719 0.9411 143.3
S 134 1000 1.567 0.9477 158.5
S 134 1100 1.5993 1.0175 173.8
S 134 1200 1.5143 0.9473 188.8
S 134 1300 1.4564 0.9593 203.9
S 134 1400 1.5118 0.9163 219.2
S 134 1500 1.3909 0.9147 234.7
S 134 1600 1.3951 0.95 249.9
S 134 1700 1.4008 0.8947 265.5
S 134 1800 1.3758 0.9629 280.5
S 134 1900 1.3317 0.9536 296.3
done 312.0 test_nll 1.5519608201653983
