S 141 0 3.7612 0.899 4.5
S 141 100 2.7539 1.166 19.6
S 141 200 2.473 1.0445 34.8
S 141 300 2.4207 0.9602 50.1
S 141 400 2.307 0.9386 65.4
S 141 500 2.1109 0.9277 80.7
S 141 600 2.0295 1.0188 96.4
S 141 700 1.8449 1.0229 112.0
S 141 800 1.7259 0.967 127.4
S 141 900 1.671 0.9769 142.2
S 141 1000 1.6715 1.0909 157.5
S 141 1100 1.5662 0.9533 172.4
S 141 1200 1.4899 0.9025 187.7
S 141 1300 1.5076 0.9813 203.0
S 141 1400 1.4685 0.901 218.2
S 141 1500 1.3791 0.9812 233.4
S 141 1600 1.4825 0.946 248.3
S 141 1700 1.3864 0.8681 263.2
S 141 1800 1.3945 0.8872 278.1
S 141 1900 1.3125 0.8547 293.4
done 308.0 test_nll 1.5530642538652695
