S 138 0 3.7551 0.869 4.5
S 138 100 2.7325 1.1792 20.5
S 138 200 2.4021 1.0682 36.0
S 138 300 2.3044 0.9521 50.9
S 138 400 2.1302 0.9381 65.9
S 138 500 1.9812 1.8037 81.5
S 138 600 1.8192 0.9432 96.6
S 138 700 1.8011 1.0201 111.7
S 138 800 1.7184 1.9802 126.7
S 138 900 1.6237 0.943 141.9
S 138 1000 1.5616 0.9445 157.5
S 138 1100 1.5827 0.896 173.2
S 138 1200 1.546 0.9921 188.2
S 138 1300 1.489 2.1153 203.2
S 138 1400 1.4005 0.9304 218.3
S 138 1500 1.4078 0.8681 233.8
S 138 1600 1.3886 0.9303 248.7
S 138 1700 1.3828 0.9729 264.0
S 138 1800 1.3212 0.8793 278.8
S 138 1900 1.344 0.9383 293.5
done 307.7 test_nll 1.5305114389355006
