S 139 0 3.7473 0.967 4.3
S 139 100 2.6971 1.0468 19.1
S 139 200 2.4349 0.9876 34.0
S 139 300 2.3662 0.9742 48.8
S 139 400 2.2594 0.9647 64.1
S 139 500 2.0467 0.9617 79.4
S 139 600 1.9138 0.9612 94.3
S 139 700 1.8677 1.3317 109.3
S 139 800 1.7717 1.1304 124.4
S 139 900 1.6973 0.9569 138.9
S 139 1000 1.7057 1.3293 153.9
S 139 1100 1.614 0.9348 168.5
S 139 1200 1.6 0.9361 183.6
S 139 1300 1.5084 0.9564 198.3
S 139 1400 1.4614 0.9572 213.1
S 139 1500 1.4396 0.9576 227.9
S 139 1600 1.397 0.927 242.9
S 139 1700 1.3936 0.9186 257.6
S 139 1800 1.3477 0.9147 272.5
S 139 1900 1.3888 0.9586 287.4
done 302.1 test_nll 1.5542535080671849
