A0 63 0 3.7302 0.2062 3.6
A0 63 100 2.5498 0.2115 20.4
A0 63 200 2.2897 0.1983 36.9
A0 63 300 2.1337 0.2128 53.2
A0 63 400 1.9636 0.2107 69.3
A0 63 500 1.8802 0.2089 85.9
A0 63 600 1.7333 0.2102 102.5
A0 63 700 1.682 0.2034 118.9
A0 63 800 1.6337 0.22 135.8
A0 63 900 1.6167 0.2134 152.2
A0 63 1000 1.5888 0.212 169.1
A0 63 1100 1.5471 0.2072 185.2
A0 63 1200 1.4352 0.2035 201.4
A0 63 1300 1.4949 0.2161 217.3
A0 63 1400 1.4162 0.2078 233.7
A0 63 1500 1.3701 0.2046 250.1
A0 63 1600 1.3656 0.2173 266.3
A0 63 1700 1.4044 0.2135 282.4
A0 63 1800 1.3857 0.213 298.8
A0 63 1900 1.3641 0.2135 314.7
done 330.8 test_nll 1.5504296800468262
