A0 57 0 3.7448 0.2055 3.8
A0 57 100 2.5703 0.2135 20.0
A0 57 200 2.3238 0.2073 36.6
A0 57 300 2.1407 0.2241 53.0
A0 57 400 1.9428 0.2136 69.4
A0 57 500 1.8284 0.2096 85.9
A0 57 600 1.7046 0.2027 101.8
A0 57 700 1.7155 0.2215 118.0
A0 57 800 1.6695 0.224 134.4
A0 57 900 1.5494 0.2038 150.9
A0 57 1000 1.5375 0.2144 167.2
A0 57 1100 1.5167 0.2026 183.4
A0 57 1200 1.4073 0.2053 200.1
A0 57 1300 1.4355 0.2056 216.9
A0 57 1400 1.444 0.2026 233.3
A0 57 1500 1.4266 0.2167 249.8
A0 57 1600 1.3434 0.2218 266.0
A0 57 1700 1.3658 0.2188 282.8
A0 57 1800 1.3265 0.2052 299.3
A0 57 1900 1.2958 0.2049 315.5
done 332.2 test_nll 1.5417647860874224
