A0 69 0 3.7471 0.2093 3.7
A0 69 100 2.5268 0.2004 20.1
A0 69 200 2.3164 0.2129 36.1
A0 69 300 2.1096 0.2156 52.6
A0 69 400 1.9647 0.2164 68.8
A0 69 500 1.8159 0.2118 85.1
A0 69 600 1.7652 0.2153 101.5
A0 69 700 1.6861 0.2113 117.8
A0 69 800 1.6025 0.2139 134.4
A0 69 900 1.5501 0.2128 151.3
A0 69 1000 1.5466 0.213 167.8
A0 69 1100 1.46 0.208 184.3
A0 69 1200 1.4709 0.2116 200.6
A0 69 1300 1.4747 0.2142 217.2
A0 69 1400 1.3748 0.1983 233.5
A0 69 1500 1.4259 0.2044 250.2
A0 69 1600 1.3569 0.2102 266.6
A0 69 1700 1.326 0.2064 283.4
A0 69 1800 1.3683 0.2088 300.4
A0 69 1900 1.3479 0.2127 317.5
done 333.9 test_nll 1.5436073445626364
