A0 60 0 3.7527 0.2057 3.8
A0 60 100 2.5182 0.2118 20.3
A0 60 200 2.3002 0.2051 36.6
A0 60 300 2.136 0.2117 53.1
A0 60 400 1.9688 0.2084 69.8
A0 60 500 1.7951 0.2046 86.8
A0 60 600 1.734 0.2204 103.4
A0 60 700 1.6562 0.2092 119.9
A0 60 800 1.6297 0.2152 136.8
A0 60 900 1.5458 0.2113 153.4
A0 60 1000 1.5068 0.2102 170.1
A0 60 1100 1.485 0.2094 186.6
A0 60 1200 1.4701 0.2126 203.7
A0 60 1300 1.4279 0.2051 220.6
A0 60 1400 1.3967 0.2149 237.1
A0 60 1500 1.4328 0.2194 255.0
A0 60 1600 1.3916 0.2085 271.7
A0 60 1700 1.3297 0.2074 288.2
A0 60 1800 1.3734 0.2137 304.9
A0 60 1900 1.3884 0.2219 321.4
done 337.8 test_nll 1.5431656183809968
