A0 54 0 3.7332 0.2056 3.5
A0 54 100 2.5293 0.2079 19.2
A0 54 200 2.3275 0.2101 34.9
A0 54 300 2.088 0.2172 50.6
A0 54 400 1.9692 0.2051 66.3
A0 54 500 1.8075 0.2085 82.3
A0 54 600 1.7622 0.2123 98.1
A0 54 700 1.6208 0.2173 113.6
A0 54 800 1.6532 0.2138 129.4
A0 54 900 1.5608 0.2139 144.9
A0 54 1000 1.5063 0.2071 160.9
A0 54 1100 1.4901 0.2074 176.6
A0 54 1200 1.431 0.2105 192.6
A0 54 1300 1.4646 0.215 208.3
A0 54 1400 1.4017 0.2144 224.1
A0 54 1500 1.4009 0.2135 240.0
A0 54 1600 1.3845 0.2096 255.5
A0 54 1700 1.3717 0.2119 271.2
A0 54 1800 1.3836 0.2178 287.1
A0 54 1900 1.3632 0.2027 303.0
done 319.2 test_nll 1.546934477300551
