A0 67 0 3.7422 0.2029 3.9
A0 67 100 2.557 0.2074 20.7
A0 67 200 2.3081 0.2133 37.1
A0 67 300 2.1103 0.2089 53.5
A0 67 400 1.9824 0.205 69.9
A0 67 500 1.8319 0.2039 87.5
A0 67 600 1.8109 0.2112 104.2
A0 67 700 1.7209 0.2162 121.4
A0 67 800 1.6366 0.2088 137.7
A0 67 900 1.5888 0.2059 154.1
A0 67 1000 1.5704 0.2041 170.7
A0 67 1100 1.5203 0.2067 187.4
A0 67 1200 1.4708 0.2022 204.3
A0 67 1300 1.4674 0.2035 220.9
A0 67 1400 1.4472 0.213 237.7
A0 67 1500 1.4287 0.2068 254.5
A0 67 1600 1.3429 0.2019 271.5
A0 67 1700 1.3822 0.2134 288.2
A0 67 1800 1.3768 0.2155 305.0
A0 67 1900 1.3685 0.1946 321.9
done 338.1 test_nll 1.5506066617381187
