A0 65 0 3.7546 0.208 3.7
A0 65 100 2.5412 0.2123 20.0
A0 65 200 2.3033 0.2124 36.3
A0 65 300 2.0981 0.2167 52.8
A0 65 400 1.9575 0.2123 68.9
A0 65 500 1.8427 0.2128 85.1
A0 65 600 1.7461 0.2164 101.5
A0 65 700 1.7023 0.2122 117.6
A0 65 800 1.6281 0.2154 134.1
A0 65 900 1.5833 0.2166 150.2
A0 65 1000 1.5485 0.2137 167.0
A0 65 1100 1.4898 0.2119 183.5
A0 65 1200 1.4654 0.2231 200.1
A0 65 1300 1.4467 0.2031 216.7
A0 65 1400 1.3915 0.2138 233.4
A0 65 1500 1.3614 0.2065 250.5
A0 65 1600 1.3667 0.2168 266.9
A0 65 1700 1.3766 0.2139 283.8
A0 65 1800 1.369 0.2051 300.3
A0 65 1900 1.3606 0.2088 316.9
done 333.0 test_nll 1.539948874855219
