A0 55 0 3.7292 0.2171 3.5
A0 55 100 2.5112 0.2143 19.1
A0 55 200 2.322 0.2174 34.9
A0 55 300 2.1097 0.2178 51.0
A0 55 400 1.9614 0.2133 67.0
A0 55 500 1.8251 0.2154 83.6
A0 55 600 1.7244 0.2013 99.9
A0 55 700 1.6681 0.205 116.7
A0 55 800 1.6453 0.2101 132.6
A0 55 900 1.5686 0.1947 148.7
A0 55 1000 1.6232 0.2185 164.8
A0 55 1100 1.5183 0.213 181.2
A0 55 1200 1.551 0.2206 198.0
A0 55 1300 1.4332 0.2069 214.2
A0 55 1400 1.455 0.209 230.8
A0 55 1500 1.3917 0.2049 247.8
A0 55 1600 1.3725 0.2137 264.5
A0 55 1700 1.3766 0.2027 281.1
A0 55 1800 1.4369 0.2095 297.6
A0 55 1900 1.3527 0.2107 314.5
done 330.9 test_nll 1.548171518791858
