A0 66 0 3.7654 0.2155 3.6
A0 66 100 2.524 0.2043 19.4
A0 66 200 2.3326 0.2168 35.5
A0 66 300 2.084 0.2039 51.9
A0 66 400 1.9117 0.208 68.0
A0 66 500 1.8505 0.2181 84.2
A0 66 600 1.7686 0.2129 100.4
A0 66 700 1.6681 0.218 116.8
A0 66 800 1.646 0.2116 133.3
A0 66 900 1.5898 0.2152 149.7
A0 66 1000 1.5486 0.2095 166.0
A0 66 1100 1.4952 0.2287 182.5
A0 66 1200 1.5259 0.2172 199.0
A0 66 1300 1.4424 0.2054 215.4
A0 66 1400 1.4272 0.2151 231.9
A0 66 1500 1.427 0.2085 248.4
A0 66 1600 1.3808 0.2107 265.0
A0 66 1700 1.3535 0.2099 281.3
A0 66 1800 1.3095 0.2107 297.8
A0 66 1900 1.2814 0.2096 314.2
done 330.1 test_nll 1.5456421244724174
