A0 59 0 3.7517 0.2003 3.8
A0 59 100 2.5362 0.2134 20.4
A0 59 200 2.2932 0.2128 36.6
A0 59 300 2.1299 0.2162 53.0
A0 59 400 1.9189 0.2074 69.6
A0 59 500 1.8205 0.205 86.1
A0 59 600 1.7724 0.2096 102.2
A0 59 700 1.6804 0.198 118.6
A0 59 800 1.655 0.2105 135.2
A0 59 900 1.5694 0.219 151.8
A0 59 1000 1.5258 0.2152 168.2
A0 59 1100 1.5085 0.2099 184.4
A0 59 1200 1.4742 0.2123 201.0
A0 59 1300 1.3696 0.2041 217.5
A0 59 1400 1.3958 0.2119 233.5
A0 59 1500 1.4416 0.2049 250.2
A0 59 1600 1.4497 0.2095 267.1
A0 59 1700 1.3085 0.1924 283.9
A0 59 1800 1.3748 0.2107 300.7
A0 59 1900 1.3837 0.2118 317.3
done 333.5 test_nll 1.5586312327845029
