A0 50 0 3.7371 0.2016 4.6
A0 50 100 2.5164 0.2113 21.6
A0 50 200 2.2964 0.2165 39.0
A0 50 300 2.0827 0.2011 55.8
A0 50 400 1.9488 0.2021 72.5
A0 50 500 1.8567 0.2035 89.4
A0 50 600 1.7468 0.2171 106.3
A0 50 700 1.6915 0.2073 123.2
A0 50 800 1.6592 0.2124 140.0
A0 50 900 1.6066 0.2189 156.8
A0 50 1000 1.5415 0.2127 173.7
A0 50 1100 1.4845 0.2173 190.3
A0 50 1200 1.4705 0.2113 207.6
A0 50 1300 1.4485 0.2104 225.0
A0 50 1400 1.4224 0.2079 242.1
A0 50 1500 1.3984 0.209 259.0
A0 50 1600 1.3697 0.215 276.1
A0 50 1700 1.3659 0.2108 292.4
A0 50 1800 1.3603 0.2156 309.2
A0 50 1900 1.3642 0.2143 326.1
done 342.7 test_nll 1.5528420049626779
