A0 62 0 3.741 0.2096 3.7
A0 62 100 2.5063 0.2111 20.2
A0 62 200 2.335 0.2086 36.7
A0 62 300 2.0994 0.2239 52.7
A0 62 400 1.9204 0.2061 68.9
A0 62 500 1.8477 0.205 85.3
A0 62 600 1.6908 0.2004 100.9
A0 62 700 1.6883 0.2178 117.4
A0 62 800 1.621 0.2044 133.5
A0 62 900 1.5878 0.1993 149.7
A0 62 1000 1.5711 0.2096 166.1
A0 62 1100 1.492 0.216 182.4
A0 62 1200 1.4592 0.2089 198.9
A0 62 1300 1.4394 0.2131 215.7
A0 62 1400 1.4139 0.2107 232.0
A0 62 1500 1.4017 0.1961 248.5
A0 62 1600 1.3741 0.2094 265.3
A0 62 1700 1.3222 0.209 282.3
A0 62 1800 1.3389 0.2106 299.5
A0 62 1900 1.3596 0.2107 315.9
done 332.3 test_nll 1.5421296640182705
