A0 58 0 3.742 0.2034 3.8
A0 58 100 2.5367 0.2133 20.8
A0 58 200 2.3022 0.2134 37.8
A0 58 300 2.1002 0.2208 54.4
A0 58 400 1.926 0.2039 71.2
A0 58 500 1.7956 0.2059 88.0
A0 58 600 1.7424 0.209 104.8
A0 58 700 1.6277 0.2196 121.2
A0 58 800 1.5882 0.2118 137.5
A0 58 900 1.5255 0.1995 153.9
A0 58 1000 1.5509 0.2083 171.0
A0 58 1100 1.4994 0.2169 187.7
A0 58 1200 1.462 0.2112 204.4
A0 58 1300 1.4673 0.2078 220.9
A0 58 1400 1.4272 0.2118 237.4
A0 58 1500 1.3744 0.2173 254.0
A0 58 1600 1.3578 0.2084 270.1
A0 58 1700 1.3757 0.2072 286.2
A0 58 1800 1.3986 0.2151 302.5
A0 58 1900 1.3059 0.2064 318.7
done 334.4 test_nll 1.541599824197729
