A0 51 0 3.7297 0.2185 3.7
A0 51 100 2.5313 0.2047 21.1
A0 51 200 2.3195 0.2117 38.3
A0 51 300 2.0575 0.2129 55.1
A0 51 400 1.9279 0.215 71.7
A0 51 500 1.8041 0.2068 88.5
A0 51 600 1.7079 0.2095 105.2
A0 51 700 1.6457 0.2082 121.8
A0 51 800 1.618 0.2256 138.4
A0 51 900 1.5058 0.2183 155.3
A0 51 1000 1.5363 0.1999 171.9
A0 51 1100 1.4933 0.2148 188.7
A0 51 1200 1.4231 0.2139 205.6
A0 51 1300 1.4268 0.2105 222.6
A0 51 1400 1.4193 0.2067 239.9
A0 51 1500 1.4154 0.214 257.1
A0 51 1600 1.3328 0.2103 274.5
A0 51 1700 1.347 0.2095 290.7
A0 51 1800 1.4042 0.2189 306.6
A0 51 1900 1.3114 0.2137 322.8
done 338.7 test_nll 1.5467823856924467
