A0 61 0 3.7585 0.2239 3.6
A0 61 100 2.4951 0.2045 19.9
A0 61 200 2.2942 0.2067 36.5
A0 61 300 2.1018 0.2079 53.0
A0 61 400 1.9869 0.2081 70.2
A0 61 500 1.8953 0.215 87.1
A0 61 600 1.7845 0.2066 103.9
A0 61 700 1.7317 0.2087 120.5
A0 61 800 1.6571 0.2035 137.1
A0 61 900 1.6085 0.22 153.6
A0 61 1000 1.5757 0.2148 170.1
A0 61 1100 1.5291 0.2071 186.6
A0 61 1200 1.4827 0.2107 203.0
A0 61 1300 1.5003 0.2099 219.1
A0 61 1400 1.4454 0.2138 235.2
A0 61 1500 1.3989 0.2101 251.8
A0 61 1600 1.3928 0.2161 268.4
A0 61 1700 1.3354 0.2077 285.3
A0 61 1800 1.3664 0.2129 301.7
A0 61 1900 1.3558 0.2107 318.0
done 334.3 test_nll 1.54253236282316
