A0 53 0 3.7477 0.2151 3.7
A0 53 100 2.5131 0.2007 19.6
A0 53 200 2.2831 0.2075 35.4
A0 53 300 2.1408 0.218 51.2
A0 53 400 1.9756 0.2146 67.0
A0 53 500 1.8417 0.214 82.7
A0 53 600 1.7276 0.2051 98.8
A0 53 700 1.671 0.2119 114.7
A0 53 800 1.6188 0.2105 130.6
A0 53 900 1.5402 0.2043 146.2
A0 53 1000 1.5565 0.2188 162.3
A0 53 1100 1.4739 0.2142 178.4
A0 53 1200 1.4686 0.2085 194.5
A0 53 1300 1.4246 0.2148 210.2
A0 53 1400 1.44 0.216 226.4
A0 53 1500 1.4018 0.2087 242.6
A0 53 1600 1.3943 0.2123 258.4
A0 53 1700 1.3508 0.1988 274.3
A0 53 1800 1.3763 0.213 290.2
A0 53 1900 1.3811 0.2072 305.7
done 321.3 test_nll 1.5542883726079466
