A0 56 0 3.7475 0.2101 3.8
A0 56 100 2.5019 0.2023 21.0
A0 56 200 2.3111 0.2056 38.1
A0 56 300 2.1487 0.2018 55.0
A0 56 400 1.9893 0.2114 71.8
A0 56 500 1.8565 0.2035 89.2
A0 56 600 1.7702 0.209 106.1
A0 56 700 1.6995 0.2164 122.8
A0 56 800 1.6174 0.2119 138.8
A0 56 900 1.5882 0.203 155.3
A0 56 1000 1.5553 0.2182 171.9
A0 56 1100 1.4609 0.2115 188.3
A0 56 1200 1.5031 0.2084 204.6
A0 56 1300 1.4281 0.2003 220.6
A0 56 1400 1.4228 0.2072 236.6
A0 56 1500 1.3759 0.1996 252.9
A0 56 1600 1.3368 0.2144 269.5
A0 56 1700 1.3581 0.2176 286.0
A0 56 1800 1.3778 0.2172 302.5
A0 56 1900 1.4305 0.205 319.0
done 335.6 test_nll 1.5438601861420445
