A0 64 0 3.752 0.2123 3.8
A0 64 100 2.5345 0.2113 20.1
A0 64 200 2.3255 0.2102 35.9
A0 64 300 2.14 0.2039 52.0
A0 64 400 1.9395 0.211 68.4
A0 64 500 1.8492 0.2124 84.9
A0 64 600 1.7127 0.2122 101.2
A0 64 700 1.6824 0.2115 117.9
A0 64 800 1.5877 0.2151 134.4
A0 64 900 1.5815 0.1929 151.1
A0 64 1000 1.4995 0.2034 167.7
A0 64 1100 1.5152 0.2124 183.7
A0 64 1200 1.4561 0.2172 200.2
A0 64 1300 1.4273 0.2156 216.8
A0 64 1400 1.4278 0.2062 233.3
A0 64 1500 1.3938 0.2105 249.8
A0 64 1600 1.3516 0.2138 265.8
A0 64 1700 1.3572 0.2052 282.4
A0 64 1800 1.335 0.2085 298.5
A0 64 1900 1.3589 0.2089 314.4
done 330.5 test_nll 1.5457131792235803
