A0 52 0 3.756 0.2044 3.6
A0 52 100 2.5592 0.2178 19.7
A0 52 200 2.3158 0.2146 35.5
A0 52 300 2.1026 0.2062 51.3
A0 52 400 1.9685 0.1978 67.3
A0 52 500 1.8542 0.205 83.4
A0 52 600 1.7744 0.2171 99.0
A0 52 700 1.6574 0.2161 115.0
A0 52 800 1.6168 0.2068 131.2
A0 52 900 1.5172 0.2061 147.1
A0 52 1000 1.5445 0.2151 163.3
A0 52 1100 1.4865 0.2089 179.0
A0 52 1200 1.4679 0.2152 194.9
A0 52 1300 1.4632 0.2223 210.7
A0 52 1400 1.3593 0.2085 226.2
A0 52 1500 1.4267 0.2049 242.3
A0 52 1600 1.4459 0.2022 258.1
A0 52 1700 1.4197 0.2121 274.2
A0 52 1800 1.3921 0.2033 290.2
A0 52 1900 1.37 0.2096 306.3
done 322.3 test_nll 1.547084946809054
