A0 68 0 3.7446 0.2151 3.7
A0 68 100 2.5493 0.2134 20.7
A0 68 200 2.3095 0.2163 36.9
A0 68 300 2.1127 0.2162 53.2
A0 68 400 1.9511 0.2074 69.3
A0 68 500 1.7963 0.1978 85.9
A0 68 600 1.7563 0.2005 102.0
A0 68 700 1.7032 0.2158 118.3
A0 68 800 1.6369 0.2139 134.4
A0 68 900 1.5832 0.2011 150.5
A0 68 1000 1.5877 0.2051 167.0
A0 68 1100 1.4883 0.2096 183.6
A0 68 1200 1.4777 0.2136 200.1
A0 68 1300 1.4764 0.2117 217.1
A0 68 1400 1.4491 0.2102 233.6
A0 68 1500 1.3719 0.2115 250.1
A0 68 1600 1.4439 0.2028 266.4
A0 68 1700 1.3429 0.2059 282.5
A0 68 1800 1.3591 0.2103 298.5
A0 68 1900 1.3421 0.2016 314.8
done 331.9 test_nll 1.5554827893077792
