AR 68 0 3.7446 0.2151 4.0
AR 68 100 2.6188 0.2538 20.7
AR 68 200 2.3319 0.2552 36.7
AR 68 300 2.0818 0.2543 53.0
AR 68 400 1.9185 0.2531 69.3
AR 68 500 1.7213 0.2348 85.7
AR 68 600 1.6976 0.2293 101.8
AR 68 700 1.6478 0.2228 118.4
AR 68 800 1.5757 0.2268 134.9
AR 68 900 1.5275 0.2189 151.3
AR 68 1000 1.5236 0.2105 168.2
AR 68 1100 1.409 0.211 185.0
AR 68 1200 1.418 0.2212 201.6
AR 68 1300 1.4008 0.2103 218.3
AR 68 1400 1.3704 0.2082 234.6
AR 68 1500 1.301 0.209 251.3
AR 68 1600 1.3584 0.2015 267.7
AR 68 1700 1.2779 0.2031 283.7
AR 68 1800 1.2881 0.2074 299.5
AR 68 1900 1.268 0.1986 315.7
done 332.6 test_nll 1.5199080294458223
