AR 57 0 3.7448 0.2055 3.7
AR 57 100 2.6444 0.3012 19.8
AR 57 200 2.3429 0.2852 36.1
AR 57 300 2.1506 0.273 52.5
AR 57 400 1.8965 0.2393 69.0
AR 57 500 1.7944 0.2343 85.5
AR 57 600 1.6634 0.2284 101.7
AR 57 700 1.6668 0.3352 118.0
AR 57 800 1.6186 0.2431 134.3
AR 57 900 1.5097 0.2184 150.6
AR 57 1000 1.4964 0.2184 167.3
AR 57 1100 1.4587 0.2057 183.5
AR 57 1200 1.3819 0.2052 200.1
AR 57 1300 1.3968 0.2105 216.7
AR 57 1400 1.3934 0.201 233.2
AR 57 1500 1.3856 0.2154 249.7
AR 57 1600 1.3028 0.2191 266.1
AR 57 1700 1.3148 0.216 283.0
AR 57 1800 1.2693 0.202 299.3
AR 57 1900 1.2489 0.2017 315.7
done 332.4 test_nll 1.5293060550050785
