AR 54 0 3.7332 0.2056 3.5
AR 54 100 2.6001 0.255 19.3
AR 54 200 2.3608 0.2486 34.8
AR 54 300 2.1189 0.2816 50.6
AR 54 400 1.9467 0.2833 66.4
AR 54 500 1.7876 0.2482 82.4
AR 54 600 1.7428 0.2612 97.8
AR 54 700 1.5807 0.2313 113.5
AR 54 800 1.6176 0.2614 129.4
AR 54 900 1.5232 0.2235 145.1
AR 54 1000 1.4794 0.2867 161.1
AR 54 1100 1.4225 0.2124 177.1
AR 54 1200 1.3885 0.21 193.0
AR 54 1300 1.4276 0.2429 208.7
AR 54 1400 1.3539 0.2124 224.7
AR 54 1500 1.3547 0.2111 240.6
AR 54 1600 1.3327 0.2072 256.1
AR 54 1700 1.3119 0.2091 271.5
AR 54 1800 1.325 0.215 287.2
AR 54 1900 1.3084 0.1997 302.9
done 318.9 test_nll 1.543388361285648
