AR 62 0 3.741 0.2096 3.7
AR 62 100 2.5753 0.3682 20.1
AR 62 200 2.3717 0.3121 36.2
AR 62 300 2.1046 0.3096 52.3
AR 62 400 1.885 0.2414 68.5
AR 62 500 1.8155 0.2524 84.9
AR 62 600 1.637 0.2484 101.0
AR 62 700 1.6606 0.2308 117.6
AR 62 800 1.5745 0.2973 133.4
AR 62 900 1.5495 0.2139 149.5
AR 62 1000 1.5242 0.2206 166.0
AR 62 1100 1.4454 0.2276 182.1
AR 62 1200 1.409 0.2122 198.5
AR 62 1300 1.3927 0.2116 215.1
AR 62 1400 1.3698 0.2098 231.5
AR 62 1500 1.3389 0.1936 248.4
AR 62 1600 1.3232 0.2069 265.2
AR 62 1700 1.2785 0.2062 282.0
AR 62 1800 1.2959 0.2076 298.9
AR 62 1900 1.2969 0.2076 315.6
done 331.9 test_nll 1.5251213790437324
