AR 64 0 3.752 0.2123 3.8
AR 64 100 2.6118 0.294 20.0
AR 64 200 2.3643 0.2476 36.1
AR 64 300 2.1652 0.2788 52.1
AR 64 400 1.9039 0.235 68.4
AR 64 500 1.8082 0.2791 84.8
AR 64 600 1.6664 0.2284 101.2
AR 64 700 1.6252 0.2555 118.0
AR 64 800 1.5391 0.2208 134.8
AR 64 900 1.5401 0.2229 151.1
AR 64 1000 1.4459 0.2168 167.7
AR 64 1100 1.4546 0.2301 184.0
AR 64 1200 1.4065 0.2191 200.5
AR 64 1300 1.3824 0.2171 216.8
AR 64 1400 1.3728 0.2047 233.2
AR 64 1500 1.3308 0.2077 249.8
AR 64 1600 1.282 0.2112 265.8
AR 64 1700 1.295 0.2022 282.1
AR 64 1800 1.2805 0.2057 298.3
AR 64 1900 1.2987 0.2061 314.3
done 330.2 test_nll 1.5240041906354371
