AR 51 0 3.7297 0.2185 3.8
AR 51 100 2.5976 0.2706 20.7
AR 51 200 2.3565 0.2383 37.5
AR 51 300 2.0488 0.2968 54.2
AR 51 400 1.9094 0.2568 70.6
AR 51 500 1.7476 0.2253 87.7
AR 51 600 1.6824 0.2175 104.4
AR 51 700 1.6165 0.2567 120.9
AR 51 800 1.5813 0.244 137.9
AR 51 900 1.4622 0.2414 154.7
AR 51 1000 1.5162 0.2085 171.0
AR 51 1100 1.4619 0.2176 188.1
AR 51 1200 1.3884 0.217 204.9
AR 51 1300 1.4049 0.2092 222.1
AR 51 1400 1.3799 0.2054 239.4
AR 51 1500 1.3659 0.2112 256.8
AR 51 1600 1.271 0.2076 274.2
AR 51 1700 1.3092 0.2065 290.5
AR 51 1800 1.3573 0.2192 306.8
AR 51 1900 1.2526 0.2107 322.8
done 338.9 test_nll 1.5256702290882254
