AR 55 0 3.7292 0.2171 3.6
AR 55 100 2.5872 0.2886 19.7
AR 55 200 2.3684 0.2458 35.3
AR 55 300 2.1699 0.3134 51.5
AR 55 400 1.9571 0.3061 67.6
AR 55 500 1.8242 0.2394 84.0
AR 55 600 1.6975 0.2177 100.4
AR 55 700 1.6271 0.2186 117.0
AR 55 800 1.6029 0.2184 133.3
AR 55 900 1.5311 0.2054 149.2
AR 55 1000 1.5865 0.2181 165.2
AR 55 1100 1.4885 0.2145 181.7
AR 55 1200 1.5203 0.2206 198.0
AR 55 1300 1.3963 0.2075 214.1
AR 55 1400 1.4141 0.2078 230.7
AR 55 1500 1.3651 0.2052 247.9
AR 55 1600 1.3233 0.2116 264.6
AR 55 1700 1.3368 0.2006 281.0
AR 55 1800 1.3709 0.2066 297.3
AR 55 1900 1.2851 0.2077 314.2
done 330.8 test_nll 1.541399144791737
