AR 69 0 3.7471 0.2093 3.7
AR 69 100 2.606 0.3516 20.0
AR 69 200 2.3502 0.3086 36.2
AR 69 300 2.1132 0.2481 52.6
AR 69 400 1.9475 0.2363 68.9
AR 69 500 1.7747 0.2316 85.2
AR 69 600 1.7096 0.2296 101.9
AR 69 700 1.62 0.2229 118.0
AR 69 800 1.5391 0.2314 134.5
AR 69 900 1.5129 0.2238 151.2
AR 69 1000 1.4929 0.2165 167.8
AR 69 1100 1.4216 0.2143 184.1
AR 69 1200 1.4201 0.2137 200.2
AR 69 1300 1.4104 0.2142 216.7
AR 69 1400 1.3338 0.1968 233.2
AR 69 1500 1.3969 0.2022 250.0
AR 69 1600 1.3169 0.2075 266.4
AR 69 1700 1.2989 0.2043 283.0
AR 69 1800 1.3092 0.206 299.7
AR 69 1900 1.2939 0.2097 316.4
done 333.4 test_nll 1.532931995982265
