AR 50 0 3.7371 0.2016 4.7
AR 50 100 2.5836 0.2935 21.8
AR 50 200 2.3234 0.282 38.6
AR 50 300 2.1126 0.2379 55.4
AR 50 400 1.9178 0.2293 72.0
AR 50 500 1.832 0.2281 88.8
AR 50 600 1.7175 0.2343 105.8
AR 50 700 1.6253 0.2455 122.5
AR 50 800 1.5962 0.2276 139.0
AR 50 900 1.5558 0.2228 155.7
AR 50 1000 1.5099 0.2186 172.7
AR 50 1100 1.4395 0.2182 189.0
AR 50 1200 1.4036 0.2207 206.2
AR 50 1300 1.3879 0.2093 223.4
AR 50 1400 1.3838 0.2063 240.5
AR 50 1500 1.3637 0.2065 257.6
AR 50 1600 1.3175 0.2124 274.5
AR 50 1700 1.3277 0.2078 290.9
AR 50 1800 1.3322 0.2125 307.4
AR 50 1900 1.3107 0.2151 324.2
done 341.0 test_nll 1.5329872647507217
