AR 53 0 3.7477 0.2151 3.7
AR 53 100 2.587 0.3422 19.6
AR 53 200 2.3187 0.2365 35.4
AR 53 300 2.1488 0.2653 51.7
AR 53 400 1.9245 0.2822 67.6
AR 53 500 1.7823 0.2412 83.6
AR 53 600 1.687 0.2246 99.6
AR 53 700 1.6288 0.2542 115.2
AR 53 800 1.5708 0.2217 131.0
AR 53 900 1.4778 0.2129 147.0
AR 53 1000 1.478 0.2207 162.9
AR 53 1100 1.4293 0.2326 178.9
AR 53 1200 1.4249 0.2071 194.7
AR 53 1300 1.368 0.215 210.6
AR 53 1400 1.3908 0.2144 226.8
AR 53 1500 1.3537 0.2057 242.8
AR 53 1600 1.3387 0.2095 258.4
AR 53 1700 1.3119 0.196 274.3
AR 53 1800 1.3406 0.2102 290.2
AR 53 1900 1.3147 0.204 305.8
done 321.5 test_nll 1.5354651148625396
