AR 61 0 3.7585 0.2239 3.7
AR 61 100 2.5665 0.3171 20.1
AR 61 200 2.3022 0.3191 36.6
AR 61 300 2.0572 0.2523 53.0
AR 61 400 1.9189 0.2392 70.2
AR 61 500 1.7935 0.2366 87.1
AR 61 600 1.7108 0.2809 103.8
AR 61 700 1.6395 0.248 120.4
AR 61 800 1.561 0.2241 137.4
AR 61 900 1.5162 0.2434 153.9
AR 61 1000 1.4795 0.2468 170.5
AR 61 1100 1.471 0.2111 187.2
AR 61 1200 1.3889 0.2256 204.0
AR 61 1300 1.4316 0.2112 220.3
AR 61 1400 1.3453 0.2118 236.3
AR 61 1500 1.3312 0.2077 253.2
AR 61 1600 1.337 0.2135 269.8
AR 61 1700 1.2629 0.2051 286.3
AR 61 1800 1.2862 0.2133 302.5
AR 61 1900 1.282 0.2079 318.9
done 334.9 test_nll 1.5156455448990387
