AR 67 0 3.7422 0.2029 3.6
AR 67 100 2.6208 0.3254 20.1
AR 67 200 2.3412 0.2651 36.8
AR 67 300 2.094 0.3651 53.4
AR 67 400 1.9699 0.2237 70.1
AR 67 500 1.7922 0.2246 88.0
AR 67 600 1.7787 0.2267 104.7
AR 67 700 1.6546 0.2288 121.5
AR 67 800 1.5951 0.2261 137.9
AR 67 900 1.5355 0.2174 154.4
AR 67 1000 1.5366 0.2063 170.7
AR 67 1100 1.4748 0.2092 187.5
AR 67 1200 1.4387 0.2014 204.5
AR 67 1300 1.4144 0.2024 220.7
AR 67 1400 1.3866 0.2106 237.8
AR 67 1500 1.4037 0.2045 254.5
AR 67 1600 1.2896 0.1994 271.1
AR 67 1700 1.3367 0.2106 287.9
AR 67 1800 1.3376 0.2126 304.8
AR 67 1900 1.3078 0.1917 321.4
done 337.7 test_nll 1.5449291062446482
