AR 52 0 3.756 0.2044 3.6
AR 52 100 2.6303 0.3121 19.3
AR 52 200 2.346 0.3269 35.5
AR 52 300 2.0891 0.252 51.1
AR 52 400 1.9282 0.2407 67.4
AR 52 500 1.7644 0.2151 83.5
AR 52 600 1.7067 0.3057 99.4
AR 52 700 1.6091 0.2468 115.2
AR 52 800 1.5475 0.212 130.9
AR 52 900 1.4375 0.2145 146.8
AR 52 1000 1.4835 0.221 162.9
AR 52 1100 1.4417 0.2143 178.7
AR 52 1200 1.4098 0.2209 194.4
AR 52 1300 1.3972 0.2244 210.0
AR 52 1400 1.3167 0.2114 225.7
AR 52 1500 1.3705 0.2024 241.6
AR 52 1600 1.3676 0.1993 257.6
AR 52 1700 1.3543 0.209 273.8
AR 52 1800 1.3319 0.2002 289.9
AR 52 1900 1.2926 0.2093 306.3
done 322.6 test_nll 1.5508585655145857
