AR 66 0 3.7654 0.2155 3.6
AR 66 100 2.5928 0.2702 19.7
AR 66 200 2.3779 0.2471 35.6
AR 66 300 2.0534 0.2371 51.7
AR 66 400 1.8576 0.2616 67.7
AR 66 500 1.7874 0.2404 83.8
AR 66 600 1.6925 0.2585 99.8
AR 66 700 1.5937 0.2449 116.2
AR 66 800 1.5844 0.2375 132.5
AR 66 900 1.5353 0.2254 148.7
AR 66 1000 1.4946 0.2186 164.8
AR 66 1100 1.4479 0.2361 181.0
AR 66 1200 1.4687 0.2206 197.6
AR 66 1300 1.402 0.2089 214.2
AR 66 1400 1.3916 0.2158 230.5
AR 66 1500 1.3648 0.2069 247.1
AR 66 1600 1.3514 0.2081 263.1
AR 66 1700 1.2928 0.207 279.5
AR 66 1800 1.272 0.2079 296.1
AR 66 1900 1.24 0.2068 312.5
done 329.0 test_nll 1.5191809013620234
