AR 65 0 3.7546 0.208 3.8
AR 65 100 2.6037 0.2811 20.2
AR 65 200 2.3333 0.269 36.9
AR 65 300 2.0907 0.2507 53.3
AR 65 400 1.9268 0.2317 69.4
AR 65 500 1.7827 0.2491 85.6
AR 65 600 1.7017 0.2323 101.5
AR 65 700 1.656 0.2463 117.5
AR 65 800 1.5731 0.2517 134.0
AR 65 900 1.5181 0.2233 149.8
AR 65 1000 1.4778 0.2202 166.4
AR 65 1100 1.4306 0.2152 182.7
AR 65 1200 1.3875 0.2235 199.1
AR 65 1300 1.4004 0.2046 215.9
AR 65 1400 1.3436 0.2127 232.7
AR 65 1500 1.2831 0.2041 249.6
AR 65 1600 1.3052 0.214 266.0
AR 65 1700 1.3159 0.2111 282.6
AR 65 1800 1.3029 0.2021 299.2
AR 65 1900 1.2797 0.2061 315.7
done 332.2 test_nll 1.5232986356045115
