AR 59 0 3.7517 0.2003 3.7
AR 59 100 2.6074 0.243 20.1
AR 59 200 2.336 0.4159 36.4
AR 59 300 2.1393 0.2541 52.5
AR 59 400 1.8845 0.2805 69.1
AR 59 500 1.7668 0.2411 85.4
AR 59 600 1.6916 0.2314 101.7
AR 59 700 1.6466 0.2147 118.0
AR 59 800 1.6159 0.2251 134.3
AR 59 900 1.5225 0.2222 150.7
AR 59 1000 1.4608 0.2415 167.1
AR 59 1100 1.4631 0.22 183.3
AR 59 1200 1.4191 0.2233 199.5
AR 59 1300 1.3338 0.2062 216.2
AR 59 1400 1.3474 0.2215 232.7
AR 59 1500 1.386 0.2026 249.7
AR 59 1600 1.3742 0.207 266.5
AR 59 1700 1.2554 0.1895 283.3
AR 59 1800 1.3186 0.2077 300.0
AR 59 1900 1.3215 0.2124 316.7
done 333.1 test_nll 1.5295935924276625
