AR 63 0 3.7302 0.2062 3.6
AR 63 100 2.618 0.3339 20.3
AR 63 200 2.3141 0.2598 37.1
AR 63 300 2.1626 0.239 53.0
AR 63 400 1.9468 0.2427 69.4
AR 63 500 1.8685 0.2425 85.6
AR 63 600 1.6934 0.2227 102.0
AR 63 700 1.6332 0.2138 118.4
AR 63 800 1.6062 0.2392 134.8
AR 63 900 1.5759 0.2315 151.3
AR 63 1000 1.5456 0.2216 168.0
AR 63 1100 1.5016 0.2084 184.1
AR 63 1200 1.4095 0.2034 200.1
AR 63 1300 1.457 0.218 216.4
AR 63 1400 1.3793 0.2098 232.5
AR 63 1500 1.3433 0.202 248.8
AR 63 1600 1.3275 0.2172 265.0
AR 63 1700 1.3725 0.2108 280.9
AR 63 1800 1.3452 0.2099 297.3
AR 63 1900 1.34 0.2105 313.8
done 330.2 test_nll 1.5383952785021329
