AR 60 0 3.7527 0.2057 3.7
AR 60 100 2.5856 0.2896 20.2
AR 60 200 2.3468 0.3055 36.5
AR 60 300 2.1752 0.2654 53.0
AR 60 400 1.9694 0.2563 69.4
AR 60 500 1.7689 0.2913 86.2
AR 60 600 1.701 0.2557 103.0
AR 60 700 1.6225 0.2376 119.7
AR 60 800 1.5997 0.2277 136.3
AR 60 900 1.5042 0.2402 152.9
AR 60 1000 1.4839 0.2169 169.5
AR 60 1100 1.4284 0.2157 185.9
AR 60 1200 1.4114 0.2212 202.6
AR 60 1300 1.3832 0.2051 219.1
AR 60 1400 1.3342 0.2128 235.9
AR 60 1500 1.3859 0.2177 253.5
AR 60 1600 1.343 0.2057 270.2
AR 60 1700 1.2711 0.2044 287.2
AR 60 1800 1.3318 0.2106 303.8
AR 60 1900 1.3183 0.2188 320.4
done 337.0 test_nll 1.5158365661794362
