AR 58 0 3.742 0.2034 3.8
AR 58 100 2.6152 0.2681 20.2
AR 58 200 2.3431 0.2476 36.6
AR 58 300 2.0863 0.2533 53.0
AR 58 400 1.9138 0.2338 69.7
AR 58 500 1.7585 0.2186 86.7
AR 58 600 1.704 0.2483 103.5
AR 58 700 1.59 0.242 120.0
AR 58 800 1.5689 0.2455 136.6
AR 58 900 1.5001 0.2096 153.0
AR 58 1000 1.5322 0.2146 169.8
AR 58 1100 1.4648 0.2247 186.6
AR 58 1200 1.4188 0.2137 202.8
AR 58 1300 1.4172 0.2061 219.1
AR 58 1400 1.3912 0.2128 235.6
AR 58 1500 1.3563 0.2172 252.2
AR 58 1600 1.3147 0.2057 268.1
AR 58 1700 1.3482 0.2043 284.3
AR 58 1800 1.3626 0.2125 300.6
AR 58 1900 1.2803 0.2034 316.8
done 333.0 test_nll 1.545770363029148
