AR 56 0 3.7475 0.2101 3.9
AR 56 100 2.5722 0.2755 21.0
AR 56 200 2.336 0.2488 37.7
AR 56 300 2.1394 0.2477 54.7
AR 56 400 1.9417 0.2454 71.3
AR 56 500 1.8051 0.2263 88.6
AR 56 600 1.7282 0.2204 105.4
AR 56 700 1.6557 0.2364 122.2
AR 56 800 1.5849 0.2447 138.5
AR 56 900 1.5535 0.2214 154.7
AR 56 1000 1.5147 0.265 171.3
AR 56 1100 1.4118 0.2259 187.7
AR 56 1200 1.4676 0.2087 204.3
AR 56 1300 1.3893 0.2006 220.9
AR 56 1400 1.3968 0.2071 236.6
AR 56 1500 1.3341 0.1979 253.1
AR 56 1600 1.2897 0.2119 269.4
AR 56 1700 1.315 0.2148 285.7
AR 56 1800 1.3275 0.2142 301.8
AR 56 1900 1.3885 0.2021 318.4
done 335.2 test_nll 1.5311110778120174
