AW 63 0 3.7302 0.2062 3.8
AW 63 100 2.6152 0.3306 20.4
AW 63 200 2.318 0.2758 37.0
AW 63 300 2.1584 0.2435 53.6
AW 63 400 1.9562 0.235 69.5
AW 63 500 1.8619 0.2565 85.9
AW 63 600 1.6965 0.2343 102.3
AW 63 700 1.6438 0.21 119.0
AW 63 800 1.5993 0.2375 135.8
AW 63 900 1.5691 0.2263 152.3
AW 63 1000 1.5335 0.227 169.0
AW 63 1100 1.4945 0.2069 185.2
AW 63 1200 1.4058 0.2051 201.5
AW 63 1300 1.4634 0.2174 217.7
AW 63 1400 1.3713 0.2084 233.5
AW 63 1500 1.3413 0.2023 249.9
AW 63 1600 1.3263 0.217 265.8
AW 63 1700 1.3853 0.2108 281.6
AW 63 1800 1.3466 0.2098 297.8
AW 63 1900 1.336 0.2104 313.9
done 330.4 test_nll 1.53629733937305
