AW 68 0 3.7446 0.2151 3.7
AW 68 100 2.6206 0.2657 20.6
AW 68 200 2.3384 0.2611 36.7
AW 68 300 2.0882 0.2464 53.1
AW 68 400 1.9024 0.2604 69.2
AW 68 500 1.7123 0.2279 85.7
AW 68 600 1.6837 0.2526 101.9
AW 68 700 1.6419 0.2396 118.3
AW 68 800 1.5796 0.2244 134.8
AW 68 900 1.5059 0.2246 151.5
AW 68 1000 1.5068 0.2077 168.4
AW 68 1100 1.396 0.2149 184.8
AW 68 1200 1.4079 0.2296 201.4
AW 68 1300 1.3961 0.2103 218.1
AW 68 1400 1.3572 0.2104 234.4
AW 68 1500 1.2926 0.2089 251.0
AW 68 1600 1.3538 0.2014 267.3
AW 68 1700 1.2592 0.203 283.7
AW 68 1800 1.2871 0.2073 300.1
AW 68 1900 1.2648 0.1985 316.6
done 333.2 test_nll 1.518324618728812
