AW 55 0 3.7292 0.2171 3.7
AW 55 100 2.5834 0.27 20.2
AW 55 200 2.3607 0.2693 36.3
AW 55 300 2.1635 0.3114 52.0
AW 55 400 1.963 0.2843 67.9
AW 55 500 1.8235 0.2349 84.5
AW 55 600 1.703 0.2138 100.9
AW 55 700 1.6188 0.2178 117.3
AW 55 800 1.6067 0.2231 133.4
AW 55 900 1.5355 0.2039 149.5
AW 55 1000 1.5809 0.2197 165.7
AW 55 1100 1.486 0.2147 182.3
AW 55 1200 1.5072 0.2339 198.9
AW 55 1300 1.4066 0.2089 215.2
AW 55 1400 1.397 0.2065 231.8
AW 55 1500 1.3666 0.2056 248.8
AW 55 1600 1.3154 0.2113 265.3
AW 55 1700 1.3359 0.2003 281.7
AW 55 1800 1.3732 0.2066 298.4
AW 55 1900 1.2963 0.2075 315.0
done 331.5 test_nll 1.5365578351765794
