AW 67 0 3.7422 0.2029 3.7
AW 67 100 2.616 0.2926 20.5
AW 67 200 2.3468 0.2667 37.0
AW 67 300 2.0966 0.3028 53.4
AW 67 400 1.9518 0.2274 69.8
AW 67 500 1.7926 0.2218 87.4
AW 67 600 1.7887 0.2432 103.8
AW 67 700 1.6606 0.2307 121.2
AW 67 800 1.5793 0.2251 137.5
AW 67 900 1.5312 0.2153 154.0
AW 67 1000 1.5379 0.2106 170.7
AW 67 1100 1.4734 0.2134 187.4
AW 67 1200 1.409 0.2018 204.0
AW 67 1300 1.4139 0.2045 220.6
AW 67 1400 1.3945 0.2109 237.4
AW 67 1500 1.3883 0.2044 253.7
AW 67 1600 1.285 0.1993 270.7
AW 67 1700 1.3411 0.2105 287.3
AW 67 1800 1.32 0.2125 304.1
AW 67 1900 1.3033 0.1916 320.9
done 337.3 test_nll 1.5343911029319837
