AW 50 0 3.7371 0.2016 4.9
AW 50 100 2.5837 0.289 22.0
AW 50 200 2.3321 0.273 38.8
AW 50 300 2.1132 0.2266 55.8
AW 50 400 1.941 0.246 72.2
AW 50 500 1.826 0.2474 89.3
AW 50 600 1.6968 0.2314 106.4
AW 50 700 1.6389 0.2546 123.4
AW 50 800 1.5985 0.2294 140.0
AW 50 900 1.5595 0.2238 156.9
AW 50 1000 1.5059 0.2165 173.8
AW 50 1100 1.4333 0.2273 190.1
AW 50 1200 1.4116 0.2188 207.0
AW 50 1300 1.3937 0.209 224.0
AW 50 1400 1.3832 0.2065 241.2
AW 50 1500 1.3528 0.2065 258.5
AW 50 1600 1.3176 0.2123 275.8
AW 50 1700 1.326 0.2078 292.6
AW 50 1800 1.3332 0.2125 309.2
AW 50 1900 1.3084 0.2154 325.9
done 342.8 test_nll 1.540818027309603
