AW 54 0 3.7332 0.2056 3.7
AW 54 100 2.5991 0.2548 19.5
AW 54 200 2.3625 0.2564 35.2
AW 54 300 2.1137 0.2815 50.7
AW 54 400 1.9617 0.2389 66.4
AW 54 500 1.7733 0.2373 82.4
AW 54 600 1.7286 0.2661 97.9
AW 54 700 1.5974 0.2386 113.6
AW 54 800 1.6227 0.2435 129.5
AW 54 900 1.5216 0.2186 145.1
AW 54 1000 1.4685 0.309 160.9
AW 54 1100 1.4298 0.2138 176.3
AW 54 1200 1.4014 0.2097 192.1
AW 54 1300 1.4157 0.2438 207.8
AW 54 1400 1.3563 0.2121 223.7
AW 54 1500 1.3544 0.2112 239.5
AW 54 1600 1.3275 0.2071 255.2
AW 54 1700 1.3145 0.2091 270.8
AW 54 1800 1.3232 0.215 286.6
AW 54 1900 1.3085 0.1997 302.7
done 318.7 test_nll 1.5389274384575542
