AW 60 0 3.7527 0.2057 3.6
AW 60 100 2.5907 0.2893 20.2
AW 60 200 2.3399 0.3377 36.9
AW 60 300 2.1755 0.2605 53.4
AW 60 400 1.9752 0.2499 70.1
AW 60 500 1.7887 0.2843 86.7
AW 60 600 1.7237 0.2766 103.4
AW 60 700 1.6308 0.2288 120.2
AW 60 800 1.5965 0.2262 137.0
AW 60 900 1.5121 0.2293 153.6
AW 60 1000 1.5087 0.2153 170.2
AW 60 1100 1.4607 0.2096 186.6
AW 60 1200 1.4173 0.2162 203.7
AW 60 1300 1.3938 0.2054 220.5
AW 60 1400 1.3483 0.2129 237.0
AW 60 1500 1.3946 0.2176 254.8
AW 60 1600 1.3583 0.2056 271.5
AW 60 1700 1.2856 0.2043 288.4
AW 60 1800 1.3341 0.2105 305.0
AW 60 1900 1.3283 0.2187 321.3
done 337.7 test_nll 1.526668489010346
