AW 62 0 3.741 0.2096 3.6
AW 62 100 2.5748 0.3762 20.0
AW 62 200 2.364 0.313 36.1
AW 62 300 2.0944 0.3599 52.0
AW 62 400 1.8867 0.2321 67.9
AW 62 500 1.8157 0.2824 84.4
AW 62 600 1.6413 0.2498 100.4
AW 62 700 1.6467 0.2269 116.9
AW 62 800 1.5741 0.265 132.9
AW 62 900 1.5498 0.2175 149.4
AW 62 1000 1.5087 0.221 166.0
AW 62 1100 1.4365 0.2314 182.2
AW 62 1200 1.4074 0.2096 198.5
AW 62 1300 1.387 0.2112 215.2
AW 62 1400 1.3661 0.2092 232.0
AW 62 1500 1.3441 0.1937 248.4
AW 62 1600 1.322 0.2068 265.2
AW 62 1700 1.2675 0.2062 281.8
AW 62 1800 1.285 0.2076 298.6
AW 62 1900 1.2931 0.2075 315.3
done 332.0 test_nll 1.5285140642577197
