AW 69 0 3.7471 0.2093 3.7
AW 69 100 2.6053 0.3627 20.1
AW 69 200 2.3429 0.2687 36.2
AW 69 300 2.1071 0.2456 52.4
AW 69 400 1.9454 0.2384 69.0
AW 69 500 1.7775 0.227 85.6
AW 69 600 1.7242 0.2249 102.5
AW 69 700 1.6333 0.2286 118.7
AW 69 800 1.5485 0.2392 135.2
AW 69 900 1.5092 0.2204 151.7
AW 69 1000 1.505 0.2373 168.2
AW 69 1100 1.4235 0.2188 184.4
AW 69 1200 1.4248 0.2123 200.7
AW 69 1300 1.4105 0.2141 217.5
AW 69 1400 1.3476 0.1964 234.3
AW 69 1500 1.4124 0.2024 251.2
AW 69 1600 1.3241 0.2074 267.6
AW 69 1700 1.3181 0.2043 284.1
AW 69 1800 1.3192 0.2059 300.7
AW 69 1900 1.2963 0.2097 317.8
done 334.1 test_nll 1.5380253093604663
