AW 66 0 3.7654 0.2155 3.5
AW 66 100 2.5946 0.2797 19.5
AW 66 200 2.3744 0.236 35.6
AW 66 300 2.0617 0.2427 51.4
AW 66 400 1.8662 0.2486 67.4
AW 66 500 1.7901 0.2428 83.9
AW 66 600 1.7059 0.2374 99.9
AW 66 700 1.5977 0.2463 116.4
AW 66 800 1.597 0.2241 132.8
AW 66 900 1.5461 0.2244 149.2
AW 66 1000 1.4985 0.2164 165.6
AW 66 1100 1.4503 0.2345 182.1
AW 66 1200 1.4711 0.2188 198.8
AW 66 1300 1.3956 0.217 215.4
AW 66 1400 1.3913 0.2159 231.7
AW 66 1500 1.3656 0.2067 248.0
AW 66 1600 1.3549 0.2079 264.3
AW 66 1700 1.2866 0.2069 280.6
AW 66 1800 1.2769 0.2078 297.1
AW 66 1900 1.2323 0.2067 313.5
done 329.7 test_nll 1.5183774878056047
