AW 57 0 3.7448 0.2055 3.7
AW 57 100 2.6457 0.3162 20.0
AW 57 200 2.3395 0.2925 36.4
AW 57 300 2.153 0.2541 52.9
AW 57 400 1.9079 0.2661 69.2
AW 57 500 1.7924 0.2302 85.7
AW 57 600 1.6753 0.2244 102.0
AW 57 700 1.6651 0.2981 118.2
AW 57 800 1.6239 0.2448 134.9
AW 57 900 1.4997 0.2168 151.3
AW 57 1000 1.5058 0.2347 167.8
AW 57 1100 1.4597 0.2088 184.1
AW 57 1200 1.3837 0.2058 200.6
AW 57 1300 1.4097 0.2081 216.9
AW 57 1400 1.3699 0.2012 233.0
AW 57 1500 1.3859 0.2151 249.4
AW 57 1600 1.2976 0.2191 265.8
AW 57 1700 1.3342 0.2159 282.4
AW 57 1800 1.2742 0.202 299.1
AW 57 1900 1.2626 0.2016 315.9
done 332.6 test_nll 1.5352482441732622
