AW 64 0 3.752 0.2123 3.7
AW 64 100 2.6129 0.2925 19.8
AW 64 200 2.3686 0.2457 35.7
AW 64 300 2.1688 0.2585 51.9
AW 64 400 1.9041 0.2396 68.5
AW 64 500 1.8137 0.2383 84.9
AW 64 600 1.6726 0.2271 101.2
AW 64 700 1.6387 0.2723 117.8
AW 64 800 1.5363 0.2289 134.8
AW 64 900 1.5276 0.207 151.4
AW 64 1000 1.449 0.2203 168.1
AW 64 1100 1.4499 0.2209 184.1
AW 64 1200 1.4121 0.2187 200.3
AW 64 1300 1.391 0.2171 216.9
AW 64 1400 1.3757 0.2042 233.2
AW 64 1500 1.3411 0.2076 249.8
AW 64 1600 1.29 0.2112 266.0
AW 64 1700 1.2972 0.2021 282.5
AW 64 1800 1.2754 0.2056 298.8
AW 64 1900 1.2984 0.206 314.8
done 330.7 test_nll 1.5242122126539832
