AW 51 0 3.7297 0.2185 3.6
AW 51 100 2.5982 0.2802 20.5
AW 51 200 2.3507 0.2346 37.3
AW 51 300 2.0647 0.295 54.0
AW 51 400 1.9051 0.2404 70.7
AW 51 500 1.7398 0.2258 88.0
AW 51 600 1.673 0.2165 104.8
AW 51 700 1.6106 0.2711 121.6
AW 51 800 1.5769 0.2419 138.4
AW 51 900 1.4583 0.2547 154.9
AW 51 1000 1.4974 0.2164 171.4
AW 51 1100 1.4546 0.2184 188.4
AW 51 1200 1.3732 0.2169 205.6
AW 51 1300 1.3772 0.2107 222.6
AW 51 1400 1.3782 0.205 240.0
AW 51 1500 1.3608 0.2112 257.6
AW 51 1600 1.2748 0.2076 275.1
AW 51 1700 1.2965 0.2065 291.5
AW 51 1800 1.3357 0.2194 307.7
AW 51 1900 1.2622 0.2106 323.5
done 339.3 test_nll 1.5140472906595515
