AW 65 0 3.7546 0.208 3.9
AW 65 100 2.6033 0.2802 20.0
AW 65 200 2.3413 0.2627 36.5
AW 65 300 2.0922 0.232 52.7
AW 65 400 1.9215 0.2375 68.8
AW 65 500 1.7805 0.2632 85.0
AW 65 600 1.6966 0.2288 101.2
AW 65 700 1.665 0.245 117.5
AW 65 800 1.5759 0.2579 134.0
AW 65 900 1.5235 0.2236 150.1
AW 65 1000 1.4815 0.2178 166.6
AW 65 1100 1.427 0.2158 182.8
AW 65 1200 1.39 0.2231 199.5
AW 65 1300 1.3856 0.2044 215.9
AW 65 1400 1.328 0.2117 232.2
AW 65 1500 1.2816 0.204 249.1
AW 65 1600 1.2994 0.2139 265.8
AW 65 1700 1.3088 0.2111 282.7
AW 65 1800 1.2884 0.202 299.4
AW 65 1900 1.2831 0.2061 315.8
done 332.3 test_nll 1.5219744064993956
