AW 58 0 3.742 0.2034 3.8
AW 58 100 2.6174 0.2711 20.4
AW 58 200 2.3367 0.2564 37.4
AW 58 300 2.0811 0.2444 54.1
AW 58 400 1.901 0.2409 70.7
AW 58 500 1.7654 0.2336 87.8
AW 58 600 1.7079 0.2237 104.3
AW 58 700 1.5902 0.2326 120.6
AW 58 800 1.5638 0.2363 137.0
AW 58 900 1.4978 0.2104 153.3
AW 58 1000 1.5308 0.2295 170.3
AW 58 1100 1.4773 0.2234 187.1
AW 58 1200 1.4184 0.2156 203.6
AW 58 1300 1.4231 0.2071 220.2
AW 58 1400 1.3832 0.2131 236.7
AW 58 1500 1.3417 0.2172 253.1
AW 58 1600 1.3129 0.2057 269.4
AW 58 1700 1.3495 0.2043 285.5
AW 58 1800 1.35 0.2125 301.6
AW 58 1900 1.2888 0.2033 317.7
done 333.7 test_nll 1.5445940863980787
