AW 61 0 3.7585 0.2239 3.7
AW 61 100 2.5709 0.2908 20.0
AW 61 200 2.3137 0.3052 36.4
AW 61 300 2.0573 0.2404 52.7
AW 61 400 1.9072 0.247 69.7
AW 61 500 1.7903 0.259 86.8
AW 61 600 1.6987 0.2649 103.4
AW 61 700 1.6478 0.2518 119.9
AW 61 800 1.554 0.2318 136.6
AW 61 900 1.5152 0.2758 153.3
AW 61 1000 1.4864 0.2829 169.8
AW 61 1100 1.4744 0.2192 186.2
AW 61 1200 1.3981 0.2152 202.8
AW 61 1300 1.4309 0.2104 219.1
AW 61 1400 1.3555 0.2117 234.9
AW 61 1500 1.3249 0.2079 251.2
AW 61 1600 1.32 0.2134 267.9
AW 61 1700 1.2525 0.2048 284.6
AW 61 1800 1.2796 0.2133 301.0
AW 61 1900 1.2871 0.2078 317.4
done 333.9 test_nll 1.5167038929856886
