AW 53 0 3.7477 0.2151 3.5
AW 53 100 2.5836 0.3433 19.6
AW 53 200 2.3345 0.2536 35.4
AW 53 300 2.1555 0.3043 51.4
AW 53 400 1.9326 0.2857 67.4
AW 53 500 1.7843 0.2345 83.2
AW 53 600 1.6764 0.2373 99.2
AW 53 700 1.6312 0.2807 114.9
AW 53 800 1.5754 0.2247 130.8
AW 53 900 1.4816 0.2189 146.5
AW 53 1000 1.4712 0.2212 162.6
AW 53 1100 1.4385 0.2333 178.6
AW 53 1200 1.4252 0.2068 194.7
AW 53 1300 1.3701 0.214 210.7
AW 53 1400 1.3874 0.2137 226.6
AW 53 1500 1.3431 0.2057 242.4
AW 53 1600 1.3538 0.2094 258.0
AW 53 1700 1.3142 0.1958 274.1
AW 53 1800 1.3257 0.2101 290.0
AW 53 1900 1.3096 0.204 305.6
done 321.6 test_nll 1.5355299331754395
