AW 59 0 3.7517 0.2003 3.6
AW 59 100 2.6057 0.2457 20.1
AW 59 200 2.3386 0.2885 36.4
AW 59 300 2.1358 0.2609 52.8
AW 59 400 1.879 0.2481 69.3
AW 59 500 1.7671 0.2352 85.4
AW 59 600 1.6874 0.2323 101.4
AW 59 700 1.6388 0.2217 117.8
AW 59 800 1.5876 0.2286 134.2
AW 59 900 1.5352 0.2275 150.6
AW 59 1000 1.461 0.243 167.1
AW 59 1100 1.4349 0.2264 183.1
AW 59 1200 1.4057 0.221 199.1
AW 59 1300 1.3249 0.2095 215.6
AW 59 1400 1.3504 0.2192 231.7
AW 59 1500 1.3699 0.2027 248.2
AW 59 1600 1.3686 0.2069 265.2
AW 59 1700 1.2431 0.1895 281.6
AW 59 1800 1.3107 0.2076 298.5
AW 59 1900 1.3181 0.2125 314.9
done 332.0 test_nll 1.5314880459743387
