AW 52 0 3.756 0.2044 3.6
AW 52 100 2.6319 0.2966 19.7
AW 52 200 2.3521 0.3341 35.7
AW 52 300 2.086 0.2531 51.4
AW 52 400 1.9378 0.286 67.6
AW 52 500 1.7657 0.2165 83.9
AW 52 600 1.7088 0.2725 99.9
AW 52 700 1.6115 0.2341 115.9
AW 52 800 1.5514 0.2187 132.1
AW 52 900 1.4402 0.2177 147.5
AW 52 1000 1.473 0.2192 163.4
AW 52 1100 1.442 0.2287 178.9
AW 52 1200 1.4178 0.2177 194.8
AW 52 1300 1.4042 0.221 210.8
AW 52 1400 1.3125 0.213 226.6
AW 52 1500 1.3703 0.2026 242.4
AW 52 1600 1.3773 0.1992 258.1
AW 52 1700 1.3583 0.2089 274.2
AW 52 1800 1.339 0.2002 290.0
AW 52 1900 1.3043 0.2092 306.3
done 322.3 test_nll 1.5336561296250704
