AW 56 0 3.7475 0.2101 3.9
AW 56 100 2.568 0.262 21.0
AW 56 200 2.3572 0.251 38.0
AW 56 300 2.1494 0.258 55.0
AW 56 400 1.9507 0.2327 71.7
AW 56 500 1.7934 0.2333 89.0
AW 56 600 1.7322 0.2215 105.9
AW 56 700 1.6607 0.2388 122.5
AW 56 800 1.5918 0.2368 138.7
AW 56 900 1.545 0.216 155.3
AW 56 1000 1.5166 0.2581 171.9
AW 56 1100 1.4099 0.2216 188.3
AW 56 1200 1.4726 0.208 204.9
AW 56 1300 1.3924 0.2011 221.2
AW 56 1400 1.3954 0.2065 237.4
AW 56 1500 1.336 0.1976 253.7
AW 56 1600 1.301 0.2117 270.3
AW 56 1700 1.3144 0.2147 286.7
AW 56 1800 1.3342 0.2141 303.1
AW 56 1900 1.3839 0.202 319.7
done 336.1 test_nll 1.529857478994833
