== Отбор (12 глав, r_k в [0,5; 1,6])
  en       в зачёте  r_k от 1.000 до 1.000
  de       в зачёте  r_k от 0.837 до 0.983
  fr_bue   в зачёте  r_k от 0.771 до 1.037
  fr_papy  в зачёте  r_k от 1.030 до 1.086
  it       в зачёте  r_k от 0.728 до 0.950
  es_1     в зачёте  r_k от 0.966 до 1.074
  es_2     в зачёте  r_k от 0.885 до 1.009
  eo       в зачёте  r_k от 0.828 до 1.039
  fi       в зачёте  r_k от 0.642 до 0.744
  ru_dem   в зачёте  r_k от 0.703 до 0.781
  ru_nes   в зачёте  r_k от 0.761 до 0.838
  cs       в зачёте  r_k от 0.693 до 0.764
  bg       в зачёте  r_k от 0.787 до 0.900
  he       в зачёте  r_k от 0.626 до 0.873

== Меры по текстам (N для TTR = 18632)
  текст     W       r      TTR_N   α      буквы/en  r_без_артиклей
  fi        18632  0.704  0.2985  0.786  1.066   nan
  he        18917  0.715  0.3012  0.656  0.693   nan
  cs        18949  0.716  0.2622  0.839  0.793   nan
  ru_dem    19728  0.746  0.2630  0.846  0.901   nan
  ru_nes    21280  0.804  0.2710  0.819  0.995   nan
  bg        21898  0.828  0.2023  0.843  0.916   nan
  it        23314  0.881  0.2086  0.854  1.029   0.792
  eo        24208  0.915  0.2037  0.836  1.030   0.835
  es_2      24771  0.936  0.1858  0.981  1.014   0.840
  de        24989  0.944  0.1646  0.875  1.111   0.852
  fr_bue    25688  0.971  0.1675  0.889  1.069   0.877
  en        26460  1.000  0.1171  0.836  1.000   0.913
  es_1      27119  1.025  0.1744  0.970  1.116   0.923
  fr_papy   28068  1.061  0.1730  0.858  1.193   0.963

== По языкам (медиана переводов)
  fi  r=0.704  TTR_N=0.2985  α=0.786  буквы/en=1.066  переводы=['fi']
  he  r=0.715  TTR_N=0.3012  α=0.656  буквы/en=0.693  переводы=['he']
  cs  r=0.716  TTR_N=0.2622  α=0.839  буквы/en=0.793  переводы=['cs']
  ru  r=0.775  TTR_N=0.2670  α=0.833  буквы/en=0.948  переводы=['ru_dem', 'ru_nes']
  bg  r=0.828  TTR_N=0.2023  α=0.843  буквы/en=0.916  переводы=['bg']
  it  r=0.881  TTR_N=0.2086  α=0.854  буквы/en=1.029  переводы=['it']
  eo  r=0.915  TTR_N=0.2037  α=0.836  буквы/en=1.030  переводы=['eo']
  de  r=0.944  TTR_N=0.1646  α=0.875  буквы/en=1.111  переводы=['de']
  es  r=0.981  TTR_N=0.1801  α=0.975  буквы/en=1.065  переводы=['es_1', 'es_2']
  en  r=1.000  TTR_N=0.1171  α=0.836  буквы/en=1.000  переводы=['en']
  fr  r=1.016  TTR_N=0.1702  α=0.873  буквы/en=1.131  переводы=['fr_bue', 'fr_papy']

== P4 (C-004): Спирмен r ~ априорный ранг, n = 9 (en,de,fr,it,es,eo,fi,ru,cs): ρ = 0.917 → подтверждено
== P5 (C-005): самый болтливый fr (r = 1.016), самый краткий fi (r = 0.704) → подтверждено; n = 11
== P6 (C-006): Спирмен r ~ TTR_N, n = 11: ρ = -0.909 → подтверждено
== P7 (C-007): R(ru) = 0.775; en без артиклей = 0.913
     en: r 1.000 → без артиклей 0.913; ближе к ru: True
     de: r 0.944 → без артиклей 0.852; ближе к ru: True
     fr: r 1.016 → без артиклей 0.920; ближе к ru: True
     it: r 0.881 → без артиклей 0.792; ближе к ru: True
     es: r 0.981 → без артиклей 0.881; ближе к ru: True
     eo: r 0.915 → без артиклей 0.835; ближе к ru: True
     (a) True; (b) True; (b) против каждого русского перевода: {'ru_dem': True, 'ru_nes': True} → подтверждено
== P8 (C-008): fr длиннее fi в 12 из 12 глав → подтверждено

== E1 переводчик против языка
  fr: fr_bue 0.971, fr_papy 1.061  разброс 0.090
  es: es_1 1.025, es_2 0.936  разброс 0.089
  ru: ru_dem 0.746, ru_nes 0.804  разброс 0.059
  между языками: размах медиан 0.312; межквартильный 0.217

== E2 самые частые слова (доля от всех слов текста)
  it       e 860 (3.7%)  il 682 (2.9%)  che 602 (2.6%)  la 595 (2.6%)  di 525 (2.3%)
  en       the 1630 (6.2%)  and 864 (3.3%)  to 725 (2.7%)  a 626 (2.4%)  she 541 (2.0%)
  de       sie 885 (3.5%)  und 798 (3.2%)  die 665 (2.7%)  der 496 (2.0%)  ich 495 (2.0%)
  es_2     de 933 (3.8%)  la 932 (3.8%)  y 816 (3.3%)  que 803 (3.2%)  el 706 (2.9%)
  fr_papy  de 1022 (3.6%)  la 816 (2.9%)  le 724 (2.6%)  et 608 (2.2%)  à 592 (2.1%)
  bg       да 874 (4.0%)  и 781 (3.6%)  се 681 (3.1%)  не 489 (2.2%)  алиса 432 (2.0%)
  fi       ja 659 (3.5%)  hän 413 (2.2%)  liisa 346 (1.9%)  oli 272 (1.5%)  sanoi 246 (1.3%)
  eo       la 2123 (8.8%)  kaj 677 (2.8%)  ŝi 572 (2.4%)  mi 527 (2.2%)  ne 470 (1.9%)
  es_1     de 1077 (4.0%)  que 970 (3.6%)  la 942 (3.5%)  y 919 (3.4%)  el 740 (2.7%)
  ru_nes   и 785 (3.7%)  не 522 (2.5%)  в 439 (2.1%)  что 423 (2.0%)  алиса 351 (1.6%)
  he       עליסה 467 (2.5%)  את 358 (1.9%)  לא 350 (1.9%)  על 203 (1.1%)  אל 179 (0.9%)
  cs       a 898 (4.7%)  se 740 (3.9%)  to 490 (2.6%)  alenka 332 (1.8%)  na 323 (1.7%)
  ru_dem   и 746 (3.8%)  не 532 (2.7%)  в 382 (1.9%)  алиса 375 (1.9%)  она 366 (1.9%)
  fr_bue   de 905 (3.5%)  la 798 (3.1%)  le 711 (2.8%)  et 673 (2.6%)  à 527 (2.1%)
  ru_zakh  и 887 (3.8%)  не 624 (2.7%)  в 408 (1.7%)  алиса 394 (1.7%)  что 392 (1.7%)

== E2 знаки: японский и китайский, справка — пересказ Заходера
  ja: знаков письма 57489, к буквам английского 0.536
  zh: знаков письма 41006, к буквам английского 0.382
  ru_zakh: W 23389, r 0.884, глав 12 (пересказ, вне зачёта)

== E3 апостроф разделяет слова (fr, it)
  fr_bue: r 0.971 → 1.033
  fr_papy: r 1.061 → 1.136
  it: r 0.881 → 0.905

== Главы, отклонённые от медианы языка больше чем на 15 %
  it глава 10: r_k 0.728 при медиане 0.891
  he глава 3: r_k 0.873 при медиане 0.720
