150 {'A0': 1.6043, 'F256': 2.2412, 'F1024': 2.1897, 'S1024': 2.2104}
151 {'A0': 1.5722, 'F256': 2.2762, 'F1024': 2.1631, 'S1024': 2.202}
152 {'A0': 1.5747, 'F256': 2.2028, 'F1024': 2.1358, 'S1024': 2.1901}
153 {'A0': 1.6392, 'F256': 2.1804, 'F1024': 2.2092, 'S1024': 2.1578}
154 {'A0': 1.584, 'F256': 2.2332, 'F1024': 2.1418, 'S1024': 2.1223}
155 {'A0': 1.6141, 'F256': 2.194, 'F1024': 2.2159, 'S1024': 2.149}
156 {'A0': 1.5717, 'F256': 2.1867, 'F1024': 2.1885, 'S1024': 2.1863}
157 {'A0': 1.6509, 'F256': 2.2331, 'F1024': 2.152, 'S1024': 2.1187}
158 {'A0': 1.5683, 'F256': 2.1337, 'F1024': 2.162, 'S1024': 2.1873}
159 {'A0': 1.5862, 'F256': 2.2052, 'F1024': 2.1832, 'S1024': 2.2047}
160 {'A0': 1.584, 'F256': 2.2119, 'F1024': 2.1323, 'S1024': 2.1346}
161 {'A0': 1.5844, 'F256': 2.259, 'F1024': 2.1691, 'S1024': 2.157}
{
 "P1": {
  "n_better": 0,
  "verdict": "опровергнуто",
  "median": -0.5850597023963928,
  "sign_p": 1.0
 },
 "P2": {
  "n_better": 8,
  "verdict": "разницы нет",
  "median": 0.05927121639251709,
  "sign_p": 0.19384765625
 },
 "P3": {
  "n_better": 6,
  "verdict": "опровергнуто",
  "median": 2.4318695068359375e-05,
  "sign_p": 0.61279296875
 },
 "explore": {
  "F256": {
   "median": 2.208535313606262,
   "vs_A0": {
    "n_better": 0,
    "verdict": "опровергнуто",
    "median": -0.6234156489372253,
    "sign_p": 1.0
   }
  },
  "F1024": {
   "median": 2.1661136150360107,
   "vs_A0": {
    "n_better": 0,
    "verdict": "опровергнуто",
    "median": -0.5850597023963928,
    "sign_p": 1.0
   }
  },
  "S1024": {
   "median": 2.1720528602600098,
   "vs_A0": {
    "n_better": 0,
    "verdict": "опровергнуто",
    "median": -0.5893785357475281,
    "sign_p": 1.0
   }
  }
 },
 "A0_median": 1.5841984748840332
}
