130 {'A0': 1.5491, 'N': 1.5423, 'S': 1.5346, 'P': 1.5349, 'C': 1.5813, 'F': 1.5501, 'B': 1.5422, 'M': 1.5379}
131 {'A0': 1.5517, 'N': 1.551, 'S': 1.544, 'P': 1.5501, 'C': 1.5966, 'F': 1.5441, 'B': 1.5441, 'M': 1.5417}
132 {'A0': 1.5445, 'N': 1.548, 'S': 1.5463, 'P': 1.5507, 'C': 1.556, 'F': 1.5538, 'B': 1.5482, 'M': 1.5385}
133 {'A0': 1.5553, 'N': 1.5544, 'S': 1.546, 'P': 1.5431, 'C': 1.5716, 'F': 1.5332, 'B': 1.5481, 'M': 1.5465}
134 {'A0': 1.539, 'N': 1.5413, 'S': 1.552, 'P': 1.5506, 'C': 1.6038, 'F': 1.5502, 'B': 1.5499, 'M': 1.5662}
135 {'A0': 1.5522, 'N': 1.5546, 'S': 1.5371, 'P': 1.5269, 'C': 1.5721, 'F': 1.547, 'B': 1.5377, 'M': 1.5343}
136 {'A0': 1.5612, 'N': 1.5588, 'S': 1.5412, 'P': 1.5405, 'C': 1.5633, 'F': 1.5253, 'B': 1.5532, 'M': 1.5321}
137 {'A0': 1.5456, 'N': 1.5439, 'S': 1.5376, 'P': 1.5426, 'C': 1.5724, 'F': 1.5609, 'B': 1.542, 'M': 1.5533}
138 {'A0': 1.5332, 'N': 1.5338, 'S': 1.5305, 'P': 1.5402, 'C': 1.5793, 'F': 1.5345, 'B': 1.5341, 'M': 1.5405}
139 {'A0': 1.553, 'N': 1.5559, 'S': 1.5543, 'P': 1.5459, 'C': 1.5774, 'F': 1.5449, 'B': 1.5524, 'M': 1.5522}
140 {'A0': 1.5495, 'N': 1.5496, 'S': 1.5473, 'P': 1.5488, 'C': 1.5832, 'F': 1.5438, 'B': 1.5424, 'M': 1.5462}
141 {'A0': 1.5653, 'N': 1.5642, 'S': 1.5531, 'P': 1.5602, 'C': 1.5861, 'F': 1.5496, 'B': 1.556, 'M': 1.5522}
{
 "P1": {
  "n_better": 9,
  "verdict": "разницы нет",
  "median": 0.007431442060254589,
  "sign_p": 0.072998046875
 },
 "P2": {
  "n_better": 6,
  "verdict": "опровергнуто",
  "median": 0.000811123306491357,
  "sign_p": 0.61279296875
 },
 "P3": {
  "n_better": 5,
  "verdict": "опровергнуто",
  "median": -0.002474844292293943,
  "sign_p": 0.80615234375
 },
 "P4": {
  "N": {
   "median": 1.5503192637999677,
   "vs_A0": {
    "n_better": 6,
    "verdict": "опровергнуто",
    "median": 0.00031529308333755335,
    "sign_p": 0.61279296875
   }
  },
  "S": {
   "median": 1.5450057535508233,
   "vs_A0": {
    "n_better": 9,
    "verdict": "разницы нет",
    "median": 0.007843033212999506,
    "sign_p": 0.072998046875
   }
  },
  "P": {
   "median": 1.5445197621129463,
   "vs_A0": {
    "n_better": 9,
    "verdict": "разницы нет",
    "median": 0.004016929153636495,
    "sign_p": 0.072998046875
   }
  },
  "C": {
   "median": 1.578325042908298,
   "vs_A0": {
    "n_better": 0,
    "verdict": "опровергнуто",
    "median": -0.025606370220101704,
    "sign_p": 1.0
   }
  },
  "F": {
   "median": 1.5459459074921038,
   "vs_A0": {
    "n_better": 7,
    "verdict": "опровергнуто",
    "median": 0.005489527873680733,
    "sign_p": 0.38720703125
   }
  },
  "B": {
   "median": 1.5461053765399875,
   "vs_A0": {
    "n_better": 9,
    "verdict": "разницы нет",
    "median": 0.007013179972162442,
    "sign_p": 0.072998046875
   }
  },
  "M": {
   "median": 1.5439271946844193,
   "vs_A0": {
    "n_better": 9,
    "verdict": "разницы нет",
    "median": 0.007431442060254589,
    "sign_p": 0.072998046875
   }
  }
 },
 "P4_rank": [
  "M",
  "P",
  "S",
  "F",
  "B",
  "N",
  "A0",
  "C"
 ]
}
