{
 "P1": {
  "wins": 99,
  "reverse_wins": 21,
  "verdict": "подтверждено",
  "median_gain": 0.021335532716199895,
  "sign_p": 1.330891748026467e-13,
  "gate_BASE_wins_ignorance": 104,
  "reading": "самообман мал, потому что голова ничего не вырастила"
 },
 "P2": {
  "wins": 55,
  "reverse_wins": 65,
  "verdict": "опровергнуто",
  "median_gain": -0.001373346773991646,
  "sign_p": 0.8423483495838711
 },
 "P3": {
  "wins": 22,
  "reverse_wins": 98,
  "verdict": "опровергнуто",
  "median_gain": -0.0508595488190115,
  "sign_p": 0.9999999999998669
 }
}
{
 "HEAD_vs_BASE_ioi": {
  "wins": 51,
  "reverse_wins": 69,
  "verdict": "опровергнуто",
  "median_gain": -0.010514537469492017,
  "sign_p": 0.9587962603362368
 },
 "HEAD_vs_BASE_ign": {
  "wins": 16,
  "reverse_wins": 104,
  "verdict": "опровергнуто",
  "median_gain": -0.04696357615894042,
  "sign_p": 1.0
 },
 "skill": {
  "HEAD": {
   "head": 0.034920394254988885,
   "base": 0.11650154886824893,
   "bias_top": -0.00018014449641739385
  },
  "HEAD_LCB": {
   "head": 0.03065445057888471,
   "base": 0.1091658952797811,
   "bias_top": -0.0008526606353121452
  }
 },
 "spread": {
  "BASE": 0.2588753643563348,
  "R80": 0.3101121988776591,
  "HEAD": 0.24589348882996406,
  "HEAD_LCB": 0.21714343105768333
 }
}
T1/BASE      ИОИ 0.559 незнание 0.538 самообман 0.020 итог 1.000
T1/R80       ИОИ 0.961 незнание 0.953 самообман 0.008 итог 0.517
T1/HEAD      ИОИ 0.993 незнание 0.992 самообман 0.003 итог 0.009
T1/HEAD_LCB  ИОИ 0.995 незнание 0.993 самообман 0.002 итог 0.009
T2/BASE      ИОИ 0.193 незнание 0.143 самообман 0.049 итог 0.955
T2/R80       ИОИ 0.313 незнание 0.283 самообман 0.021 итог 1.000
T2/HEAD      ИОИ 0.466 незнание 0.436 самообман 0.025 итог 0.569
T2/HEAD_LCB  ИОИ 0.457 незнание 0.434 самообман 0.022 итог 0.577
T3/BASE      ИОИ 0.892 незнание 0.794 самообман 0.096 итог 0.233
T3/R80       ИОИ 0.802 незнание 0.769 самообман 0.034 итог 0.336
T3/HEAD      ИОИ 0.845 незнание 0.819 самообман 0.021 итог 0.198
T3/HEAD_LCB  ИОИ 0.851 незнание 0.829 самообман 0.017 итог 0.198
T4/BASE      ИОИ 0.518 незнание 0.474 самообман 0.049 итог 0.530
T4/R80       ИОИ 0.505 незнание 0.485 самообман 0.023 итог 0.520
T4/HEAD      ИОИ 0.534 незнание 0.510 самообман 0.024 итог 0.500
T4/HEAD_LCB  ИОИ 0.534 незнание 0.508 самообман 0.025 итог 0.502
T5/BASE      ИОИ 0.589 незнание 0.537 самообман 0.054 итог 0.475
T5/R80       ИОИ 0.546 незнание 0.528 самообман 0.022 итог 0.516
T5/HEAD      ИОИ 0.595 незнание 0.565 самообман 0.033 итог 0.457
T5/HEAD_LCB  ИОИ 0.588 незнание 0.560 самообман 0.028 итог 0.457
T6/BASE      ИОИ 0.275 незнание 0.267 самообман 0.007 итог 1.000
T6/R80       ИОИ 0.334 незнание 0.329 самообман 0.005 итог 1.000
T6/HEAD      ИОИ 0.988 незнание 0.985 самообман 0.004 итог 0.019
T6/HEAD_LCB  ИОИ 0.992 незнание 0.989 самообман 0.004 итог 0.015
