A0 120 0 3.7345 1.0312 4.3
A0 120 100 2.5494 1.0312 17.6
A0 120 200 2.3544 1.0343 30.9
A0 120 300 2.1103 1.0406 44.1
A0 120 400 1.9295 1.0396 57.5
A0 120 500 1.8279 1.0359 71.1
A0 120 600 1.7389 1.0322 84.5
A0 120 700 1.6773 1.0348 97.9
A0 120 800 1.5882 1.039 111.6
A0 120 900 1.5768 1.026 125.3
A0 120 1000 1.5032 1.0322 139.2
A0 120 1100 1.5388 1.0317 152.8
A0 120 1200 1.4286 1.0396 166.6
A0 120 1300 1.4545 1.0343 180.4
A0 120 1400 1.3998 1.0348 194.0
A0 120 1500 1.3937 1.0359 208.3
A0 120 1600 1.4063 1.0327 222.2
A0 120 1700 1.3263 1.0369 235.9
A0 120 1800 1.34 1.0322 249.6
A0 120 1900 1.3508 1.0354 263.5
done 277.7 test_nll 1.5545734305863297
