A0 112 0 3.7642 1.0014 4.1
A0 112 100 2.5198 1.002 17.9
A0 112 200 2.3252 0.9984 31.1
A0 112 300 2.1054 0.0 44.5
A0 112 400 1.9758 1.0008 57.8
A0 112 500 1.8715 1.0008 71.5
A0 112 600 1.7214 1.002 84.6
A0 112 700 1.6631 1.0026 98.3
A0 112 800 1.6065 1.0008 111.9
A0 112 900 1.6063 1.0 125.1
A0 112 1000 1.5478 1.0 139.1
A0 112 1100 1.5088 1.0008 152.6
A0 112 1200 1.4457 1.0031 166.4
A0 112 1300 1.3989 0.9984 180.2
A0 112 1400 1.4072 1.002 193.9
A0 112 1500 1.3598 1.0031 207.4
A0 112 1600 1.3644 0.9984 221.2
A0 112 1700 1.3984 1.0008 234.6
A0 112 1800 1.363 1.0008 247.9
A0 112 1900 1.3623 1.0014 261.4
done 274.7 test_nll 1.537934304511294
