A0 116 0 3.7446 1.038 4.2
A0 116 100 2.5548 1.0276 17.8
A0 116 200 2.3132 1.0401 31.0
A0 116 300 2.1321 1.0375 44.6
A0 116 400 1.9416 1.0417 57.9
A0 116 500 1.8312 1.0427 71.6
A0 116 600 1.789 1.0333 85.2
A0 116 700 1.675 1.0354 98.8
A0 116 800 1.6495 1.0312 112.3
A0 116 900 1.5874 1.0327 125.6
A0 116 1000 1.5742 1.0312 139.4
A0 116 1100 1.4877 1.0433 152.8
A0 116 1200 1.439 1.0348 165.9
A0 116 1300 1.4838 1.0291 179.0
A0 116 1400 1.4168 1.0291 192.3
A0 116 1500 1.4289 1.0296 205.4
A0 116 1600 1.3833 1.0359 218.6
A0 116 1700 1.3754 1.0385 231.9
A0 116 1800 1.356 1.0364 245.3
A0 116 1900 1.3828 1.0359 258.4
done 271.9 test_nll 1.5547827729136146
