A0 111 0 3.7518 1.0008 4.0
A0 111 100 2.5144 0.0 17.2
A0 111 200 2.3461 1.0 30.9
A0 111 300 2.0629 1.0 44.0
A0 111 400 1.9203 1.0 56.8
A0 111 500 1.8121 1.0 70.1
A0 111 600 1.7315 0.0 83.1
A0 111 700 1.6533 1.0008 96.7
A0 111 800 1.5969 1.0 109.7
A0 111 900 1.5519 0.9984 123.1
A0 111 1000 1.5517 0.0 136.9
A0 111 1100 1.505 0.0 150.3
A0 111 1200 1.4164 1.0 163.5
A0 111 1300 1.4662 1.0 176.8
A0 111 1400 1.3965 0.0 189.9
A0 111 1500 1.3678 0.0 202.9
A0 111 1600 1.3879 0.9984 215.9
A0 111 1700 1.371 1.0 229.2
A0 111 1800 1.3379 0.0 242.6
A0 111 1900 1.3254 1.0014 256.2
done 269.5 test_nll 1.5381795385664938
