A0 113 0 3.7406 1.0138 4.1
A0 113 100 2.5285 1.0113 17.4
A0 113 200 2.2814 1.0123 30.8
A0 113 300 2.1404 1.0133 44.3
A0 113 400 1.9905 1.0183 57.7
A0 113 500 1.8798 1.0153 71.4
A0 113 600 1.7833 1.0133 84.9
A0 113 700 1.6669 1.0183 98.5
A0 113 800 1.6432 1.0163 112.1
A0 113 900 1.6124 1.0133 125.9
A0 113 1000 1.5348 1.0153 139.7
A0 113 1100 1.457 1.0138 153.0
A0 113 1200 1.4214 1.0178 166.6
A0 113 1300 1.4315 1.0178 180.3
A0 113 1400 1.3862 1.0082 193.8
A0 113 1500 1.4371 1.0183 207.6
A0 113 1600 1.3849 1.0163 221.3
A0 113 1700 1.3476 1.0173 234.6
A0 113 1800 1.3446 1.0123 247.9
A0 113 1900 1.3509 1.0103 261.5
done 275.4 test_nll 1.5510520328625501
