A0 114 0 3.7363 1.0219 4.4
A0 114 100 2.5256 1.0255 17.9
A0 114 200 2.3198 1.0338 31.0
A0 114 300 2.0816 1.024 44.3
A0 114 400 1.9371 1.0301 57.3
A0 114 500 1.8114 1.0265 71.0
A0 114 600 1.753 1.024 84.2
A0 114 700 1.6527 1.0224 97.5
A0 114 800 1.625 1.0312 110.5
A0 114 900 1.5851 1.0255 123.7
A0 114 1000 1.5562 1.0219 137.2
A0 114 1100 1.4602 1.0224 150.3
A0 114 1200 1.4861 1.0209 163.8
A0 114 1300 1.413 1.0163 177.1
A0 114 1400 1.4374 1.0204 190.9
A0 114 1500 1.3857 1.0276 204.2
A0 114 1600 1.4356 1.0234 217.8
A0 114 1700 1.3418 1.025 231.7
A0 114 1800 1.3488 1.0265 245.4
A0 114 1900 1.3665 1.0255 258.9
done 272.0 test_nll 1.544742433552636
