A0 115 0 3.7574 1.0098 3.9
A0 115 100 2.5073 1.0113 17.5
A0 115 200 2.2698 1.0067 31.1
A0 115 300 2.1439 1.0118 44.5
A0 115 400 1.9778 1.0108 57.6
A0 115 500 1.8164 1.0098 71.5
A0 115 600 1.7426 1.0113 84.7
A0 115 700 1.7307 1.0082 97.9
A0 115 800 1.6002 1.0052 111.2
A0 115 900 1.6153 1.0082 124.4
A0 115 1000 1.5796 1.0052 137.7
A0 115 1100 1.4699 1.0077 151.2
A0 115 1200 1.5054 1.0077 164.1
A0 115 1300 1.4112 1.0098 177.3
A0 115 1400 1.4215 1.0082 190.5
A0 115 1500 1.3918 1.0082 204.0
A0 115 1600 1.4051 1.0067 217.4
A0 115 1700 1.3859 1.0108 230.4
A0 115 1800 1.3708 1.0088 243.9
A0 115 1900 1.3601 1.0077 256.9
done 270.2 test_nll 1.5445457666126179
