A0 117 0 3.7499 1.0 4.0
A0 117 100 2.5327 1.0014 17.2
A0 117 200 2.3185 1.0008 30.4
A0 117 300 2.0702 1.0031 43.6
A0 117 400 1.9489 1.0 56.8
A0 117 500 1.8265 1.0008 70.3
A0 117 600 1.6924 1.0008 84.2
A0 117 700 1.6551 1.0 98.5
A0 117 800 1.6141 0.9984 112.2
A0 117 900 1.612 1.0026 125.6
A0 117 1000 1.5686 1.002 139.2
A0 117 1100 1.5812 1.0 152.7
A0 117 1200 1.453 0.9984 166.0
A0 117 1300 1.4292 1.0008 179.3
A0 117 1400 1.4079 1.0014 192.4
A0 117 1500 1.3838 1.0014 206.2
A0 117 1600 1.3332 1.002 219.9
A0 117 1700 1.3573 1.002 233.2
A0 117 1800 1.3545 1.0008 246.5
A0 117 1900 1.4005 1.0014 260.6
done 274.3 test_nll 1.547132695964463
