A0 118 0 3.7584 1.0143 4.3
A0 118 100 2.5254 1.0168 18.1
A0 118 200 2.3005 1.0168 31.8
A0 118 300 2.1022 1.0138 45.7
A0 118 400 1.9546 1.0143 59.2
A0 118 500 1.7709 1.0123 73.0
A0 118 600 1.7718 1.0173 86.2
A0 118 700 1.6218 1.0103 99.6
A0 118 800 1.6135 1.0143 113.3
A0 118 900 1.5886 1.0128 126.4
A0 118 1000 1.552 1.0138 139.5
A0 118 1100 1.4788 1.0118 153.1
A0 118 1200 1.4274 1.0138 166.9
A0 118 1300 1.4481 1.0138 180.5
A0 118 1400 1.3854 1.0138 194.6
A0 118 1500 1.4381 1.0173 208.4
A0 118 1600 1.3676 1.0093 222.3
A0 118 1700 1.3713 1.0188 236.3
A0 118 1800 1.3503 1.0158 249.9
A0 118 1900 1.3471 1.0188 263.6
done 277.3 test_nll 1.5420015598650578
