A0 121 0 3.7344 1.0513 4.1
A0 121 100 2.5606 1.0412 18.6
A0 121 200 2.3035 1.0497 32.6
A0 121 300 2.1191 1.0449 46.3
A0 121 400 1.9294 1.0519 60.4
A0 121 500 1.8722 1.0535 74.7
A0 121 600 1.7554 1.0497 88.4
A0 121 700 1.7609 1.0497 102.3
A0 121 800 1.645 1.0529 115.8
A0 121 900 1.6036 1.0497 129.7
A0 121 1000 1.5551 1.0567 144.2
A0 121 1100 1.4286 1.0427 157.9
A0 121 1200 1.4619 1.047 171.2
A0 121 1300 1.401 1.0535 184.7
A0 121 1400 1.4556 1.047 198.5
A0 121 1500 1.4023 1.0502 212.6
A0 121 1600 1.412 1.0459 226.5
A0 121 1700 1.4076 1.0513 240.1
A0 121 1800 1.3121 1.0406 253.4
A0 121 1900 1.3937 1.0427 267.3
done 280.7 test_nll 1.5522422579278687
