A0 119 0 3.7515 1.0359 4.1
A0 119 100 2.537 1.0385 18.0
A0 119 200 2.3366 1.0296 31.9
A0 119 300 2.1188 1.0333 46.0
A0 119 400 1.9232 1.0401 60.1
A0 119 500 1.8555 1.0286 74.1
A0 119 600 1.7349 1.0443 87.7
A0 119 700 1.741 1.0229 101.9
A0 119 800 1.6153 1.0359 115.7
A0 119 900 1.5987 1.0438 129.6
A0 119 1000 1.5394 1.0433 143.8
A0 119 1100 1.46 1.0443 157.4
A0 119 1200 1.4256 1.0406 171.7
A0 119 1300 1.4489 1.0354 185.4
A0 119 1400 1.4138 1.0327 198.8
A0 119 1500 1.412 1.0354 213.0
A0 119 1600 1.4027 1.0396 227.6
A0 119 1700 1.3118 1.0443 242.1
A0 119 1800 1.3792 1.0354 256.2
A0 119 1900 1.3918 1.0401 270.4
done 284.5 test_nll 1.547517896458804
