A0 110 0 3.7529 1.0062 4.8
A0 110 100 2.5409 1.0042 18.8
A0 110 200 2.3608 1.0067 31.7
A0 110 300 2.1519 1.0057 46.5
A0 110 400 1.945 1.0031 65.6
A0 110 500 1.8453 1.0072 82.9
A0 110 600 1.7494 1.0072 100.8
A0 110 700 1.6386 1.0026 118.5
A0 110 800 1.5681 1.0072 131.8
A0 110 900 1.5335 1.0072 145.5
A0 110 1000 1.5448 1.0067 164.4
A0 110 1100 1.5405 1.0062 183.1
A0 110 1200 1.4898 1.0057 196.8
A0 110 1300 1.4349 1.0037 210.8
A0 110 1400 1.4224 1.0057 224.3
A0 110 1500 1.3536 1.0052 238.1
A0 110 1600 1.3544 1.0062 252.2
A0 110 1700 1.3651 1.0062 265.5
A0 110 1800 1.3963 1.0072 279.2
A0 110 1900 1.3338 1.0072 292.3
done 305.9 test_nll 1.5450868140902814
