F1024 115 0 3.7574 0.9219 3.9
F1024 115 100 2.6483 1.5833 23.3
F1024 115 200 2.3526 1.0998 42.9
F1024 115 300 2.2579 0.9696 62.6
F1024 115 400 2.0362 1.0157 81.9
F1024 115 500 1.8926 1.1049 102.0
F1024 115 600 1.7732 0.9347 121.9
F1024 115 700 1.7511 0.9537 141.4
F1024 115 800 1.6346 0.9472 160.8
F1024 115 900 1.6324 0.9824 180.7
F1024 115 1000 1.5799 0.9459 200.6
F1024 115 1100 1.4566 0.9128 219.9
F1024 115 1200 1.4831 1.0475 238.9
F1024 115 1300 1.413 0.8766 258.3
F1024 115 1400 1.3933 0.9223 277.5
F1024 115 1500 1.3865 0.8919 296.9
F1024 115 1600 1.3798 0.8937 316.3
F1024 115 1700 1.3712 0.8839 335.6
F1024 115 1800 1.3337 0.9158 355.0
F1024 115 1900 1.3155 0.8732 374.4
done 393.4 test_nll 1.5375765497195186
