F1024 117 0 3.7499 0.9625 4.2
F1024 117 100 2.6345 1.088 24.1
F1024 117 200 2.4153 1.1605 43.2
F1024 117 300 2.1775 1.115 62.9
F1024 117 400 2.003 0.9739 82.6
F1024 117 500 1.839 0.9822 102.2
F1024 117 600 1.6908 0.9265 121.6
F1024 117 700 1.6647 0.9738 140.7
F1024 117 800 1.6118 0.8671 160.6
F1024 117 900 1.5773 0.9143 180.3
F1024 117 1000 1.5464 0.9227 200.1
F1024 117 1100 1.5383 0.962 220.0
F1024 117 1200 1.4258 1.0176 239.8
F1024 117 1300 1.4003 0.9099 259.6
F1024 117 1400 1.3559 0.8777 279.1
F1024 117 1500 1.3578 0.8896 298.8
F1024 117 1600 1.3036 0.8816 318.3
F1024 117 1700 1.3193 0.8723 338.1
F1024 117 1800 1.3143 0.8857 357.8
F1024 117 1900 1.3403 0.9375 377.1
done 396.7 test_nll 1.5368358599812328
