F1024 116 0 3.7446 0.8948 4.1
F1024 116 100 2.6838 0.9847 23.3
F1024 116 200 2.3809 1.152 42.6
F1024 116 300 2.2054 1.1733 62.0
F1024 116 400 2.0076 1.0382 81.3
F1024 116 500 1.8869 0.9022 101.1
F1024 116 600 1.817 1.0955 120.5
F1024 116 700 1.6689 0.9317 139.9
F1024 116 800 1.6648 0.9276 159.3
F1024 116 900 1.5884 0.9575 178.6
F1024 116 1000 1.5826 0.9453 198.6
F1024 116 1100 1.4889 1.0316 217.9
F1024 116 1200 1.4064 0.8958 237.4
F1024 116 1300 1.4593 0.9266 256.9
F1024 116 1400 1.3993 0.884 276.4
F1024 116 1500 1.3933 0.8991 296.3
F1024 116 1600 1.348 0.9333 315.5
F1024 116 1700 1.3463 0.8826 334.8
F1024 116 1800 1.3115 0.9316 353.8
F1024 116 1900 1.3474 0.904 373.3
done 393.0 test_nll 1.5211015317789822
