F1024 121 0 3.7344 0.9628 4.3
F1024 121 100 2.6971 1.1147 24.0
F1024 121 200 2.4022 1.2342 43.6
F1024 121 300 2.2853 1.3893 63.3
F1024 121 400 2.0671 0.9823 83.1
F1024 121 500 1.9395 0.963 103.3
F1024 121 600 1.7939 0.9981 123.4
F1024 121 700 1.8138 0.9337 143.7
F1024 121 800 1.6539 0.9305 163.3
F1024 121 900 1.5904 0.937 183.2
F1024 121 1000 1.5717 0.9137 203.0
F1024 121 1100 1.419 0.9394 223.0
F1024 121 1200 1.4303 0.9039 242.7
F1024 121 1300 1.3857 0.9819 262.9
F1024 121 1400 1.4234 0.8863 282.5
F1024 121 1500 1.359 0.9204 301.6
F1024 121 1600 1.3658 0.899 321.3
F1024 121 1700 1.3602 0.9325 341.1
F1024 121 1800 1.2665 0.9398 360.3
F1024 121 1900 1.3367 0.9408 380.1
done 399.7 test_nll 1.5361502678467664
