F1024 112 0 3.7642 0.9567 4.2
F1024 112 100 2.6169 0.9599 23.5
F1024 112 200 2.4019 0.9861 42.9
F1024 112 300 2.1929 1.0811 62.7
F1024 112 400 2.0666 0.9702 82.4
F1024 112 500 1.8993 0.9298 102.0
F1024 112 600 1.7149 0.9005 121.7
F1024 112 700 1.6559 0.9163 141.9
F1024 112 800 1.5816 1.1775 161.0
F1024 112 900 1.599 0.9469 180.6
F1024 112 1000 1.5214 0.9268 201.0
F1024 112 1100 1.481 0.8819 220.8
F1024 112 1200 1.405 0.9371 240.5
F1024 112 1300 1.3537 0.9218 260.6
F1024 112 1400 1.3557 0.8634 281.1
F1024 112 1500 1.3106 0.8495 301.3
F1024 112 1600 1.3167 0.8843 321.2
F1024 112 1700 1.3431 0.9347 341.3
F1024 112 1800 1.3117 0.8787 361.3
F1024 112 1900 1.3045 0.8986 381.1
done 401.3 test_nll 1.512539122500509
