F1024 120 0 3.7345 0.9046 4.2
F1024 120 100 2.6763 0.9718 24.2
F1024 120 200 2.4109 0.9694 44.5
F1024 120 300 2.2642 0.9892 64.2
F1024 120 400 2.0197 1.1228 84.2
F1024 120 500 1.8568 0.9768 104.4
F1024 120 600 1.7783 1.0664 124.4
F1024 120 700 1.7016 0.923 144.6
F1024 120 800 1.6074 1.0068 164.3
F1024 120 900 1.5818 0.921 184.4
F1024 120 1000 1.5121 0.9234 204.1
F1024 120 1100 1.5257 0.9425 223.8
F1024 120 1200 1.4029 0.8912 243.6
F1024 120 1300 1.4265 0.8727 263.6
F1024 120 1400 1.3746 0.8985 283.4
F1024 120 1500 1.3706 0.8927 303.8
F1024 120 1600 1.3821 0.933 323.7
F1024 120 1700 1.3079 0.8807 343.9
F1024 120 1800 1.3095 0.8876 364.0
F1024 120 1900 1.3175 0.8629 383.7
done 403.9 test_nll 1.5334802237973273
