F1024 118 0 3.7584 0.9609 5.2
F1024 118 100 2.6423 0.9538 30.8
F1024 118 200 2.3702 0.9263 56.1
F1024 118 300 2.2675 0.9512 81.1
F1024 118 400 2.0443 0.9106 108.9
F1024 118 500 1.8318 0.9646 137.4
F1024 118 600 1.78 0.9233 159.3
F1024 118 700 1.6372 0.9727 180.6
F1024 118 800 1.6163 0.9304 213.2
F1024 118 900 1.5977 0.9376 241.8
F1024 118 1000 1.5295 0.9875 262.5
F1024 118 1100 1.4828 1.0512 284.1
F1024 118 1200 1.4006 0.8853 305.2
F1024 118 1300 1.4284 0.9143 325.5
F1024 118 1400 1.3649 0.9034 345.9
F1024 118 1500 1.4035 0.9711 366.9
F1024 118 1600 1.3142 0.9366 387.6
F1024 118 1700 1.3153 0.9147 408.4
F1024 118 1800 1.3134 0.9385 429.2
F1024 118 1900 1.2865 0.9521 450.0
done 470.4 test_nll 1.5263904380152669
