F1024 111 0 3.7518 0.9387 4.1
F1024 111 100 2.6211 1.4038 24.2
F1024 111 200 2.4525 0.935 43.7
F1024 111 300 2.2405 1.0045 62.7
F1024 111 400 2.0364 1.5362 82.3
F1024 111 500 1.9475 0.9525 101.9
F1024 111 600 1.7958 1.0095 121.6
F1024 111 700 1.6813 0.9108 140.9
F1024 111 800 1.647 0.921 160.5
F1024 111 900 1.5986 0.9123 179.2
F1024 111 1000 1.5757 0.9119 198.5
F1024 111 1100 1.5064 0.945 217.7
F1024 111 1200 1.4282 0.9218 237.1
F1024 111 1300 1.4489 0.8685 256.5
F1024 111 1400 1.4022 0.8792 276.4
F1024 111 1500 1.3303 0.8744 296.2
F1024 111 1600 1.3782 0.8924 315.6
F1024 111 1700 1.3514 0.8866 335.0
F1024 111 1800 1.3102 0.8986 355.1
F1024 111 1900 1.2921 0.8686 374.1
done 392.8 test_nll 1.530949707747785
