F1024 113 0 3.7406 0.9562 4.3
F1024 113 100 2.6628 0.9855 24.0
F1024 113 200 2.3871 0.9536 43.9
F1024 113 300 2.2399 1.0812 63.7
F1024 113 400 2.0427 0.961 83.2
F1024 113 500 1.9054 1.0512 103.2
F1024 113 600 1.7891 0.9373 123.0
F1024 113 700 1.6664 0.9552 142.8
F1024 113 800 1.6394 0.9157 162.3
F1024 113 900 1.5917 0.9423 181.4
F1024 113 1000 1.5362 0.909 201.6
F1024 113 1100 1.4311 0.9129 221.4
F1024 113 1200 1.3983 0.9032 241.3
F1024 113 1300 1.3979 0.9457 260.7
F1024 113 1400 1.3577 0.9357 280.4
F1024 113 1500 1.4145 0.9181 300.2
F1024 113 1600 1.3432 0.905 319.9
F1024 113 1700 1.3116 0.891 339.0
F1024 113 1800 1.3049 0.9025 358.7
F1024 113 1900 1.3191 0.8863 378.1
done 397.8 test_nll 1.5342430730086793
