F1024 114 0 3.7363 0.9343 4.2
F1024 114 100 2.6459 0.9757 24.3
F1024 114 200 2.4368 1.6621 44.0
F1024 114 300 2.2167 0.9298 64.0
F1024 114 400 2.0595 1.1093 83.6
F1024 114 500 1.8901 0.9213 103.6
F1024 114 600 1.7841 0.9244 123.3
F1024 114 700 1.6724 0.8736 143.2
F1024 114 800 1.6267 0.937 162.9
F1024 114 900 1.597 0.9938 182.5
F1024 114 1000 1.5653 1.1679 202.8
F1024 114 1100 1.4373 0.9011 222.4
F1024 114 1200 1.4477 0.9191 241.8
F1024 114 1300 1.3788 0.896 261.3
F1024 114 1400 1.3838 0.9131 281.0
F1024 114 1500 1.3255 0.9595 301.0
F1024 114 1600 1.383 0.9053 320.3
F1024 114 1700 1.2935 0.9144 340.2
F1024 114 1800 1.2754 0.8851 359.4
F1024 114 1900 1.3164 0.9252 379.0
done 399.0 test_nll 1.5227628239395448
