F1024 119 0 3.7515 0.9144 4.2
F1024 119 100 2.6406 0.9748 24.5
F1024 119 200 2.4578 0.9577 44.8
F1024 119 300 2.2673 1.1287 65.3
F1024 119 400 2.0259 0.9518 85.7
F1024 119 500 1.9221 0.9553 106.5
F1024 119 600 1.7667 0.9983 126.8
F1024 119 700 1.7668 1.0001 147.0
F1024 119 800 1.6316 0.9186 167.6
F1024 119 900 1.5854 0.9564 187.9
F1024 119 1000 1.5321 0.8694 208.3
F1024 119 1100 1.4348 0.9991 228.2
F1024 119 1200 1.4193 0.9039 248.6
F1024 119 1300 1.4495 0.9082 268.7
F1024 119 1400 1.4068 0.9197 288.3
F1024 119 1500 1.3818 0.9355 308.3
F1024 119 1600 1.3909 0.8942 328.4
F1024 119 1700 1.2777 0.9269 348.2
F1024 119 1800 1.3603 0.9239 368.3
F1024 119 1900 1.349 0.9392 388.7
done 408.8 test_nll 1.5360193776499427
