F1024 110 0 3.7529 0.9699 4.0
F1024 110 100 2.6829 0.9748 24.1
F1024 110 200 2.4332 0.978 43.8
F1024 110 300 2.293 0.9489 63.2
F1024 110 400 2.0356 0.9653 82.8
F1024 110 500 1.8733 0.9222 102.1
F1024 110 600 1.7775 0.9676 122.2
F1024 110 700 1.6347 0.9137 141.8
F1024 110 800 1.5842 0.9265 161.2
F1024 110 900 1.5244 0.9373 179.9
F1024 110 1000 1.529 0.8986 199.2
F1024 110 1100 1.5076 0.9366 218.8
F1024 110 1200 1.4715 0.9738 238.8
F1024 110 1300 1.415 0.9149 258.5
F1024 110 1400 1.3744 0.9195 278.2
F1024 110 1500 1.3338 0.8707 297.9
F1024 110 1600 1.3261 0.8657 317.4
F1024 110 1700 1.3184 0.8989 336.9
F1024 110 1800 1.3452 0.9016 356.7
F1024 110 1900 1.2777 0.8747 375.9
done 395.1 test_nll 1.5249221204276129
