F4096 113 0 3.7406 0.9509 4.5
F4096 113 100 2.5932 0.9529 46.1
F4096 113 200 2.3545 0.9543 86.4
F4096 113 300 2.1749 1.0081 127.9
F4096 113 400 1.9721 0.9658 169.2
F4096 113 500 1.8326 1.0365 210.2
F4096 113 600 1.7176 0.9049 251.2
F4096 113 700 1.6284 0.8914 292.2
F4096 113 800 1.591 0.8971 333.0
F4096 113 900 1.5822 0.9443 373.1
F4096 113 1000 1.5116 0.9026 409.9
F4096 113 1100 1.4011 0.9116 439.7
F4096 113 1200 1.3687 0.9049 469.8
F4096 113 1300 1.3789 0.9451 500.8
F4096 113 1400 1.3515 0.9403 531.0
F4096 113 1500 1.4025 0.9171 561.2
F4096 113 1600 1.3301 0.9109 591.4
F4096 113 1700 1.3097 0.8801 621.0
F4096 113 1800 1.3046 0.8856 650.5
F4096 113 1900 1.3026 0.8856 680.9
done 710.3 test_nll 1.5285285449455341
