F4096 121 0 3.7344 0.9481 4.1
F4096 121 100 2.6264 1.0241 45.5
F4096 121 200 2.3602 0.9968 86.4
F4096 121 300 2.2027 1.4013 126.9
F4096 121 400 1.9623 0.9896 169.1
F4096 121 500 1.8477 0.9232 210.2
F4096 121 600 1.7458 1.0406 251.3
F4096 121 700 1.7303 0.9098 290.8
F4096 121 800 1.6168 0.9487 330.8
F4096 121 900 1.5703 0.9326 371.3
F4096 121 1000 1.5321 0.9057 408.4
F4096 121 1100 1.3986 0.9321 438.9
F4096 121 1200 1.4112 0.8814 468.7
F4096 121 1300 1.3777 0.9251 499.4
F4096 121 1400 1.4319 0.8632 530.9
F4096 121 1500 1.3652 0.9126 562.0
F4096 121 1600 1.3636 0.8759 592.7
F4096 121 1700 1.3725 0.932 622.4
F4096 121 1800 1.264 0.9404 652.3
F4096 121 1900 1.3417 0.9298 682.5
done 711.9 test_nll 1.533850973660547
