F4096 114 0 3.7363 0.9384 4.5
F4096 114 100 2.5853 0.9883 46.8
F4096 114 200 2.3955 1.2909 89.1
F4096 114 300 2.1768 0.9651 130.6
F4096 114 400 1.9941 1.095 172.7
F4096 114 500 1.8347 0.8992 214.7
F4096 114 600 1.7498 0.9163 255.4
F4096 114 700 1.643 0.862 296.5
F4096 114 800 1.5988 0.8831 337.5
F4096 114 900 1.5529 1.0466 379.5
F4096 114 1000 1.544 0.9602 414.7
F4096 114 1100 1.4345 1.1124 444.0
F4096 114 1200 1.4336 0.8909 473.9
F4096 114 1300 1.3786 0.9034 503.7
F4096 114 1400 1.3813 0.8815 533.7
F4096 114 1500 1.3526 0.9477 563.7
F4096 114 1600 1.3857 0.9115 593.5
F4096 114 1700 1.3102 0.9186 623.8
F4096 114 1800 1.3042 0.8726 653.5
F4096 114 1900 1.3282 0.9281 683.8
done 713.3 test_nll 1.5275729280830097
