F4096 119 0 3.7515 0.9105 4.3
F4096 119 100 2.6011 0.9937 48.0
F4096 119 200 2.3791 0.9491 91.2
F4096 119 300 2.1548 0.9177 133.9
F4096 119 400 1.9525 0.8893 176.2
F4096 119 500 1.8543 0.9174 218.9
F4096 119 600 1.7196 0.9338 261.4
F4096 119 700 1.7235 0.9167 302.9
F4096 119 800 1.5962 0.8654 346.0
F4096 119 900 1.5744 0.9126 388.6
F4096 119 1000 1.5221 0.8756 424.3
F4096 119 1100 1.4236 0.9416 454.7
F4096 119 1200 1.4126 0.9073 485.5
F4096 119 1300 1.4505 0.909 516.4
F4096 119 1400 1.4091 0.9075 547.2
F4096 119 1500 1.3998 0.9386 577.7
F4096 119 1600 1.3925 0.8814 607.7
F4096 119 1700 1.2939 0.9195 638.1
F4096 119 1800 1.354 0.9204 667.5
F4096 119 1900 1.3733 0.9357 697.8
done 727.5 test_nll 1.5334953643734113
