F4096 117 0 3.7499 0.9734 4.3
F4096 117 100 2.5867 1.0431 45.3
F4096 117 200 2.3717 1.0637 86.5
F4096 117 300 2.1276 1.0519 127.7
F4096 117 400 1.9416 0.955 168.9
F4096 117 500 1.815 0.9954 211.1
F4096 117 600 1.6618 0.9381 253.5
F4096 117 700 1.6312 0.9443 295.2
F4096 117 800 1.5737 0.8726 336.6
F4096 117 900 1.5715 0.9194 377.7
F4096 117 1000 1.5288 0.9158 413.4
F4096 117 1100 1.5504 0.9623 443.7
F4096 117 1200 1.4199 0.9795 474.0
F4096 117 1300 1.402 0.9099 504.5
F4096 117 1400 1.3628 0.8781 534.2
F4096 117 1500 1.3454 0.9035 564.2
F4096 117 1600 1.2998 0.8925 594.9
F4096 117 1700 1.3104 0.88 624.7
F4096 117 1800 1.3174 0.8899 655.4
F4096 117 1900 1.3625 0.9477 685.8
done 715.9 test_nll 1.5170357609742586
