F4096 110 0 3.7529 0.971 4.3
F4096 110 100 2.6216 1.0062 46.1
F4096 110 200 2.3961 0.9701 86.0
F4096 110 300 2.215 0.9333 127.6
F4096 110 400 1.9678 0.9391 168.0
F4096 110 500 1.8173 0.9183 208.5
F4096 110 600 1.7344 0.9217 249.6
F4096 110 700 1.6034 0.9218 291.5
F4096 110 800 1.5613 0.9225 332.3
F4096 110 900 1.5206 0.9244 373.3
F4096 110 1000 1.5088 0.8875 409.2
F4096 110 1100 1.5007 0.946 438.8
F4096 110 1200 1.453 0.9837 468.6
F4096 110 1300 1.4036 0.916 498.5
F4096 110 1400 1.3798 0.9193 528.9
F4096 110 1500 1.3399 0.8834 559.9
F4096 110 1600 1.3286 0.8732 591.2
F4096 110 1700 1.3275 0.9026 623.0
F4096 110 1800 1.3436 0.9063 653.9
F4096 110 1900 1.2928 0.887 685.1
done 714.8 test_nll 1.5288480665665154
