F4096 111 0 3.7518 0.9238 4.5
F4096 111 100 2.5737 1.2352 46.1
F4096 111 200 2.4066 0.9312 86.7
F4096 111 300 2.1543 0.9401 127.4
F4096 111 400 1.9586 1.1115 166.7
F4096 111 500 1.8352 0.9149 206.3
F4096 111 600 1.7525 0.9538 246.4
F4096 111 700 1.639 0.9046 287.6
F4096 111 800 1.6 0.9106 328.1
F4096 111 900 1.5552 0.8993 368.8
F4096 111 1000 1.5451 0.9166 404.9
F4096 111 1100 1.4898 0.945 435.1
F4096 111 1200 1.3998 0.9098 464.9
F4096 111 1300 1.432 0.8646 495.0
F4096 111 1400 1.4007 0.8904 525.0
F4096 111 1500 1.3332 0.8603 555.2
F4096 111 1600 1.3721 0.8896 584.1
F4096 111 1700 1.3412 0.8898 612.7
F4096 111 1800 1.3025 0.9018 642.1
F4096 111 1900 1.2828 0.856 672.2
done 702.4 test_nll 1.5451688804581185
