F4096 115 0 3.7574 0.9161 4.2
F4096 115 100 2.5882 1.2277 44.8
F4096 115 200 2.3136 0.9642 84.9
F4096 115 300 2.1762 0.9975 125.5
F4096 115 400 1.9717 0.9264 165.3
F4096 115 500 1.8166 0.9562 206.2
F4096 115 600 1.7036 0.9639 246.2
F4096 115 700 1.7003 0.9455 286.6
F4096 115 800 1.5953 0.937 327.6
F4096 115 900 1.5797 0.9058 368.8
F4096 115 1000 1.5614 0.9399 404.8
F4096 115 1100 1.4457 0.9072 435.5
F4096 115 1200 1.4676 0.9039 465.7
F4096 115 1300 1.3925 0.8829 495.4
F4096 115 1400 1.39 0.9303 525.4
F4096 115 1500 1.3829 0.8841 555.2
F4096 115 1600 1.3691 0.8988 585.4
F4096 115 1700 1.3533 0.8857 615.0
F4096 115 1800 1.3241 0.9098 644.4
F4096 115 1900 1.3291 0.8664 674.3
done 703.9 test_nll 1.5366405971401584
