F4096 118 0 3.7584 0.9618 6.0
F4096 118 100 2.5948 0.9842 56.9
F4096 118 200 2.3419 0.9473 113.4
F4096 118 300 2.169 0.9427 166.6
F4096 118 400 1.9684 0.9288 237.1
F4096 118 500 1.7666 0.9399 281.4
F4096 118 600 1.7466 0.9123 324.6
F4096 118 700 1.5827 0.9569 368.1
F4096 118 800 1.5685 0.9236 410.6
F4096 118 900 1.5557 0.9201 454.8
F4096 118 1000 1.4879 0.9919 490.5
F4096 118 1100 1.4277 0.9583 521.5
F4096 118 1200 1.3829 0.8906 552.5
F4096 118 1300 1.3966 0.9218 584.0
F4096 118 1400 1.336 0.8957 616.3
F4096 118 1500 1.3779 0.9625 648.9
F4096 118 1600 1.2961 0.9395 680.1
F4096 118 1700 1.3151 0.9252 711.6
F4096 118 1800 1.2885 0.9397 742.9
F4096 118 1900 1.2722 0.9566 775.4
done 807.5 test_nll 1.520246718596396
