F4096 120 0 3.7345 0.9139 4.5
F4096 120 100 2.6256 1.0095 46.2
F4096 120 200 2.3907 0.9656 87.8
F4096 120 300 2.1986 0.9331 129.8
F4096 120 400 1.9647 0.9397 171.5
F4096 120 500 1.8277 0.9934 212.2
F4096 120 600 1.7412 1.095 253.3
F4096 120 700 1.6483 0.913 295.5
F4096 120 800 1.5722 0.9744 338.4
F4096 120 900 1.5612 0.9242 379.2
F4096 120 1000 1.5049 0.9275 416.6
F4096 120 1100 1.5253 0.9458 447.7
F4096 120 1200 1.4046 0.91 477.6
F4096 120 1300 1.4221 0.8771 508.4
F4096 120 1400 1.3712 0.8935 539.0
F4096 120 1500 1.3611 0.8861 570.2
F4096 120 1600 1.3697 0.9197 601.2
F4096 120 1700 1.3019 0.8805 631.3
F4096 120 1800 1.3137 0.8831 662.9
F4096 120 1900 1.3091 0.8763 695.0
done 727.1 test_nll 1.5243873506427912
