F4096 116 0 3.7446 0.8763 4.3
F4096 116 100 2.6384 0.9749 45.3
F4096 116 200 2.3418 1.0802 86.1
F4096 116 300 2.1787 1.1529 127.7
F4096 116 400 1.9362 1.1305 169.4
F4096 116 500 1.8058 0.8976 211.8
F4096 116 600 1.7791 0.9879 253.0
F4096 116 700 1.6438 0.903 294.1
F4096 116 800 1.6157 0.9243 334.6
F4096 116 900 1.5743 0.9718 375.5
F4096 116 1000 1.5721 0.9473 409.8
F4096 116 1100 1.4767 0.9598 440.1
F4096 116 1200 1.4107 0.8828 470.8
F4096 116 1300 1.4585 0.9297 500.6
F4096 116 1400 1.3962 0.8616 530.1
F4096 116 1500 1.3922 0.8832 560.9
F4096 116 1600 1.353 0.9205 591.3
F4096 116 1700 1.3347 0.8751 621.2
F4096 116 1800 1.3251 0.9271 651.2
F4096 116 1900 1.3593 0.8878 682.0
done 712.5 test_nll 1.5314454238770996
