F4096 112 0 3.7642 0.9526 4.2
F4096 112 100 2.5763 0.9594 45.5
F4096 112 200 2.3638 1.0755 87.3
F4096 112 300 2.1428 1.2142 129.3
F4096 112 400 1.9926 0.9388 169.9
F4096 112 500 1.8733 0.9328 211.8
F4096 112 600 1.6816 0.8921 253.3
F4096 112 700 1.6313 0.8955 296.3
F4096 112 800 1.5545 0.9955 338.4
F4096 112 900 1.5595 0.9505 379.9
F4096 112 1000 1.5132 0.9224 416.8
F4096 112 1100 1.46 0.878 448.1
F4096 112 1200 1.4033 0.9481 479.5
F4096 112 1300 1.3559 0.9112 510.5
F4096 112 1400 1.3496 0.8595 541.6
F4096 112 1500 1.3179 0.8433 572.4
F4096 112 1600 1.3122 0.8831 603.9
F4096 112 1700 1.3475 0.9233 634.7
F4096 112 1800 1.3236 0.8765 665.8
F4096 112 1900 1.3262 0.9166 696.6
done 727.7 test_nll 1.5258112800352273
