N1024 112 0 3.7642 1.0005 4.4
N1024 112 100 2.5198 1.0006 23.8
N1024 112 200 2.3255 1.0007 42.8
N1024 112 300 2.1093 1.0006 61.9
N1024 112 400 1.9787 1.0005 80.7
N1024 112 500 1.869 1.0006 100.1
N1024 112 600 1.7148 1.0005 119.4
N1024 112 700 1.6594 1.0006 138.6
N1024 112 800 1.6059 1.0005 157.7
N1024 112 900 1.6057 1.0005 177.3
N1024 112 1000 1.5462 1.0005 196.8
N1024 112 1100 1.5068 1.0006 215.8
N1024 112 1200 1.4453 1.0005 235.6
N1024 112 1300 1.3984 1.0005 254.4
N1024 112 1400 1.4031 1.0005 273.4
N1024 112 1500 1.3599 1.0005 284.1
N1024 112 1600 1.3648 1.0005 293.5
N1024 112 1700 1.4002 1.0005 302.8
N1024 112 1800 1.3642 1.0005 312.4
N1024 112 1900 1.3642 1.0005 321.7
done 331.0 test_nll 1.5400796195712751
