N1024 111 0 3.7518 1.0005 4.4
N1024 111 100 2.5144 1.0006 23.0
N1024 111 200 2.3449 1.0006 42.0
N1024 111 300 2.074 1.0006 60.4
N1024 111 400 1.9207 1.0005 78.6
N1024 111 500 1.8121 1.0005 97.6
N1024 111 600 1.7305 1.0005 116.5
N1024 111 700 1.6523 1.0005 135.7
N1024 111 800 1.6053 1.0005 154.8
N1024 111 900 1.5538 1.0005 173.6
N1024 111 1000 1.5605 1.0006 192.1
N1024 111 1100 1.5048 1.0005 210.3
N1024 111 1200 1.4173 1.0005 228.8
N1024 111 1300 1.4676 1.0005 248.0
N1024 111 1400 1.4011 1.0005 267.1
N1024 111 1500 1.3733 1.0005 278.1
N1024 111 1600 1.3944 1.0005 287.2
N1024 111 1700 1.3725 1.0005 296.9
N1024 111 1800 1.3383 1.0005 306.6
N1024 111 1900 1.3235 1.0005 316.2
done 325.4 test_nll 1.535174485232185
