N1024 117 0 3.7499 1.0004 4.5
N1024 117 100 2.5327 1.0006 23.1
N1024 117 200 2.3189 1.0006 42.1
N1024 117 300 2.0661 1.0006 61.2
N1024 117 400 1.9444 1.0006 81.0
N1024 117 500 1.8274 1.0005 101.2
N1024 117 600 1.6866 1.0006 120.5
N1024 117 700 1.6522 1.0005 139.6
N1024 117 800 1.6098 1.0005 159.0
N1024 117 900 1.6065 1.0005 178.1
N1024 117 1000 1.5692 1.0005 196.9
N1024 117 1100 1.5728 1.0006 216.2
N1024 117 1200 1.4465 1.0006 235.3
N1024 117 1300 1.4292 1.0005 255.0
N1024 117 1400 1.4019 1.0005 274.5
N1024 117 1500 1.3856 1.0005 284.3
N1024 117 1600 1.3419 1.0005 293.6
N1024 117 1700 1.3558 1.0005 303.2
N1024 117 1800 1.3531 1.0004 312.9
N1024 117 1900 1.3974 1.0005 322.6
done 332.0 test_nll 1.545041303268044
