N1024 115 0 3.7574 1.0005 4.3
N1024 115 100 2.5073 1.0006 23.6
N1024 115 200 2.2697 1.0006 42.8
N1024 115 300 2.1436 1.0006 61.6
N1024 115 400 1.9762 1.0006 80.8
N1024 115 500 1.8166 1.0006 100.2
N1024 115 600 1.7432 1.0006 119.0
N1024 115 700 1.7312 1.0006 137.8
N1024 115 800 1.6014 1.0006 156.5
N1024 115 900 1.6161 1.0005 175.1
N1024 115 1000 1.5788 1.0006 194.0
N1024 115 1100 1.4698 1.0005 212.8
N1024 115 1200 1.5054 1.0005 231.2
N1024 115 1300 1.4103 1.0005 249.9
N1024 115 1400 1.4217 1.0005 268.5
N1024 115 1500 1.3925 1.0005 279.1
N1024 115 1600 1.4054 1.0005 288.2
N1024 115 1700 1.3856 1.0005 297.1
N1024 115 1800 1.3707 1.0005 306.1
N1024 115 1900 1.3606 1.0005 315.6
done 325.1 test_nll 1.5448817576244336
