N1024 113 0 3.7406 1.0005 4.2
N1024 113 100 2.5284 1.0006 23.1
N1024 113 200 2.2822 1.0006 41.8
N1024 113 300 2.1452 1.0006 61.2
N1024 113 400 2.0012 1.0006 80.6
N1024 113 500 1.8904 1.0005 100.7
N1024 113 600 1.7981 1.0006 120.4
N1024 113 700 1.6713 1.0005 140.1
N1024 113 800 1.6429 1.0005 159.3
N1024 113 900 1.6203 1.0005 178.9
N1024 113 1000 1.5304 1.0005 198.8
N1024 113 1100 1.4485 1.0005 218.0
N1024 113 1200 1.4246 1.0005 237.0
N1024 113 1300 1.4314 1.0005 256.0
N1024 113 1400 1.3889 1.0005 275.2
N1024 113 1500 1.4405 1.0005 285.2
N1024 113 1600 1.377 1.0005 295.0
N1024 113 1700 1.3534 1.0005 304.7
N1024 113 1800 1.3447 1.0005 314.2
N1024 113 1900 1.3549 1.0005 323.9
done 333.4 test_nll 1.5499666107039989
