N1024 110 0 3.7529 1.0005 5.2
N1024 110 100 2.5409 1.0006 23.8
N1024 110 200 2.361 1.0006 42.6
N1024 110 300 2.1516 1.0006 71.5
N1024 110 400 1.9447 1.0006 99.5
N1024 110 500 1.845 1.0005 125.3
N1024 110 600 1.7488 1.0006 144.3
N1024 110 700 1.6383 1.0005 173.7
N1024 110 800 1.5684 1.0006 196.0
N1024 110 900 1.5334 1.0006 215.5
N1024 110 1000 1.545 1.0005 234.9
N1024 110 1100 1.5398 1.0005 254.5
N1024 110 1200 1.4897 1.0005 273.8
N1024 110 1300 1.4347 1.0005 292.8
N1024 110 1400 1.4224 1.0005 309.1
N1024 110 1500 1.3533 1.0005 318.5
N1024 110 1600 1.3549 1.0005 328.1
N1024 110 1700 1.3642 1.0005 337.5
N1024 110 1800 1.3959 1.0005 347.2
N1024 110 1900 1.3343 1.0005 356.9
done 366.8 test_nll 1.5448829098093688
