N1024 121 0 3.7344 1.0005 4.4
N1024 121 100 2.5606 1.0006 24.8
N1024 121 200 2.3035 1.0006 44.9
N1024 121 300 2.1191 1.0006 65.0
N1024 121 400 1.9291 1.0006 85.0
N1024 121 500 1.8719 1.0006 105.7
N1024 121 600 1.7547 1.0005 125.5
N1024 121 700 1.7611 1.0005 145.4
N1024 121 800 1.6457 1.0005 164.6
N1024 121 900 1.6023 1.0005 183.9
N1024 121 1000 1.5549 1.0005 203.9
N1024 121 1100 1.4289 1.0006 223.4
N1024 121 1200 1.4614 1.0005 242.8
N1024 121 1300 1.4011 1.0005 262.1
N1024 121 1400 1.4557 1.0005 281.4
N1024 121 1500 1.4014 1.0005 291.1
N1024 121 1600 1.4123 1.0005 300.4
N1024 121 1700 1.4078 1.0005 309.6
N1024 121 1800 1.3125 1.0005 319.2
N1024 121 1900 1.3942 1.0005 328.7
done 338.1 test_nll 1.5525227405123319
