N1024 116 0 3.7446 1.0005 4.4
N1024 116 100 2.5548 1.0007 23.0
N1024 116 200 2.3092 1.0006 42.1
N1024 116 300 2.1304 1.0006 61.1
N1024 116 400 1.9374 1.0006 80.7
N1024 116 500 1.8308 1.0005 100.5
N1024 116 600 1.7939 1.0006 119.4
N1024 116 700 1.6751 1.0005 138.6
N1024 116 800 1.6531 1.0006 157.7
N1024 116 900 1.5903 1.0006 176.5
N1024 116 1000 1.5731 1.0006 195.7
N1024 116 1100 1.4872 1.0005 214.5
N1024 116 1200 1.4424 1.0005 233.4
N1024 116 1300 1.49 1.0006 252.0
N1024 116 1400 1.4177 1.0005 271.0
N1024 116 1500 1.4306 1.0005 281.2
N1024 116 1600 1.3842 1.0005 290.3
N1024 116 1700 1.3738 1.0005 299.7
N1024 116 1800 1.3644 1.0005 309.5
N1024 116 1900 1.3799 1.0005 318.8
done 328.1 test_nll 1.5542644168751647
