N1024 120 0 3.7345 1.0005 4.3
N1024 120 100 2.5494 1.0006 23.6
N1024 120 200 2.3546 1.0007 42.6
N1024 120 300 2.1101 1.0006 61.8
N1024 120 400 1.9255 1.0006 81.1
N1024 120 500 1.8237 1.0006 100.5
N1024 120 600 1.7362 1.0006 120.4
N1024 120 700 1.6734 1.0006 140.1
N1024 120 800 1.5872 1.0006 159.5
N1024 120 900 1.574 1.0005 179.1
N1024 120 1000 1.5021 1.0005 199.5
N1024 120 1100 1.5382 1.0005 218.9
N1024 120 1200 1.4261 1.0005 238.3
N1024 120 1300 1.4539 1.0006 258.1
N1024 120 1400 1.3978 1.0005 277.9
N1024 120 1500 1.3949 1.0005 287.6
N1024 120 1600 1.4047 1.0005 297.4
N1024 120 1700 1.3266 1.0005 307.1
N1024 120 1800 1.3396 1.0005 317.0
N1024 120 1900 1.3499 1.0005 326.9
done 336.7 test_nll 1.5544701676074526
