N1024 118 0 3.7584 1.0004 4.5
N1024 118 100 2.5254 1.0006 24.1
N1024 118 200 2.3005 1.0006 43.8
N1024 118 300 2.0965 1.0006 63.1
N1024 118 400 1.9502 1.0005 82.1
N1024 118 500 1.7706 1.0005 101.5
N1024 118 600 1.7693 1.0005 120.7
N1024 118 700 1.6217 1.0005 139.8
N1024 118 800 1.6121 1.0005 159.0
N1024 118 900 1.5892 1.0005 178.5
N1024 118 1000 1.551 1.0006 198.9
N1024 118 1100 1.4792 1.0005 218.5
N1024 118 1200 1.4306 1.0005 238.4
N1024 118 1300 1.4478 1.0005 258.2
N1024 118 1400 1.3841 1.0005 277.6
N1024 118 1500 1.4356 1.0005 287.8
N1024 118 1600 1.3686 1.0005 298.6
N1024 118 1700 1.3732 1.0005 308.6
N1024 118 1800 1.3494 1.0005 318.7
N1024 118 1900 1.3421 1.0005 328.9
done 340.3 test_nll 1.5377876431691957
