N1024 119 0 3.7515 1.0005 4.3
N1024 119 100 2.537 1.0005 24.4
N1024 119 200 2.3367 1.0006 44.5
N1024 119 300 2.1178 1.0006 64.3
N1024 119 400 1.9219 1.0006 84.0
N1024 119 500 1.8549 1.0006 104.1
N1024 119 600 1.7342 1.0006 124.1
N1024 119 700 1.7422 1.0005 144.1
N1024 119 800 1.6147 1.0005 163.8
N1024 119 900 1.5974 1.0005 183.3
N1024 119 1000 1.5386 1.0005 203.0
N1024 119 1100 1.4599 1.0006 223.3
N1024 119 1200 1.4252 1.0005 244.0
N1024 119 1300 1.4475 1.0005 264.3
N1024 119 1400 1.4139 1.0005 284.9
N1024 119 1500 1.4111 1.0005 295.4
N1024 119 1600 1.4027 1.0005 305.4
N1024 119 1700 1.312 1.0005 315.2
N1024 119 1800 1.3787 1.0005 325.0
N1024 119 1900 1.3923 1.0005 334.8
done 344.8 test_nll 1.5468245706955628
