N1024 114 0 3.7363 1.0005 4.2
N1024 114 100 2.5255 1.0006 23.2
N1024 114 200 2.3198 1.0007 41.5
N1024 114 300 2.0815 1.0006 60.0
N1024 114 400 1.9369 1.0006 78.9
N1024 114 500 1.811 1.0005 98.2
N1024 114 600 1.7528 1.0006 116.9
N1024 114 700 1.6525 1.0006 136.1
N1024 114 800 1.6245 1.0005 154.4
N1024 114 900 1.5846 1.0005 172.8
N1024 114 1000 1.5561 1.0005 192.5
N1024 114 1100 1.4597 1.0005 211.5
N1024 114 1200 1.4857 1.0005 231.6
N1024 114 1300 1.4128 1.0005 250.9
N1024 114 1400 1.4375 1.0005 270.0
N1024 114 1500 1.3854 1.0005 281.1
N1024 114 1600 1.4354 1.0005 290.5
N1024 114 1700 1.3413 1.0005 300.1
N1024 114 1800 1.3489 1.0005 310.0
N1024 114 1900 1.3662 1.0005 319.6
done 329.2 test_nll 1.544654879008693
