N1 118 0 3.7584 1.0004 4.6
N1 118 100 2.5254 1.0009 18.5
N1 118 200 2.3003 1.0007 32.1
N1 118 300 2.1057 1.0 45.7
N1 118 400 1.9558 1.0001 58.9
N1 118 500 1.7728 1.0005 72.5
N1 118 600 1.7712 1.0013 86.1
N1 118 700 1.6236 1.0008 99.4
N1 118 800 1.6157 1.0004 112.8
N1 118 900 1.5854 0.9997 125.9
N1 118 1000 1.5524 1.0007 139.5
N1 118 1100 1.4748 1.0 153.0
N1 118 1200 1.4276 1.0028 166.6
N1 118 1300 1.4502 1.0003 180.5
N1 118 1400 1.3842 1.0002 194.4
N1 118 1500 1.4338 0.9998 208.3
N1 118 1600 1.3625 1.0006 222.1
N1 118 1700 1.367 1.0005 235.8
N1 118 1800 1.3462 1.0003 250.1
N1 118 1900 1.3455 1.0006 264.0
done 277.6 test_nll 1.541046551821411
