N1 111 0 3.7518 1.0006 4.5
N1 111 100 2.5143 1.0007 17.6
N1 111 200 2.3443 1.0003 31.0
N1 111 300 2.0679 1.0004 44.3
N1 111 400 1.9207 1.0011 56.9
N1 111 500 1.8099 1.001 70.1
N1 111 600 1.7344 1.0004 82.9
N1 111 700 1.6525 1.0 96.2
N1 111 800 1.6018 1.0013 109.4
N1 111 900 1.5531 1.0005 122.6
N1 111 1000 1.5521 1.0013 136.3
N1 111 1100 1.5058 1.0004 149.6
N1 111 1200 1.4196 1.0022 162.5
N1 111 1300 1.4612 1.0025 175.8
N1 111 1400 1.397 1.0004 189.1
N1 111 1500 1.3702 1.0004 202.1
N1 111 1600 1.3893 1.0006 215.0
N1 111 1700 1.3701 1.0002 228.6
N1 111 1800 1.3395 0.9998 242.4
N1 111 1900 1.3237 1.0008 255.9
done 269.4 test_nll 1.5342737284640027
