N1 117 0 3.7499 1.0004 4.4
N1 117 100 2.5328 1.0001 17.5
N1 117 200 2.3186 1.0007 30.8
N1 117 300 2.0645 1.0001 44.1
N1 117 400 1.9576 0.9998 57.4
N1 117 500 1.8294 0.9999 70.8
N1 117 600 1.6887 1.0012 85.0
N1 117 700 1.6544 1.0 99.3
N1 117 800 1.6177 1.0005 112.7
N1 117 900 1.6099 1.0009 126.1
N1 117 1000 1.5685 1.0021 139.7
N1 117 1100 1.5778 0.9999 153.2
N1 117 1200 1.4456 1.0008 166.4
N1 117 1300 1.4294 1.0008 179.6
N1 117 1400 1.4042 1.0005 192.9
N1 117 1500 1.3844 1.0005 206.8
N1 117 1600 1.3347 1.0005 220.1
N1 117 1700 1.3557 1.0001 233.5
N1 117 1800 1.3541 1.0002 247.2
N1 117 1900 1.3961 1.0005 261.2
done 274.7 test_nll 1.5504019205845503
