N1 116 0 3.7446 1.0005 4.2
N1 116 100 2.5548 1.0021 17.5
N1 116 200 2.3122 1.0004 30.6
N1 116 300 2.1237 1.0008 44.1
N1 116 400 1.9363 1.0001 57.6
N1 116 500 1.8281 1.0007 71.2
N1 116 600 1.787 1.0003 84.5
N1 116 700 1.6732 1.0002 97.9
N1 116 800 1.6536 1.0001 111.4
N1 116 900 1.5907 0.9999 124.9
N1 116 1000 1.5801 1.0 138.9
N1 116 1100 1.4859 1.0004 152.2
N1 116 1200 1.4392 1.0011 165.4
N1 116 1300 1.4868 1.0017 178.6
N1 116 1400 1.411 1.0006 191.8
N1 116 1500 1.4249 1.0051 204.9
N1 116 1600 1.3826 1.0006 218.1
N1 116 1700 1.375 1.0008 231.6
N1 116 1800 1.3679 1.0008 244.5
N1 116 1900 1.3825 1.0003 257.3
done 270.6 test_nll 1.5583028590154706
