N1 112 0 3.7642 1.0011 4.5
N1 112 100 2.5198 1.0016 18.2
N1 112 200 2.3248 1.0009 31.5
N1 112 300 2.1037 0.9998 45.0
N1 112 400 1.9758 1.0028 58.6
N1 112 500 1.8674 1.002 72.5
N1 112 600 1.7153 1.0003 85.6
N1 112 700 1.6591 1.0009 99.2
N1 112 800 1.6051 1.0006 112.8
N1 112 900 1.6053 1.0009 126.0
N1 112 1000 1.5484 1.0003 140.0
N1 112 1100 1.5061 1.0008 153.2
N1 112 1200 1.4433 1.0 167.1
N1 112 1300 1.3972 1.0005 180.9
N1 112 1400 1.4067 1.0003 194.3
N1 112 1500 1.3601 0.9998 207.8
N1 112 1600 1.3673 1.0008 221.5
N1 112 1700 1.3974 1.0 235.5
N1 112 1800 1.3636 1.0 249.0
N1 112 1900 1.3609 1.0011 262.7
done 275.9 test_nll 1.5405331303208774
