N1 113 0 3.7406 1.0 4.6
N1 113 100 2.5285 1.0003 17.7
N1 113 200 2.2657 1.0001 31.3
N1 113 300 2.1424 1.0008 44.7
N1 113 400 2.0029 1.0002 58.3
N1 113 500 1.8806 1.0008 71.7
N1 113 600 1.7942 1.0008 85.2
N1 113 700 1.6765 0.9998 99.0
N1 113 800 1.6368 1.0 112.8
N1 113 900 1.6205 1.0003 126.9
N1 113 1000 1.5351 1.0013 140.7
N1 113 1100 1.4464 1.0023 154.3
N1 113 1200 1.4274 1.0002 168.0
N1 113 1300 1.435 0.9996 181.8
N1 113 1400 1.3837 1.0004 195.2
N1 113 1500 1.4488 1.0004 208.8
N1 113 1600 1.3757 1.0001 222.4
N1 113 1700 1.345 1.0001 235.9
N1 113 1800 1.3366 0.9998 249.2
N1 113 1900 1.3503 1.0003 263.0
done 276.3 test_nll 1.5512690692588198
