N1 121 0 3.7344 1.0 4.7
N1 121 100 2.5606 0.9992 19.0
N1 121 200 2.3034 1.0004 32.9
N1 121 300 2.1166 0.9997 46.5
N1 121 400 1.9277 1.0016 60.5
N1 121 500 1.8731 1.0012 74.6
N1 121 600 1.758 1.0001 88.6
N1 121 700 1.7589 0.9996 102.3
N1 121 800 1.647 0.9999 115.8
N1 121 900 1.6042 0.9997 129.7
N1 121 1000 1.5589 1.0005 143.9
N1 121 1100 1.4313 1.0002 157.7
N1 121 1200 1.4612 1.0001 171.0
N1 121 1300 1.4027 1.0 184.3
N1 121 1400 1.4566 1.0 198.2
N1 121 1500 1.404 1.0016 212.2
N1 121 1600 1.4133 1.0017 226.3
N1 121 1700 1.4016 1.0003 239.8
N1 121 1800 1.3144 1.0001 253.3
N1 121 1900 1.3875 1.0006 266.8
done 280.6 test_nll 1.5498848320836454
