N1 120 0 3.7345 1.0012 4.3
N1 120 100 2.5494 1.0023 17.6
N1 120 200 2.3545 1.0016 30.8
N1 120 300 2.1101 1.0005 43.9
N1 120 400 1.9283 0.9999 57.4
N1 120 500 1.8283 1.0022 71.1
N1 120 600 1.7391 0.9999 84.4
N1 120 700 1.676 1.0011 97.6
N1 120 800 1.5906 1.0012 111.4
N1 120 900 1.5754 1.0008 125.5
N1 120 1000 1.5013 1.0009 139.6
N1 120 1100 1.5393 1.0006 153.0
N1 120 1200 1.4276 1.0002 166.9
N1 120 1300 1.4559 1.0002 180.7
N1 120 1400 1.3996 1.0005 194.6
N1 120 1500 1.3963 0.9998 208.7
N1 120 1600 1.4043 1.0013 222.2
N1 120 1700 1.3255 1.0004 236.0
N1 120 1800 1.3395 1.0005 250.0
N1 120 1900 1.3504 1.0 263.7
done 277.5 test_nll 1.5530300267418111
