N1 115 0 3.7574 1.0 4.2
N1 115 100 2.5073 1.0002 17.9
N1 115 200 2.2695 1.0007 31.5
N1 115 300 2.1441 0.9999 44.7
N1 115 400 1.9776 1.0009 57.7
N1 115 500 1.8178 1.0008 71.5
N1 115 600 1.745 1.0008 85.1
N1 115 700 1.7304 1.0001 98.5
N1 115 800 1.5964 1.0002 111.8
N1 115 900 1.6159 1.0002 125.3
N1 115 1000 1.5805 1.0 138.7
N1 115 1100 1.4694 1.0007 152.0
N1 115 1200 1.5009 1.0003 165.2
N1 115 1300 1.4069 1.0004 178.5
N1 115 1400 1.4172 1.001 191.7
N1 115 1500 1.3921 1.0008 205.3
N1 115 1600 1.4107 1.0006 218.5
N1 115 1700 1.3819 1.0007 231.7
N1 115 1800 1.3685 1.0002 245.0
N1 115 1900 1.3557 1.0005 258.4
done 271.2 test_nll 1.5474274884958363
