N1 114 0 3.7363 1.0 4.2
N1 114 100 2.5256 1.0021 17.5
N1 114 200 2.3199 1.0006 30.6
N1 114 300 2.0805 0.9999 43.5
N1 114 400 1.9369 0.9999 57.0
N1 114 500 1.811 1.0007 70.5
N1 114 600 1.7529 1.0025 83.8
N1 114 700 1.6526 1.0001 97.2
N1 114 800 1.624 1.0005 110.3
N1 114 900 1.5846 1.0 123.6
N1 114 1000 1.5556 0.9999 137.2
N1 114 1100 1.4594 1.0011 150.4
N1 114 1200 1.4856 1.0 163.6
N1 114 1300 1.4122 1.0019 176.8
N1 114 1400 1.4379 0.9999 190.5
N1 114 1500 1.3854 1.0007 203.9
N1 114 1600 1.4349 1.0024 217.8
N1 114 1700 1.3409 1.001 231.6
N1 114 1800 1.3491 1.0006 245.0
N1 114 1900 1.3649 0.9999 258.3
done 271.8 test_nll 1.5439320757103216
