N1 110 0 3.7529 1.0008 5.1
N1 110 100 2.5409 1.0005 18.7
N1 110 200 2.3607 1.0002 31.9
N1 110 300 2.1521 0.9998 46.0
N1 110 400 1.9445 1.0006 64.8
N1 110 500 1.8452 1.0002 82.6
N1 110 600 1.7492 1.0002 100.7
N1 110 700 1.6376 1.0001 118.4
N1 110 800 1.5691 1.0007 131.8
N1 110 900 1.5335 1.0002 145.8
N1 110 1000 1.5446 1.0017 163.9
N1 110 1100 1.5398 1.0003 182.5
N1 110 1200 1.4896 1.0004 196.4
N1 110 1300 1.4345 1.0014 210.5
N1 110 1400 1.4227 1.0017 224.3
N1 110 1500 1.3532 1.0003 238.0
N1 110 1600 1.3546 1.0009 251.7
N1 110 1700 1.363 1.0017 265.2
N1 110 1800 1.3965 1.0005 278.7
N1 110 1900 1.3337 1.0 291.9
done 305.6 test_nll 1.5429858422658393
