N1 119 0 3.7515 1.0001 4.3
N1 119 100 2.5369 1.0002 18.5
N1 119 200 2.3367 0.9999 32.4
N1 119 300 2.1175 0.9999 46.5
N1 119 400 1.9214 0.9994 60.3
N1 119 500 1.8547 0.9999 74.6
N1 119 600 1.7338 0.9998 88.2
N1 119 700 1.7425 1.001 102.1
N1 119 800 1.6145 1.0007 116.0
N1 119 900 1.5969 1.0002 129.8
N1 119 1000 1.5394 1.0008 144.2
N1 119 1100 1.4597 1.0014 157.8
N1 119 1200 1.425 0.9998 172.0
N1 119 1300 1.4477 1.0001 185.9
N1 119 1400 1.4142 1.0001 199.6
N1 119 1500 1.4101 1.0002 213.7
N1 119 1600 1.4014 1.0002 228.1
N1 119 1700 1.3115 1.0002 242.7
N1 119 1800 1.3783 1.0002 256.9
N1 119 1900 1.3919 1.0001 271.2
done 285.3 test_nll 1.5472916698580663
