N4096 117 0 3.7499 1.0005 4.5
N4096 117 100 2.5327 1.0006 45.9
N4096 117 200 2.3189 1.0006 87.3
N4096 117 300 2.0659 1.0006 128.6
N4096 117 400 1.9441 1.0006 170.6
N4096 117 500 1.8282 1.0005 213.1
N4096 117 600 1.6871 1.0006 254.9
N4096 117 700 1.6519 1.0005 296.9
N4096 117 800 1.6102 1.0005 338.4
N4096 117 900 1.6062 1.0005 380.6
N4096 117 1000 1.569 1.0005 415.6
N4096 117 1100 1.5726 1.0005 446.7
N4096 117 1200 1.4456 1.0005 477.7
N4096 117 1300 1.4293 1.0005 509.4
N4096 117 1400 1.4019 1.0005 540.1
N4096 117 1500 1.3854 1.0005 571.0
N4096 117 1600 1.3419 1.0005 602.4
N4096 117 1700 1.3558 1.0005 633.1
N4096 117 1800 1.3534 1.0005 664.3
N4096 117 1900 1.3971 1.0005 695.7
done 723.0 test_nll 1.5454811823244263
