N4096 110 0 3.7529 1.0005 4.7
N4096 110 100 2.5409 1.0006 45.9
N4096 110 200 2.361 1.0006 87.4
N4096 110 300 2.1516 1.0006 129.2
N4096 110 400 1.9448 1.0006 169.9
N4096 110 500 1.845 1.0006 210.9
N4096 110 600 1.7488 1.0005 252.3
N4096 110 700 1.6383 1.0005 294.8
N4096 110 800 1.5684 1.0006 336.7
N4096 110 900 1.5334 1.0005 377.9
N4096 110 1000 1.545 1.0005 413.1
N4096 110 1100 1.5399 1.0005 444.3
N4096 110 1200 1.4897 1.0005 474.8
N4096 110 1300 1.4347 1.0005 505.0
N4096 110 1400 1.4224 1.0005 536.9
N4096 110 1500 1.3534 1.0005 568.5
N4096 110 1600 1.3549 1.0005 600.1
N4096 110 1700 1.3643 1.0005 631.6
N4096 110 1800 1.3959 1.0005 663.2
N4096 110 1900 1.3344 1.0005 693.9
done 721.7 test_nll 1.5449535444813645
