N4096 119 0 3.7515 1.0005 4.6
N4096 119 100 2.537 1.0006 48.3
N4096 119 200 2.3367 1.0006 91.9
N4096 119 300 2.1179 1.0006 135.3
N4096 119 400 1.9219 1.0006 178.2
N4096 119 500 1.8549 1.0006 220.4
N4096 119 600 1.7342 1.0005 263.1
N4096 119 700 1.7421 1.0005 305.4
N4096 119 800 1.6147 1.0005 348.3
N4096 119 900 1.5974 1.0005 390.6
N4096 119 1000 1.5386 1.0005 426.5
N4096 119 1100 1.4599 1.0005 457.6
N4096 119 1200 1.4252 1.0005 489.2
N4096 119 1300 1.4475 1.0005 521.1
N4096 119 1400 1.4139 1.0005 552.9
N4096 119 1500 1.4111 1.0005 584.3
N4096 119 1600 1.4027 1.0005 615.3
N4096 119 1700 1.312 1.0005 646.7
N4096 119 1800 1.3787 1.0005 677.7
N4096 119 1900 1.3923 1.0005 709.0
done 735.8 test_nll 1.5468546710131952
