N4096 112 0 3.7642 1.0005 4.7
N4096 112 100 2.5198 1.0006 46.5
N4096 112 200 2.3255 1.0006 89.3
N4096 112 300 2.1099 1.0006 131.9
N4096 112 400 1.9773 1.0006 173.5
N4096 112 500 1.8688 1.0005 216.0
N4096 112 600 1.7149 1.0005 258.1
N4096 112 700 1.6595 1.0005 300.5
N4096 112 800 1.6062 1.0006 342.6
N4096 112 900 1.6069 1.0005 384.5
N4096 112 1000 1.5462 1.0005 420.1
N4096 112 1100 1.5065 1.0005 451.5
N4096 112 1200 1.4454 1.0005 483.0
N4096 112 1300 1.3978 1.0005 514.6
N4096 112 1400 1.4028 1.0005 546.1
N4096 112 1500 1.3595 1.0005 577.3
N4096 112 1600 1.3649 1.0005 609.2
N4096 112 1700 1.4005 1.0005 640.7
N4096 112 1800 1.3637 1.0005 672.1
N4096 112 1900 1.3637 1.0005 703.7
done 732.6 test_nll 1.540117139609144
