N4096 116 0 3.7446 1.0005 4.5
N4096 116 100 2.5548 1.0006 45.9
N4096 116 200 2.3089 1.0006 87.3
N4096 116 300 2.1194 1.0006 128.9
N4096 116 400 1.9305 1.0006 170.4
N4096 116 500 1.8362 1.0006 212.6
N4096 116 600 1.7913 1.0005 254.4
N4096 116 700 1.6772 1.0005 295.9
N4096 116 800 1.6555 1.0005 337.3
N4096 116 900 1.588 1.0006 378.5
N4096 116 1000 1.5764 1.0005 413.1
N4096 116 1100 1.4864 1.0005 444.0
N4096 116 1200 1.4378 1.0005 474.9
N4096 116 1300 1.4866 1.0005 505.9
N4096 116 1400 1.4171 1.0005 536.7
N4096 116 1500 1.4272 1.0005 567.8
N4096 116 1600 1.3824 1.0005 598.9
N4096 116 1700 1.3705 1.0005 629.8
N4096 116 1800 1.3612 1.0005 660.6
N4096 116 1900 1.3795 1.0005 692.1
done 719.4 test_nll 1.5581862118629706
