N4096 120 0 3.7345 1.0005 4.8
N4096 120 100 2.5494 1.0006 47.2
N4096 120 200 2.3546 1.0006 90.0
N4096 120 300 2.1101 1.0006 131.8
N4096 120 400 1.93 1.0006 173.7
N4096 120 500 1.8251 1.0005 215.7
N4096 120 600 1.7372 1.0006 258.7
N4096 120 700 1.6737 1.0005 301.0
N4096 120 800 1.5874 1.0005 343.2
N4096 120 900 1.5747 1.0005 385.2
N4096 120 1000 1.5017 1.0005 421.8
N4096 120 1100 1.5393 1.0005 453.8
N4096 120 1200 1.426 1.0005 485.3
N4096 120 1300 1.4533 1.0005 517.2
N4096 120 1400 1.3978 1.0005 548.6
N4096 120 1500 1.3946 1.0005 580.9
N4096 120 1600 1.4056 1.0005 612.7
N4096 120 1700 1.3266 1.0005 644.9
N4096 120 1800 1.3405 1.0005 677.2
N4096 120 1900 1.3505 1.0005 710.2
done 737.6 test_nll 1.554032120658374
