N4096 114 0 3.7363 1.0005 4.7
N4096 114 100 2.5256 1.0006 46.8
N4096 114 200 2.3198 1.0006 89.3
N4096 114 300 2.0815 1.0006 131.3
N4096 114 400 1.9369 1.0006 173.2
N4096 114 500 1.811 1.0006 215.6
N4096 114 600 1.7528 1.0005 256.7
N4096 114 700 1.6525 1.0006 298.5
N4096 114 800 1.6245 1.0006 339.6
N4096 114 900 1.5846 1.0006 380.6
N4096 114 1000 1.5561 1.0005 416.3
N4096 114 1100 1.4597 1.0006 447.0
N4096 114 1200 1.4857 1.0005 477.8
N4096 114 1300 1.4128 1.0005 508.7
N4096 114 1400 1.4375 1.0005 539.8
N4096 114 1500 1.3854 1.0005 570.9
N4096 114 1600 1.4354 1.0005 601.5
N4096 114 1700 1.3414 1.0005 632.5
N4096 114 1800 1.3488 1.0005 663.2
N4096 114 1900 1.3662 1.0005 694.3
done 720.9 test_nll 1.5446523876019902
