N4096 115 0 3.7574 1.0005 4.6
N4096 115 100 2.5073 1.0006 45.8
N4096 115 200 2.2697 1.0006 86.8
N4096 115 300 2.1436 1.0006 127.6
N4096 115 400 1.9776 1.0006 168.8
N4096 115 500 1.8162 1.0005 210.3
N4096 115 600 1.7423 1.0005 251.2
N4096 115 700 1.7307 1.0005 292.0
N4096 115 800 1.5999 1.0005 333.3
N4096 115 900 1.6159 1.0005 374.6
N4096 115 1000 1.5791 1.0005 410.6
N4096 115 1100 1.4699 1.0005 441.6
N4096 115 1200 1.5052 1.0005 472.6
N4096 115 1300 1.4108 1.0005 503.4
N4096 115 1400 1.4214 1.0005 534.0
N4096 115 1500 1.3918 1.0005 565.0
N4096 115 1600 1.4045 1.0005 596.1
N4096 115 1700 1.3859 1.0005 627.2
N4096 115 1800 1.3701 1.0005 658.5
N4096 115 1900 1.3595 1.0005 689.3
done 714.2 test_nll 1.544717985445545
