N4096 118 0 3.7584 1.0005 6.3
N4096 118 100 2.5254 1.0006 58.2
N4096 118 200 2.3005 1.0006 116.1
N4096 118 300 2.1026 1.0006 167.9
N4096 118 400 1.9564 1.0005 236.0
N4096 118 500 1.7705 1.0005 280.1
N4096 118 600 1.7713 1.0005 323.7
N4096 118 700 1.6215 1.0006 367.0
N4096 118 800 1.6128 1.0005 410.3
N4096 118 900 1.5881 1.0005 453.9
N4096 118 1000 1.5526 1.0005 490.5
N4096 118 1100 1.4793 1.0005 522.7
N4096 118 1200 1.4269 1.0005 554.6
N4096 118 1300 1.4481 1.0005 586.7
N4096 118 1400 1.3878 1.0005 620.0
N4096 118 1500 1.4394 1.0005 652.5
N4096 118 1600 1.3668 1.0005 684.6
N4096 118 1700 1.3716 1.0005 716.8
N4096 118 1800 1.35 1.0005 749.2
N4096 118 1900 1.3478 1.0005 781.8
done 812.1 test_nll 1.5410022268650791
