N4096 111 0 3.7518 1.0005 4.4
N4096 111 100 2.5144 1.0006 46.0
N4096 111 200 2.3449 1.0006 87.4
N4096 111 300 2.074 1.0006 128.6
N4096 111 400 1.9208 1.0006 169.4
N4096 111 500 1.8123 1.0005 210.2
N4096 111 600 1.7303 1.0005 251.9
N4096 111 700 1.6523 1.0005 293.3
N4096 111 800 1.605 1.0005 334.2
N4096 111 900 1.5539 1.0005 375.5
N4096 111 1000 1.5602 1.0005 410.8
N4096 111 1100 1.5046 1.0005 441.9
N4096 111 1200 1.4178 1.0005 472.8
N4096 111 1300 1.4683 1.0005 503.8
N4096 111 1400 1.4017 1.0005 535.1
N4096 111 1500 1.3731 1.0005 565.4
N4096 111 1600 1.3954 1.0005 596.1
N4096 111 1700 1.3722 1.0005 627.0
N4096 111 1800 1.3384 1.0005 658.4
N4096 111 1900 1.3236 1.0005 689.1
done 714.4 test_nll 1.5353917732425695
