N4096 121 0 3.7344 1.0005 4.4
N4096 121 100 2.5606 1.0006 46.3
N4096 121 200 2.3035 1.0006 88.2
N4096 121 300 2.119 1.0006 130.6
N4096 121 400 1.9287 1.0006 172.7
N4096 121 500 1.8718 1.0005 214.6
N4096 121 600 1.7549 1.0005 256.2
N4096 121 700 1.7605 1.0005 297.6
N4096 121 800 1.6451 1.0005 339.1
N4096 121 900 1.603 1.0005 380.6
N4096 121 1000 1.5548 1.0005 416.6
N4096 121 1100 1.4286 1.0005 447.9
N4096 121 1200 1.4613 1.0005 479.0
N4096 121 1300 1.4005 1.0005 510.9
N4096 121 1400 1.4555 1.0005 542.8
N4096 121 1500 1.4015 1.0005 574.3
N4096 121 1600 1.4121 1.0005 605.9
N4096 121 1700 1.4073 1.0005 636.8
N4096 121 1800 1.3119 1.0005 668.3
N4096 121 1900 1.3933 1.0005 699.8
done 724.1 test_nll 1.5520428815721035
