N4096 113 0 3.7406 1.0005 4.5
N4096 113 100 2.5284 1.0006 46.2
N4096 113 200 2.2712 1.0006 87.7
N4096 113 300 2.1395 1.0006 129.5
N4096 113 400 1.9893 1.0006 171.4
N4096 113 500 1.8845 1.0005 213.0
N4096 113 600 1.7911 1.0005 254.5
N4096 113 700 1.6697 1.0005 295.9
N4096 113 800 1.6426 1.0005 337.4
N4096 113 900 1.6153 1.0005 378.7
N4096 113 1000 1.5353 1.0005 414.3
N4096 113 1100 1.4472 1.0005 445.0
N4096 113 1200 1.4302 1.0005 475.9
N4096 113 1300 1.434 1.0005 507.4
N4096 113 1400 1.3893 1.0005 538.5
N4096 113 1500 1.4447 1.0005 569.7
N4096 113 1600 1.3755 1.0005 600.6
N4096 113 1700 1.3465 1.0005 631.5
N4096 113 1800 1.3374 1.0005 662.3
N4096 113 1900 1.3464 1.0005 693.4
done 719.6 test_nll 1.5533416081848077
