A0 79 0 1.8011 1.221 4.1
A0 79 100 1.7888 1.2239 21.5
A0 79 200 1.7847 1.2231 38.9
A0 79 300 1.7618 1.2161 56.4
A0 79 400 1.7546 1.2166 73.0
A0 79 500 1.7423 1.2164 89.7
A0 79 600 1.7369 1.2142 106.5
A0 79 700 1.7419 1.2251 123.1
A0 79 800 1.7471 1.2231 140.1
A0 79 900 1.7442 1.2175 156.9
A0 79 1000 1.7223 1.2195 173.8
A0 79 1100 1.735 1.2186 190.5
A0 79 1200 1.7339 1.2131 207.2
A0 79 1300 1.718 1.2193 224.0
A0 79 1400 1.7191 1.2185 241.2
A0 79 1500 1.7297 1.2197 258.4
A0 79 1600 1.7209 1.2137 274.7
A0 79 1700 1.73 1.2193 291.2
A0 79 1800 1.7208 1.2147 307.3
A0 79 1900 1.7169 1.2254 324.4
done 340.9
