A0 78 0 1.8007 1.2193 3.9
A0 78 100 1.7895 1.2153 20.2
A0 78 200 1.7836 1.2236 36.8
A0 78 300 1.7637 1.2127 53.4
A0 78 400 1.7482 1.2167 70.3
A0 78 500 1.7598 1.2186 87.4
A0 78 600 1.7407 1.2234 104.5
A0 78 700 1.7418 1.2216 121.8
A0 78 800 1.7312 1.2167 139.1
A0 78 900 1.7176 1.2161 156.1
A0 78 1000 1.728 1.2236 173.3
A0 78 1100 1.7131 1.2077 190.1
A0 78 1200 1.7252 1.2202 206.9
A0 78 1300 1.7169 1.2148 223.7
A0 78 1400 1.7211 1.2211 240.5
A0 78 1500 1.7085 1.2171 257.6
A0 78 1600 1.7217 1.2202 275.0
A0 78 1700 1.7203 1.217 292.5
A0 78 1800 1.7178 1.2216 310.6
A0 78 1900 1.7211 1.2189 328.5
done 345.7
