A0 87 0 1.8009 1.214 3.9
A0 87 100 1.7902 1.2248 20.5
A0 87 200 1.7859 1.2265 37.2
A0 87 300 1.7662 1.218 53.2
A0 87 400 1.7524 1.2192 69.8
A0 87 500 1.7455 1.2183 86.3
A0 87 600 1.7436 1.2131 102.9
A0 87 700 1.7189 1.2159 119.5
A0 87 800 1.73 1.2127 136.2
A0 87 900 1.7377 1.2214 152.6
A0 87 1000 1.735 1.213 169.9
A0 87 1100 1.7122 1.2184 187.1
A0 87 1200 1.7129 1.2198 204.5
A0 87 1300 1.7267 1.2193 221.5
A0 87 1400 1.7057 1.2144 238.5
A0 87 1500 1.7156 1.2173 255.2
A0 87 1600 1.7249 1.2227 272.3
A0 87 1700 1.714 1.22 289.0
A0 87 1800 1.7227 1.2162 305.9
A0 87 1900 1.7257 1.2177 322.3
done 338.6
