A0 74 0 1.8012 1.2248 4.0
A0 74 100 1.7888 1.2204 20.1
A0 74 200 1.7903 1.22 36.6
A0 74 300 1.7678 1.2214 53.5
A0 74 400 1.7478 1.2143 70.4
A0 74 500 1.7373 1.2174 87.0
A0 74 600 1.7388 1.2223 103.7
A0 74 700 1.7277 1.2212 121.0
A0 74 800 1.7189 1.219 138.1
A0 74 900 1.7211 1.2202 156.0
A0 74 1000 1.7297 1.2212 173.2
A0 74 1100 1.7022 1.216 190.4
A0 74 1200 1.7229 1.2196 207.5
A0 74 1300 1.7206 1.2215 224.3
A0 74 1400 1.7168 1.2233 241.5
A0 74 1500 1.7216 1.2162 258.9
A0 74 1600 1.713 1.2115 275.7
A0 74 1700 1.7219 1.2219 292.4
A0 74 1800 1.7093 1.2257 309.4
A0 74 1900 1.6983 1.2237 326.7
done 343.3
