A0 75 0 1.8022 1.2143 3.9
A0 75 100 1.7936 1.2231 20.6
A0 75 200 1.7837 1.2202 37.6
A0 75 300 1.7734 1.2181 54.4
A0 75 400 1.754 1.2121 70.7
A0 75 500 1.7455 1.213 87.6
A0 75 600 1.739 1.2094 104.7
A0 75 700 1.7478 1.2233 121.8
A0 75 800 1.7276 1.2243 138.6
A0 75 900 1.7223 1.2262 155.4
A0 75 1000 1.7287 1.2206 172.0
A0 75 1100 1.7089 1.2074 188.7
A0 75 1200 1.7156 1.2193 205.3
A0 75 1300 1.713 1.2259 221.7
A0 75 1400 1.7236 1.2242 238.3
A0 75 1500 1.7139 1.2198 254.9
A0 75 1600 1.7306 1.2204 271.9
A0 75 1700 1.722 1.2188 288.7
A0 75 1800 1.7224 1.2229 305.6
A0 75 1900 1.7259 1.2197 323.0
done 340.4
