A0 71 0 1.8018 1.2203 4.4
A0 71 100 1.7891 1.2199 21.5
A0 71 200 1.7842 1.2183 38.4
A0 71 300 1.7703 1.2183 55.4
A0 71 400 1.7577 1.218 72.2
A0 71 500 1.7497 1.2166 89.1
A0 71 600 1.7438 1.2215 105.9
A0 71 700 1.742 1.2199 122.9
A0 71 800 1.7298 1.212 139.1
A0 71 900 1.7282 1.226 156.2
A0 71 1000 1.7297 1.2225 173.9
A0 71 1100 1.7044 1.216 192.0
A0 71 1200 1.7304 1.2149 209.3
A0 71 1300 1.7145 1.222 226.8
A0 71 1400 1.7145 1.221 244.5
A0 71 1500 1.713 1.2106 262.3
A0 71 1600 1.7266 1.2187 279.6
A0 71 1700 1.7097 1.2187 296.9
A0 71 1800 1.7219 1.2257 314.5
A0 71 1900 1.7164 1.2151 331.5
done 347.6
