A0 86 0 1.802 1.2223 3.9
A0 86 100 1.7907 1.2284 20.2
A0 86 200 1.7829 1.2194 37.8
A0 86 300 1.7829 1.2162 55.4
A0 86 400 1.758 1.2248 73.0
A0 86 500 1.7307 1.22 90.1
A0 86 600 1.7521 1.2212 107.2
A0 86 700 1.7478 1.223 124.1
A0 86 800 1.7281 1.2103 140.7
A0 86 900 1.7396 1.2223 157.8
A0 86 1000 1.7219 1.2251 174.7
A0 86 1100 1.7144 1.2182 191.8
A0 86 1200 1.7183 1.2258 208.5
A0 86 1300 1.7159 1.2224 225.7
A0 86 1400 1.7199 1.2186 243.3
A0 86 1500 1.7136 1.2161 260.3
A0 86 1600 1.7172 1.2189 277.3
A0 86 1700 1.7071 1.2141 294.6
A0 86 1800 1.7295 1.2191 311.4
A0 86 1900 1.7176 1.2182 328.0
done 343.5
