A0 83 0 1.803 1.221 4.0
A0 83 100 1.7931 1.2235 20.8
A0 83 200 1.7794 1.2198 38.0
A0 83 300 1.7677 1.2173 55.5
A0 83 400 1.7579 1.2156 72.4
A0 83 500 1.747 1.2037 89.9
A0 83 600 1.7453 1.2196 106.4
A0 83 700 1.7265 1.2104 123.6
A0 83 800 1.7324 1.2205 140.5
A0 83 900 1.7177 1.2266 157.4
A0 83 1000 1.727 1.2164 174.8
A0 83 1100 1.7261 1.2247 192.9
A0 83 1200 1.7111 1.2118 210.5
A0 83 1300 1.7243 1.2198 227.8
A0 83 1400 1.7151 1.2233 245.3
A0 83 1500 1.7113 1.2201 262.5
A0 83 1600 1.7106 1.2191 279.0
A0 83 1700 1.7136 1.2185 295.9
A0 83 1800 1.7144 1.216 313.0
A0 83 1900 1.7299 1.2194 329.9
done 346.6
