A0 77 0 1.8047 1.2154 3.8
A0 77 100 1.7876 1.2144 20.3
A0 77 200 1.7836 1.2153 37.2
A0 77 300 1.7696 1.2153 54.4
A0 77 400 1.7587 1.2202 70.9
A0 77 500 1.7462 1.2187 87.9
A0 77 600 1.7354 1.2205 105.2
A0 77 700 1.7201 1.2226 122.4
A0 77 800 1.7403 1.2187 139.0
A0 77 900 1.7337 1.2191 155.7
A0 77 1000 1.7158 1.2257 172.5
A0 77 1100 1.7178 1.2212 189.3
A0 77 1200 1.7028 1.2176 206.0
A0 77 1300 1.7236 1.2187 222.8
A0 77 1400 1.7134 1.2119 239.8
A0 77 1500 1.7091 1.219 256.9
A0 77 1600 1.7233 1.2148 274.1
A0 77 1700 1.7132 1.2192 290.9
A0 77 1800 1.7253 1.2171 307.7
A0 77 1900 1.7141 1.2196 324.3
done 340.6
