A0 84 0 1.8001 1.2235 3.9
A0 84 100 1.7894 1.218 21.0
A0 84 200 1.7854 1.2176 37.8
A0 84 300 1.7723 1.2235 54.5
A0 84 400 1.7525 1.2162 71.6
A0 84 500 1.7346 1.2117 89.2
A0 84 600 1.7529 1.2186 105.8
A0 84 700 1.7443 1.2167 123.4
A0 84 800 1.7609 1.225 140.4
A0 84 900 1.7446 1.2213 157.8
A0 84 1000 1.743 1.2257 174.5
A0 84 1100 1.7262 1.2164 191.3
A0 84 1200 1.7382 1.2185 208.2
A0 84 1300 1.7232 1.2154 224.8
A0 84 1400 1.7464 1.211 241.5
A0 84 1500 1.7283 1.2191 258.5
A0 84 1600 1.7352 1.2178 275.4
A0 84 1700 1.7414 1.2237 292.2
A0 84 1800 1.7187 1.2213 309.3
A0 84 1900 1.7256 1.2176 326.0
done 342.8
