A0 73 0 1.8049 1.2214 3.9
A0 73 100 1.7931 1.2269 20.5
A0 73 200 1.7826 1.2157 37.4
A0 73 300 1.7718 1.2182 53.9
A0 73 400 1.7596 1.215 70.1
A0 73 500 1.734 1.2204 86.8
A0 73 600 1.7246 1.218 103.4
A0 73 700 1.7257 1.2187 119.9
A0 73 800 1.7146 1.2218 137.0
A0 73 900 1.7235 1.2212 153.8
A0 73 1000 1.719 1.2223 170.8
A0 73 1100 1.7126 1.2134 186.8
A0 73 1200 1.7175 1.2255 203.9
A0 73 1300 1.7068 1.216 221.1
A0 73 1400 1.7212 1.2169 237.7
A0 73 1500 1.7181 1.2177 254.4
A0 73 1600 1.7295 1.2212 270.9
A0 73 1700 1.7163 1.2205 287.3
A0 73 1800 1.723 1.2209 304.0
A0 73 1900 1.7052 1.2229 321.0
done 337.6
