A0 88 0 1.8039 1.2203 3.9
A0 88 100 1.7907 1.2118 21.0
A0 88 200 1.7844 1.2241 38.1
A0 88 300 1.7762 1.2124 55.0
A0 88 400 1.7434 1.221 72.0
A0 88 500 1.755 1.2244 88.8
A0 88 600 1.7341 1.2297 105.7
A0 88 700 1.7232 1.2146 122.7
A0 88 800 1.7125 1.2172 139.3
A0 88 900 1.7278 1.2175 156.1
A0 88 1000 1.7417 1.2227 172.9
A0 88 1100 1.719 1.2182 190.4
A0 88 1200 1.7327 1.2197 207.8
A0 88 1300 1.7238 1.2182 224.9
A0 88 1400 1.7089 1.2168 242.3
A0 88 1500 1.707 1.2189 259.0
A0 88 1600 1.721 1.2192 276.3
A0 88 1700 1.7169 1.2184 293.5
A0 88 1800 1.7252 1.2189 310.7
A0 88 1900 1.7089 1.2177 328.1
done 344.1
