A0 81 0 1.8049 1.2207 4.0
A0 81 100 1.7893 1.2144 21.0
A0 81 200 1.7872 1.2133 37.8
A0 81 300 1.7717 1.2175 54.7
A0 81 400 1.7506 1.2173 71.2
A0 81 500 1.753 1.2261 87.5
A0 81 600 1.7365 1.2136 103.9
A0 81 700 1.7477 1.2193 120.8
A0 81 800 1.7302 1.2203 137.6
A0 81 900 1.7202 1.2224 154.6
A0 81 1000 1.7275 1.2181 171.6
A0 81 1100 1.7159 1.2214 189.0
A0 81 1200 1.7276 1.2244 205.9
A0 81 1300 1.7061 1.2192 222.6
A0 81 1400 1.7204 1.2215 239.4
A0 81 1500 1.7075 1.2194 256.9
A0 81 1600 1.7094 1.2146 273.8
A0 81 1700 1.7143 1.2172 291.2
A0 81 1800 1.7261 1.2179 308.4
A0 81 1900 1.7209 1.2192 325.3
done 342.3
