A0 85 0 1.7978 1.2159 4.2
A0 85 100 1.792 1.2113 21.0
A0 85 200 1.7815 1.2209 37.6
A0 85 300 1.7777 1.2219 53.9
A0 85 400 1.7602 1.2225 70.8
A0 85 500 1.759 1.2228 88.0
A0 85 600 1.7523 1.2178 105.0
A0 85 700 1.7377 1.2219 121.9
A0 85 800 1.7088 1.2218 138.7
A0 85 900 1.7242 1.2258 155.4
A0 85 1000 1.7223 1.2087 172.1
A0 85 1100 1.7084 1.2158 188.9
A0 85 1200 1.7284 1.224 205.8
A0 85 1300 1.7237 1.2196 223.1
A0 85 1400 1.7147 1.2214 240.2
A0 85 1500 1.7162 1.2245 257.6
A0 85 1600 1.7171 1.2151 274.9
A0 85 1700 1.7303 1.225 292.3
A0 85 1800 1.7165 1.2149 309.8
A0 85 1900 1.7216 1.2147 326.9
done 343.1
