A0 70 0 1.8006 1.2177 4.9
A0 70 100 1.7901 1.2163 22.1
A0 70 200 1.7867 1.2136 38.5
A0 70 300 1.7759 1.2246 55.0
A0 70 400 1.745 1.2268 71.8
A0 70 500 1.7555 1.2172 88.0
A0 70 600 1.7379 1.2199 105.3
A0 70 700 1.7327 1.2236 122.0
A0 70 800 1.7393 1.2131 138.8
A0 70 900 1.7318 1.2177 155.7
A0 70 1000 1.7288 1.2248 172.7
A0 70 1100 1.7153 1.2174 189.8
A0 70 1200 1.7189 1.2177 206.9
A0 70 1300 1.7153 1.2219 224.1
A0 70 1400 1.7075 1.221 241.0
A0 70 1500 1.7018 1.2113 257.9
A0 70 1600 1.7193 1.2138 275.5
A0 70 1700 1.7271 1.2188 293.3
A0 70 1800 1.7436 1.222 310.3
A0 70 1900 1.7298 1.2157 327.6
done 344.3
