A0 76 0 1.7994 1.2111 3.9
A0 76 100 1.7892 1.2125 21.4
A0 76 200 1.783 1.2161 38.5
A0 76 300 1.7605 1.2174 56.0
A0 76 400 1.7631 1.2128 73.0
A0 76 500 1.7435 1.2177 90.1
A0 76 600 1.7411 1.2177 108.0
A0 76 700 1.7483 1.2163 125.3
A0 76 800 1.7368 1.2202 142.4
A0 76 900 1.7366 1.219 159.2
A0 76 1000 1.7291 1.2212 177.0
A0 76 1100 1.7375 1.2211 194.6
A0 76 1200 1.7118 1.2128 212.8
A0 76 1300 1.7331 1.2206 230.0
A0 76 1400 1.7162 1.2194 247.4
A0 76 1500 1.7097 1.224 264.5
A0 76 1600 1.7119 1.2132 282.0
A0 76 1700 1.7188 1.2238 299.4
A0 76 1800 1.7193 1.2219 316.4
A0 76 1900 1.7152 1.2171 333.5
done 349.3
