A0 80 0 1.8024 1.217 4.1
A0 80 100 1.7919 1.2155 20.8
A0 80 200 1.7868 1.2152 37.9
A0 80 300 1.7759 1.2161 54.6
A0 80 400 1.768 1.2184 72.1
A0 80 500 1.7458 1.2214 89.3
A0 80 600 1.7465 1.2153 106.2
A0 80 700 1.7354 1.2148 123.2
A0 80 800 1.7349 1.2143 140.6
A0 80 900 1.7279 1.2154 157.8
A0 80 1000 1.7217 1.2143 174.8
A0 80 1100 1.7218 1.2206 192.0
A0 80 1200 1.7151 1.2266 208.9
A0 80 1300 1.7129 1.2219 226.1
A0 80 1400 1.7136 1.2213 243.2
A0 80 1500 1.7315 1.2191 259.7
A0 80 1600 1.7345 1.2164 277.1
A0 80 1700 1.7179 1.2169 293.9
A0 80 1800 1.7154 1.218 310.9
A0 80 1900 1.7161 1.2194 328.1
done 344.5
