A0 89 0 1.8096 1.2221 4.0
A0 89 100 1.7907 1.2132 21.1
A0 89 200 1.7849 1.2181 38.6
A0 89 300 1.7805 1.2172 56.3
A0 89 400 1.7572 1.2193 73.7
A0 89 500 1.7569 1.2247 90.4
A0 89 600 1.7373 1.2157 107.9
A0 89 700 1.7396 1.2228 124.5
A0 89 800 1.7284 1.2228 141.6
A0 89 900 1.7207 1.2194 158.8
A0 89 1000 1.7264 1.2151 175.8
A0 89 1100 1.7367 1.2228 192.6
A0 89 1200 1.7248 1.2154 209.4
A0 89 1300 1.7226 1.2187 226.8
A0 89 1400 1.7184 1.2165 244.0
A0 89 1500 1.7244 1.2175 261.3
A0 89 1600 1.7326 1.2164 278.5
A0 89 1700 1.7228 1.2285 295.6
A0 89 1800 1.7182 1.2192 313.1
A0 89 1900 1.726 1.2177 330.2
done 347.3
