A0 82 0 1.8038 1.2175 3.8
A0 82 100 1.7912 1.2195 21.0
A0 82 200 1.7778 1.2199 38.3
A0 82 300 1.7699 1.2253 55.4
A0 82 400 1.7525 1.2138 72.3
A0 82 500 1.7528 1.2163 89.3
A0 82 600 1.7499 1.2224 106.2
A0 82 700 1.7345 1.2149 123.2
A0 82 800 1.742 1.217 140.4
A0 82 900 1.7221 1.2127 158.2
A0 82 1000 1.7385 1.2203 176.0
A0 82 1100 1.7261 1.2203 193.9
A0 82 1200 1.719 1.2178 211.7
A0 82 1300 1.71 1.2227 229.2
A0 82 1400 1.7211 1.2138 246.7
A0 82 1500 1.7361 1.2178 264.2
A0 82 1600 1.7159 1.2173 282.1
A0 82 1700 1.7136 1.2168 299.7
A0 82 1800 1.7256 1.2159 317.1
A0 82 1900 1.7216 1.2216 334.6
done 351.7
