A0 72 0 1.7985 1.2201 4.2
A0 72 100 1.789 1.2274 20.9
A0 72 200 1.781 1.2262 38.3
A0 72 300 1.7749 1.2163 55.6
A0 72 400 1.76 1.2185 72.4
A0 72 500 1.7397 1.2276 89.1
A0 72 600 1.7185 1.2168 105.4
A0 72 700 1.7099 1.2196 121.9
A0 72 800 1.7273 1.2182 138.7
A0 72 900 1.7226 1.2208 155.7
A0 72 1000 1.7303 1.2246 172.4
A0 72 1100 1.7228 1.2185 189.1
A0 72 1200 1.7125 1.217 206.4
A0 72 1300 1.7231 1.21 223.5
A0 72 1400 1.7231 1.2213 240.5
A0 72 1500 1.725 1.2222 257.2
A0 72 1600 1.7121 1.2165 274.2
A0 72 1700 1.7226 1.2173 290.9
A0 72 1800 1.7277 1.2192 307.3
A0 72 1900 1.7349 1.2229 324.1
done 340.9
