AR 79 0 1.8011 1.221 4.0
AR 79 100 1.7895 1.0082 21.1
AR 79 200 1.7861 1.0049 38.0
AR 79 300 1.7615 1.0084 55.4
AR 79 400 1.7553 1.0061 72.2
AR 79 500 1.7377 1.007 88.7
AR 79 600 1.7342 1.0049 105.5
AR 79 700 1.7331 1.0044 122.1
AR 79 800 1.7323 1.009 139.4
AR 79 900 1.7321 1.005 156.2
AR 79 1000 1.7164 1.0064 173.1
AR 79 1100 1.7289 1.0068 190.0
AR 79 1200 1.7305 1.0038 207.1
AR 79 1300 1.7138 1.0087 223.6
AR 79 1400 1.7165 1.0033 240.4
AR 79 1500 1.7259 1.0079 257.2
AR 79 1600 1.7174 1.0032 273.5
AR 79 1700 1.7293 1.0044 290.1
AR 79 1800 1.7194 1.0054 306.9
AR 79 1900 1.7142 1.0103 323.6
done 340.3
