AR 76 0 1.7994 1.2111 3.9
AR 76 100 1.7899 1.0069 21.2
AR 76 200 1.7829 1.0054 38.3
AR 76 300 1.763 1.0084 55.8
AR 76 400 1.7643 1.0045 72.4
AR 76 500 1.7452 1.0062 89.5
AR 76 600 1.7338 1.0073 106.8
AR 76 700 1.7466 1.0061 123.7
AR 76 800 1.7361 1.0161 140.8
AR 76 900 1.7333 1.0046 157.7
AR 76 1000 1.7357 1.0039 175.3
AR 76 1100 1.7418 1.0069 192.3
AR 76 1200 1.7137 1.0064 210.3
AR 76 1300 1.7314 1.0044 227.8
AR 76 1400 1.7201 1.0051 244.9
AR 76 1500 1.7088 1.0065 262.1
AR 76 1600 1.7126 1.0061 279.1
AR 76 1700 1.7196 1.0102 296.4
AR 76 1800 1.7186 1.0057 313.9
AR 76 1900 1.7144 1.0042 331.1
done 347.7
