AR 73 0 1.8049 1.2214 3.8
AR 73 100 1.7941 1.0092 21.0
AR 73 200 1.784 1.0104 38.0
AR 73 300 1.7698 1.0046 54.7
AR 73 400 1.7565 1.0071 71.4
AR 73 500 1.7436 1.0084 88.0
AR 73 600 1.7429 1.006 104.7
AR 73 700 1.7343 1.0064 121.2
AR 73 800 1.7224 1.0076 138.0
AR 73 900 1.7247 1.0072 155.0
AR 73 1000 1.718 1.0075 171.9
AR 73 1100 1.7134 1.0045 188.3
AR 73 1200 1.718 1.0066 205.1
AR 73 1300 1.7074 1.004 222.1
AR 73 1400 1.7228 1.0082 238.6
AR 73 1500 1.7196 1.0051 255.5
AR 73 1600 1.7289 1.0062 271.8
AR 73 1700 1.716 1.0054 288.1
AR 73 1800 1.7232 1.0059 305.1
AR 73 1900 1.7052 1.0039 321.6
done 337.9
