AR 75 0 1.8022 1.2143 3.9
AR 75 100 1.7939 1.0042 20.3
AR 75 200 1.7845 1.0053 37.3
AR 75 300 1.7729 1.0098 54.0
AR 75 400 1.7572 1.0081 70.0
AR 75 500 1.7502 1.0073 87.2
AR 75 600 1.7485 1.0109 104.6
AR 75 700 1.7579 1.0077 121.7
AR 75 800 1.7382 1.0053 138.3
AR 75 900 1.7408 1.0047 155.5
AR 75 1000 1.7328 1.0069 171.8
AR 75 1100 1.713 1.0078 188.8
AR 75 1200 1.7204 1.0047 205.8
AR 75 1300 1.7139 1.0052 222.2
AR 75 1400 1.7219 1.0079 238.5
AR 75 1500 1.7178 1.0045 255.6
AR 75 1600 1.7314 1.0036 272.5
AR 75 1700 1.7211 1.0038 288.7
AR 75 1800 1.7252 1.0041 305.5
AR 75 1900 1.7265 1.0049 322.7
done 340.1
