AR 87 0 1.8009 1.214 4.0
AR 87 100 1.7902 1.0088 20.6
AR 87 200 1.7857 1.0064 37.5
AR 87 300 1.7668 1.0059 53.5
AR 87 400 1.7548 1.0066 69.9
AR 87 500 1.7442 1.0062 86.3
AR 87 600 1.7442 1.0056 102.9
AR 87 700 1.7269 1.0065 119.8
AR 87 800 1.7418 1.0075 136.9
AR 87 900 1.742 1.0079 153.5
AR 87 1000 1.7353 1.0064 170.4
AR 87 1100 1.7185 1.0092 187.5
AR 87 1200 1.7147 1.0048 204.9
AR 87 1300 1.7283 1.004 222.0
AR 87 1400 1.7072 1.0031 239.1
AR 87 1500 1.7112 1.0023 256.2
AR 87 1600 1.7242 1.0046 273.4
AR 87 1700 1.7129 1.0081 290.4
AR 87 1800 1.7213 1.0037 307.1
AR 87 1900 1.7243 1.0025 323.2
done 339.2
