AR 78 0 1.8007 1.2193 3.9
AR 78 100 1.7898 1.0084 20.1
AR 78 200 1.787 1.0071 37.3
AR 78 300 1.764 1.0061 54.1
AR 78 400 1.7525 1.0058 70.9
AR 78 500 1.7612 1.01 87.8
AR 78 600 1.7405 1.0088 104.8
AR 78 700 1.7448 1.0077 122.1
AR 78 800 1.7344 1.0067 139.4
AR 78 900 1.7365 1.006 156.5
AR 78 1000 1.7398 1.0048 173.7
AR 78 1100 1.7206 1.0039 190.2
AR 78 1200 1.7318 1.0112 207.1
AR 78 1300 1.7288 1.0048 224.1
AR 78 1400 1.7275 1.0048 240.9
AR 78 1500 1.7118 1.0062 258.0
AR 78 1600 1.7228 1.0053 275.6
AR 78 1700 1.7251 1.0047 293.2
AR 78 1800 1.7212 1.0036 311.5
AR 78 1900 1.7221 1.0049 329.2
done 346.1
