AR 89 0 1.8096 1.2221 3.9
AR 89 100 1.7916 1.0088 21.2
AR 89 200 1.7853 1.0073 38.6
AR 89 300 1.7768 1.007 56.3
AR 89 400 1.7551 1.0103 73.8
AR 89 500 1.7571 1.0084 90.7
AR 89 600 1.739 1.0064 108.2
AR 89 700 1.7415 1.0066 124.7
AR 89 800 1.7286 1.0058 142.1
AR 89 900 1.7197 1.0053 158.8
AR 89 1000 1.7256 1.0062 175.8
AR 89 1100 1.7325 1.0084 192.7
AR 89 1200 1.7247 1.0075 209.6
AR 89 1300 1.7214 1.0064 226.5
AR 89 1400 1.7181 1.006 244.3
AR 89 1500 1.7236 1.007 261.7
AR 89 1600 1.732 1.0071 278.8
AR 89 1700 1.7226 1.0058 296.0
AR 89 1800 1.7178 1.0042 313.2
AR 89 1900 1.7269 1.0047 330.3
done 347.5
