AR 88 0 1.8039 1.2203 4.0
AR 88 100 1.7911 1.0068 20.5
AR 88 200 1.7844 1.0097 37.2
AR 88 300 1.7716 1.0069 54.0
AR 88 400 1.7413 1.0057 70.7
AR 88 500 1.7476 1.0097 87.9
AR 88 600 1.7252 1.0093 104.7
AR 88 700 1.7218 1.0069 121.7
AR 88 800 1.7132 1.0077 138.0
AR 88 900 1.7258 1.0073 154.9
AR 88 1000 1.7401 1.0063 171.7
AR 88 1100 1.7193 1.0059 188.8
AR 88 1200 1.7324 1.0061 206.0
AR 88 1300 1.7222 1.0068 223.4
AR 88 1400 1.7088 1.0075 240.7
AR 88 1500 1.706 1.003 257.7
AR 88 1600 1.7197 1.004 275.0
AR 88 1700 1.7163 1.0055 292.4
AR 88 1800 1.7254 1.0049 309.0
AR 88 1900 1.7101 1.0047 325.9
done 342.7
