AR 85 0 1.7978 1.2159 4.0
AR 85 100 1.7921 1.0072 20.8
AR 85 200 1.7813 1.005 37.0
AR 85 300 1.7744 1.008 53.8
AR 85 400 1.7585 1.0059 70.6
AR 85 500 1.7576 1.0062 87.6
AR 85 600 1.7507 1.0063 104.6
AR 85 700 1.7412 1.0058 121.1
AR 85 800 1.7204 1.0081 138.0
AR 85 900 1.7247 1.0041 155.0
AR 85 1000 1.7186 1.0068 171.6
AR 85 1100 1.7072 1.0059 189.2
AR 85 1200 1.7266 1.0061 206.7
AR 85 1300 1.7234 1.0059 224.1
AR 85 1400 1.7139 1.0048 241.3
AR 85 1500 1.7142 1.0034 258.5
AR 85 1600 1.7151 1.0033 275.2
AR 85 1700 1.7296 1.0045 292.3
AR 85 1800 1.7152 1.0034 309.8
AR 85 1900 1.7219 1.0042 327.2
done 343.2
