AR 80 0 1.8024 1.217 4.1
AR 80 100 1.7925 1.0068 20.9
AR 80 200 1.7878 1.0067 37.8
AR 80 300 1.769 1.0041 54.9
AR 80 400 1.7667 1.0057 71.9
AR 80 500 1.7489 1.0069 89.3
AR 80 600 1.7449 1.0129 106.0
AR 80 700 1.7311 1.0058 123.4
AR 80 800 1.7322 1.0062 140.6
AR 80 900 1.7261 1.0052 157.6
AR 80 1000 1.7262 1.0079 174.4
AR 80 1100 1.7232 1.0077 191.3
AR 80 1200 1.715 1.0082 208.2
AR 80 1300 1.714 1.0075 225.3
AR 80 1400 1.7173 1.0052 242.1
AR 80 1500 1.731 1.0073 259.1
AR 80 1600 1.7364 1.0074 276.2
AR 80 1700 1.7183 1.0028 293.2
AR 80 1800 1.7154 1.0064 310.4
AR 80 1900 1.7144 1.0039 327.4
done 344.2
