AR 77 0 1.8047 1.2154 3.9
AR 77 100 1.7887 1.0066 21.0
AR 77 200 1.7816 1.008 37.8
AR 77 300 1.7626 1.0076 54.7
AR 77 400 1.7519 1.0088 71.5
AR 77 500 1.7335 1.0066 88.4
AR 77 600 1.7256 1.0105 105.4
AR 77 700 1.7142 1.007 122.7
AR 77 800 1.7337 1.0056 139.5
AR 77 900 1.7313 1.0066 156.1
AR 77 1000 1.7142 1.0077 172.7
AR 77 1100 1.7189 1.0065 189.9
AR 77 1200 1.7006 1.0085 206.4
AR 77 1300 1.7223 1.0062 223.0
AR 77 1400 1.711 1.0065 240.1
AR 77 1500 1.7092 1.0062 257.3
AR 77 1600 1.7218 1.0043 274.4
AR 77 1700 1.7115 1.0054 291.4
AR 77 1800 1.7245 1.0028 308.0
AR 77 1900 1.7126 1.005 324.8
done 341.1
