AR 84 0 1.8001 1.2235 4.1
AR 84 100 1.7897 1.0076 20.8
AR 84 200 1.7833 1.0091 37.3
AR 84 300 1.7705 1.0067 53.8
AR 84 400 1.7522 1.01 70.6
AR 84 500 1.736 1.007 87.8
AR 84 600 1.7496 1.0069 104.7
AR 84 700 1.7431 1.0035 122.1
AR 84 800 1.756 1.005 139.3
AR 84 900 1.7412 1.0052 156.7
AR 84 1000 1.7386 1.0081 173.4
AR 84 1100 1.7212 1.0078 190.7
AR 84 1200 1.7318 1.0054 207.5
AR 84 1300 1.7249 1.005 224.4
AR 84 1400 1.7412 1.0044 241.2
AR 84 1500 1.7262 1.0045 258.4
AR 84 1600 1.7329 1.0038 275.1
AR 84 1700 1.7405 1.0054 292.1
AR 84 1800 1.7145 1.0082 309.0
AR 84 1900 1.7229 1.0055 325.5
done 342.3
