AR 71 0 1.8018 1.2203 4.6
AR 71 100 1.7897 1.0075 22.0
AR 71 200 1.785 1.0055 39.3
AR 71 300 1.7759 1.0094 55.9
AR 71 400 1.7562 1.0074 72.9
AR 71 500 1.7463 1.0057 89.6
AR 71 600 1.7352 1.0073 106.7
AR 71 700 1.7417 1.007 123.3
AR 71 800 1.7281 1.0064 139.6
AR 71 900 1.7269 1.0076 156.4
AR 71 1000 1.7277 1.0061 173.9
AR 71 1100 1.7033 1.0041 191.5
AR 71 1200 1.7264 1.0046 208.9
AR 71 1300 1.714 1.0053 226.5
AR 71 1400 1.7136 1.0054 244.2
AR 71 1500 1.7117 1.0069 262.0
AR 71 1600 1.7276 1.0049 279.0
AR 71 1700 1.7099 1.005 296.4
AR 71 1800 1.7218 1.0034 313.5
AR 71 1900 1.7153 1.0049 330.8
done 347.5
