AR 83 0 1.803 1.221 4.1
AR 83 100 1.7936 1.0101 20.9
AR 83 200 1.7784 1.0055 38.0
AR 83 300 1.7666 1.0072 55.4
AR 83 400 1.7604 1.0081 72.4
AR 83 500 1.7456 1.0097 89.5
AR 83 600 1.7445 1.0096 105.9
AR 83 700 1.7265 1.0073 122.9
AR 83 800 1.733 1.0039 140.2
AR 83 900 1.7285 1.0098 157.3
AR 83 1000 1.7237 1.0055 174.4
AR 83 1100 1.7333 1.0066 192.5
AR 83 1200 1.7107 1.0032 209.9
AR 83 1300 1.7254 1.0079 227.0
AR 83 1400 1.7163 1.0042 244.8
AR 83 1500 1.7125 1.0065 261.9
AR 83 1600 1.7115 1.007 278.6
AR 83 1700 1.7133 1.0046 295.2
AR 83 1800 1.7124 1.0039 311.8
AR 83 1900 1.728 1.0049 329.1
done 346.1
