AR 74 0 1.8012 1.2248 4.0
AR 74 100 1.7891 1.0052 20.3
AR 74 200 1.7896 1.0073 36.7
AR 74 300 1.7674 1.0082 53.7
AR 74 400 1.7557 1.0063 70.7
AR 74 500 1.7422 1.0084 87.4
AR 74 600 1.746 1.0107 104.0
AR 74 700 1.7424 1.0084 121.2
AR 74 800 1.7277 1.0086 138.7
AR 74 900 1.7298 1.0067 156.4
AR 74 1000 1.7367 1.0074 173.3
AR 74 1100 1.7189 1.0066 190.5
AR 74 1200 1.7305 1.006 207.6
AR 74 1300 1.7311 1.0027 224.6
AR 74 1400 1.723 1.0074 241.7
AR 74 1500 1.7271 1.0063 259.0
AR 74 1600 1.7165 1.0053 276.1
AR 74 1700 1.7249 1.0043 293.1
AR 74 1800 1.7135 1.0044 309.6
AR 74 1900 1.7046 1.0051 326.6
done 343.2
