AR 72 0 1.7985 1.2201 3.9
AR 72 100 1.7892 1.0086 21.2
AR 72 200 1.7829 1.0064 38.7
AR 72 300 1.7733 1.0055 55.8
AR 72 400 1.7608 1.008 72.4
AR 72 500 1.751 1.0097 89.1
AR 72 600 1.731 1.0076 105.6
AR 72 700 1.7287 1.0099 122.3
AR 72 800 1.7321 1.0081 139.5
AR 72 900 1.7265 1.0089 156.6
AR 72 1000 1.7332 1.007 173.2
AR 72 1100 1.7251 1.0048 190.2
AR 72 1200 1.7137 1.0043 207.8
AR 72 1300 1.7251 1.0065 224.7
AR 72 1400 1.725 1.0063 241.7
AR 72 1500 1.7264 1.0053 258.8
AR 72 1600 1.7144 1.0045 275.7
AR 72 1700 1.7212 1.004 291.9
AR 72 1800 1.7283 1.0085 308.4
AR 72 1900 1.7344 1.005 325.3
done 341.6
