AR 86 0 1.802 1.2223 3.8
AR 86 100 1.7908 1.0058 19.8
AR 86 200 1.7816 1.0084 37.0
AR 86 300 1.7798 1.0085 54.0
AR 86 400 1.7562 1.0088 71.2
AR 86 500 1.7281 1.0042 88.2
AR 86 600 1.7499 1.0087 105.0
AR 86 700 1.7445 1.0055 121.8
AR 86 800 1.7257 1.0067 138.6
AR 86 900 1.736 1.0076 155.3
AR 86 1000 1.7193 1.0067 172.5
AR 86 1100 1.713 1.0069 189.3
AR 86 1200 1.7191 1.0095 206.3
AR 86 1300 1.715 1.0037 223.3
AR 86 1400 1.7191 1.0047 240.9
AR 86 1500 1.7117 1.0043 258.0
AR 86 1600 1.7165 1.0069 275.0
AR 86 1700 1.7071 1.0082 292.2
AR 86 1800 1.7287 1.0064 308.9
AR 86 1900 1.7163 1.0037 325.3
done 342.0
