AR 81 0 1.8049 1.2207 3.8
AR 81 100 1.7882 1.0064 21.3
AR 81 200 1.7874 1.007 37.7
AR 81 300 1.7699 1.0094 54.8
AR 81 400 1.7501 1.0066 71.5
AR 81 500 1.7497 1.0091 88.4
AR 81 600 1.734 1.0063 105.5
AR 81 700 1.732 1.0058 122.3
AR 81 800 1.7218 1.0063 139.1
AR 81 900 1.7189 1.0059 156.0
AR 81 1000 1.7235 1.0077 172.7
AR 81 1100 1.7136 1.0072 190.1
AR 81 1200 1.7257 1.008 206.9
AR 81 1300 1.7047 1.0071 223.6
AR 81 1400 1.7187 1.0064 240.2
AR 81 1500 1.7076 1.0064 257.4
AR 81 1600 1.7064 1.0053 274.0
AR 81 1700 1.7129 1.0067 291.3
AR 81 1800 1.7251 1.005 308.4
AR 81 1900 1.7199 1.0068 325.4
done 342.4
