AR 82 0 1.8038 1.2175 3.9
AR 82 100 1.7918 1.0099 21.1
AR 82 200 1.7805 1.0124 38.6
AR 82 300 1.768 1.006 55.7
AR 82 400 1.7561 1.0076 72.7
AR 82 500 1.7552 1.0058 89.8
AR 82 600 1.746 1.0079 106.8
AR 82 700 1.7342 1.0065 124.2
AR 82 800 1.7385 1.0055 141.7
AR 82 900 1.7244 1.0046 159.2
AR 82 1000 1.738 1.0041 176.6
AR 82 1100 1.7241 1.0073 194.3
AR 82 1200 1.7179 1.0096 211.9
AR 82 1300 1.7089 1.006 229.5
AR 82 1400 1.7174 1.006 246.8
AR 82 1500 1.7345 1.0048 264.6
AR 82 1600 1.7127 1.0085 282.3
AR 82 1700 1.7107 1.0064 299.9
AR 82 1800 1.7235 1.0048 317.2
AR 82 1900 1.7209 1.0028 334.6
done 351.7
