AR 70 0 1.8006 1.2177 5.0
AR 70 100 1.791 1.0068 21.9
AR 70 200 1.7854 1.0111 38.2
AR 70 300 1.7673 1.0066 54.9
AR 70 400 1.7431 1.0104 72.0
AR 70 500 1.7457 1.0063 88.1
AR 70 600 1.7381 1.0053 105.0
AR 70 700 1.7379 1.0097 121.7
AR 70 800 1.7419 1.0063 138.6
AR 70 900 1.7387 1.0039 155.8
AR 70 1000 1.7348 1.0072 172.1
AR 70 1100 1.7166 1.0078 189.1
AR 70 1200 1.7225 1.0031 206.5
AR 70 1300 1.7151 1.0055 223.6
AR 70 1400 1.7082 1.0048 240.4
AR 70 1500 1.7 1.0041 257.5
AR 70 1600 1.7185 1.0045 274.8
AR 70 1700 1.7267 1.0067 292.4
AR 70 1800 1.7433 1.0037 309.7
AR 70 1900 1.7286 1.0038 326.8
done 343.8
