AW 71 0 1.8018 1.2203 4.1
AW 71 100 1.7897 1.0074 21.4
AW 71 200 1.7849 1.0045 38.5
AW 71 300 1.7728 1.0087 55.4
AW 71 400 1.7557 1.0064 72.4
AW 71 500 1.7429 1.0045 88.8
AW 71 600 1.7321 1.0034 105.6
AW 71 700 1.7394 1.0015 122.4
AW 71 800 1.7281 1.0014 139.0
AW 71 900 1.7263 1.0038 156.0
AW 71 1000 1.7277 1.0019 173.8
AW 71 1100 1.7029 0.9951 192.1
AW 71 1200 1.7251 0.9983 209.9
AW 71 1300 1.7156 0.9985 227.2
AW 71 1400 1.7132 1.0002 244.9
AW 71 1500 1.7121 0.9977 262.6
AW 71 1600 1.7275 0.9955 279.6
AW 71 1700 1.7089 0.9994 297.4
AW 71 1800 1.7216 0.997 314.6
AW 71 1900 1.7152 0.9997 331.8
done 348.0
