AW 77 0 1.8047 1.2154 3.7
AW 77 100 1.7888 1.0065 20.5
AW 77 200 1.7817 1.0077 37.3
AW 77 300 1.76 1.0089 54.1
AW 77 400 1.7497 1.0071 70.4
AW 77 500 1.7322 1.0025 87.2
AW 77 600 1.7252 1.0057 104.4
AW 77 700 1.7145 0.9988 121.8
AW 77 800 1.7351 1.0045 138.2
AW 77 900 1.732 0.9997 155.2
AW 77 1000 1.7141 1.0042 171.9
AW 77 1100 1.7206 0.9952 189.1
AW 77 1200 1.7008 0.9967 205.8
AW 77 1300 1.723 1.0016 222.5
AW 77 1400 1.7123 1.0031 239.6
AW 77 1500 1.7087 0.9945 256.3
AW 77 1600 1.7221 0.999 273.3
AW 77 1700 1.712 0.9971 290.1
AW 77 1800 1.7244 0.9933 306.7
AW 77 1900 1.7129 1.0012 323.6
done 339.6
