AW 83 0 1.803 1.221 4.0
AW 83 100 1.7936 1.0102 20.8
AW 83 200 1.7782 1.0057 37.7
AW 83 300 1.7662 1.0064 55.0
AW 83 400 1.7604 1.0082 72.1
AW 83 500 1.7455 1.0074 89.2
AW 83 600 1.7474 1.0062 105.9
AW 83 700 1.7254 0.9987 123.0
AW 83 800 1.7328 0.9985 140.0
AW 83 900 1.7234 1.0015 157.0
AW 83 1000 1.7224 1.0015 174.6
AW 83 1100 1.7263 0.9985 192.4
AW 83 1200 1.7114 1.0016 209.8
AW 83 1300 1.7225 1.0029 227.3
AW 83 1400 1.7159 0.9967 244.5
AW 83 1500 1.71 0.9984 261.4
AW 83 1600 1.709 0.9995 278.1
AW 83 1700 1.7135 0.9983 295.2
AW 83 1800 1.713 0.9956 312.4
AW 83 1900 1.7286 0.9965 329.5
done 346.4
