AW 85 0 1.7978 1.2159 4.1
AW 85 100 1.7921 1.0071 20.7
AW 85 200 1.7813 1.0047 37.1
AW 85 300 1.7745 1.0078 53.4
AW 85 400 1.759 1.0077 69.7
AW 85 500 1.7568 1.0052 86.5
AW 85 600 1.7514 1.0028 103.7
AW 85 700 1.739 1.0027 120.2
AW 85 800 1.7169 0.9988 136.9
AW 85 900 1.7204 0.9962 154.0
AW 85 1000 1.7173 1.0002 170.8
AW 85 1100 1.7072 1.0012 187.7
AW 85 1200 1.7264 0.9998 205.1
AW 85 1300 1.7221 0.9992 222.5
AW 85 1400 1.7128 0.9983 239.5
AW 85 1500 1.7143 0.9945 256.9
AW 85 1600 1.7146 1.0005 273.7
AW 85 1700 1.7292 0.9991 290.8
AW 85 1800 1.7153 0.9944 307.8
AW 85 1900 1.7211 0.9993 324.8
done 341.5
