AW 74 0 1.8012 1.2248 3.8
AW 74 100 1.789 1.005 20.1
AW 74 200 1.7897 1.0073 36.6
AW 74 300 1.7669 1.0088 53.6
AW 74 400 1.7528 1.0074 70.5
AW 74 500 1.7421 1.0085 87.3
AW 74 600 1.7448 1.0083 103.8
AW 74 700 1.7357 1.0043 121.2
AW 74 800 1.7276 1.0006 138.5
AW 74 900 1.7304 0.9984 155.9
AW 74 1000 1.737 1.0041 173.2
AW 74 1100 1.7169 0.9948 190.4
AW 74 1200 1.7276 0.9968 207.7
AW 74 1300 1.7287 0.9988 224.2
AW 74 1400 1.7196 1.0007 241.5
AW 74 1500 1.7265 0.9984 259.1
AW 74 1600 1.7149 1.0007 276.1
AW 74 1700 1.7242 0.9902 292.9
AW 74 1800 1.7128 0.9968 309.7
AW 74 1900 1.7049 0.9934 326.9
done 343.6
