AW 76 0 1.7994 1.2111 4.0
AW 76 100 1.7898 1.0068 21.3
AW 76 200 1.7827 1.0063 38.3
AW 76 300 1.7633 1.0072 55.5
AW 76 400 1.7652 1.0043 72.8
AW 76 500 1.7446 1.0071 89.7
AW 76 600 1.7337 1.0041 107.1
AW 76 700 1.7459 1.0032 124.2
AW 76 800 1.7341 1.0128 141.3
AW 76 900 1.7327 0.998 158.6
AW 76 1000 1.7267 1.0017 176.1
AW 76 1100 1.7352 1.002 193.3
AW 76 1200 1.7131 1.0 210.8
AW 76 1300 1.7307 1.0027 227.9
AW 76 1400 1.7172 0.9975 244.9
AW 76 1500 1.7076 0.9995 262.0
AW 76 1600 1.7114 0.994 279.4
AW 76 1700 1.7187 0.9984 296.6
AW 76 1800 1.7179 0.9956 313.8
AW 76 1900 1.7137 0.9996 330.9
done 347.5
