AW 80 0 1.8024 1.217 4.2
AW 80 100 1.7925 1.0069 21.1
AW 80 200 1.7875 1.0072 38.3
AW 80 300 1.7686 1.0048 55.5
AW 80 400 1.7662 1.0071 72.9
AW 80 500 1.7486 1.0054 90.3
AW 80 600 1.7443 1.0078 107.5
AW 80 700 1.7326 1.001 124.9
AW 80 800 1.734 1.005 141.8
AW 80 900 1.7259 0.997 159.0
AW 80 1000 1.7245 0.9981 175.9
AW 80 1100 1.7225 1.0077 192.9
AW 80 1200 1.7145 1.0023 210.2
AW 80 1300 1.7121 0.9976 227.3
AW 80 1400 1.716 0.9967 244.2
AW 80 1500 1.7312 1.0061 260.7
AW 80 1600 1.736 1.0079 278.3
AW 80 1700 1.7177 0.9945 295.3
AW 80 1800 1.716 0.9954 312.1
AW 80 1900 1.7134 0.9939 329.1
done 345.4
