AW 87 0 1.8009 1.214 4.1
AW 87 100 1.7903 1.0089 20.7
AW 87 200 1.7855 1.0059 37.6
AW 87 300 1.7661 1.0061 54.2
AW 87 400 1.7534 1.0073 70.8
AW 87 500 1.743 1.0074 87.5
AW 87 600 1.7452 1.0037 104.1
AW 87 700 1.7255 1.0013 121.0
AW 87 800 1.7452 1.0055 137.9
AW 87 900 1.743 1.0043 154.7
AW 87 1000 1.7361 1.0017 171.5
AW 87 1100 1.7169 1.0059 188.9
AW 87 1200 1.7142 0.9963 206.2
AW 87 1300 1.7277 1.0033 223.3
AW 87 1400 1.7053 0.9974 240.3
AW 87 1500 1.7116 0.9951 257.5
AW 87 1600 1.7247 0.9992 274.4
AW 87 1700 1.7125 0.9974 291.3
AW 87 1800 1.7205 0.9975 307.8
AW 87 1900 1.7237 0.9953 324.0
done 339.8
