AW 72 0 1.7985 1.2201 3.8
AW 72 100 1.7893 1.0085 20.7
AW 72 200 1.7828 1.0062 38.1
AW 72 300 1.7727 1.0042 55.6
AW 72 400 1.757 1.0083 71.8
AW 72 500 1.7503 1.0072 88.5
AW 72 600 1.7283 1.0035 105.1
AW 72 700 1.7229 1.0038 121.9
AW 72 800 1.7306 1.0038 139.0
AW 72 900 1.7252 0.9998 156.3
AW 72 1000 1.7326 1.003 173.2
AW 72 1100 1.725 0.9944 190.0
AW 72 1200 1.713 1.0024 207.2
AW 72 1300 1.7237 1.0032 223.9
AW 72 1400 1.7241 0.9955 240.7
AW 72 1500 1.7256 0.9985 257.5
AW 72 1600 1.713 0.9918 274.4
AW 72 1700 1.7219 0.9932 290.9
AW 72 1800 1.7284 0.9956 307.4
AW 72 1900 1.7339 1.0063 324.3
done 341.1
