AW 86 0 1.802 1.2223 4.1
AW 86 100 1.7908 1.0057 20.3
AW 86 200 1.7813 1.008 37.7
AW 86 300 1.7789 1.0078 54.7
AW 86 400 1.7556 1.0082 71.9
AW 86 500 1.7282 1.0031 88.9
AW 86 600 1.7491 1.0091 105.7
AW 86 700 1.7447 1.0054 122.7
AW 86 800 1.7315 0.9978 139.2
AW 86 900 1.7412 1.0084 156.0
AW 86 1000 1.7267 1.0009 173.0
AW 86 1100 1.7163 1.0002 189.9
AW 86 1200 1.7198 1.0042 207.4
AW 86 1300 1.7173 0.9978 224.2
AW 86 1400 1.7178 0.9973 241.7
AW 86 1500 1.7134 0.9945 258.7
AW 86 1600 1.7169 1.0001 275.4
AW 86 1700 1.7085 1.0035 292.6
AW 86 1800 1.7291 1.0035 309.1
AW 86 1900 1.7165 0.9973 325.5
done 342.0
