AW 79 0 1.8011 1.221 4.2
AW 79 100 1.7894 1.0084 21.5
AW 79 200 1.786 1.0041 38.3
AW 79 300 1.7621 1.0085 55.9
AW 79 400 1.7556 1.0057 73.0
AW 79 500 1.7371 1.0064 89.5
AW 79 600 1.733 0.9997 106.1
AW 79 700 1.728 0.999 122.8
AW 79 800 1.7319 1.0019 140.3
AW 79 900 1.7304 1.0016 156.9
AW 79 1000 1.7166 0.9993 173.9
AW 79 1100 1.728 1.0043 190.6
AW 79 1200 1.7287 1.004 207.3
AW 79 1300 1.7123 0.999 224.0
AW 79 1400 1.7173 0.9972 241.0
AW 79 1500 1.7278 1.002 257.8
AW 79 1600 1.7185 0.9992 274.1
AW 79 1700 1.7289 0.9938 290.6
AW 79 1800 1.7186 1.0029 307.1
AW 79 1900 1.714 1.0042 324.1
done 340.3
