AW 82 0 1.8038 1.2175 4.0
AW 82 100 1.7918 1.0101 21.0
AW 82 200 1.7804 1.0119 38.3
AW 82 300 1.7681 1.0065 55.3
AW 82 400 1.7545 1.0079 72.4
AW 82 500 1.7546 1.0041 89.2
AW 82 600 1.7462 1.0056 106.2
AW 82 700 1.7351 0.9984 123.1
AW 82 800 1.7383 0.9976 140.6
AW 82 900 1.7242 0.9951 158.3
AW 82 1000 1.7394 0.998 175.8
AW 82 1100 1.7256 1.0001 193.6
AW 82 1200 1.7164 1.0088 211.4
AW 82 1300 1.7068 1.0011 229.2
AW 82 1400 1.7183 0.9955 246.7
AW 82 1500 1.7356 0.9988 264.2
AW 82 1600 1.7133 1.0005 282.0
AW 82 1700 1.7094 0.9966 299.5
AW 82 1800 1.7239 0.9966 316.8
AW 82 1900 1.7207 0.9993 334.1
done 351.6
