AW 70 0 1.8006 1.2177 5.2
AW 70 100 1.791 1.0067 22.3
AW 70 200 1.785 1.0109 38.6
AW 70 300 1.7683 1.0066 55.2
AW 70 400 1.7413 1.0124 72.4
AW 70 500 1.7455 1.0044 88.6
AW 70 600 1.7355 0.9997 105.7
AW 70 700 1.7346 1.0024 122.2
AW 70 800 1.74 1.0021 139.1
AW 70 900 1.7372 1.0042 155.9
AW 70 1000 1.7299 1.0019 172.5
AW 70 1100 1.7156 0.9962 189.8
AW 70 1200 1.7193 0.9987 207.2
AW 70 1300 1.7136 0.993 224.4
AW 70 1400 1.7069 0.9963 241.3
AW 70 1500 1.7014 0.9924 257.9
AW 70 1600 1.719 0.9981 275.2
AW 70 1700 1.7264 0.9983 292.8
AW 70 1800 1.7433 1.001 310.1
AW 70 1900 1.7287 1.0005 327.9
done 344.5
