AW 81 0 1.8049 1.2207 3.9
AW 81 100 1.7882 1.0063 20.9
AW 81 200 1.7875 1.0074 37.7
AW 81 300 1.7679 1.009 54.7
AW 81 400 1.7476 1.0047 71.5
AW 81 500 1.7464 1.0055 88.3
AW 81 600 1.7305 1.0017 105.1
AW 81 700 1.7281 0.9967 121.6
AW 81 800 1.7209 1.0031 138.2
AW 81 900 1.7186 0.9988 155.4
AW 81 1000 1.7253 1.0051 171.8
AW 81 1100 1.7131 1.0013 188.9
AW 81 1200 1.7249 1.0039 206.1
AW 81 1300 1.704 0.997 223.0
AW 81 1400 1.7176 1.0 239.9
AW 81 1500 1.7064 0.9956 257.6
AW 81 1600 1.7067 0.9907 274.3
AW 81 1700 1.7132 0.9964 291.8
AW 81 1800 1.7255 1.003 308.7
AW 81 1900 1.7204 1.0064 325.7
done 342.4
