AW 89 0 1.8096 1.2221 4.0
AW 89 100 1.7916 1.009 21.3
AW 89 200 1.7854 1.0065 38.7
AW 89 300 1.7777 1.0075 56.2
AW 89 400 1.7554 1.0093 74.2
AW 89 500 1.7562 1.0087 90.8
AW 89 600 1.7398 1.0035 107.8
AW 89 700 1.7424 1.0036 124.9
AW 89 800 1.7325 0.9979 142.2
AW 89 900 1.7199 0.9995 158.7
AW 89 1000 1.7274 1.0007 175.4
AW 89 1100 1.7306 1.0037 192.2
AW 89 1200 1.7256 1.0013 209.1
AW 89 1300 1.7208 1.0015 226.2
AW 89 1400 1.7184 0.9968 243.7
AW 89 1500 1.7235 1.0014 260.9
AW 89 1600 1.7314 1.0043 278.3
AW 89 1700 1.7232 0.9971 295.9
AW 89 1800 1.7173 0.9989 313.5
AW 89 1900 1.7257 0.9963 330.2
done 347.5
