AW 84 0 1.8001 1.2235 4.1
AW 84 100 1.7897 1.0074 21.5
AW 84 200 1.7835 1.0095 38.4
AW 84 300 1.7698 1.0063 55.0
AW 84 400 1.7524 1.0094 71.8
AW 84 500 1.7352 1.0046 89.2
AW 84 600 1.7484 1.0037 106.0
AW 84 700 1.7454 1.0015 123.3
AW 84 800 1.7558 1.0045 140.8
AW 84 900 1.7423 0.9989 158.5
AW 84 1000 1.738 1.0059 175.3
AW 84 1100 1.7219 1.0003 192.5
AW 84 1200 1.732 1.0011 209.2
AW 84 1300 1.7234 0.9957 225.7
AW 84 1400 1.7431 1.0002 242.3
AW 84 1500 1.7273 0.9932 259.4
AW 84 1600 1.7325 0.9956 276.1
AW 84 1700 1.7406 0.9961 292.8
AW 84 1800 1.7129 0.9976 309.9
AW 84 1900 1.7231 1.0047 326.4
done 343.1
