AW 78 0 1.8007 1.2193 3.9
AW 78 100 1.7898 1.0087 20.2
AW 78 200 1.7865 1.0057 36.8
AW 78 300 1.7635 1.0059 53.7
AW 78 400 1.7529 1.005 70.5
AW 78 500 1.7614 1.0109 87.9
AW 78 600 1.7414 1.0068 105.0
AW 78 700 1.7433 1.0032 122.1
AW 78 800 1.7332 1.0007 139.2
AW 78 900 1.7329 1.001 156.4
AW 78 1000 1.7387 1.0032 173.9
AW 78 1100 1.7197 0.9967 190.6
AW 78 1200 1.7288 1.0047 207.8
AW 78 1300 1.7252 0.994 224.6
AW 78 1400 1.7276 1.002 241.7
AW 78 1500 1.7111 0.9978 259.0
AW 78 1600 1.7238 0.9962 276.5
AW 78 1700 1.7272 1.0006 293.9
AW 78 1800 1.7195 0.9986 311.9
AW 78 1900 1.7231 0.996 329.3
done 346.1
