AW 88 0 1.8039 1.2203 3.9
AW 88 100 1.7911 1.0072 20.7
AW 88 200 1.7841 1.0097 37.5
AW 88 300 1.7731 1.0071 54.1
AW 88 400 1.7435 1.0046 70.8
AW 88 500 1.747 1.0083 87.6
AW 88 600 1.7181 1.005 104.3
AW 88 700 1.7197 1.0017 121.2
AW 88 800 1.7123 1.0011 137.9
AW 88 900 1.7248 1.0013 154.8
AW 88 1000 1.7402 1.0014 171.8
AW 88 1100 1.719 0.9989 188.8
AW 88 1200 1.7329 1.0049 206.3
AW 88 1300 1.7232 1.003 223.3
AW 88 1400 1.7097 0.9976 240.6
AW 88 1500 1.7057 0.9956 257.5
AW 88 1600 1.719 0.9951 274.9
AW 88 1700 1.7162 0.9955 292.3
AW 88 1800 1.7252 0.999 309.4
AW 88 1900 1.7105 0.9958 326.1
done 342.7
