AW 75 0 1.8022 1.2143 4.0
AW 75 100 1.7941 1.0041 20.6
AW 75 200 1.7843 1.004 37.5
AW 75 300 1.7735 1.0106 53.8
AW 75 400 1.7571 1.0084 70.0
AW 75 500 1.7494 1.0083 87.0
AW 75 600 1.7469 1.0093 104.4
AW 75 700 1.7555 1.0048 121.7
AW 75 800 1.7379 1.0005 138.6
AW 75 900 1.7318 1.0045 155.7
AW 75 1000 1.7312 1.0008 172.3
AW 75 1100 1.71 1.0054 189.0
AW 75 1200 1.7189 1.0018 205.6
AW 75 1300 1.7137 0.9989 222.1
AW 75 1400 1.722 0.9969 238.4
AW 75 1500 1.7176 0.9919 254.9
AW 75 1600 1.7315 0.9945 272.1
AW 75 1700 1.7204 0.9999 288.7
AW 75 1800 1.7245 0.9996 305.9
AW 75 1900 1.727 0.9994 323.3
done 340.6
