AW 73 0 1.8049 1.2214 3.8
AW 73 100 1.7941 1.0091 20.4
AW 73 200 1.784 1.01 37.2
AW 73 300 1.7687 1.0061 54.0
AW 73 400 1.7562 1.0073 70.2
AW 73 500 1.7435 1.0075 86.6
AW 73 600 1.7422 1.0036 103.5
AW 73 700 1.734 1.0034 119.9
AW 73 800 1.7213 1.004 136.6
AW 73 900 1.7254 1.0054 153.1
AW 73 1000 1.7183 1.0034 170.0
AW 73 1100 1.7123 0.9945 186.5
AW 73 1200 1.7171 0.9986 203.2
AW 73 1300 1.7063 0.9933 220.3
AW 73 1400 1.7233 1.0073 236.8
AW 73 1500 1.7189 0.9954 253.5
AW 73 1600 1.7285 1.004 270.0
AW 73 1700 1.7158 0.9966 286.5
AW 73 1800 1.7229 0.9964 303.1
AW 73 1900 1.705 0.9927 320.0
done 336.5
