runs: 960 прогонов, задачи ['T1', 'T2', 'T3', 'T4', 'T5', 'T6'], ветви ['AA32', 'FIXED32', 'ORACLE', 'RANDEVAL', 'SAME16', 'SAME32', 'SPLIT16+16', 'SPLIT8+8'], сиды 80–99 (20); gens=150, хеш кода 50ae664e0cc4; окно последних 30, ранний срез 11–40
A/A (AA32 против SAME32): ioi2_late: побед 50/99 (нич. 21), интервал нуля [40, 59], δ=0.0013; ign_late: побед 49/99 (нич. 21), интервал нуля [40, 59], δ=0.0001; abs_ct_late: побед 50/99 (нич. 21), интервал нуля [40, 59], δ=0.0000 → в норме
ВОРОТА первичной пары (SPLIT8+8 / SAME16): средняя знаковая C−T у SPLIT8+8 = -0.0009 ИД95 [-0.0055, 0.0037] (содержит 0: True); у SAME16 = 0.0197 ИД95 [0.0128, 0.0268] (выше 0: True) → пройдены
   без вырожденных: SPLIT8+8 n=105 средняя -0.0014 ИД95 [-0.0067, 0.0039]; SAME16 n=107 средняя 0.0189 ИД95 [0.0117, 0.0265]; интервал A/A средней разности SAME32−AA32: [-0.0019, 0.0087]
   H1 (теорема, без порога): знаковая C−T SPLIT8+8 < SAME16: побед 69/98 (нич. 22), ближе к нулю в 56/120, медиана разности 0.0031 ИД95 [0.0, 0.0115]
ВОРОТА вторичной пары (отчитываются, не блокируют) (SPLIT16+16 / SAME32): средняя знаковая C−T у SPLIT16+16 = 0.0017 ИД95 [-0.0013, 0.0048] (содержит 0: True); у SAME32 = 0.0143 ИД95 [0.0095, 0.0193] (выше 0: True) → пройдены
   без вырожденных: SPLIT16+16 n=107 средняя 0.0018 ИД95 [-0.0014, 0.0053]; SAME32 n=108 средняя 0.0147 ИД95 [0.0095, 0.0204]; интервал A/A средней разности SAME32−AA32: [-0.0018, 0.0086]
   H1 (теорема, без порога): знаковая C−T SPLIT16+16 < SAME32: побед 65/92 (нич. 28), ближе к нулю в 55/120, медиана разности 0.0025 ИД95 [0.0, 0.0066]
H2: SPLIT8+8 vs SAME16 [ioi2_late]: побед 33, обратных 65, ничьих 22, порог 61/98 (α=0.025), p=0.0016, медиана разности -0.0210 ИД95 [-0.0414, 0.0], δ=0.0013 → обратный эффект
H3: SAME16 vs SPLIT8+8 [ign_late]: побед 56, обратных 42, ничьих 22, порог 61/98 (α=0.025), p=0.1888, медиана разности 0.0000 ИД95 [0.0, 0.0033], δ=0.0001 → не решено
КРИТЕРИЙ ВДВОЕ SPLIT16+16 [abs_ct_late] T2–T5: медиана 0.0894 ИД95 [0.0842, 0.0933] против цели 0.0440 (½ базы здесь 0.0481 / EVO-05 0.044); пар ≤ ½ базы в паре 19/80; побед базы по незнанию 0/0 (порог None, тождественно (T совпадает по построению)) → не выполнен
КРИТЕРИЙ ВДВОЕ SPLIT8+8 [abs_ct_late] T2–T5: медиана 0.1290 ИД95 [0.1158, 0.1343] против цели 0.0440 (½ базы здесь 0.0481 / EVO-05 0.044); пар ≤ ½ базы в паре 16/80; побед базы по незнанию 42/73 (порог 46, не хуже) → не выполнен
КРИТЕРИЙ ВДВОЕ SAME32 [abs_ct_late] T2–T5: медиана 0.0654 ИД95 [0.0583, 0.0704] против цели 0.0440 (½ базы здесь 0.0481 / EVO-05 0.044); пар ≤ ½ базы в паре 23/80; побед базы по незнанию 33/69 (порог 44, не хуже) → не выполнен
КРИТЕРИЙ ВДВОЕ SPLIT16+16 [abs_pool_late] T2–T5: медиана 0.0440 ИД95 [0.0313, 0.0553] против цели 0.0440 (½ базы здесь 0.0481 / EVO-05 0.044); пар ≤ ½ базы в паре 45/80; побед базы по незнанию 0/0 (порог None, тождественно (T совпадает по построению)) → не решено
КРИТЕРИЙ ВДВОЕ SPLIT8+8 [abs_pool_late] T2–T5: медиана 0.0648 ИД95 [0.047, 0.0836] против цели 0.0440 (½ базы здесь 0.0481 / EVO-05 0.044); пар ≤ ½ базы в паре 30/80; побед базы по незнанию 42/73 (порог 46, не хуже) → не выполнен
КРИТЕРИЙ ВДВОЕ SAME32 [abs_pool_late] T2–T5: медиана 0.0389 ИД95 [0.0276, 0.0509] против цели 0.0440 (½ базы здесь 0.0481 / EVO-05 0.044); пар ≤ ½ базы в паре 47/80; побед базы по незнанию 33/69 (порог 44, не хуже) → не решено
КРИТЕРИЙ ВДВОЕ SAME16 [abs_pool_late] T2–T5: медиана 0.0471 ИД95 [0.0319, 0.058] против цели 0.0440 (½ базы здесь 0.0481 / EVO-05 0.044); пар ≤ ½ базы в паре 39/80; побед базы по незнанию 0/0 (порог None, тождественно (T совпадает по построению)) → описательно
вторичное: SPLIT16+16 vs SAME32 [ioi2_late]: побед 35, обратных 57, ничьих 28, порог 56/92 (α=0.05), p=0.0280, медиана разности 0.0000 ИД95 [-0.0214, 0.0], δ=0.0013 → обратный эффект, Холм нет
вторичное: SPLIT16+16 vs SAME32 [abs_ct_late]: побед 29, обратных 63, ничьих 28, порог 56/92 (α=0.05), p=0.0005, медиана разности -0.0024 ИД95 [-0.0105, 0.0], δ=0.0000 → обратный эффект, Холм да
вторичное: SPLIT16+16 vs SAME32 [ioi]: побед 62, обратных 58, ничьих 0, порог 72/120 (α=0.05), p=0.7843, медиана разности 0.0012 ИД95 [-0.0111, 0.0154], δ=0.0184 → разницы нет, Холм нет
вторичное: SPLIT16+16 vs SAME32 [deception]: побед 69, обратных 51, ничьих 0, порог 72/120 (α=0.05), p=0.1203, медиана разности 0.0023 ИД95 [-0.0008, 0.0055], δ=0.0038 → не решено, Холм нет
вторичное: SAME32 vs SPLIT16+16 [ign_late]: побед 50, обратных 40, ничьих 30, порог 55/90 (α=0.05), p=0.3428, медиана разности 0.0000 ИД95 [0.0, 0.001], δ=0.0001 → не решено, Холм нет
вторичное: SPLIT8+8 vs SAME16 [abs_ct_late]: побед 31, обратных 67, ничьих 22, порог 60/98 (α=0.05), p=0.0004, медиана разности -0.0096 ИД95 [-0.02, 0.0], δ=0.0000 → обратный эффект, Холм да
вторичное: SPLIT8+8 vs SAME16 [ioi]: побед 44, обратных 76, ничьих 0, порог 72/120 (α=0.05), p=0.0045, медиана разности -0.0140 ИД95 [-0.0261, -0.0051], δ=0.0184 → обратный эффект, Холм да
вторичное: SPLIT8+8 vs SAME16 [deception]: побед 66, обратных 54, ничьих 0, порог 72/120 (α=0.05), p=0.3153, медиана разности 0.0031 ИД95 [-0.0008, 0.0097], δ=0.0038 → не решено, Холм нет
вторичное: SPLIT8+8 vs SAME16 [ioi2_late гладкие]: побед 14, обратных 11, ничьих 15, порог 18/25 (α=0.05), p=0.6900, медиана разности 0.0000 ИД95 [0.0, 0.001], δ=0.0047 → разницы нет, Холм нет
вторичное: SPLIT8+8 vs SAME16 [ioi2_late кусочные]: побед 19, обратных 54, ничьих 7, порог 46/73 (α=0.05), p=0.0001, медиана разности -0.0401 ИД95 [-0.0621, -0.0223], δ=0.0143 → обратный эффект, Холм да
вторичное: SAME32 vs FIXED32 [abs_ct_late]: побед 85, обратных 21, ничьих 14, порог 64/106 (α=0.05), p=0.0000, медиана разности 0.0330 ИД95 [0.0232, 0.0478], δ=0.0000 → подтверждено, Холм да
вторичное: SAME32 vs FIXED32 [ioi2_late]: побед 84, обратных 22, ничьих 14, порог 64/106 (α=0.05), p=0.0000, медиана разности 0.0528 ИД95 [0.0314, 0.1056], δ=0.0013 → подтверждено, Холм да
вторичное: SAME16 vs — [drift_ct (C−T поздн. минус 11–40 > 0)]: побед 28, обратных 87, ничьих 5, порог 70/115 (α=0.025), p=0.0000, медиана разности -0.0151 ИД95 [-0.0219, -0.008], δ=— → обратный эффект (опровергнуто), Холм да
вторичное: SAME32 vs — [drift_ct (C−T поздн. минус 11–40 > 0)]: побед 30, обратных 86, ничьих 4, порог 71/116 (α=0.025), p=0.0000, медиана разности -0.0079 ИД95 [-0.0133, -0.0039], δ=— → обратный эффект (опровергнуто), Холм да
пол/потолок ИОИ′ (медианы по всем прогонам): {'AA32': 0.42, 'FIXED32': 0.617, 'ORACLE': 0.363, 'RANDEVAL': 1.981, 'SAME16': 0.515, 'SAME32': 0.454, 'SPLIT16+16': 0.498, 'SPLIT8+8': 0.591} → упорядочены
чувствительность H2 (описательно): без пар с обеими вырожденными — 27 / 92 обратный эффект ; без пар с любой пометкой — 20 / 74 обратный эффект
чувствительность: помечено по ветвям {'AA32': {'degenerate': 10, 'no_pressure': 2}, 'FIXED32': {'degenerate': 26, 'no_pressure': 10}, 'ORACLE': {'degenerate': 13, 'no_pressure': 0}, 'RANDEVAL': {'degenerate': 120, 'no_pressure': 57}, 'SAME16': {'degenerate': 13, 'no_pressure': 2}, 'SAME32': {'degenerate': 12, 'no_pressure': 0}, 'SPLIT16+16': {'degenerate': 13, 'no_pressure': 2}, 'SPLIT8+8': {'degenerate': 15, 'no_pressure': 6}}
разложение SAME32 (описательно): |C−T| − |C_fresh−T|: медиана -0.0048 ИД95 [-0.0103, 0.0], |C_fresh−T| < |C−T| в 11/120 прогонов

медианы по (задача, ветвь), окно последних 30 поколений:
ячейка                      T      C  |C−T|     C−T    1−T   ИОИ′  |Cf−T| |Cpool−T| вырожд безДавл
T1/AA32                 1.000  1.000  0.000   0.000  0.000  0.000   0.000     0.000   8/20   1/20
T1/FIXED32              0.011  0.062  0.051   0.051  0.989  1.040   0.017     0.051  16/20   3/20
T1/ORACLE               0.099  0.099  0.000   0.000  0.901  0.901   0.031     0.000  10/20   0/20
T1/RANDEVAL             0.001  0.997  0.996   0.996  0.999  1.995   0.001     0.996  20/20   8/20
T1/SAME16               0.256  0.307  0.026   0.011  0.744  0.807   0.009     0.023  10/20   1/20
T1/SAME32               0.025  0.039  0.020   0.004  0.975  0.996   0.024     0.011  11/20   0/20
T1/SPLIT16+16           0.256  0.251  0.009   0.000  0.744  0.816   0.009     0.006  10/20   1/20
T1/SPLIT8+8             0.010  0.017  0.018   0.000  0.990  1.007   0.018     0.011  13/20   3/20
T2/AA32                 0.999  1.000  0.001   0.000  0.001  0.002   0.001     0.001   0/20   0/20
T2/FIXED32              0.961  1.000  0.031   0.031  0.039  0.078   0.038     0.031   0/20   1/20
T2/ORACLE               0.972  0.972  0.000   0.000  0.028  0.028   0.007     0.000   0/20   0/20
T2/RANDEVAL             0.044  0.997  0.953   0.953  0.956  1.909   0.032     0.953  20/20   8/20
T2/SAME16               1.000  1.000  0.000   0.000  0.000  0.000   0.000     0.000   0/20   0/20
T2/SAME32               0.859  0.885  0.040   0.005  0.141  0.182   0.058     0.025   0/20   0/20
T2/SPLIT16+16           1.000  1.000  0.000   0.000  0.000  0.000   0.000     0.000   0/20   0/20
T2/SPLIT8+8             0.674  0.698  0.098   0.000  0.326  0.448   0.098     0.060   0/20   2/20
T3/AA32                 0.654  0.667  0.070   0.006  0.346  0.415   0.084     0.036   0/20   0/20
T3/FIXED32              0.190  0.344  0.173   0.173  0.810  1.007   0.071     0.173   4/20   1/20
T3/ORACLE               0.490  0.490  0.000   0.000  0.510  0.510   0.082     0.000   0/20   0/20
T3/RANDEVAL             0.010  0.997  0.986   0.986  0.990  1.976   0.018     0.986  20/20   9/20
T3/SAME16               0.612  0.664  0.106   0.076  0.388  0.503   0.093     0.091   1/20   0/20
T3/SAME32               0.257  0.320  0.079   0.040  0.743  0.826   0.089     0.060   0/20   0/20
T3/SPLIT16+16           0.612  0.639  0.093  -0.004  0.388  0.492   0.093     0.063   1/20   0/20
T3/SPLIT8+8             0.288  0.275  0.117  -0.002  0.712  0.839   0.117     0.103   0/20   0/20
T4/AA32                 0.528  0.541  0.061   0.000  0.472  0.540   0.087     0.017   0/20   0/20
T4/FIXED32              0.518  0.641  0.109   0.053  0.482  0.558   0.092     0.109   0/20   3/20
T4/ORACLE               0.611  0.611  0.000   0.000  0.389  0.389   0.082     0.000   0/20   0/20
T4/RANDEVAL             0.039  0.997  0.958   0.958  0.961  1.919   0.028     0.958  20/20  12/20
T4/SAME16               0.519  0.524  0.101   0.000  0.481  0.586   0.091     0.031   0/20   0/20
T4/SAME32               0.545  0.552  0.061   0.000  0.455  0.534   0.084     0.026   0/20   0/20
T4/SPLIT16+16           0.519  0.523  0.091   0.000  0.481  0.573   0.091     0.028   0/20   0/20
T4/SPLIT8+8             0.512  0.537  0.125   0.000  0.488  0.615   0.125     0.043   0/20   0/20
T5/AA32                 0.463  0.493  0.073   0.021  0.537  0.602   0.105     0.034   0/20   0/20
T5/FIXED32              0.477  0.562  0.069   0.034  0.523  0.594   0.094     0.069   0/20   0/20
T5/ORACLE               0.530  0.530  0.000   0.000  0.470  0.470   0.093     0.000   0/20   0/20
T5/RANDEVAL             0.005  0.997  0.992   0.992  0.995  1.987   0.008     0.992  20/20   9/20
T5/SAME16               0.467  0.485  0.096   0.004  0.533  0.634   0.093     0.035   0/20   0/20
T5/SAME32               0.535  0.531  0.065   0.006  0.465  0.537   0.096     0.035   0/20   0/20
T5/SPLIT16+16           0.467  0.476  0.093   0.006  0.533  0.636   0.093     0.038   0/20   0/20
T5/SPLIT8+8             0.473  0.481  0.139   0.001  0.527  0.668   0.139     0.047   0/20   0/20
T6/AA32                 1.000  1.000  0.000   0.000  0.000  0.000   0.000     0.000   2/20   1/20
T6/FIXED32              1.000  1.000  0.000   0.000  0.000  0.000   0.000     0.000   6/20   2/20
T6/ORACLE               1.000  1.000  0.000   0.000  0.000  0.000   0.000     0.000   3/20   0/20
T6/RANDEVAL             0.006  0.997  0.991   0.991  0.994  1.985   0.011     0.991  20/20  11/20
T6/SAME16               1.000  1.000  0.000   0.000  0.000  0.000   0.000     0.000   2/20   1/20
T6/SAME32               1.000  1.000  0.000   0.000  0.000  0.000   0.000     0.000   1/20   0/20
T6/SPLIT16+16           1.000  1.000  0.000   0.000  0.000  0.000   0.000     0.000   2/20   1/20
T6/SPLIT8+8             1.000  1.000  0.000   0.000  0.000  0.000   0.000     0.000   2/20   1/20
сводно T2–T5: {'AA32': {'abs_ct_late': 0.064, 'ign_late': 0.379, 'ioi2_late': 0.448, 'abs_pool_late': 0.022}, 'FIXED32': {'abs_ct_late': 0.113, 'ign_late': 0.493, 'ioi2_late': 0.594, 'abs_pool_late': 0.113}, 'ORACLE': {'abs_ct_late': 0.0, 'ign_late': 0.397, 'ioi2_late': 0.397, 'abs_pool_late': 0.0}, 'RANDEVAL': {'abs_ct_late': 0.976, 'ign_late': 0.979, 'ioi2_late': 1.955, 'abs_pool_late': 0.976}, 'SAME16': {'abs_ct_late': 0.096, 'ign_late': 0.431, 'ioi2_late': 0.532, 'abs_pool_late': 0.047}, 'SAME32': {'abs_ct_late': 0.065, 'ign_late': 0.427, 'ioi2_late': 0.502, 'abs_pool_late': 0.039}, 'SPLIT16+16': {'abs_ct_late': 0.089, 'ign_late': 0.431, 'ioi2_late': 0.52, 'abs_pool_late': 0.044}, 'SPLIT8+8': {'abs_ct_late': 0.129, 'ign_late': 0.462, 'ioi2_late': 0.604, 'abs_pool_late': 0.065}}
результат → runs/results.json
