== 2026-09-27 16:06:49 старт EVO-06 (runs), P=3, GENS=150
python 3.11.15 numpy 2.4.6
код 50ae664e0cc4
T1 SPLIT16+16 80 ИОИ 1.003 |C−T| поздн. 0.02 C−T 0.01 незн. 0.993 итог 0.005 labels 4832 4.7 с
T1 SAME32 80 ИОИ 1.021 |C−T| поздн. 0.035 C−T 0.033 незн. 0.991 итог 0.009 labels 4832 5.1 с
T1 FIXED32 80 ИОИ 1.051 |C−T| поздн. 0.076 C−T 0.076 незн. 0.982 итог 0.018 labels 32 7.4 с
T1 SAME16 80 ИОИ 1.024 |C−T| поздн. 0.031 C−T 0.022 незн. 0.993 итог 0.005 labels 2416 5.0 с
T1 SPLIT8+8 80 ИОИ 1.002 |C−T| поздн. 0.015 C−T 0.001 незн. 0.993 итог 0.007 labels 2416 4.1 с
T1 RANDEVAL 80 ИОИ 1.996 |C−T| поздн. 0.996 C−T 0.996 незн. 0.999 итог 0.0 labels 0 1.6 с
T1 AA32 80 ИОИ 1.016 |C−T| поздн. 0.026 C−T 0.021 незн. 0.994 итог 0.008 labels 4832 8.2 с
T1 ORACLE 80 ИОИ 0.297 |C−T| поздн. 0.0 C−T 0.0 незн. 0.0 итог 1.0 labels 1000 5.2 с
T2 FIXED32 80 ИОИ 0.045 |C−T| поздн. 0.005 C−T 0.005 незн. 0.005 итог 0.995 labels 32 10.0 с
T2 SAME32 80 ИОИ 0.064 |C−T| поздн. 0.0 C−T 0.0 незн. 0.0 итог 1.0 labels 4832 10.8 с
T2 SPLIT16+16 80 ИОИ 0.044 |C−T| поздн. 0.0 C−T 0.0 незн. 0.0 итог 1.0 labels 4832 7.3 с
T2 AA32 80 ИОИ 0.411 |C−T| поздн. 0.069 C−T -0.044 незн. 0.372 итог 0.628 labels 4832 4.7 с
T2 RANDEVAL 80 ИОИ 1.92 |C−T| поздн. 0.963 C−T 0.963 незн. 0.967 итог 0.0 labels 0 1.2 с
T2 SPLIT8+8 80 ИОИ 0.075 |C−T| поздн. 0.0 C−T 0.0 незн. 0.0 итог 1.0 labels 2416 7.5 с
T2 SAME16 80 ИОИ 0.048 |C−T| поздн. 0.0 C−T 0.0 незн. 0.0 итог 1.0 labels 2416 7.8 с
T3 SAME32 80 ИОИ 0.392 |C−T| поздн. 0.031 C−T 0.003 незн. 0.044 итог 0.957 labels 4832 6.6 с
T3 FIXED32 80 ИОИ 0.966 |C−T| поздн. 0.091 C−T 0.091 незн. 0.872 итог 0.128 labels 32 7.5 с
T2 ORACLE 80 ИОИ 0.01 |C−T| поздн. 0.0 C−T 0.0 незн. 0.0 итог 1.0 labels 1000 13.5 с
T3 SPLIT16+16 80 ИОИ 0.835 |C−T| поздн. 0.086 C−T 0.01 незн. 0.783 итог 0.212 labels 4832 5.6 с
T3 AA32 80 ИОИ 0.278 |C−T| поздн. 0.0 C−T 0.0 незн. 0.0 итог 1.0 labels 4832 5.4 с
T3 RANDEVAL 80 ИОИ 1.976 |C−T| поздн. 0.985 C−T 0.985 незн. 0.989 итог 0.0 labels 0 1.2 с
T3 SAME16 80 ИОИ 0.912 |C−T| поздн. 0.146 C−T 0.143 незн. 0.783 итог 0.212 labels 2416 6.2 с
T3 SPLIT8+8 80 ИОИ 0.613 |C−T| поздн. 0.135 C−T -0.002 незн. 0.339 итог 0.688 labels 2416 6.4 с
T3 ORACLE 80 ИОИ 0.577 |C−T| поздн. 0.0 C−T 0.0 незн. 0.477 итог 0.561 labels 1000 8.8 с
T4 FIXED32 80 ИОИ 0.146 |C−T| поздн. 0.001 C−T 0.001 незн. 0.001 итог 0.999 labels 32 9.2 с
T4 SAME32 80 ИОИ 0.597 |C−T| поздн. 0.073 C−T 0.035 незн. 0.52 итог 0.483 labels 4832 7.7 с
T4 SPLIT16+16 80 ИОИ 0.608 |C−T| поздн. 0.102 C−T 0.061 незн. 0.524 итог 0.475 labels 4832 6.3 с
T4 AA32 80 ИОИ 0.584 |C−T| поздн. 0.073 C−T 0.043 незн. 0.518 итог 0.482 labels 4832 5.8 с
T4 RANDEVAL 80 ИОИ 1.937 |C−T| поздн. 0.963 C−T 0.963 незн. 0.966 итог 0.0 labels 0 1.5 с
T4 SAME16 80 ИОИ 0.612 |C−T| поздн. 0.104 C−T 0.051 незн. 0.524 итог 0.475 labels 2416 6.4 с
T4 SPLIT8+8 80 ИОИ 0.645 |C−T| поздн. 0.134 C−T 0.065 незн. 0.519 итог 0.479 labels 2416 7.2 с
T4 ORACLE 80 ИОИ 0.525 |C−T| поздн. 0.0 C−T 0.0 незн. 0.517 итог 0.485 labels 1000 7.3 с
T5 FIXED32 80 ИОИ 0.675 |C−T| поздн. 0.119 C−T 0.119 незн. 0.556 итог 0.444 labels 32 7.7 с
T5 SAME32 80 ИОИ 0.471 |C−T| поздн. 0.056 C−T -0.0 незн. 0.41 итог 0.598 labels 4832 8.4 с
T5 AA32 80 ИОИ 0.305 |C−T| поздн. 0.002 C−T 0.002 незн. 0.002 итог 1.0 labels 4832 7.0 с
T5 SPLIT16+16 80 ИОИ 0.294 |C−T| поздн. 0.0 C−T 0.0 незн. 0.0 итог 1.0 labels 4832 8.2 с
T5 RANDEVAL 80 ИОИ 1.988 |C−T| поздн. 0.993 C−T 0.993 незн. 0.996 итог 0.0 labels 0 1.5 с
T5 SAME16 80 ИОИ 0.294 |C−T| поздн. 0.0 C−T 0.0 незн. 0.0 итог 1.0 labels 2416 8.2 с
T5 SPLIT8+8 80 ИОИ 0.501 |C−T| поздн. 0.159 C−T -0.071 незн. 0.437 итог 0.558 labels 2416 7.5 с
T5 ORACLE 80 ИОИ 0.561 |C−T| поздн. 0.0 C−T 0.0 незн. 0.552 итог 0.448 labels 1000 7.7 с
T6 SAME32 80 ИОИ 0.639 |C−T| поздн. 0.0 C−T 0.0 незн. 0.0 итог 1.0 labels 4832 4.7 с
T6 FIXED32 80 ИОИ 0.09 |C−T| поздн. 0.005 C−T 0.005 незн. 0.005 итог 0.995 labels 32 7.3 с
T6 SPLIT16+16 80 ИОИ 0.375 |C−T| поздн. 0.0 C−T 0.0 незн. 0.0 итог 1.0 labels 4832 4.8 с
T6 SAME16 80 ИОИ 0.38 |C−T| поздн. 0.0 C−T 0.0 незн. 0.0 итог 1.0 labels 2416 5.1 с
T6 AA32 80 ИОИ 0.02 |C−T| поздн. 0.0 C−T 0.0 незн. 0.0 итог 1.0 labels 4832 6.4 с
T6 SPLIT8+8 80 ИОИ 0.294 |C−T| поздн. 0.0 C−T 0.0 незн. 0.0 итог 1.0 labels 2416 4.7 с
T6 RANDEVAL 80 ИОИ 1.989 |C−T| поздн. 0.993 C−T 0.993 незн. 0.997 итог 0.009 labels 0 1.5 с
T6 ORACLE 80 ИОИ 0.062 |C−T| поздн. 0.0 C−T 0.0 незн. 0.008 итог 0.992 labels 1000 6.4 с
T1 FIXED32 81 ИОИ 1.047 |C−T| поздн. 0.054 C−T 0.054 незн. 0.992 итог 0.008 labels 32 7.6 с
T1 SAME32 81 ИОИ 1.004 |C−T| поздн. 0.021 C−T 0.007 незн. 0.981 итог 0.017 labels 4832 7.6 с
T1 SPLIT16+16 81 ИОИ 1.0 |C−T| поздн. 0.016 C−T -0.005 незн. 0.988 итог 0.006 labels 4832 4.6 с
T1 SAME16 81 ИОИ 1.016 |C−T| поздн. 0.031 C−T 0.018 незн. 0.988 итог 0.006 labels 2416 4.8 с
T1 RANDEVAL 81 ИОИ 1.995 |C−T| поздн. 0.997 C−T 0.997 незн. 0.999 итог 0.0 labels 0 1.1 с
T1 AA32 81 ИОИ 1.012 |C−T| поздн. 0.027 C−T 0.02 незн. 0.984 итог 0.006 labels 4832 9.0 с
T1 SPLIT8+8 81 ИОИ 0.685 |C−T| поздн. 0.181 C−T -0.021 незн. 0.525 итог 0.493 labels 2416 6.8 с
T1 ORACLE 81 ИОИ 0.14 |C−T| поздн. 0.0 C−T 0.0 незн. 0.0 итог 1.0 labels 1000 7.5 с
T2 SAME32 81 ИОИ 0.103 |C−T| поздн. 0.0 C−T 0.0 незн. 0.0 итог 1.0 labels 4832 7.6 с
T2 FIXED32 81 ИОИ 0.088 |C−T| поздн. 0.007 C−T 0.007 незн. 0.007 итог 0.993 labels 32 10.0 с
T2 SPLIT16+16 81 ИОИ 0.458 |C−T| поздн. 0.088 C−T 0.012 незн. 0.404 итог 0.597 labels 4832 5.4 с
T2 AA32 81 ИОИ 0.463 |C−T| поздн. 0.073 C−T 0.02 незн. 0.403 итог 0.59 labels 4832 5.5 с
T2 RANDEVAL 81 ИОИ 1.887 |C−T| поздн. 0.906 C−T 0.906 незн. 0.908 итог 0.066 labels 0 1.4 с
T2 SAME16 81 ИОИ 0.473 |C−T| поздн. 0.088 C−T 0.027 незн. 0.404 итог 0.597 labels 2416 5.7 с
T2 SPLIT8+8 81 ИОИ 0.36 |C−T| поздн. 0.094 C−T -0.019 незн. 0.093 итог 0.921 labels 2416 8.6 с
T2 ORACLE 81 ИОИ 0.404 |C−T| поздн. 0.0 C−T 0.0 незн. 0.388 итог 0.612 labels 1000 6.5 с
T3 SAME32 81 ИОИ 0.909 |C−T| поздн. 0.061 C−T 0.031 незн. 0.811 итог 0.185 labels 4832 5.9 с
T3 FIXED32 81 ИОИ 1.106 |C−T| поздн. 0.183 C−T 0.183 незн. 0.933 итог 0.067 labels 32 10.3 с
T3 SPLIT16+16 81 ИОИ 0.72 |C−T| поздн. 0.093 C−T -0.006 незн. 0.569 итог 0.492 labels 4832 5.4 с
T3 AA32 81 ИОИ 0.775 |C−T| поздн. 0.086 C−T 0.076 незн. 0.636 итог 0.382 labels 4832 6.2 с
T3 SAME16 81 ИОИ 0.776 |C−T| поздн. 0.094 C−T 0.048 незн. 0.569 итог 0.492 labels 2416 5.7 с
T3 SPLIT8+8 81 ИОИ 0.861 |C−T| поздн. 0.103 C−T 0.01 незн. 0.805 итог 0.208 labels 2416 4.6 с
T3 RANDEVAL 81 ИОИ 1.982 |C−T| поздн. 0.989 C−T 0.989 незн. 0.992 итог 0.01 labels 0 1.4 с
T4 FIXED32 81 ИОИ 0.626 |C−T| поздн. 0.125 C−T 0.125 незн. 0.5 итог 0.5 labels 32 5.9 с
T3 ORACLE 81 ИОИ 0.078 |C−T| поздн. 0.0 C−T 0.0 незн. 0.0 итог 1.0 labels 1000 6.7 с
T4 SAME32 81 ИОИ 0.316 |C−T| поздн. 0.008 C−T -0.0 незн. 0.005 итог 0.997 labels 4832 7.0 с
T4 SPLIT16+16 81 ИОИ 0.187 |C−T| поздн. 0.0 C−T 0.0 незн. 0.0 итог 1.0 labels 4832 7.2 с
T4 SAME16 81 ИОИ 0.194 |C−T| поздн. 0.0 C−T 0.0 незн. 0.0 итог 1.0 labels 2416 7.8 с
T4 AA32 81 ИОИ 0.263 |C−T| поздн. 0.0 C−T 0.0 незн. 0.0 итог 1.0 labels 4832 8.8 с
T4 RANDEVAL 81 ИОИ 1.923 |C−T| поздн. 0.962 C−T 0.962 незн. 0.965 итог 0.0 labels 0 1.2 с
T4 SPLIT8+8 81 ИОИ 0.613 |C−T| поздн. 0.2 C−T 0.001 незн. 0.501 итог 0.5 labels 2416 5.9 с
T5 FIXED32 81 ИОИ 0.457 |C−T| поздн. 0.017 C−T -0.008 незн. 0.448 итог 0.552 labels 32 6.1 с
T5 SAME32 81 ИОИ 0.48 |C−T| поздн. 0.082 C−T 0.045 незн. 0.367 итог 0.637 labels 4832 5.8 с
T4 ORACLE 81 ИОИ 0.495 |C−T| поздн. 0.0 C−T 0.0 незн. 0.491 итог 0.509 labels 1000 11.9 с
T5 SPLIT16+16 81 ИОИ 0.611 |C−T| поздн. 0.088 C−T -0.009 незн. 0.549 итог 0.452 labels 4832 5.1 с
T5 AA32 81 ИОИ 0.585 |C−T| поздн. 0.081 C−T 0.029 незн. 0.544 итог 0.453 labels 4832 6.0 с
T5 SAME16 81 ИОИ 0.629 |C−T| поздн. 0.115 C−T 0.032 незн. 0.549 итог 0.452 labels 2416 4.7 с
T5 RANDEVAL 81 ИОИ 1.989 |C−T| поздн. 0.991 C−T 0.991 незн. 0.995 итог 0.004 labels 0 1.4 с
T5 SPLIT8+8 81 ИОИ 0.625 |C−T| поздн. 0.191 C−T 0.006 незн. 0.547 итог 0.452 labels 2416 6.3 с
T5 ORACLE 81 ИОИ 0.455 |C−T| поздн. 0.0 C−T 0.0 незн. 0.448 итог 0.552 labels 1000 6.1 с
T6 FIXED32 81 ИОИ 0.05 |C−T| поздн. 0.0 C−T 0.0 незн. 0.0 итог 1.0 labels 32 6.2 с
T6 SAME32 81 ИОИ 0.118 |C−T| поздн. 0.0 C−T 0.0 незн. 0.0 итог 1.0 labels 4832 6.5 с
T6 AA32 81 ИОИ 0.181 |C−T| поздн. 0.0 C−T 0.0 незн. 0.0 итог 1.0 labels 4832 5.3 с
T6 SPLIT16+16 81 ИОИ 0.047 |C−T| поздн. 0.0 C−T 0.0 незн. 0.0 итог 1.0 labels 4832 6.8 с
T6 RANDEVAL 81 ИОИ 1.986 |C−T| поздн. 0.992 C−T 0.992 незн. 0.995 итог 0.012 labels 0 1.5 с
T6 SAME16 81 ИОИ 0.047 |C−T| поздн. 0.0 C−T 0.0 незн. 0.0 итог 1.0 labels 2416 6.7 с
T6 SPLIT8+8 81 ИОИ 0.052 |C−T| поздн. 0.0 C−T 0.0 незн. 0.0 итог 1.0 labels 2416 6.4 с
T1 FIXED32 82 ИОИ 0.159 |C−T| поздн. 0.0 C−T 0.0 незн. 0.0 итог 1.0 labels 32 6.3 с
T6 ORACLE 81 ИОИ 0.032 |C−T| поздн. 0.0 C−T 0.0 незн. 0.0 итог 1.0 labels 1000 7.5 с
T1 SAME32 82 ИОИ 0.461 |C−T| поздн. 0.0 C−T 0.0 незн. 0.0 итог 1.0 labels 4832 5.4 с
T1 AA32 82 ИОИ 1.017 |C−T| поздн. 0.021 C−T 0.015 незн. 0.992 итог 0.009 labels 4832 6.0 с
T1 SPLIT16+16 82 ИОИ 0.317 |C−T| поздн. 0.0 C−T 0.0 незн. 0.0 итог 1.0 labels 4832 7.6 с
T1 SAME16 82 ИОИ 0.331 |C−T| поздн. 0.0 C−T 0.0 незн. 0.0 итог 1.0 labels 2416 8.6 с
T1 RANDEVAL 82 ИОИ 1.996 |C−T| поздн. 0.997 C−T 0.997 незн. 1.0 итог 0.0 labels 0 2.8 с
T1 SPLIT8+8 82 ИОИ 1.005 |C−T| поздн. 0.027 C−T 0.013 незн. 0.992 итог 0.003 labels 2416 7.1 с
T1 ORACLE 82 ИОИ 0.973 |C−T| поздн. 0.0 C−T 0.0 незн. 0.971 итог 0.035 labels 1000 9.6 с
T2 FIXED32 82 ИОИ 0.541 |C−T| поздн. 0.132 C−T 0.132 незн. 0.417 итог 0.586 labels 32 11.2 с
T2 SAME32 82 ИОИ 0.428 |C−T| поздн. 0.075 C−T -0.042 незн. 0.389 итог 0.611 labels 4832 9.0 с
T2 SPLIT16+16 82 ИОИ 0.444 |C−T| поздн. 0.091 C−T -0.019 незн. 0.402 итог 0.61 labels 4832 4.9 с
T2 SAME16 82 ИОИ 0.467 |C−T| поздн. 0.111 C−T 0.054 незн. 0.402 итог 0.61 labels 2416 5.1 с
T2 AA32 82 ИОИ 0.418 |C−T| поздн. 0.069 C−T 0.005 незн. 0.385 итог 0.613 labels 4832 6.4 с
T2 RANDEVAL 82 ИОИ 1.897 |C−T| поздн. 0.944 C−T 0.944 незн. 0.947 итог 0.082 labels 0 1.2 с
T2 SPLIT8+8 82 ИОИ 0.472 |C−T| поздн. 0.147 C−T -0.022 незн. 0.424 итог 0.6 labels 2416 7.3 с
T3 FIXED32 82 ИОИ 0.908 |C−T| поздн. 0.122 C−T 0.122 незн. 0.805 итог 0.214 labels 32 5.5 с
T3 SAME32 82 ИОИ 0.58 |C−T| поздн. 0.089 C−T 0.02 незн. 0.303 итог 0.699 labels 4832 5.7 с
T2 ORACLE 82 ИОИ 0.038 |C−T| поздн. 0.0 C−T 0.0 незн. 0.0 итог 1.0 labels 1000 11.8 с
T3 SPLIT16+16 82 ИОИ 0.617 |C−T| поздн. 0.074 C−T -0.007 незн. 0.351 итог 0.652 labels 4832 6.0 с
T3 SPLIT8+8 82 ИОИ 0.733 |C−T| поздн. 0.133 C−T 0.012 незн. 0.458 итог 0.434 labels 2416 3.7 с
T3 RANDEVAL 82 ИОИ 1.976 |C−T| поздн. 0.983 C−T 0.983 незн. 0.987 итог 0.024 labels 0 1.5 с
T3 SAME16 82 ИОИ 0.669 |C−T| поздн. 0.101 C−T -0.009 незн. 0.351 итог 0.652 labels 2416 5.9 с
T3 AA32 82 ИОИ 0.441 |C−T| поздн. 0.063 C−T 0.016 незн. 0.35 итог 0.665 labels 4832 7.8 с
T3 ORACLE 82 ИОИ 0.767 |C−T| поздн. 0.0 C−T 0.0 незн. 0.761 итог 0.239 labels 1000 6.1 с
T4 FIXED32 82 ИОИ 0.026 |C−T| поздн. 0.001 C−T 0.001 незн. 0.001 итог 0.999 labels 32 8.9 с
T4 SAME32 82 ИОИ 0.026 |C−T| поздн. 0.0 C−T 0.0 незн. 0.0 итог 1.0 labels 4832 9.2 с
T4 SPLIT16+16 82 ИОИ 0.033 |C−T| поздн. 0.0 C−T 0.0 незн. 0.0 итог 1.0 labels 4832 7.0 с
T4 AA32 82 ИОИ 0.565 |C−T| поздн. 0.083 C−T -0.003 незн. 0.503 итог 0.497 labels 4832 7.4 с
T4 SAME16 82 ИОИ 0.031 |C−T| поздн. 0.0 C−T 0.0 незн. 0.0 итог 1.0 labels 2416 7.6 с
T4 RANDEVAL 82 ИОИ 1.931 |C−T| поздн. 0.977 C−T 0.977 незн. 0.98 итог 0.02 labels 0 1.3 с
T4 SPLIT8+8 82 ИОИ 0.046 |C−T| поздн. 0.0 C−T 0.0 незн. 0.0 итог 1.0 labels 2416 10.2 с
T5 FIXED32 82 ИОИ 0.576 |C−T| поздн. 0.019 C−T 0.019 незн. 0.55 итог 0.45 labels 32 8.8 с
== 2026-09-27 17:24:05 старт EVO-06 (runs), P=3, GENS=150
python 3.11.15 numpy 2.4.6
код 50ae664e0cc4
T5 SPLIT16+16 82 ИОИ 0.629 |C−T| поздн. 0.081 C−T 0.015 незн. 0.554 итог 0.446 labels 4832 5.8 с
T5 SAME32 82 ИОИ 0.618 |C−T| поздн. 0.062 C−T 0.02 незн. 0.544 итог 0.457 labels 4832 7.4 с
T5 AA32 82 ИОИ 0.606 |C−T| поздн. 0.077 C−T 0.041 незн. 0.541 итог 0.457 labels 4832 6.7 с
T4 ORACLE 82 ИОИ 0.058 |C−T| поздн. 0.0 C−T 0.0 незн. 0.0 итог 1.0 labels 1000 12.8 с
T5 SAME16 82 ИОИ 0.619 |C−T| поздн. 0.08 C−T -0.006 незн. 0.554 итог 0.446 labels 2416 5.9 с
T5 RANDEVAL 82 ИОИ 1.988 |C−T| поздн. 0.993 C−T 0.993 незн. 0.997 итог 0.013 labels 0 1.4 с
T6 FIXED32 82 ИОИ 0.053 |C−T| поздн. 0.0 C−T 0.0 незн. 0.0 итог 1.0 labels 32 4.8 с
T5 ORACLE 82 ИОИ 0.704 |C−T| поздн. 0.0 C−T 0.0 незн. 0.529 итог 0.472 labels 1000 7.5 с
T5 SPLIT8+8 82 ИОИ 0.643 |C−T| поздн. 0.173 C−T 0.021 незн. 0.554 итог 0.446 labels 2416 8.6 с
T6 SPLIT16+16 82 ИОИ 0.225 |C−T| поздн. 0.0 C−T 0.0 незн. 0.0 итог 1.0 labels 4832 5.5 с
T6 AA32 82 ИОИ 0.074 |C−T| поздн. 0.0 C−T 0.0 незн. 0.0 итог 1.0 labels 4832 5.2 с
T6 SAME32 82 ИОИ 0.08 |C−T| поздн. 0.0 C−T 0.0 незн. 0.0 итог 1.0 labels 4832 7.2 с
T6 RANDEVAL 82 ИОИ 1.985 |C−T| поздн. 0.99 C−T 0.99 незн. 0.994 итог 0.005 labels 0 1.4 с
T6 SPLIT8+8 82 ИОИ 0.059 |C−T| поздн. 0.0 C−T 0.0 незн. 0.0 итог 1.0 labels 2416 4.7 с
T6 SAME16 82 ИОИ 0.23 |C−T| поздн. 0.0 C−T 0.0 незн. 0.0 итог 1.0 labels 2416 5.8 с
T6 ORACLE 82 ИОИ 0.026 |C−T| поздн. 0.0 C−T 0.0 незн. 0.0 итог 1.0 labels 1000 6.3 с
T1 SAME32 83 ИОИ 0.222 |C−T| поздн. 0.0 C−T 0.0 незн. 0.0 итог 1.0 labels 4832 4.4 с
T1 FIXED32 83 ИОИ 1.025 |C−T| поздн. 0.05 C−T 0.05 незн. 0.989 итог 0.011 labels 32 6.3 с
T1 SPLIT16+16 83 ИОИ 0.998 |C−T| поздн. 0.01 C−T -0.006 незн. 0.992 итог 0.01 labels 4832 6.4 с
T1 AA32 83 ИОИ 0.108 |C−T| поздн. 0.0 C−T 0.0 незн. 0.0 итог 1.0 labels 4832 6.5 с
T1 SPLIT8+8 83 ИОИ 0.848 |C−T| поздн. 0.017 C−T -0.016 незн. 0.246 итог 1.0 labels 2416 3.5 с
T1 SAME16 83 ИОИ 1.019 |C−T| поздн. 0.036 C−T 0.027 незн. 0.992 итог 0.01 labels 2416 6.9 с
T1 RANDEVAL 83 ИОИ 1.996 |C−T| поздн. 0.996 C−T 0.996 незн. 1.0 итог 0.0 labels 0 1.6 с
T2 SAME32 83 ИОИ 0.436 |C−T| поздн. 0.083 C−T 0.006 незн. 0.393 итог 0.606 labels 4832 3.9 с
T2 FIXED32 83 ИОИ 0.342 |C−T| поздн. 0.005 C−T 0.005 незн. 0.005 итог 0.995 labels 32 7.4 с
T1 ORACLE 83 ИОИ 0.968 |C−T| поздн. 0.0 C−T 0.0 незн. 0.963 итог 0.037 labels 1000 9.8 с
T2 SPLIT16+16 83 ИОИ 0.434 |C−T| поздн. 0.095 C−T -0.037 незн. 0.407 итог 0.611 labels 4832 5.3 с
T2 AA32 83 ИОИ 0.28 |C−T| поздн. 0.002 C−T 0.002 незн. 0.002 итог 1.0 labels 4832 7.8 с
T2 SAME16 83 ИОИ 0.467 |C−T| поздн. 0.11 C−T 0.09 незн. 0.407 итог 0.611 labels 2416 5.7 с
T2 RANDEVAL 83 ИОИ 1.903 |C−T| поздн. 0.94 C−T 0.94 незн. 0.942 итог 0.008 labels 0 1.5 с
T2 SPLIT8+8 83 ИОИ 0.47 |C−T| поздн. 0.152 C−T -0.06 незн. 0.406 итог 0.587 labels 2416 7.9 с
T3 FIXED32 83 ИОИ 1.077 |C−T| поздн. 0.217 C−T 0.217 незн. 0.873 итог 0.127 labels 32 7.2 с
T3 SAME32 83 ИОИ 0.875 |C−T| поздн. 0.085 C−T 0.083 незн. 0.763 итог 0.358 labels 4832 7.7 с
T2 ORACLE 83 ИОИ 0.382 |C−T| поздн. 0.0 C−T 0.0 незн. 0.377 итог 0.624 labels 1000 12.7 с
T3 SPLIT16+16 83 ИОИ 0.856 |C−T| поздн. 0.065 C−T -0.007 незн. 0.818 итог 0.072 labels 4832 5.4 с
T3 AA32 83 ИОИ 0.291 |C−T| поздн. 0.002 C−T 0.002 незн. 0.002 итог 1.0 labels 4832 7.5 с
T3 SAME16 83 ИОИ 0.973 |C−T| поздн. 0.132 C−T 0.13 незн. 0.818 итог 0.072 labels 2416 4.9 с
T3 SPLIT8+8 83 ИОИ 0.859 |C−T| поздн. 0.115 C−T 0.005 незн. 0.81 итог 0.208 labels 2416 4.6 с
T3 RANDEVAL 83 ИОИ 1.975 |C−T| поздн. 0.985 C−T 0.985 незн. 0.989 итог 0.014 labels 0 1.4 с
T4 FIXED32 83 ИОИ 0.576 |C−T| поздн. 0.052 C−T 0.052 незн. 0.521 итог 0.479 labels 32 6.6 с
T3 ORACLE 83 ИОИ 0.763 |C−T| поздн. 0.0 C−T 0.0 незн. 0.724 итог 0.276 labels 1000 8.4 с
T4 SAME32 83 ИОИ 0.246 |C−T| поздн. 0.0 C−T 0.0 незн. 0.0 итог 1.0 labels 4832 8.8 с
T4 SPLIT16+16 83 ИОИ 0.586 |C−T| поздн. 0.097 C−T 0.03 незн. 0.513 итог 0.488 labels 4832 5.8 с
T4 SAME16 83 ИОИ 0.588 |C−T| поздн. 0.094 C−T 0.023 незн. 0.513 итог 0.488 labels 2416 5.6 с
T4 RANDEVAL 83 ИОИ 1.934 |C−T| поздн. 0.957 C−T 0.957 незн. 0.96 итог 0.096 labels 0 1.4 с
T4 AA32 83 ИОИ 0.566 |C−T| поздн. 0.083 C−T 0.035 незн. 0.507 итог 0.492 labels 4832 8.9 с
T4 SPLIT8+8 83 ИОИ 0.591 |C−T| поздн. 0.151 C−T 0.023 незн. 0.51 итог 0.487 labels 2416 5.4 с
T5 FIXED32 83 ИОИ 0.287 |C−T| поздн. 0.037 C−T 0.037 незн. 0.037 итог 0.963 labels 32 7.4 с
T5 SAME32 83 ИОИ 0.6 |C−T| поздн. 0.058 C−T 0.024 незн. 0.557 итог 0.443 labels 4832 5.9 с
T4 ORACLE 83 ИОИ 0.515 |C−T| поздн. 0.0 C−T 0.0 незн. 0.508 итог 0.492 labels 1000 9.4 с
T5 AA32 83 ИОИ 0.606 |C−T| поздн. 0.075 C−T 0.028 незн. 0.552 итог 0.452 labels 4832 6.2 с
T5 SPLIT16+16 83 ИОИ 0.613 |C−T| поздн. 0.098 C−T 0.022 незн. 0.554 итог 0.451 labels 4832 8.6 с
T5 RANDEVAL 83 ИОИ 1.99 |C−T| поздн. 0.994 C−T 0.994 незн. 0.997 итог 0.01 labels 0 1.4 с
T5 SAME16 83 ИОИ 0.612 |C−T| поздн. 0.092 C−T -0.021 незн. 0.554 итог 0.451 labels 2416 9.0 с
T5 SPLIT8+8 83 ИОИ 0.577 |C−T| поздн. 0.113 C−T -0.024 незн. 0.289 итог 0.974 labels 2416 6.0 с
T6 SAME32 83 ИОИ 0.607 |C−T| поздн. 0.0 C−T 0.0 незн. 0.0 итог 1.0 labels 4832 5.4 с
T6 FIXED32 83 ИОИ 0.116 |C−T| поздн. 0.0 C−T 0.0 незн. 0.0 итог 1.0 labels 32 7.4 с
T6 SPLIT16+16 83 ИОИ 0.914 |C−T| поздн. 0.011 C−T -0.004 незн. 0.58 итог 1.0 labels 4832 4.3 с
T5 ORACLE 83 ИОИ 0.546 |C−T| поздн. 0.0 C−T 0.0 незн. 0.54 итог 0.46 labels 1000 13.2 с
T6 AA32 83 ИОИ 0.823 |C−T| поздн. 0.067 C−T 0.026 незн. 0.512 итог 0.488 labels 4832 5.6 с
T6 RANDEVAL 83 ИОИ 1.982 |C−T| поздн. 0.989 C−T 0.989 незн. 0.992 итог 0.006 labels 0 1.7 с
T6 SAME16 83 ИОИ 0.925 |C−T| поздн. 0.02 C−T 0.013 незн. 0.58 итог 1.0 labels 2416 4.4 с
T6 SPLIT8+8 83 ИОИ 0.68 |C−T| поздн. 0.0 C−T 0.0 незн. 0.0 итог 1.0 labels 2416 4.5 с
T1 SAME32 84 ИОИ 0.986 |C−T| поздн. 0.027 C−T 0.018 незн. 0.854 итог 1.0 labels 4832 5.0 с
T1 FIXED32 84 ИОИ 0.9 |C−T| поздн. 0.034 C−T 0.034 незн. 0.457 итог 1.0 labels 32 6.7 с
T6 ORACLE 83 ИОИ 0.973 |C−T| поздн. 0.0 C−T 0.0 незн. 0.969 итог 0.031 labels 1000 9.5 с
T1 SPLIT16+16 84 ИОИ 0.998 |C−T| поздн. 0.022 C−T 0.005 незн. 0.988 итог 0.008 labels 4832 5.4 с
T1 AA32 84 ИОИ 1.006 |C−T| поздн. 0.029 C−T 0.026 незн. 0.973 итог 0.036 labels 4832 5.9 с
T1 SAME16 84 ИОИ 1.011 |C−T| поздн. 0.029 C−T 0.013 незн. 0.988 итог 0.008 labels 2416 5.5 с
T1 RANDEVAL 84 ИОИ 1.995 |C−T| поздн. 0.995 C−T 0.995 незн. 0.999 итог 0.0 labels 0 1.4 с
T1 SPLIT8+8 84 ИОИ 1.0 |C−T| поздн. 0.021 C−T 0.009 незн. 0.993 итог 0.012 labels 2416 3.6 с
T1 ORACLE 84 ИОИ 0.151 |C−T| поздн. 0.0 C−T 0.0 незн. 0.0 итог 1.0 labels 1000 6.0 с
T2 SAME32 84 ИОИ 0.417 |C−T| поздн. 0.055 C−T 0.013 незн. 0.358 итог 0.641 labels 4832 8.9 с
T2 FIXED32 84 ИОИ 0.04 |C−T| поздн. 0.0 C−T 0.0 незн. 0.0 итог 1.0 labels 32 10.8 с
T2 SPLIT16+16 84 ИОИ 0.463 |C−T| поздн. 0.126 C−T -0.03 незн. 0.393 итог 0.622 labels 4832 6.6 с
T2 SAME16 84 ИОИ 0.478 |C−T| поздн. 0.096 C−T -0.014 незн. 0.393 итог 0.622 labels 2416 6.7 с
T2 AA32 84 ИОИ 0.036 |C−T| поздн. 0.0 C−T 0.0 незн. 0.0 итог 1.0 labels 4832 8.3 с
T2 RANDEVAL 84 ИОИ 1.899 |C−T| поздн. 0.954 C−T 0.954 незн. 0.957 итог 0.037 labels 0 1.4 с
T2 SPLIT8+8 84 ИОИ 0.433 |C−T| поздн. 0.089 C−T 0.016 незн. 0.291 итог 0.723 labels 2416 8.4 с
T2 ORACLE 84 ИОИ 0.391 |C−T| поздн. 0.0 C−T 0.0 незн. 0.39 итог 0.61 labels 1000 8.9 с
T3 SAME32 84 ИОИ 0.876 |C−T| поздн. 0.071 C−T 0.04 незн. 0.807 итог 0.203 labels 4832 6.5 с
T3 FIXED32 84 ИОИ 1.125 |C−T| поздн. 0.173 C−T 0.173 незн. 0.954 итог 0.046 labels 32 11.8 с
T3 AA32 84 ИОИ 0.577 |C−T| поздн. 0.022 C−T -0.003 незн. 0.017 итог 0.983 labels 4832 6.3 с
T3 SPLIT16+16 84 ИОИ 0.487 |C−T| поздн. 0.102 C−T -0.003 незн. 0.324 итог 0.676 labels 4832 7.0 с
T3 RANDEVAL 84 ИОИ 1.972 |C−T| поздн. 0.984 C−T 0.984 незн. 0.987 итог 0.013 labels 0 1.4 с
T3 SAME16 84 ИОИ 0.504 |C−T| поздн. 0.087 C−T -0.02 незн. 0.324 итог 0.676 labels 2416 6.2 с
T3 SPLIT8+8 84 ИОИ 0.709 |C−T| поздн. 0.158 C−T -0.029 незн. 0.463 итог 0.627 labels 2416 4.9 с
T4 SAME32 84 ИОИ 0.421 |C−T| поздн. 0.056 C−T -0.025 незн. 0.333 итог 0.673 labels 4832 7.2 с
T4 FIXED32 84 ИОИ 0.68 |C−T| поздн. 0.281 C−T 0.281 незн. 0.406 итог 0.594 labels 32 9.7 с
T3 ORACLE 84 ИОИ 0.748 |C−T| поздн. 0.0 C−T 0.0 незн. 0.734 итог 0.266 labels 1000 15.0 с
T4 AA32 84 ИОИ 0.535 |C−T| поздн. 0.063 C−T 0.004 незн. 0.489 итог 0.512 labels 4832 8.2 с
T4 SPLIT16+16 84 ИОИ 0.388 |C−T| поздн. 0.095 C−T 0.014 незн. 0.32 итог 0.746 labels 4832 10.5 с
T4 RANDEVAL 84 ИОИ 1.894 |C−T| поздн. 0.952 C−T 0.952 незн. 0.954 итог 0.085 labels 0 1.6 с
T4 SPLIT8+8 84 ИОИ 0.448 |C−T| поздн. 0.0 C−T 0.0 незн. 0.0 итог 1.0 labels 2416 5.5 с
T4 SAME16 84 ИОИ 0.431 |C−T| поздн. 0.113 C−T 0.093 незн. 0.32 итог 0.746 labels 2416 10.0 с
T5 FIXED32 84 ИОИ 0.695 |C−T| поздн. 0.166 C−T -0.166 незн. 0.553 итог 0.447 labels 32 4.9 с
T5 SAME32 84 ИОИ 0.598 |C−T| поздн. 0.082 C−T 0.005 незн. 0.544 итог 0.457 labels 4832 6.0 с
T4 ORACLE 84 ИОИ 0.085 |C−T| поздн. 0.0 C−T 0.0 незн. 0.0 итог 1.0 labels 1000 13.3 с
T5 SPLIT16+16 84 ИОИ 0.63 |C−T| поздн. 0.117 C−T 0.001 незн. 0.541 итог 0.46 labels 4832 7.0 с
T5 AA32 84 ИОИ 0.591 |C−T| поздн. 0.053 C−T 0.011 незн. 0.547 итог 0.457 labels 4832 6.4 с
T5 RANDEVAL 84 ИОИ 1.981 |C−T| поздн. 0.989 C−T 0.989 незн. 0.994 итог 0.005 labels 0 1.4 с
T5 SAME16 84 ИОИ 0.646 |C−T| поздн. 0.117 C−T 0.058 незн. 0.541 итог 0.46 labels 2416 7.1 с
T5 SPLIT8+8 84 ИОИ 0.632 |C−T| поздн. 0.131 C−T -0.023 незн. 0.547 итог 0.45 labels 2416 6.9 с
T5 ORACLE 84 ИОИ 0.542 |C−T| поздн. 0.0 C−T 0.0 незн. 0.424 итог 0.576 labels 1000 7.4 с
T6 FIXED32 84 ИОИ 0.02 |C−T| поздн. 0.0 C−T 0.0 незн. 0.0 итог 1.0 labels 32 5.7 с
T6 SAME32 84 ИОИ 0.023 |C−T| поздн. 0.0 C−T 0.0 незн. 0.0 итог 1.0 labels 4832 5.6 с
T6 SPLIT16+16 84 ИОИ 0.033 |C−T| поздн. 0.0 C−T 0.0 незн. 0.0 итог 1.0 labels 4832 4.4 с
T6 AA32 84 ИОИ 0.839 |C−T| поздн. 0.072 C−T 0.004 незн. 0.481 итог 0.52 labels 4832 4.5 с
T6 SAME16 84 ИОИ 0.032 |C−T| поздн. 0.0 C−T 0.0 незн. 0.0 итог 1.0 labels 2416 4.3 с
T6 RANDEVAL 84 ИОИ 1.979 |C−T| поздн. 0.988 C−T 0.988 незн. 0.992 итог 0.0 labels 0 1.3 с
T6 SPLIT8+8 84 ИОИ 0.093 |C−T| поздн. 0.0 C−T 0.0 незн. 0.0 итог 1.0 labels 2416 4.1 с
T6 ORACLE 84 ИОИ 0.022 |C−T| поздн. 0.0 C−T 0.0 незн. 0.0 итог 1.0 labels 1000 7.0 с
T1 FIXED32 85 ИОИ 1.039 |C−T| поздн. 0.052 C−T 0.052 незн. 0.989 итог 0.011 labels 32 7.7 с
T1 SAME32 85 ИОИ 0.547 |C−T| поздн. 0.0 C−T 0.0 незн. 0.0 итог 1.0 labels 4832 8.7 с
T1 SPLIT16+16 85 ИОИ 0.6 |C−T| поздн. 0.0 C−T 0.0 незн. 0.0 итог 1.0 labels 4832 4.5 с
T1 AA32 85 ИОИ 1.016 |C−T| поздн. 0.024 C−T 0.017 незн. 0.991 итог 0.012 labels 4832 5.3 с
T1 SAME16 85 ИОИ 0.608 |C−T| поздн. 0.0 C−T 0.0 незн. 0.0 итог 1.0 labels 2416 4.4 с
T1 RANDEVAL 85 ИОИ 1.995 |C−T| поздн. 0.996 C−T 0.996 незн. 0.999 итог 0.0 labels 0 1.5 с
T1 SPLIT8+8 85 ИОИ 0.352 |C−T| поздн. 0.0 C−T 0.0 незн. 0.0 итог 1.0 labels 2416 5.8 с
T2 SAME32 85 ИОИ 0.495 |C−T| поздн. 0.081 C−T 0.039 незн. 0.436 итог 0.561 labels 4832 6.4 с
T1 ORACLE 85 ИОИ 0.974 |C−T| поздн. 0.0 C−T 0.0 незн. 0.969 итог 0.031 labels 1000 10.5 с
T2 FIXED32 85 ИОИ 0.059 |C−T| поздн. 0.018 C−T 0.018 незн. 0.018 итог 0.982 labels 32 10.6 с
T2 SPLIT16+16 85 ИОИ 0.466 |C−T| поздн. 0.042 C−T 0.022 незн. 0.222 итог 1.0 labels 4832 5.8 с
T2 AA32 85 ИОИ 0.069 |C−T| поздн. 0.0 C−T 0.0 незн. 0.0 итог 1.0 labels 4832 6.9 с
T2 SAME16 85 ИОИ 0.491 |C−T| поздн. 0.061 C−T 0.049 незн. 0.222 итог 1.0 labels 2416 6.5 с
T2 RANDEVAL 85 ИОИ 1.917 |C−T| поздн. 0.959 C−T 0.959 незн. 0.962 итог 0.001 labels 0 1.3 с
T2 SPLIT8+8 85 ИОИ 0.09 |C−T| поздн. 0.005 C−T -0.003 незн. 0.001 итог 0.999 labels 2416 7.7 с
T2 ORACLE 85 ИОИ 0.42 |C−T| поздн. 0.0 C−T 0.0 незн. 0.415 итог 0.585 labels 1000 6.4 с
T3 FIXED32 85 ИОИ 1.013 |C−T| поздн. 0.216 C−T 0.216 незн. 0.81 итог 0.19 labels 32 6.1 с
== 2026-09-27 18:05:57 старт EVO-06 (runs), P=3, GENS=150
python 3.11.15 numpy 2.4.6
код 50ae664e0cc4
T3 AA32 85 ИОИ 0.78 |C−T| поздн. 0.075 C−T -0.021 незн. 0.342 итог 0.668 labels 4832 4.9 с
T3 SPLIT16+16 85 ИОИ 0.693 |C−T| поздн. 0.091 C−T 0.012 незн. 0.582 итог 0.444 labels 4832 5.7 с
T3 SAME32 85 ИОИ 0.627 |C−T| поздн. 0.06 C−T 0.023 незн. 0.46 итог 0.535 labels 4832 7.0 с
T3 RANDEVAL 85 ИОИ 1.978 |C−T| поздн. 0.988 C−T 0.988 незн. 0.992 итог 0.0 labels 0 1.2 с
T3 SAME16 85 ИОИ 0.758 |C−T| поздн. 0.105 C−T 0.099 незн. 0.582 итог 0.444 labels 2416 5.9 с
T3 SPLIT8+8 85 ИОИ 0.897 |C−T| поздн. 0.135 C−T -0.002 незн. 0.815 итог 0.209 labels 2416 6.6 с
T4 FIXED32 85 ИОИ 0.608 |C−T| поздн. 0.132 C−T 0.132 незн. 0.476 итог 0.524 labels 32 6.7 с
T3 ORACLE 85 ИОИ 0.76 |C−T| поздн. 0.0 C−T 0.0 незн. 0.738 итог 0.262 labels 1000 10.9 с
T4 SAME32 85 ИОИ 0.05 |C−T| поздн. 0.0 C−T 0.0 незн. 0.0 итог 1.0 labels 4832 9.0 с
T4 SPLIT16+16 85 ИОИ 0.525 |C−T| поздн. 0.086 C−T -0.023 незн. 0.481 итог 0.519 labels 4832 6.5 с
T4 AA32 85 ИОИ 0.516 |C−T| поздн. 0.081 C−T -0.029 незн. 0.48 итог 0.519 labels 4832 6.2 с
T4 RANDEVAL 85 ИОИ 1.923 |C−T| поздн. 0.975 C−T 0.975 незн. 0.978 итог 0.026 labels 0 1.5 с
T4 SAME16 85 ИОИ 0.526 |C−T| поздн. 0.088 C−T -0.0 незн. 0.481 итог 0.519 labels 2416 6.1 с
T5 FIXED32 85 ИОИ 0.659 |C−T| поздн. 0.147 C−T 0.147 незн. 0.522 итог 0.478 labels 32 5.5 с
T4 SPLIT8+8 85 ИОИ 0.055 |C−T| поздн. 0.0 C−T 0.0 незн. 0.0 итог 1.0 labels 2416 11.6 с
T4 ORACLE 85 ИОИ 0.111 |C−T| поздн. 0.0 C−T 0.0 незн. 0.007 итог 0.993 labels 1000 13.4 с
T5 SPLIT16+16 85 ИОИ 0.551 |C−T| поздн. 0.084 C−T 0.033 незн. 0.473 итог 0.527 labels 4832 4.9 с
T5 SAME32 85 ИОИ 0.53 |C−T| поздн. 0.077 C−T 0.007 незн. 0.473 итог 0.527 labels 4832 7.9 с
T5 SAME16 85 ИОИ 0.551 |C−T| поздн. 0.118 C−T 0.042 незн. 0.473 итог 0.527 labels 2416 5.1 с
T5 AA32 85 ИОИ 0.535 |C−T| поздн. 0.064 C−T -0.012 незн. 0.358 итог 0.644 labels 4832 5.3 с
T5 RANDEVAL 85 ИОИ 1.986 |C−T| поздн. 0.994 C−T 0.994 незн. 0.997 итог 0.004 labels 0 1.4 с
T5 SPLIT8+8 85 ИОИ 0.097 |C−T| поздн. 0.0 C−T 0.0 незн. 0.0 итог 1.0 labels 2416 7.8 с
T6 SAME32 85 ИОИ 0.264 |C−T| поздн. 0.0 C−T 0.0 незн. 0.0 итог 1.0 labels 4832 5.2 с
T5 ORACLE 85 ИОИ 0.529 |C−T| поздн. 0.0 C−T 0.0 незн. 0.526 итог 0.474 labels 1000 9.2 с
T6 FIXED32 85 ИОИ 0.112 |C−T| поздн. 0.0 C−T 0.0 незн. 0.0 итог 1.0 labels 32 7.8 с
T6 SPLIT16+16 85 ИОИ 0.961 |C−T| поздн. 0.047 C−T -0.012 незн. 0.773 итог 0.66 labels 4832 4.9 с
T6 SAME16 85 ИОИ 0.974 |C−T| поздн. 0.051 C−T 0.009 незн. 0.773 итог 0.66 labels 2416 4.8 с
T6 RANDEVAL 85 ИОИ 1.994 |C−T| поздн. 0.996 C−T 0.996 незн. 0.999 итог 0.0 labels 0 1.5 с
T6 AA32 85 ИОИ 0.645 |C−T| поздн. 0.069 C−T 0.028 незн. 0.51 итог 0.492 labels 4832 6.6 с
T6 SPLIT8+8 85 ИОИ 0.324 |C−T| поздн. 0.0 C−T 0.0 незн. 0.0 итог 1.0 labels 2416 5.4 с
T6 ORACLE 85 ИОИ 0.167 |C−T| поздн. 0.0 C−T 0.0 незн. 0.0 итог 1.0 labels 1000 6.8 с
T1 SAME32 86 ИОИ 0.261 |C−T| поздн. 0.028 C−T 0.007 незн. 0.031 итог 0.97 labels 4832 6.6 с
T1 FIXED32 86 ИОИ 1.04 |C−T| поздн. 0.052 C−T 0.052 незн. 0.989 итог 0.011 labels 32 10.0 с
T1 SPLIT16+16 86 ИОИ 0.218 |C−T| поздн. 0.0 C−T 0.0 незн. 0.0 итог 1.0 labels 4832 5.1 с
T1 AA32 86 ИОИ 0.185 |C−T| поздн. 0.0 C−T 0.0 незн. 0.0 итог 1.0 labels 4832 3.7 с
T1 SAME16 86 ИОИ 0.225 |C−T| поздн. 0.0 C−T 0.0 незн. 0.0 итог 1.0 labels 2416 4.5 с
T1 RANDEVAL 86 ИОИ 1.996 |C−T| поздн. 0.998 C−T 0.998 незн. 0.999 итог 0.0 labels 0 1.4 с
T1 SPLIT8+8 86 ИОИ 1.001 |C−T| поздн. 0.027 C−T 0.011 незн. 0.991 итог 0.007 labels 2416 3.7 с
T2 FIXED32 86 ИОИ 0.503 |C−T| поздн. 0.082 C−T 0.082 незн. 0.426 итог 0.574 labels 32 7.2 с
T2 SAME32 86 ИОИ 0.322 |C−T| поздн. 0.012 C−T 0.009 незн. 0.012 итог 0.993 labels 4832 7.4 с
T1 ORACLE 86 ИОИ 0.872 |C−T| поздн. 0.0 C−T 0.0 незн. 0.842 итог 0.158 labels 1000 10.2 с
T2 SPLIT16+16 86 ИОИ 0.483 |C−T| поздн. 0.094 C−T 0.044 незн. 0.427 итог 0.593 labels 4832 6.1 с
T2 SAME16 86 ИОИ 0.502 |C−T| поздн. 0.101 C−T 0.052 незн. 0.427 итог 0.593 labels 2416 6.3 с
T2 AA32 86 ИОИ 0.279 |C−T| поздн. 0.0 C−T 0.0 незн. 0.0 итог 1.0 labels 4832 8.2 с
T2 RANDEVAL 86 ИОИ 1.902 |C−T| поздн. 0.952 C−T 0.952 незн. 0.955 итог 0.008 labels 0 1.5 с
T2 SPLIT8+8 86 ИОИ 0.516 |C−T| поздн. 0.161 C−T -0.026 незн. 0.432 итог 0.567 labels 2416 5.7 с
T2 ORACLE 86 ИОИ 0.416 |C−T| поздн. 0.0 C−T 0.0 незн. 0.416 итог 0.584 labels 1000 7.8 с
T3 FIXED32 86 ИОИ 0.71 |C−T| поздн. 0.174 C−T 0.174 незн. 0.393 итог 0.607 labels 32 7.2 с
T3 SAME32 86 ИОИ 0.869 |C−T| поздн. 0.068 C−T 0.03 незн. 0.783 итог 0.196 labels 4832 6.7 с
T3 AA32 86 ИОИ 0.449 |C−T| поздн. 0.05 C−T -0.005 незн. 0.324 итог 0.68 labels 4832 4.3 с
T3 SPLIT16+16 86 ИОИ 0.374 |C−T| поздн. 0.062 C−T -0.006 незн. 0.171 итог 0.857 labels 4832 6.0 с
T3 SAME16 86 ИОИ 0.412 |C−T| поздн. 0.072 C−T 0.013 незн. 0.171 итог 0.857 labels 2416 5.7 с
T3 RANDEVAL 86 ИОИ 1.971 |C−T| поздн. 0.982 C−T 0.982 незн. 0.985 итог 0.017 labels 0 1.1 с
T3 SPLIT8+8 86 ИОИ 0.539 |C−T| поздн. 0.058 C−T -0.006 незн. 0.036 итог 0.964 labels 2416 6.0 с
T4 FIXED32 86 ИОИ 0.634 |C−T| поздн. 0.145 C−T 0.145 незн. 0.489 итог 0.511 labels 32 6.7 с
T3 ORACLE 86 ИОИ 0.13 |C−T| поздн. 0.0 C−T 0.0 незн. 0.0 итог 1.0 labels 1000 7.4 с
T4 SAME32 86 ИОИ 0.516 |C−T| поздн. 0.066 C−T -0.003 незн. 0.483 итог 0.517 labels 4832 6.5 с
T4 SPLIT16+16 86 ИОИ 0.525 |C−T| поздн. 0.093 C−T -0.021 незн. 0.481 итог 0.519 labels 4832 6.1 с
T4 AA32 86 ИОИ 0.143 |C−T| поздн. 0.009 C−T 0.005 незн. 0.008 итог 0.992 labels 4832 7.8 с
T4 RANDEVAL 86 ИОИ 1.901 |C−T| поздн. 0.934 C−T 0.934 незн. 0.939 итог 0.008 labels 0 1.4 с
T4 SAME16 86 ИОИ 0.535 |C−T| поздн. 0.105 C−T 0.006 незн. 0.481 итог 0.519 labels 2416 6.3 с
T4 SPLIT8+8 86 ИОИ 0.544 |C−T| поздн. 0.154 C−T 0.019 незн. 0.482 итог 0.519 labels 2416 7.6 с
T5 FIXED32 86 ИОИ 0.919 |C−T| поздн. 0.115 C−T 0.115 незн. 0.521 итог 0.479 labels 32 5.1 с
T4 ORACLE 86 ИОИ 0.214 |C−T| поздн. 0.0 C−T 0.0 незн. 0.0 итог 1.0 labels 1000 9.5 с
T5 SAME32 86 ИОИ 0.56 |C−T| поздн. 0.068 C−T 0.01 незн. 0.523 итог 0.479 labels 4832 5.9 с
T5 SPLIT16+16 86 ИОИ 0.534 |C−T| поздн. 0.092 C−T 0.027 незн. 0.471 итог 0.529 labels 4832 6.2 с
T5 AA32 86 ИОИ 0.558 |C−T| поздн. 0.076 C−T -0.024 незн. 0.526 итог 0.474 labels 4832 7.1 с
T5 SAME16 86 ИОИ 0.545 |C−T| поздн. 0.09 C−T 0.004 незн. 0.471 итог 0.529 labels 2416 6.8 с
T5 SPLIT8+8 86 ИОИ 0.583 |C−T| поздн. 0.145 C−T 0.001 незн. 0.526 итог 0.474 labels 2416 5.9 с
T5 RANDEVAL 86 ИОИ 1.989 |C−T| поздн. 0.994 C−T 0.994 незн. 0.996 итог 0.006 labels 0 1.3 с
T6 SAME32 86 ИОИ 0.454 |C−T| поздн. 0.0 C−T 0.0 незн. 0.0 итог 1.0 labels 4832 4.2 с
T6 FIXED32 86 ИОИ 0.102 |C−T| поздн. 0.0 C−T 0.0 незн. 0.0 итог 1.0 labels 32 5.3 с
T5 ORACLE 86 ИОИ 0.469 |C−T| поздн. 0.0 C−T 0.0 незн. 0.446 итог 0.554 labels 1000 7.9 с
T6 SPLIT16+16 86 ИОИ 0.246 |C−T| поздн. 0.0 C−T 0.0 незн. 0.0 итог 1.0 labels 4832 5.5 с
T6 AA32 86 ИОИ 0.467 |C−T| поздн. 0.0 C−T 0.0 незн. 0.0 итог 1.0 labels 4832 5.6 с
T6 RANDEVAL 86 ИОИ 1.979 |C−T| поздн. 0.991 C−T 0.991 незн. 0.993 итог 0.0 labels 0 1.3 с
T6 SAME16 86 ИОИ 0.25 |C−T| поздн. 0.0 C−T 0.0 незн. 0.0 итог 1.0 labels 2416 6.2 с
T6 SPLIT8+8 86 ИОИ 0.033 |C−T| поздн. 0.0 C−T 0.0 незн. 0.0 итог 1.0 labels 2416 5.0 с
T6 ORACLE 86 ИОИ 0.087 |C−T| поздн. 0.0 C−T 0.0 незн. 0.0 итог 1.0 labels 1000 8.5 с
T1 FIXED32 87 ИОИ 1.049 |C−T| поздн. 0.073 C−T 0.073 незн. 0.979 итог 0.021 labels 32 8.3 с
T1 SAME32 87 ИОИ 0.996 |C−T| поздн. 0.019 C−T 0.003 незн. 0.977 итог 0.025 labels 4832 7.1 с
T1 SPLIT16+16 87 ИОИ 0.152 |C−T| поздн. 0.0 C−T 0.0 незн. 0.0 итог 1.0 labels 4832 4.0 с
T1 SAME16 87 ИОИ 0.154 |C−T| поздн. 0.0 C−T 0.0 незн. 0.0 итог 1.0 labels 2416 4.3 с
T1 AA32 87 ИОИ 1.005 |C−T| поздн. 0.02 C−T 0.01 незн. 0.983 итог 0.012 labels 4832 5.1 с
T1 RANDEVAL 87 ИОИ 1.995 |C−T| поздн. 0.997 C−T 0.997 незн. 0.999 итог 0.0 labels 0 1.6 с
T1 SPLIT8+8 87 ИОИ 0.754 |C−T| поздн. 0.0 C−T 0.0 незн. 0.0 итог 1.0 labels 2416 5.2 с
T2 FIXED32 87 ИОИ 0.535 |C−T| поздн. 0.112 C−T 0.112 незн. 0.424 итог 0.576 labels 32 6.7 с
T2 SAME32 87 ИОИ 0.195 |C−T| поздн. 0.0 C−T 0.0 незн. 0.0 итог 1.0 labels 4832 8.6 с
T1 ORACLE 87 ИОИ 0.969 |C−T| поздн. 0.0 C−T 0.0 незн. 0.966 итог 0.034 labels 1000 13.4 с
T2 SPLIT16+16 87 ИОИ 0.083 |C−T| поздн. 0.0 C−T 0.0 незн. 0.0 итог 1.0 labels 4832 8.5 с
T2 AA32 87 ИОИ 0.094 |C−T| поздн. 0.0 C−T 0.0 незн. 0.0 итог 1.0 labels 4832 7.9 с
T2 RANDEVAL 87 ИОИ 1.89 |C−T| поздн. 0.938 C−T 0.938 незн. 0.942 итог 0.005 labels 0 1.4 с
T2 SAME16 87 ИОИ 0.098 |C−T| поздн. 0.0 C−T 0.0 незн. 0.0 итог 1.0 labels 2416 8.8 с
T2 SPLIT8+8 87 ИОИ 0.068 |C−T| поздн. 0.0 C−T 0.0 незн. 0.0 итог 1.0 labels 2416 7.8 с
T3 SAME32 87 ИОИ 0.825 |C−T| поздн. 0.072 C−T 0.039 незн. 0.504 итог 0.696 labels 4832 6.4 с
T2 ORACLE 87 ИОИ 0.015 |C−T| поздн. 0.0 C−T 0.0 незн. 0.0 итог 1.0 labels 1000 9.9 с
T3 FIXED32 87 ИОИ 0.707 |C−T| поздн. 0.146 C−T 0.146 незн. 0.566 итог 0.421 labels 32 11.2 с
T3 SPLIT16+16 87 ИОИ 0.589 |C−T| поздн. 0.097 C−T -0.029 незн. 0.329 итог 0.672 labels 4832 6.5 с
T3 AA32 87 ИОИ 0.858 |C−T| поздн. 0.056 C−T 0.01 незн. 0.793 итог 0.214 labels 4832 8.3 с
T3 SAME16 87 ИОИ 0.616 |C−T| поздн. 0.101 C−T 0.041 незн. 0.329 итог 0.672 labels 2416 6.7 с
T3 RANDEVAL 87 ИОИ 1.975 |C−T| поздн. 0.988 C−T 0.988 незн. 0.991 итог 0.0 labels 0 1.5 с
T3 SPLIT8+8 87 ИОИ 0.861 |C−T| поздн. 0.106 C−T -0.029 незн. 0.821 итог 0.204 labels 2416 6.6 с
T3 ORACLE 87 ИОИ 0.871 |C−T| поздн. 0.0 C−T 0.0 незн. 0.844 итог 0.156 labels 1000 7.8 с
T4 FIXED32 87 ИОИ 0.513 |C−T| поздн. 0.069 C−T -0.069 незн. 0.494 итог 0.506 labels 32 6.4 с
T4 SAME32 87 ИОИ 0.509 |C−T| поздн. 0.105 C−T 0.093 незн. 0.426 итог 0.56 labels 4832 5.4 с
T4 SPLIT16+16 87 ИОИ 0.546 |C−T| поздн. 0.11 C−T -0.002 незн. 0.486 итог 0.514 labels 4832 6.0 с
T4 SAME16 87 ИОИ 0.538 |C−T| поздн. 0.119 C−T -0.035 незн. 0.486 итог 0.514 labels 2416 6.2 с
T4 AA32 87 ИОИ 0.041 |C−T| поздн. 0.0 C−T 0.0 незн. 0.0 итог 1.0 labels 4832 8.7 с
T4 RANDEVAL 87 ИОИ 1.911 |C−T| поздн. 0.957 C−T 0.957 незн. 0.959 итог 0.075 labels 0 1.4 с
T4 SPLIT8+8 87 ИОИ 0.217 |C−T| поздн. 0.0 C−T 0.0 незн. 0.0 итог 1.0 labels 2416 6.1 с
T5 FIXED32 87 ИОИ 0.565 |C−T| поздн. 0.018 C−T -0.018 незн. 0.545 итог 0.455 labels 32 7.4 с
T5 SAME32 87 ИОИ 0.608 |C−T| поздн. 0.07 C−T 0.014 незн. 0.536 итог 0.469 labels 4832 7.0 с
T4 ORACLE 87 ИОИ 0.493 |C−T| поздн. 0.0 C−T 0.0 незн. 0.486 итог 0.514 labels 1000 10.8 с
T5 AA32 87 ИОИ 0.598 |C−T| поздн. 0.062 C−T 0.018 незн. 0.543 итог 0.457 labels 4832 7.1 с
T5 SPLIT16+16 87 ИОИ 0.606 |C−T| поздн. 0.098 C−T 0.005 незн. 0.541 итог 0.462 labels 4832 10.0 с
T5 RANDEVAL 87 ИОИ 1.984 |C−T| поздн. 0.992 C−T 0.992 незн. 0.995 итог 0.007 labels 0 1.4 с
T5 SAME16 87 ИОИ 0.625 |C−T| поздн. 0.132 C−T 0.028 незн. 0.541 итог 0.462 labels 2416 10.5 с
T5 SPLIT8+8 87 ИОИ 0.632 |C−T| поздн. 0.15 C−T 0.026 незн. 0.543 итог 0.457 labels 2416 5.6 с
T6 SAME32 87 ИОИ 0.178 |C−T| поздн. 0.0 C−T 0.0 незн. 0.0 итог 1.0 labels 4832 4.6 с
T6 FIXED32 87 ИОИ 0.693 |C−T| поздн. 0.094 C−T 0.094 незн. 0.406 итог 0.594 labels 32 6.7 с
T5 ORACLE 87 ИОИ 0.541 |C−T| поздн. 0.0 C−T 0.0 незн. 0.538 итог 0.462 labels 1000 11.0 с
T6 AA32 87 ИОИ 0.305 |C−T| поздн. 0.0 C−T 0.0 незн. 0.0 итог 1.0 labels 4832 6.4 с
T6 SPLIT16+16 87 ИОИ 0.193 |C−T| поздн. 0.0 C−T 0.0 незн. 0.0 итог 1.0 labels 4832 8.2 с
T6 RANDEVAL 87 ИОИ 1.982 |C−T| поздн. 0.99 C−T 0.99 незн. 0.993 итог 0.0 labels 0 1.4 с
T6 SPLIT8+8 87 ИОИ 0.994 |C−T| поздн. 0.026 C−T -0.002 незн. 0.985 итог 0.011 labels 2416 3.7 с
T6 SAME16 87 ИОИ 0.196 |C−T| поздн. 0.0 C−T 0.0 незн. 0.0 итог 1.0 labels 2416 8.8 с
T6 ORACLE 87 ИОИ 0.052 |C−T| поздн. 0.0 C−T 0.0 незн. 0.0 итог 1.0 labels 1000 5.7 с
T1 FIXED32 88 ИОИ 1.022 |C−T| поздн. 0.027 C−T 0.027 незн. 0.996 итог 0.004 labels 32 5.5 с
T1 SAME32 88 ИОИ 1.007 |C−T| поздн. 0.025 C−T 0.018 незн. 0.983 итог 0.031 labels 4832 7.1 с
T1 SPLIT16+16 88 ИОИ 0.997 |C−T| поздн. 0.026 C−T 0.002 незн. 0.986 итог 0.019 labels 4832 4.3 с
T1 AA32 88 ИОИ 0.439 |C−T| поздн. 0.025 C−T 0.007 незн. 0.033 итог 0.967 labels 4832 6.8 с
T1 SAME16 88 ИОИ 1.013 |C−T| поздн. 0.027 C−T 0.008 незн. 0.986 итог 0.019 labels 2416 4.3 с
T1 SPLIT8+8 88 ИОИ 0.999 |C−T| поздн. 0.021 C−T 0.003 незн. 0.99 итог 0.009 labels 2416 3.9 с
T1 RANDEVAL 88 ИОИ 1.996 |C−T| поздн. 0.996 C−T 0.996 незн. 1.0 итог 0.0 labels 0 1.7 с
T2 FIXED32 88 ИОИ 0.508 |C−T| поздн. 0.026 C−T 0.026 незн. 0.089 итог 0.911 labels 32 7.4 с
T2 SAME32 88 ИОИ 0.175 |C−T| поздн. 0.027 C−T 0.015 незн. 0.046 итог 0.955 labels 4832 8.9 с
T2 SPLIT16+16 88 ИОИ 0.032 |C−T| поздн. 0.0 C−T 0.0 незн. 0.0 итог 1.0 labels 4832 8.3 с
T2 AA32 88 ИОИ 0.478 |C−T| поздн. 0.072 C−T 0.011 незн. 0.4 итог 0.6 labels 4832 6.4 с
T1 ORACLE 88 ИОИ 0.658 |C−T| поздн. 0.0 C−T 0.0 незн. 0.0 итог 1.0 labels 1000 17.5 с
T2 RANDEVAL 88 ИОИ 1.911 |C−T| поздн. 0.96 C−T 0.96 незн. 0.963 итог 0.004 labels 0 1.5 с
T2 SAME16 88 ИОИ 0.037 |C−T| поздн. 0.0 C−T 0.0 незн. 0.0 итог 1.0 labels 2416 8.0 с
T2 SPLIT8+8 88 ИОИ 0.523 |C−T| поздн. 0.153 C−T 0.101 незн. 0.43 итог 0.574 labels 2416 8.7 с
T2 ORACLE 88 ИОИ 0.334 |C−T| поздн. 0.0 C−T 0.0 незн. 0.056 итог 1.0 labels 1000 7.7 с
T3 SAME32 88 ИОИ 0.636 |C−T| поздн. 0.079 C−T 0.011 незн. 0.505 итог 0.481 labels 4832 7.7 с
T3 SPLIT16+16 88 ИОИ 0.663 |C−T| поздн. 0.104 C−T -0.031 незн. 0.298 итог 0.697 labels 4832 8.8 с
T3 FIXED32 88 ИОИ 1.091 |C−T| поздн. 0.22 C−T 0.22 незн. 0.876 итог 0.124 labels 32 11.2 с
T3 AA32 88 ИОИ 0.108 |C−T| поздн. 0.0 C−T 0.0 незн. 0.0 итог 1.0 labels 4832 6.7 с
T3 RANDEVAL 88 ИОИ 1.972 |C−T| поздн. 0.982 C−T 0.982 незн. 0.986 итог 0.0 labels 0 1.5 с
T3 SPLIT8+8 88 ИОИ 0.849 |C−T| поздн. 0.108 C−T -0.033 незн. 0.726 итог 0.383 labels 2416 6.6 с
T3 SAME16 88 ИОИ 0.705 |C−T| поздн. 0.093 C−T 0.021 незн. 0.298 итог 0.697 labels 2416 8.7 с
T3 ORACLE 88 ИОИ 0.318 |C−T| поздн. 0.0 C−T 0.0 незн. 0.019 итог 0.981 labels 1000 7.8 с
T4 FIXED32 88 ИОИ 0.539 |C−T| поздн. 0.0 C−T -0.0 незн. 0.531 итог 0.469 labels 32 9.3 с
T4 SAME32 88 ИОИ 0.198 |C−T| поздн. 0.0 C−T 0.0 незн. 0.0 итог 1.0 labels 4832 8.1 с
T4 SPLIT16+16 88 ИОИ 0.545 |C−T| поздн. 0.111 C−T 0.018 незн. 0.481 итог 0.519 labels 4832 6.6 с
T4 SAME16 88 ИОИ 0.536 |C−T| поздн. 0.105 C−T 0.016 незн. 0.481 итог 0.519 labels 2416 6.2 с
T4 AA32 88 ИОИ 0.195 |C−T| поздн. 0.0 C−T 0.0 незн. 0.0 итог 1.0 labels 4832 7.8 с
T4 RANDEVAL 88 ИОИ 1.91 |C−T| поздн. 0.952 C−T 0.952 незн. 0.955 итог 0.0 labels 0 1.3 с
T4 SPLIT8+8 88 ИОИ 0.568 |C−T| поздн. 0.13 C−T -0.075 незн. 0.487 итог 0.517 labels 2416 5.2 с
T5 FIXED32 88 ИОИ 0.552 |C−T| поздн. 0.045 C−T -0.045 незн. 0.549 итог 0.451 labels 32 7.2 с
T5 SAME32 88 ИОИ 0.493 |C−T| поздн. 0.073 C−T -0.022 незн. 0.451 итог 0.549 labels 4832 7.3 с
T4 ORACLE 88 ИОИ 0.391 |C−T| поздн. 0.0 C−T 0.0 незн. 0.0 итог 1.0 labels 1000 13.2 с
T5 SPLIT16+16 88 ИОИ 0.505 |C−T| поздн. 0.111 C−T -0.016 незн. 0.451 итог 0.549 labels 4832 6.6 с
T5 AA32 88 ИОИ 0.583 |C−T| поздн. 0.066 C−T 0.022 незн. 0.527 итог 0.48 labels 4832 7.6 с
T5 RANDEVAL 88 ИОИ 1.978 |C−T| поздн. 0.974 C−T 0.974 незн. 0.977 итог 0.009 labels 0 1.5 с
T5 SAME16 88 ИОИ 0.503 |C−T| поздн. 0.107 C−T -0.024 незн. 0.451 итог 0.549 labels 2416 6.7 с
T5 SPLIT8+8 88 ИОИ 0.096 |C−T| поздн. 0.006 C−T 0.006 незн. 0.006 итог 0.994 labels 2416 8.6 с
T6 FIXED32 88 ИОИ 0.452 |C−T| поздн. 0.0 C−T 0.0 незн. 0.0 итог 1.0 labels 32 7.2 с
T6 SAME32 88 ИОИ 0.039 |C−T| поздн. 0.0 C−T 0.0 незн. 0.0 итог 1.0 labels 4832 5.8 с
T5 ORACLE 88 ИОИ 0.551 |C−T| поздн. 0.0 C−T 0.0 незн. 0.527 итог 0.473 labels 1000 11.9 с
T6 SPLIT16+16 88 ИОИ 0.04 |C−T| поздн. 0.0 C−T 0.0 незн. 0.0 итог 1.0 labels 4832 6.8 с
T6 AA32 88 ИОИ 0.151 |C−T| поздн. 0.0 C−T 0.0 незн. 0.0 итог 1.0 labels 4832 5.3 с
T6 RANDEVAL 88 ИОИ 1.987 |C−T| поздн. 0.992 C−T 0.992 незн. 0.995 итог 0.015 labels 0 1.6 с
T6 SAME16 88 ИОИ 0.039 |C−T| поздн. 0.0 C−T 0.0 незн. 0.0 итог 1.0 labels 2416 6.4 с
T6 SPLIT8+8 88 ИОИ 0.092 |C−T| поздн. 0.0 C−T 0.0 незн. 0.0 итог 1.0 labels 2416 5.6 с
T6 ORACLE 88 ИОИ 0.006 |C−T| поздн. 0.0 C−T 0.0 незн. 0.0 итог 1.0 labels 1000 5.6 с
T1 FIXED32 89 ИОИ 0.333 |C−T| поздн. 0.0 C−T 0.0 незн. 0.0 итог 1.0 labels 32 5.2 с
T1 SAME32 89 ИОИ 0.726 |C−T| поздн. 0.0 C−T 0.0 незн. 0.0 итог 1.0 labels 4832 6.4 с
T1 SPLIT16+16 89 ИОИ 0.691 |C−T| поздн. 0.127 C−T -0.012 незн. 0.503 итог 0.491 labels 4832 4.9 с
T1 AA32 89 ИОИ 1.003 |C−T| поздн. 0.022 C−T 0.004 незн. 0.975 итог 0.028 labels 4832 7.9 с
T1 SAME16 89 ИОИ 0.695 |C−T| поздн. 0.098 C−T 0.082 незн. 0.503 итог 0.491 labels 2416 4.5 с
T1 SPLIT8+8 89 ИОИ 0.998 |C−T| поздн. 0.018 C−T -0.002 незн. 0.99 итог 0.006 labels 2416 4.5 с
T1 RANDEVAL 89 ИОИ 1.996 |C−T| поздн. 0.996 C−T 0.996 незн. 0.999 итог 0.0 labels 0 1.5 с
T2 SAME32 89 ИОИ 0.03 |C−T| поздн. 0.0 C−T 0.0 незн. 0.0 итог 1.0 labels 4832 7.9 с
T2 FIXED32 89 ИОИ 0.078 |C−T| поздн. 0.033 C−T 0.033 незн. 0.033 итог 0.967 labels 32 8.9 с
T1 ORACLE 89 ИОИ 0.965 |C−T| поздн. 0.0 C−T 0.0 незн. 0.96 итог 0.041 labels 1000 9.5 с
T2 AA32 89 ИОИ 0.241 |C−T| поздн. 0.0 C−T 0.0 незн. 0.0 итог 1.0 labels 4832 6.0 с
T2 SAME16 89 ИОИ 0.187 |C−T| поздн. 0.0 C−T 0.0 незн. 0.0 итог 1.0 labels 2416 7.3 с
T2 SPLIT16+16 89 ИОИ 0.155 |C−T| поздн. 0.0 C−T 0.0 незн. 0.0 итог 1.0 labels 4832 8.6 с
T2 RANDEVAL 89 ИОИ 1.906 |C−T| поздн. 0.967 C−T 0.967 незн. 0.971 итог 0.003 labels 0 1.5 с
T2 SPLIT8+8 89 ИОИ 0.373 |C−T| поздн. 0.0 C−T 0.0 незн. 0.0 итог 1.0 labels 2416 8.0 с
T3 FIXED32 89 ИОИ 1.087 |C−T| поздн. 0.139 C−T 0.139 незн. 0.951 итог 0.049 labels 32 6.2 с
T2 ORACLE 89 ИОИ 0.015 |C−T| поздн. 0.0 C−T 0.0 незн. 0.0 итог 1.0 labels 1000 10.6 с
T3 SAME32 89 ИОИ 0.896 |C−T| поздн. 0.109 C−T 0.105 незн. 0.806 итог 0.179 labels 4832 6.6 с
T3 SPLIT16+16 89 ИОИ 0.679 |C−T| поздн. 0.06 C−T 0.008 незн. 0.373 итог 0.67 labels 4832 6.7 с
T3 AA32 89 ИОИ 0.93 |C−T| поздн. 0.124 C−T 0.124 незн. 0.805 итог 0.175 labels 4832 5.1 с
T3 RANDEVAL 89 ИОИ 1.976 |C−T| поздн. 0.99 C−T 0.99 незн. 0.992 итог 0.011 labels 0 1.5 с
T3 SPLIT8+8 89 ИОИ 0.725 |C−T| поздн. 0.138 C−T 0.007 незн. 0.423 итог 0.371 labels 2416 5.0 с
T3 SAME16 89 ИОИ 0.758 |C−T| поздн. 0.096 C−T 0.05 незн. 0.373 итог 0.67 labels 2416 6.6 с
T4 FIXED32 89 ИОИ 0.538 |C−T| поздн. 0.07 C−T 0.07 незн. 0.476 итог 0.524 labels 32 7.4 с
T3 ORACLE 89 ИОИ 0.557 |C−T| поздн. 0.0 C−T 0.0 незн. 0.342 итог 0.658 labels 1000 10.3 с
T4 SAME32 89 ИОИ 0.07 |C−T| поздн. 0.0 C−T 0.0 незн. 0.0 итог 1.0 labels 4832 9.5 с
T4 AA32 89 ИОИ 0.495 |C−T| поздн. 0.058 C−T -0.01 незн. 0.471 итог 0.53 labels 4832 7.5 с
T4 SPLIT16+16 89 ИОИ 0.178 |C−T| поздн. 0.0 C−T 0.0 незн. 0.0 итог 1.0 labels 4832 9.4 с
T4 SAME16 89 ИОИ 0.205 |C−T| поздн. 0.0 C−T 0.0 незн. 0.0 итог 1.0 labels 2416 8.2 с
T4 RANDEVAL 89 ИОИ 1.898 |C−T| поздн. 0.955 C−T 0.955 незн. 0.96 итог 0.008 labels 0 1.4 с
T4 SPLIT8+8 89 ИОИ 0.412 |C−T| поздн. 0.048 C−T -0.002 незн. 0.06 итог 1.0 labels 2416 8.9 с
T5 FIXED32 89 ИОИ 0.638 |C−T| поздн. 0.118 C−T 0.118 незн. 0.524 итог 0.476 labels 32 7.6 с
T4 ORACLE 89 ИОИ 0.132 |C−T| поздн. 0.0 C−T 0.0 незн. 0.0 итог 1.0 labels 1000 11.6 с
T5 SAME32 89 ИОИ 0.241 |C−T| поздн. 0.0 C−T 0.0 незн. 0.0 итог 1.0 labels 4832 5.4 с
T5 SPLIT16+16 89 ИОИ 0.569 |C−T| поздн. 0.135 C−T -0.002 незн. 0.521 итог 0.479 labels 4832 5.5 с
T5 SAME16 89 ИОИ 0.575 |C−T| поздн. 0.128 C−T -0.021 незн. 0.521 итог 0.479 labels 2416 5.3 с
T5 AA32 89 ИОИ 0.546 |C−T| поздн. 0.063 C−T -0.022 незн. 0.513 итог 0.487 labels 4832 7.5 с
T5 RANDEVAL 89 ИОИ 1.988 |C−T| поздн. 0.99 C−T 0.99 незн. 0.994 итог 0.004 labels 0 1.3 с
T5 SPLIT8+8 89 ИОИ 0.586 |C−T| поздн. 0.15 C−T -0.045 незн. 0.522 итог 0.478 labels 2416 5.5 с
T6 SAME32 89 ИОИ 0.378 |C−T| поздн. 0.0 C−T 0.0 незн. 0.0 итог 1.0 labels 4832 4.3 с
T6 FIXED32 89 ИОИ 1.001 |C−T| поздн. 0.016 C−T 0.016 незн. 0.985 итог 0.015 labels 32 8.1 с
T6 SPLIT16+16 89 ИОИ 0.105 |C−T| поздн. 0.0 C−T 0.0 незн. 0.0 итог 1.0 labels 4832 6.8 с
T5 ORACLE 89 ИОИ 0.227 |C−T| поздн. 0.0 C−T 0.0 незн. 0.0 итог 1.0 labels 1000 11.7 с
T6 AA32 89 ИОИ 0.475 |C−T| поздн. 0.0 C−T 0.0 незн. 0.0 итог 1.0 labels 4832 6.0 с
T6 RANDEVAL 89 ИОИ 1.987 |C−T| поздн. 0.991 C−T 0.991 незн. 0.994 итог 0.003 labels 0 1.2 с
T6 SPLIT8+8 89 ИОИ 0.528 |C−T| поздн. 0.0 C−T 0.0 незн. 0.0 итог 1.0 labels 2416 5.7 с
T6 SAME16 89 ИОИ 0.104 |C−T| поздн. 0.0 C−T 0.0 незн. 0.0 итог 1.0 labels 2416 6.1 с
T1 SAME32 90 ИОИ 0.217 |C−T| поздн. 0.0 C−T 0.0 незн. 0.0 итог 1.0 labels 4832 4.4 с
T6 ORACLE 89 ИОИ 0.032 |C−T| поздн. 0.0 C−T 0.0 незн. 0.0 итог 1.0 labels 1000 7.1 с
T1 FIXED32 90 ИОИ 1.041 |C−T| поздн. 0.059 C−T 0.059 незн. 0.989 итог 0.012 labels 32 7.5 с
T1 SPLIT16+16 90 ИОИ 0.285 |C−T| поздн. 0.0 C−T 0.0 незн. 0.0 итог 1.0 labels 4832 3.6 с
T1 SAME16 90 ИОИ 0.295 |C−T| поздн. 0.0 C−T 0.0 незн. 0.0 итог 1.0 labels 2416 3.7 с
T1 SPLIT8+8 90 ИОИ 0.999 |C−T| поздн. 0.011 C−T -0.003 незн. 0.993 итог 0.015 labels 2416 3.7 с
T1 AA32 90 ИОИ 0.256 |C−T| поздн. 0.0 C−T 0.0 незн. 0.0 итог 1.0 labels 4832 6.6 с
T1 RANDEVAL 90 ИОИ 1.996 |C−T| поздн. 0.996 C−T 0.996 незн. 1.0 итог 0.0 labels 0 1.2 с
T2 FIXED32 90 ИОИ 0.684 |C−T| поздн. 0.191 C−T 0.191 незн. 0.504 итог 0.496 labels 32 6.0 с
T2 SAME32 90 ИОИ 0.266 |C−T| поздн. 0.0 C−T 0.0 незн. 0.0 итог 1.0 labels 4832 9.5 с
T1 ORACLE 90 ИОИ 0.107 |C−T| поздн. 0.0 C−T 0.0 незн. 0.0 итог 1.0 labels 1000 11.2 с
T2 SPLIT16+16 90 ИОИ 0.053 |C−T| поздн. 0.0 C−T 0.0 незн. 0.0 итог 1.0 labels 4832 7.6 с
T2 SAME16 90 ИОИ 0.06 |C−T| поздн. 0.0 C−T 0.0 незн. 0.0 итог 1.0 labels 2416 7.5 с
T2 AA32 90 ИОИ 0.02 |C−T| поздн. 0.0 C−T 0.0 незн. 0.0 итог 1.0 labels 4832 9.3 с
T2 RANDEVAL 90 ИОИ 1.902 |C−T| поздн. 0.974 C−T 0.974 незн. 0.977 итог 0.038 labels 0 1.4 с
T2 SPLIT8+8 90 ИОИ 0.045 |C−T| поздн. 0.0 C−T 0.0 незн. 0.0 итог 1.0 labels 2416 9.9 с
T3 FIXED32 90 ИОИ 0.963 |C−T| поздн. 0.087 C−T 0.087 незн. 0.806 итог 0.194 labels 32 6.5 с
T2 ORACLE 90 ИОИ 0.037 |C−T| поздн. 0.0 C−T 0.0 незн. 0.0 итог 1.0 labels 1000 11.8 с
T3 SPLIT16+16 90 ИОИ 0.681 |C−T| поздн. 0.106 C−T 0.058 незн. 0.402 итог 0.645 labels 4832 6.5 с
T3 SAME32 90 ИОИ 0.9 |C−T| поздн. 0.069 C−T 0.043 незн. 0.792 итог 0.128 labels 4832 12.4 с
T3 AA32 90 ИОИ 0.915 |C−T| поздн. 0.108 C−T 0.105 незн. 0.81 итог 0.171 labels 4832 5.9 с
T3 RANDEVAL 90 ИОИ 1.98 |C−T| поздн. 0.988 C−T 0.988 незн. 0.991 итог 0.009 labels 0 1.5 с
T3 SAME16 90 ИОИ 0.739 |C−T| поздн. 0.122 C−T 0.073 незн. 0.402 итог 0.645 labels 2416 6.4 с
T3 SPLIT8+8 90 ИОИ 0.861 |C−T| поздн. 0.104 C−T -0.002 незн. 0.74 итог 0.433 labels 2416 5.0 с
T4 FIXED32 90 ИОИ 0.672 |C−T| поздн. 0.161 C−T 0.161 незн. 0.505 итог 0.495 labels 32 6.9 с
T3 ORACLE 90 ИОИ 0.417 |C−T| поздн. 0.0 C−T 0.0 незн. 0.274 итог 0.726 labels 1000 8.1 с
T4 SAME32 90 ИОИ 0.541 |C−T| поздн. 0.063 C−T 0.019 незн. 0.496 итог 0.501 labels 4832 7.2 с
T4 SPLIT16+16 90 ИОИ 0.238 |C−T| поздн. 0.0 C−T 0.0 незн. 0.0 итог 1.0 labels 4832 6.9 с
T4 AA32 90 ИОИ 0.36 |C−T| поздн. 0.0 C−T 0.0 незн. 0.0 итог 1.0 labels 4832 8.0 с
T4 SAME16 90 ИОИ 0.239 |C−T| поздн. 0.0 C−T 0.0 незн. 0.0 итог 1.0 labels 2416 7.2 с
T4 RANDEVAL 90 ИОИ 1.92 |C−T| поздн. 0.953 C−T 0.953 незн. 0.957 итог 0.0 labels 0 1.3 с
T4 SPLIT8+8 90 ИОИ 0.601 |C−T| поздн. 0.179 C−T 0.093 незн. 0.497 итог 0.503 labels 2416 6.1 с
T5 FIXED32 90 ИОИ 0.549 |C−T| поздн. 0.057 C−T -0.057 незн. 0.443 итог 0.557 labels 32 8.9 с
T4 ORACLE 90 ИОИ 0.096 |C−T| поздн. 0.0 C−T 0.0 незн. 0.03 итог 0.97 labels 1000 10.0 с
T5 SAME32 90 ИОИ 0.363 |C−T| поздн. 0.026 C−T 0.01 незн. 0.038 итог 0.978 labels 4832 6.9 с
T5 AA32 90 ИОИ 0.595 |C−T| поздн. 0.064 C−T 0.037 незн. 0.538 итог 0.45 labels 4832 7.2 с
T5 SPLIT16+16 90 ИОИ 0.621 |C−T| поздн. 0.122 C−T 0.006 незн. 0.552 итог 0.453 labels 4832 8.5 с
T5 RANDEVAL 90 ИОИ 1.982 |C−T| поздн. 0.992 C−T 0.992 незн. 0.994 итог 0.0 labels 0 1.4 с
T5 SAME16 90 ИОИ 0.636 |C−T| поздн. 0.087 C−T -0.008 незн. 0.552 итог 0.453 labels 2416 9.1 с
T6 FIXED32 90 ИОИ 1.015 |C−T| поздн. 0.023 C−T 0.023 незн. 0.992 итог 0.008 labels 32 4.9 с
T5 SPLIT8+8 90 ИОИ 0.515 |C−T| поздн. 0.148 C−T -0.075 незн. 0.442 итог 0.558 labels 2416 10.5 с
T5 ORACLE 90 ИОИ 0.556 |C−T| поздн. 0.0 C−T 0.0 незн. 0.543 итог 0.457 labels 1000 9.8 с
T6 SAME32 90 ИОИ 0.092 |C−T| поздн. 0.0 C−T 0.0 незн. 0.0 итог 1.0 labels 4832 6.7 с
T6 AA32 90 ИОИ 1.005 |C−T| поздн. 0.019 C−T 0.009 незн. 0.991 итог 0.009 labels 4832 4.7 с
T6 SPLIT16+16 90 ИОИ 0.063 |C−T| поздн. 0.0 C−T 0.0 незн. 0.0 итог 1.0 labels 4832 6.4 с
T6 RANDEVAL 90 ИОИ 1.989 |C−T| поздн. 0.994 C−T 0.994 незн. 0.997 итог 0.0 labels 0 1.5 с
T6 SPLIT8+8 90 ИОИ 0.999 |C−T| поздн. 0.034 C−T 0.012 незн. 0.987 итог 0.009 labels 2416 3.8 с
T6 SAME16 90 ИОИ 0.069 |C−T| поздн. 0.0 C−T 0.0 незн. 0.0 итог 1.0 labels 2416 6.1 с
T1 SAME32 91 ИОИ 1.004 |C−T| поздн. 0.022 C−T 0.012 незн. 0.982 итог 0.023 labels 4832 5.0 с
T1 FIXED32 91 ИОИ 1.019 |C−T| поздн. 0.025 C−T 0.025 незн. 0.994 итог 0.006 labels 32 5.9 с
T6 ORACLE 90 ИОИ 0.02 |C−T| поздн. 0.0 C−T 0.0 незн. 0.0 итог 1.0 labels 1000 8.3 с
T1 SPLIT16+16 91 ИОИ 0.997 |C−T| поздн. 0.016 C−T -0.004 незн. 0.988 итог 0.013 labels 4832 5.1 с
T1 SAME16 91 ИОИ 1.019 |C−T| поздн. 0.034 C−T 0.023 незн. 0.988 итог 0.013 labels 2416 5.7 с
T1 AA32 91 ИОИ 0.685 |C−T| поздн. 0.0 C−T 0.0 незн. 0.0 итог 1.0 labels 4832 6.3 с
T1 RANDEVAL 91 ИОИ 1.995 |C−T| поздн. 0.994 C−T 0.994 незн. 0.998 итог 0.0 labels 0 1.4 с
T1 SPLIT8+8 91 ИОИ 0.999 |C−T| поздн. 0.019 C−T -0.004 незн. 0.988 итог 0.003 labels 2416 3.9 с
T2 FIXED32 91 ИОИ 0.552 |C−T| поздн. 0.151 C−T 0.151 незн. 0.401 итог 0.599 labels 32 7.0 с
T2 SAME32 91 ИОИ 0.069 |C−T| поздн. 0.0 C−T 0.0 незн. 0.0 итог 1.0 labels 4832 11.0 с
T1 ORACLE 91 ИОИ 0.969 |C−T| поздн. 0.0 C−T 0.0 незн. 0.969 итог 0.034 labels 1000 14.4 с
T2 SPLIT16+16 91 ИОИ 0.039 |C−T| поздн. 0.0 C−T 0.0 незн. 0.0 итог 1.0 labels 4832 8.3 с
T2 AA32 91 ИОИ 0.114 |C−T| поздн. 0.0 C−T 0.0 незн. 0.0 итог 1.0 labels 4832 8.4 с
T2 SPLIT8+8 91 ИОИ 0.468 |C−T| поздн. 0.149 C−T -0.045 незн. 0.41 итог 0.602 labels 2416 6.1 с
T2 SAME16 91 ИОИ 0.044 |C−T| поздн. 0.0 C−T 0.0 незн. 0.0 итог 1.0 labels 2416 8.3 с
T2 RANDEVAL 91 ИОИ 1.902 |C−T| поздн. 0.928 C−T 0.928 незн. 0.931 итог 0.003 labels 0 1.6 с
T3 SAME32 91 ИОИ 0.857 |C−T| поздн. 0.078 C−T 0.009 незн. 0.366 итог 0.658 labels 4832 6.8 с
T3 FIXED32 91 ИОИ 1.112 |C−T| поздн. 0.152 C−T 0.152 незн. 0.965 итог 0.035 labels 32 8.0 с
T2 ORACLE 91 ИОИ 0.169 |C−T| поздн. 0.0 C−T 0.0 незн. 0.0 итог 1.0 labels 1000 12.9 с
T3 SPLIT16+16 91 ИОИ 0.912 |C−T| поздн. 0.058 C−T 0.011 незн. 0.813 итог 0.217 labels 4832 7.0 с
T3 AA32 91 ИОИ 0.56 |C−T| поздн. 0.078 C−T 0.045 незн. 0.361 итог 0.613 labels 4832 6.7 с
T3 RANDEVAL 91 ИОИ 1.977 |C−T| поздн. 0.99 C−T 0.99 незн. 0.993 итог 0.004 labels 0 1.4 с
T3 SAME16 91 ИОИ 0.998 |C−T| поздн. 0.145 C−T 0.136 незн. 0.813 итог 0.217 labels 2416 7.0 с
T3 SPLIT8+8 91 ИОИ 0.909 |C−T| поздн. 0.095 C−T -0.03 незн. 0.812 итог 0.192 labels 2416 5.6 с
T4 FIXED32 91 ИОИ 0.218 |C−T| поздн. 0.027 C−T 0.027 незн. 0.027 итог 0.973 labels 32 7.8 с
T4 SAME32 91 ИОИ 0.421 |C−T| поздн. 0.0 C−T 0.0 незн. 0.0 итог 1.0 labels 4832 8.7 с
T3 ORACLE 91 ИОИ 0.608 |C−T| поздн. 0.0 C−T 0.0 незн. 0.352 итог 0.649 labels 1000 13.7 с
T4 SPLIT16+16 91 ИОИ 0.579 |C−T| поздн. 0.09 C−T 0.049 незн. 0.516 итог 0.495 labels 4832 5.8 с
T4 SAME16 91 ИОИ 0.586 |C−T| поздн. 0.115 C−T 0.072 незн. 0.516 итог 0.495 labels 2416 5.8 с
T4 AA32 91 ИОИ 0.572 |C−T| поздн. 0.074 C−T 0.035 незн. 0.516 итог 0.484 labels 4832 7.1 с
T4 RANDEVAL 91 ИОИ 1.901 |C−T| поздн. 0.957 C−T 0.957 незн. 0.96 итог 0.085 labels 0 1.4 с
T4 SPLIT8+8 91 ИОИ 0.606 |C−T| поздн. 0.13 C−T 0.041 незн. 0.504 итог 0.544 labels 2416 6.2 с
T5 FIXED32 91 ИОИ 0.484 |C−T| поздн. 0.053 C−T 0.053 незн. 0.053 итог 0.947 labels 32 7.6 с
T4 ORACLE 91 ИОИ 0.518 |C−T| поздн. 0.0 C−T 0.0 незн. 0.511 итог 0.495 labels 1000 9.5 с
T5 SAME32 91 ИОИ 0.617 |C−T| поздн. 0.081 C−T 0.043 незн. 0.55 итог 0.451 labels 4832 6.8 с
T5 SPLIT16+16 91 ИОИ 0.627 |C−T| поздн. 0.091 C−T 0.047 незн. 0.565 итог 0.435 labels 4832 5.8 с
T5 AA32 91 ИОИ 0.606 |C−T| поздн. 0.08 C−T 0.041 незн. 0.551 итог 0.448 labels 4832 6.8 с
T5 SAME16 91 ИОИ 0.634 |C−T| поздн. 0.086 C−T 0.038 незн. 0.565 итог 0.435 labels 2416 5.8 с
T5 RANDEVAL 91 ИОИ 1.987 |C−T| поздн. 0.995 C−T 0.995 незн. 0.998 итог 0.0 labels 0 1.4 с
T5 SPLIT8+8 91 ИОИ 0.66 |C−T| поздн. 0.146 C−T 0.057 незн. 0.565 итог 0.435 labels 2416 6.9 с
T6 FIXED32 91 ИОИ 0.823 |C−T| поздн. 0.018 C−T -0.018 незн. 0.794 итог 0.206 labels 32 7.5 с
T5 ORACLE 91 ИОИ 0.561 |C−T| поздн. 0.0 C−T 0.0 незн. 0.55 итог 0.452 labels 1000 9.9 с
T6 SAME32 91 ИОИ 0.159 |C−T| поздн. 0.0 C−T 0.0 незн. 0.0 итог 1.0 labels 4832 6.9 с
T6 AA32 91 ИОИ 0.81 |C−T| поздн. 0.007 C−T 0.007 незн. 0.049 итог 1.0 labels 4832 4.0 с
T6 SPLIT16+16 91 ИОИ 0.038 |C−T| поздн. 0.0 C−T 0.0 незн. 0.0 итог 1.0 labels 4832 6.4 с
T6 RANDEVAL 91 ИОИ 1.986 |C−T| поздн. 0.991 C−T 0.991 незн. 0.995 итог 0.012 labels 0 1.5 с
T6 SAME16 91 ИОИ 0.036 |C−T| поздн. 0.0 C−T 0.0 незн. 0.0 итог 1.0 labels 2416 6.7 с
T6 SPLIT8+8 91 ИОИ 0.042 |C−T| поздн. 0.0 C−T 0.0 незн. 0.0 итог 1.0 labels 2416 6.5 с
T6 ORACLE 91 ИОИ 0.026 |C−T| поздн. 0.0 C−T 0.0 незн. 0.0 итог 1.0 labels 1000 7.5 с
T1 FIXED32 92 ИОИ 1.009 |C−T| поздн. 0.02 C−T 0.02 незн. 0.989 итог 0.011 labels 32 6.2 с
T1 SAME32 92 ИОИ 0.127 |C−T| поздн. 0.0 C−T 0.0 незн. 0.0 итог 1.0 labels 4832 5.4 с
T1 SPLIT16+16 92 ИОИ 1.0 |C−T| поздн. 0.007 C−T 0.0 незн. 0.996 итог 0.009 labels 4832 4.6 с
T1 SAME16 92 ИОИ 1.018 |C−T| поздн. 0.026 C−T 0.021 незн. 0.996 итог 0.009 labels 2416 4.7 с
T1 RANDEVAL 92 ИОИ 1.995 |C−T| поздн. 0.996 C−T 0.996 незн. 0.998 итог 0.003 labels 0 1.4 с
T1 AA32 92 ИОИ 0.061 |C−T| поздн. 0.0 C−T 0.0 незн. 0.0 итог 1.0 labels 4832 7.3 с
T1 SPLIT8+8 92 ИОИ 0.999 |C−T| поздн. 0.023 C−T 0.008 незн. 0.992 итог 0.004 labels 2416 3.6 с
T1 ORACLE 92 ИОИ 0.977 |C−T| поздн. 0.0 C−T 0.0 незн. 0.976 итог 0.024 labels 1000 6.9 с
T2 FIXED32 92 ИОИ 0.681 |C−T| поздн. 0.247 C−T 0.247 незн. 0.434 итог 0.566 labels 32 9.4 с
T2 SAME32 92 ИОИ 0.366 |C−T| поздн. 0.0 C−T 0.0 незн. 0.0 итог 1.0 labels 4832 9.8 с
T2 SPLIT16+16 92 ИОИ 0.077 |C−T| поздн. 0.0 C−T 0.0 незн. 0.0 итог 1.0 labels 4832 10.6 с
T2 AA32 92 ИОИ 0.323 |C−T| поздн. 0.009 C−T 0.006 незн. 0.047 итог 1.0 labels 4832 8.6 с
T2 RANDEVAL 92 ИОИ 1.863 |C−T| поздн. 0.918 C−T 0.918 незн. 0.922 итог 0.076 labels 0 1.4 с
T2 SAME16 92 ИОИ 0.078 |C−T| поздн. 0.0 C−T 0.0 незн. 0.0 итог 1.0 labels 2416 10.2 с
T2 SPLIT8+8 92 ИОИ 0.395 |C−T| поздн. 0.0 C−T 0.0 незн. 0.0 итог 1.0 labels 2416 8.4 с
T3 FIXED32 92 ИОИ 1.109 |C−T| поздн. 0.316 C−T 0.316 незн. 0.816 итог 0.184 labels 32 10.1 с
T2 ORACLE 92 ИОИ 0.199 |C−T| поздн. 0.0 C−T 0.0 незн. 0.0 итог 1.0 labels 1000 13.4 с
T3 SAME32 92 ИОИ 0.903 |C−T| поздн. 0.118 C−T 0.118 незн. 0.803 итог 0.181 labels 4832 7.9 с
T3 SPLIT16+16 92 ИОИ 0.842 |C−T| поздн. 0.087 C−T -0.019 незн. 0.81 итог 0.217 labels 4832 6.7 с
T3 SAME16 92 ИОИ 0.947 |C−T| поздн. 0.143 C−T 0.139 незн. 0.81 итог 0.217 labels 2416 6.3 с
T3 AA32 92 ИОИ 0.852 |C−T| поздн. 0.078 C−T 0.064 незн. 0.795 итог 0.201 labels 4832 6.9 с
T3 RANDEVAL 92 ИОИ 1.977 |C−T| поздн. 0.987 C−T 0.987 незн. 0.99 итог 0.012 labels 0 1.4 с
T3 SPLIT8+8 92 ИОИ 0.744 |C−T| поздн. 0.149 C−T 0.027 незн. 0.573 итог 0.477 labels 2416 7.3 с
T4 FIXED32 92 ИОИ 0.518 |C−T| поздн. 0.175 C−T -0.175 незн. 0.512 итог 0.488 labels 32 7.0 с
T4 SAME32 92 ИОИ 0.56 |C−T| поздн. 0.07 C−T 0.021 незн. 0.506 итог 0.514 labels 4832 6.4 с
T3 ORACLE 92 ИОИ 0.752 |C−T| поздн. 0.0 C−T 0.0 незн. 0.742 итог 0.271 labels 1000 11.6 с
T4 SPLIT16+16 92 ИОИ 0.56 |C−T| поздн. 0.134 C−T -0.025 незн. 0.502 итог 0.491 labels 4832 5.8 с
T4 AA32 92 ИОИ 0.555 |C−T| поздн. 0.07 C−T 0.052 незн. 0.503 итог 0.498 labels 4832 6.0 с
T4 SAME16 92 ИОИ 0.569 |C−T| поздн. 0.093 C−T 0.025 незн. 0.502 итог 0.491 labels 2416 6.1 с
T4 RANDEVAL 92 ИОИ 1.938 |C−T| поздн. 0.961 C−T 0.961 незн. 0.965 итог 0.076 labels 0 1.4 с
T4 SPLIT8+8 92 ИОИ 0.58 |C−T| поздн. 0.131 C−T 0.03 незн. 0.5 итог 0.514 labels 2416 5.5 с
T5 FIXED32 92 ИОИ 0.67 |C−T| поздн. 0.19 C−T 0.19 незн. 0.471 итог 0.529 labels 32 5.5 с
T5 SAME32 92 ИОИ 0.564 |C−T| поздн. 0.075 C−T 0.035 незн. 0.428 итог 0.566 labels 4832 5.8 с
T4 ORACLE 92 ИОИ 0.501 |C−T| поздн. 0.0 C−T 0.0 незн. 0.488 итог 0.595 labels 1000 8.5 с
T5 SPLIT16+16 92 ИОИ 0.609 |C−T| поздн. 0.134 C−T 0.01 незн. 0.551 итог 0.446 labels 4832 5.8 с
T5 AA32 92 ИОИ 0.609 |C−T| поздн. 0.078 C−T 0.04 незн. 0.537 итог 0.471 labels 4832 5.3 с
T5 SAME16 92 ИОИ 0.614 |C−T| поздн. 0.096 C−T 0.014 незн. 0.551 итог 0.446 labels 2416 5.9 с
T5 RANDEVAL 92 ИОИ 1.983 |C−T| поздн. 0.993 C−T 0.993 незн. 0.996 итог 0.0 labels 0 1.4 с
T5 SPLIT8+8 92 ИОИ 0.628 |C−T| поздн. 0.128 C−T 0.021 незн. 0.542 итог 0.445 labels 2416 6.6 с
T5 ORACLE 92 ИОИ 0.608 |C−T| поздн. 0.0 C−T 0.0 незн. 0.445 итог 0.555 labels 1000 6.3 с
T6 FIXED32 92 ИОИ 1.048 |C−T| поздн. 0.074 C−T 0.074 незн. 0.98 итог 0.02 labels 32 7.1 с
T6 SPLIT16+16 92 ИОИ 0.704 |C−T| поздн. 0.0 C−T 0.0 незн. 0.0 итог 1.0 labels 4832 4.2 с
T6 SAME32 92 ИОИ 0.225 |C−T| поздн. 0.0 C−T 0.0 незн. 0.0 итог 1.0 labels 4832 6.6 с
T6 AA32 92 ИОИ 0.999 |C−T| поздн. 0.02 C−T 0.005 незн. 0.977 итог 0.023 labels 4832 4.6 с
T6 RANDEVAL 92 ИОИ 1.988 |C−T| поздн. 0.992 C−T 0.992 незн. 0.995 итог 0.01 labels 0 1.5 с
T6 SPLIT8+8 92 ИОИ 0.872 |C−T| поздн. 0.007 C−T 0.001 незн. 0.33 итог 1.0 labels 2416 3.4 с
T6 SAME16 92 ИОИ 0.711 |C−T| поздн. 0.0 C−T 0.0 незн. 0.0 итог 1.0 labels 2416 4.0 с
T1 SAME32 93 ИОИ 0.007 |C−T| поздн. 0.0 C−T 0.0 незн. 0.0 итог 1.0 labels 4832 6.0 с
T6 ORACLE 92 ИОИ 0.385 |C−T| поздн. 0.0 C−T 0.0 незн. 0.0 итог 1.0 labels 1000 8.1 с
T1 FIXED32 93 ИОИ 1.023 |C−T| поздн. 0.027 C−T 0.027 незн. 0.996 итог 0.004 labels 32 7.7 с
T1 SPLIT16+16 93 ИОИ 0.38 |C−T| поздн. 0.0 C−T 0.0 незн. 0.0 итог 1.0 labels 4832 3.8 с
T1 SAME16 93 ИОИ 0.388 |C−T| поздн. 0.0 C−T 0.0 незн. 0.0 итог 1.0 labels 2416 3.9 с
T1 RANDEVAL 93 ИОИ 1.996 |C−T| поздн. 0.997 C−T 0.997 незн. 1.0 итог 0.0 labels 0 1.4 с
T1 AA32 93 ИОИ 0.275 |C−T| поздн. 0.0 C−T 0.0 незн. 0.0 итог 1.0 labels 4832 6.4 с
T1 SPLIT8+8 93 ИОИ 0.077 |C−T| поздн. 0.0 C−T 0.0 незн. 0.0 итог 1.0 labels 2416 4.6 с
T2 SAME32 93 ИОИ 0.436 |C−T| поздн. 0.072 C−T 0.02 незн. 0.333 итог 0.642 labels 4832 7.1 с
T2 FIXED32 93 ИОИ 0.067 |C−T| поздн. 0.024 C−T 0.024 незн. 0.024 итог 0.976 labels 32 8.4 с
T1 ORACLE 93 ИОИ 0.643 |C−T| поздн. 0.0 C−T 0.0 незн. 0.001 итог 1.0 labels 1000 10.2 с
T2 SPLIT16+16 93 ИОИ 0.448 |C−T| поздн. 0.075 C−T 0.0 незн. 0.288 итог 1.0 labels 4832 7.1 с
T2 AA32 93 ИОИ 0.451 |C−T| поздн. 0.081 C−T -0.009 незн. 0.406 итог 0.595 labels 4832 7.4 с
T2 SAME16 93 ИОИ 0.482 |C−T| поздн. 0.096 C−T 0.048 незн. 0.288 итог 1.0 labels 2416 7.2 с
T2 RANDEVAL 93 ИОИ 1.922 |C−T| поздн. 0.961 C−T 0.961 незн. 0.964 итог 0.085 labels 0 1.4 с
T3 FIXED32 93 ИОИ 1.03 |C−T| поздн. 0.248 C−T 0.248 незн. 0.811 итог 0.189 labels 32 6.5 с
T2 SPLIT8+8 93 ИОИ 0.472 |C−T| поздн. 0.155 C−T -0.014 незн. 0.361 итог 0.704 labels 2416 8.9 с
T2 ORACLE 93 ИОИ 0.404 |C−T| поздн. 0.0 C−T 0.0 незн. 0.398 итог 0.602 labels 1000 8.3 с
T3 SPLIT16+16 93 ИОИ 0.728 |C−T| поздн. 0.098 C−T -0.022 незн. 0.581 итог 0.393 labels 4832 5.5 с
T3 SAME32 93 ИОИ 0.733 |C−T| поздн. 0.103 C−T 0.085 незн. 0.555 итог 0.458 labels 4832 7.0 с
T3 AA32 93 ИОИ 0.408 |C−T| поздн. 0.07 C−T -0.004 незн. 0.327 итог 0.674 labels 4832 8.4 с
T3 RANDEVAL 93 ИОИ 1.98 |C−T| поздн. 0.988 C−T 0.988 незн. 0.991 итог 0.009 labels 0 1.4 с
T3 SAME16 93 ИОИ 0.82 |C−T| поздн. 0.119 C−T 0.108 незн. 0.581 итог 0.393 labels 2416 5.3 с
T3 SPLIT8+8 93 ИОИ 0.869 |C−T| поздн. 0.116 C−T -0.031 незн. 0.807 итог 0.183 labels 2416 4.8 с
T4 FIXED32 93 ИОИ 0.518 |C−T| поздн. 0.127 C−T 0.127 незн. 0.283 итог 0.98 labels 32 7.2 с
T4 SAME32 93 ИОИ 0.539 |C−T| поздн. 0.07 C−T 0.02 незн. 0.484 итог 0.516 labels 4832 6.9 с
T3 ORACLE 93 ИОИ 0.646 |C−T| поздн. 0.0 C−T 0.0 незн. 0.542 итог 0.461 labels 1000 9.9 с
T4 SPLIT16+16 93 ИОИ 0.535 |C−T| поздн. 0.083 C−T -0.021 незн. 0.488 итог 0.516 labels 4832 5.8 с
T4 AA32 93 ИОИ 0.535 |C−T| поздн. 0.071 C−T -0.002 незн. 0.49 итог 0.51 labels 4832 7.0 с
T4 SAME16 93 ИОИ 0.547 |C−T| поздн. 0.131 C−T -0.054 незн. 0.488 итог 0.516 labels 2416 6.2 с
T4 RANDEVAL 93 ИОИ 1.93 |C−T| поздн. 0.956 C−T 0.956 незн. 0.958 итог 0.002 labels 0 1.6 с
T4 SPLIT8+8 93 ИОИ 0.484 |C−T| поздн. 0.053 C−T 0.003 незн. 0.145 итог 0.935 labels 2416 8.1 с
T4 ORACLE 93 ИОИ 0.493 |C−T| поздн. 0.0 C−T 0.0 незн. 0.49 итог 0.51 labels 1000 7.6 с
T5 FIXED32 93 ИОИ 0.547 |C−T| поздн. 0.081 C−T 0.081 незн. 0.456 итог 0.544 labels 32 8.0 с
T5 AA32 93 ИОИ 0.648 |C−T| поздн. 0.078 C−T 0.031 незн. 0.515 итог 0.484 labels 4832 5.8 с
T5 SAME32 93 ИОИ 0.23 |C−T| поздн. 0.0 C−T 0.0 незн. 0.0 итог 1.0 labels 4832 9.6 с
T5 SPLIT16+16 93 ИОИ 0.567 |C−T| поздн. 0.073 C−T -0.01 незн. 0.436 итог 0.952 labels 4832 8.7 с
T5 RANDEVAL 93 ИОИ 1.987 |C−T| поздн. 0.991 C−T 0.991 незн. 0.994 итог 0.006 labels 0 1.4 с
T5 SPLIT8+8 93 ИОИ 0.581 |C−T| поздн. 0.14 C−T 0.041 незн. 0.462 итог 0.538 labels 2416 4.6 с
T5 SAME16 93 ИОИ 0.579 |C−T| поздн. 0.099 C−T 0.015 незн. 0.436 итог 0.952 labels 2416 9.5 с
T6 FIXED32 93 ИОИ 1.012 |C−T| поздн. 0.022 C−T 0.022 незн. 0.991 итог 0.009 labels 32 7.1 с
T5 ORACLE 93 ИОИ 0.514 |C−T| поздн. 0.0 C−T 0.0 незн. 0.486 итог 0.514 labels 1000 10.0 с
T6 SAME32 93 ИОИ 0.419 |C−T| поздн. 0.0 C−T 0.0 незн. 0.0 итог 1.0 labels 4832 4.4 с
T6 SPLIT16+16 93 ИОИ 0.5 |C−T| поздн. 0.0 C−T 0.0 незн. 0.0 итог 1.0 labels 4832 3.9 с
T6 SAME16 93 ИОИ 0.507 |C−T| поздн. 0.0 C−T 0.0 незн. 0.0 итог 1.0 labels 2416 3.8 с
T6 AA32 93 ИОИ 0.957 |C−T| поздн. 0.022 C−T 0.013 незн. 0.743 итог 1.0 labels 4832 4.9 с
T6 RANDEVAL 93 ИОИ 1.988 |C−T| поздн. 0.994 C−T 0.994 незн. 0.997 итог 0.0 labels 0 1.5 с
T6 SPLIT8+8 93 ИОИ 0.517 |C−T| поздн. 0.0 C−T 0.0 незн. 0.0 итог 1.0 labels 2416 4.3 с
T6 ORACLE 93 ИОИ 0.064 |C−T| поздн. 0.0 C−T 0.0 незн. 0.0 итог 1.0 labels 1000 6.6 с
T1 SAME32 94 ИОИ 1.002 |C−T| поздн. 0.02 C−T 0.014 незн. 0.98 итог 0.019 labels 4832 6.5 с
T1 FIXED32 94 ИОИ 1.079 |C−T| поздн. 0.139 C−T 0.139 незн. 0.951 итог 0.049 labels 32 8.9 с
T1 SPLIT16+16 94 ИОИ 0.701 |C−T| поздн. 0.0 C−T 0.0 незн. 0.0 итог 1.0 labels 4832 6.2 с
T1 AA32 94 ИОИ 0.133 |C−T| поздн. 0.0 C−T 0.0 незн. 0.0 итог 1.0 labels 4832 5.3 с
T1 SAME16 94 ИОИ 0.714 |C−T| поздн. 0.0 C−T 0.0 незн. 0.0 итог 1.0 labels 2416 6.1 с
T1 RANDEVAL 94 ИОИ 1.995 |C−T| поздн. 0.997 C−T 0.997 незн. 1.0 итог 0.0 labels 0 1.6 с
T1 SPLIT8+8 94 ИОИ 1.0 |C−T| поздн. 0.016 C−T -0.001 незн. 0.99 итог 0.017 labels 2416 5.2 с
T1 ORACLE 94 ИОИ 0.405 |C−T| поздн. 0.0 C−T 0.0 незн. 0.0 итог 1.0 labels 1000 6.4 с
T2 SAME32 94 ИОИ 0.462 |C−T| поздн. 0.057 C−T 0.037 незн. 0.236 итог 1.0 labels 4832 6.0 с
T2 FIXED32 94 ИОИ 0.604 |C−T| поздн. 0.25 C−T 0.25 незн. 0.438 итог 0.562 labels 32 9.4 с
T2 AA32 94 ИОИ 0.489 |C−T| поздн. 0.062 C−T 0.042 незн. 0.429 итог 0.582 labels 4832 5.7 с
T2 SPLIT16+16 94 ИОИ 0.465 |C−T| поздн. 0.089 C−T -0.031 незн. 0.373 итог 0.598 labels 4832 7.6 с
T2 RANDEVAL 94 ИОИ 1.895 |C−T| поздн. 0.964 C−T 0.964 незн. 0.968 итог 0.004 labels 0 1.4 с
T2 SAME16 94 ИОИ 0.509 |C−T| поздн. 0.116 C−T 0.084 незн. 0.373 итог 0.598 labels 2416 6.8 с
T2 SPLIT8+8 94 ИОИ 0.132 |C−T| поздн. 0.0 C−T 0.0 незн. 0.0 итог 1.0 labels 2416 9.2 с
T2 ORACLE 94 ИОИ 0.042 |C−T| поздн. 0.0 C−T 0.0 незн. 0.0 итог 1.0 labels 1000 8.8 с
T3 FIXED32 94 ИОИ 0.903 |C−T| поздн. 0.128 C−T 0.128 незн. 0.784 итог 0.216 labels 32 10.1 с
T3 SPLIT16+16 94 ИОИ 0.612 |C−T| поздн. 0.109 C−T 0.041 незн. 0.366 итог 0.631 labels 4832 6.9 с
T3 SAME32 94 ИОИ 0.877 |C−T| поздн. 0.102 C−T 0.102 незн. 0.793 итог 0.205 labels 4832 8.3 с
T3 AA32 94 ИОИ 0.576 |C−T| поздн. 0.079 C−T -0.024 незн. 0.309 итог 0.698 labels 4832 6.5 с
T3 RANDEVAL 94 ИОИ 1.966 |C−T| поздн. 0.983 C−T 0.983 незн. 0.986 итог 0.004 labels 0 1.4 с
T3 SPLIT8+8 94 ИОИ 0.832 |C−T| поздн. 0.15 C−T -0.03 незн. 0.641 итог 0.384 labels 2416 5.1 с
T3 SAME16 94 ИОИ 0.666 |C−T| поздн. 0.116 C−T 0.079 незн. 0.366 итог 0.631 labels 2416 6.2 с
T4 FIXED32 94 ИОИ 0.5 |C−T| поздн. 0.094 C−T -0.094 незн. 0.5 итог 0.5 labels 32 5.1 с
T3 ORACLE 94 ИОИ 0.754 |C−T| поздн. 0.0 C−T 0.0 незн. 0.744 итог 0.256 labels 1000 8.0 с
T4 SAME32 94 ИОИ 0.521 |C−T| поздн. 0.059 C−T -0.015 незн. 0.486 итог 0.514 labels 4832 5.7 с
T4 SPLIT16+16 94 ИОИ 0.55 |C−T| поздн. 0.094 C−T 0.021 незн. 0.494 итог 0.505 labels 4832 5.0 с
T4 SAME16 94 ИОИ 0.535 |C−T| поздн. 0.103 C−T -0.048 незн. 0.494 итог 0.505 labels 2416 5.1 с
T4 RANDEVAL 94 ИОИ 1.922 |C−T| поздн. 0.967 C−T 0.967 незн. 0.971 итог 0.033 labels 0 1.5 с
T4 AA32 94 ИОИ 0.528 |C−T| поздн. 0.065 C−T -0.03 незн. 0.486 итог 0.514 labels 4832 8.1 с
T4 SPLIT8+8 94 ИОИ 0.557 |C−T| поздн. 0.123 C−T -0.018 незн. 0.495 итог 0.505 labels 2416 7.5 с
T5 FIXED32 94 ИОИ 0.546 |C−T| поздн. 0.048 C−T -0.048 незн. 0.546 итог 0.454 labels 32 7.1 с
T4 ORACLE 94 ИОИ 0.367 |C−T| поздн. 0.0 C−T 0.0 незн. 0.311 итог 0.69 labels 1000 10.7 с
T5 SAME32 94 ИОИ 0.575 |C−T| поздн. 0.058 C−T -0.023 незн. 0.536 итог 0.464 labels 4832 7.4 с
T5 SPLIT16+16 94 ИОИ 0.597 |C−T| поздн. 0.102 C−T 0.019 незн. 0.536 итог 0.464 labels 4832 8.5 с
T5 AA32 94 ИОИ 0.685 |C−T| поздн. 0.071 C−T 0.036 незн. 0.522 итог 0.481 labels 4832 8.1 с
T5 RANDEVAL 94 ИОИ 1.983 |C−T| поздн. 0.99 C−T 0.99 незн. 0.994 итог 0.009 labels 0 1.5 с
T5 SAME16 94 ИОИ 0.589 |C−T| поздн. 0.11 C−T -0.018 незн. 0.536 итог 0.464 labels 2416 8.6 с
T5 SPLIT8+8 94 ИОИ 0.611 |C−T| поздн. 0.136 C−T -0.0 незн. 0.542 итог 0.458 labels 2416 7.1 с
T6 FIXED32 94 ИОИ 0.091 |C−T| поздн. 0.0 C−T 0.0 незн. 0.0 итог 1.0 labels 32 6.6 с
T6 SAME32 94 ИОИ 0.635 |C−T| поздн. 0.0 C−T 0.0 незн. 0.0 итог 1.0 labels 4832 4.6 с
T5 ORACLE 94 ИОИ 0.467 |C−T| поздн. 0.0 C−T 0.0 незн. 0.454 итог 0.546 labels 1000 8.2 с
T6 AA32 94 ИОИ 0.343 |C−T| поздн. 0.0 C−T 0.0 незн. 0.0 итог 1.0 labels 4832 4.7 с
T6 SPLIT16+16 94 ИОИ 0.445 |C−T| поздн. 0.0 C−T 0.0 незн. 0.0 итог 1.0 labels 4832 5.8 с
T6 SAME16 94 ИОИ 0.455 |C−T| поздн. 0.0 C−T 0.0 незн. 0.0 итог 1.0 labels 2416 5.5 с
T6 RANDEVAL 94 ИОИ 1.983 |C−T| поздн. 0.991 C−T 0.991 незн. 0.994 итог 0.019 labels 0 1.5 с
T6 SPLIT8+8 94 ИОИ 0.76 |C−T| поздн. 0.001 C−T 0.001 незн. 0.001 итог 1.0 labels 2416 3.9 с
T1 FIXED32 95 ИОИ 1.042 |C−T| поздн. 0.083 C−T 0.083 незн. 0.989 итог 0.011 labels 32 5.3 с
T6 ORACLE 94 ИОИ 0.051 |C−T| поздн. 0.0 C−T 0.0 незн. 0.0 итог 1.0 labels 1000 8.1 с
T1 SAME32 95 ИОИ 1.011 |C−T| поздн. 0.029 C−T 0.022 незн. 0.988 итог 0.01 labels 4832 7.1 с
T1 SPLIT16+16 95 ИОИ 1.002 |C−T| поздн. 0.02 C−T 0.001 незн. 0.989 итог 0.017 labels 4832 5.7 с
T1 AA32 95 ИОИ 0.288 |C−T| поздн. 0.0 C−T 0.0 незн. 0.0 итог 1.0 labels 4832 5.3 с
T1 RANDEVAL 95 ИОИ 1.995 |C−T| поздн. 0.996 C−T 0.996 незн. 0.999 итог 0.0 labels 0 1.6 с
T1 SAME16 95 ИОИ 1.013 |C−T| поздн. 0.031 C−T 0.018 незн. 0.989 итог 0.017 labels 2416 5.6 с
T1 SPLIT8+8 95 ИОИ 0.267 |C−T| поздн. 0.0 C−T 0.0 незн. 0.0 итог 1.0 labels 2416 7.3 с
T1 ORACLE 95 ИОИ 0.553 |C−T| поздн. 0.0 C−T 0.0 незн. 0.505 итог 0.495 labels 1000 8.6 с
T2 FIXED32 95 ИОИ 0.419 |C−T| поздн. 0.08 C−T 0.08 незн. 0.353 итог 0.613 labels 32 8.5 с
T2 SAME32 95 ИОИ 0.469 |C−T| поздн. 0.052 C−T 0.021 незн. 0.398 итог 0.609 labels 4832 6.9 с
T2 SPLIT16+16 95 ИОИ 0.112 |C−T| поздн. 0.0 C−T 0.0 незн. 0.0 итог 1.0 labels 4832 8.2 с
T2 AA32 95 ИОИ 0.038 |C−T| поздн. 0.0 C−T 0.0 незн. 0.0 итог 1.0 labels 4832 8.3 с
T2 RANDEVAL 95 ИОИ 1.905 |C−T| поздн. 0.964 C−T 0.964 незн. 0.968 итог 0.082 labels 0 1.4 с
T2 SAME16 95 ИОИ 0.129 |C−T| поздн. 0.0 C−T 0.0 незн. 0.0 итог 1.0 labels 2416 8.1 с
T2 SPLIT8+8 95 ИОИ 0.516 |C−T| поздн. 0.13 C−T 0.024 незн. 0.437 итог 0.581 labels 2416 4.5 с
T3 SAME32 95 ИОИ 0.92 |C−T| поздн. 0.12 C−T 0.119 незн. 0.8 итог 0.197 labels 4832 6.1 с
T3 FIXED32 95 ИОИ 0.95 |C−T| поздн. 0.177 C−T 0.177 незн. 0.771 итог 0.229 labels 32 10.9 с
T2 ORACLE 95 ИОИ 0.382 |C−T| поздн. 0.0 C−T 0.0 незн. 0.372 итог 0.628 labels 1000 11.7 с
T3 SPLIT16+16 95 ИОИ 0.658 |C−T| поздн. 0.08 C−T -0.023 незн. 0.262 итог 0.737 labels 4832 5.6 с
T3 SAME16 95 ИОИ 0.74 |C−T| поздн. 0.087 C−T 0.006 незн. 0.262 итог 0.737 labels 2416 5.5 с
T3 RANDEVAL 95 ИОИ 1.978 |C−T| поздн. 0.986 C−T 0.986 незн. 0.99 итог 0.011 labels 0 1.3 с
T3 AA32 95 ИОИ 0.888 |C−T| поздн. 0.09 C−T 0.089 незн. 0.805 итог 0.222 labels 4832 8.4 с
T3 SPLIT8+8 95 ИОИ 0.899 |C−T| поздн. 0.117 C−T 0.0 незн. 0.813 итог 0.209 labels 2416 5.1 с
T4 FIXED32 95 ИОИ 0.51 |C−T| поздн. 0.141 C−T 0.141 незн. 0.412 итог 0.585 labels 32 6.4 с
T3 ORACLE 95 ИОИ 0.07 |C−T| поздн. 0.0 C−T 0.0 незн. 0.0 итог 1.0 labels 1000 7.9 с
T4 SAME32 95 ИОИ 0.536 |C−T| поздн. 0.063 C−T 0.011 незн. 0.499 итог 0.501 labels 4832 6.7 с
T4 SPLIT16+16 95 ИОИ 0.551 |C−T| поздн. 0.086 C−T 0.011 незн. 0.501 итог 0.499 labels 4832 6.1 с
T4 SAME16 95 ИОИ 0.552 |C−T| поздн. 0.1 C−T -0.016 незн. 0.501 итог 0.499 labels 2416 6.5 с
T4 RANDEVAL 95 ИОИ 1.929 |C−T| поздн. 0.959 C−T 0.959 незн. 0.962 итог 0.03 labels 0 1.4 с
T4 AA32 95 ИОИ 0.052 |C−T| поздн. 0.0 C−T 0.0 незн. 0.0 итог 1.0 labels 4832 8.5 с
T4 SPLIT8+8 95 ИОИ 0.575 |C−T| поздн. 0.126 C−T -0.05 незн. 0.5 итог 0.499 labels 2416 5.2 с
T5 FIXED32 95 ИОИ 0.561 |C−T| поздн. 0.157 C−T 0.157 незн. 0.473 итог 0.526 labels 32 7.1 с
T5 SAME32 95 ИОИ 0.598 |C−T| поздн. 0.072 C−T -0.003 незн. 0.554 итог 0.446 labels 4832 5.3 с
T4 ORACLE 95 ИОИ 0.494 |C−T| поздн. 0.0 C−T 0.0 незн. 0.492 итог 0.508 labels 1000 8.4 с
T5 SPLIT16+16 95 ИОИ 0.526 |C−T| поздн. 0.082 C−T 0.009 незн. 0.44 итог 0.56 labels 4832 6.5 с
T5 AA32 95 ИОИ 0.606 |C−T| поздн. 0.078 C−T 0.02 незн. 0.554 итог 0.446 labels 4832 6.8 с
T5 SAME16 95 ИОИ 0.531 |C−T| поздн. 0.088 C−T -0.014 незн. 0.44 итог 0.56 labels 2416 6.3 с
T5 RANDEVAL 95 ИОИ 1.988 |C−T| поздн. 0.992 C−T 0.992 незн. 0.995 итог 0.0 labels 0 1.4 с
T5 SPLIT8+8 95 ИОИ 0.521 |C−T| поздн. 0.138 C−T 0.036 незн. 0.432 итог 0.585 labels 2416 6.5 с
T6 FIXED32 95 ИОИ 0.102 |C−T| поздн. 0.0 C−T 0.0 незн. 0.0 итог 1.0 labels 32 7.7 с
T5 ORACLE 95 ИОИ 0.431 |C−T| поздн. 0.0 C−T 0.0 незн. 0.326 итог 0.674 labels 1000 9.2 с
T6 SAME32 95 ИОИ 0.265 |C−T| поздн. 0.0 C−T 0.0 незн. 0.0 итог 1.0 labels 4832 6.0 с
T6 AA32 95 ИОИ 0.935 |C−T| поздн. 0.014 C−T 0.007 незн. 0.655 итог 1.0 labels 4832 4.4 с
T6 SPLIT16+16 95 ИОИ 0.478 |C−T| поздн. 0.0 C−T 0.0 незн. 0.0 итог 1.0 labels 4832 5.2 с
T6 RANDEVAL 95 ИОИ 1.985 |C−T| поздн. 0.99 C−T 0.99 незн. 0.993 итог 0.007 labels 0 1.5 с
T6 SAME16 95 ИОИ 0.485 |C−T| поздн. 0.0 C−T 0.0 незн. 0.0 итог 1.0 labels 2416 5.4 с
T6 SPLIT8+8 95 ИОИ 0.357 |C−T| поздн. 0.0 C−T 0.0 незн. 0.0 итог 1.0 labels 2416 4.3 с
T6 ORACLE 95 ИОИ 0.045 |C−T| поздн. 0.0 C−T 0.0 незн. 0.0 итог 1.0 labels 1000 7.1 с
T1 FIXED32 96 ИОИ 0.523 |C−T| поздн. 0.01 C−T 0.01 незн. 0.01 итог 0.99 labels 32 7.1 с
T1 SAME32 96 ИОИ 0.991 |C−T| поздн. 0.021 C−T -0.006 незн. 0.974 итог 0.029 labels 4832 6.5 с
T1 SPLIT16+16 96 ИОИ 0.248 |C−T| поздн. 0.0 C−T 0.0 незн. 0.0 итог 1.0 labels 4832 5.1 с
T1 SAME16 96 ИОИ 0.253 |C−T| поздн. 0.0 C−T 0.0 незн. 0.0 итог 1.0 labels 2416 5.2 с
T1 AA32 96 ИОИ 0.621 |C−T| поздн. 0.0 C−T 0.0 незн. 0.0 итог 1.0 labels 4832 6.1 с
T1 RANDEVAL 96 ИОИ 1.995 |C−T| поздн. 0.995 C−T 0.995 незн. 0.998 итог 0.013 labels 0 1.4 с
T1 SPLIT8+8 96 ИОИ 0.996 |C−T| поздн. 0.025 C−T -0.004 незн. 0.984 итог 0.016 labels 2416 3.8 с
T1 ORACLE 96 ИОИ 0.378 |C−T| поздн. 0.0 C−T 0.0 незн. 0.004 итог 0.996 labels 1000 7.3 с
T2 SAME32 96 ИОИ 0.479 |C−T| поздн. 0.078 C−T 0.036 незн. 0.38 итог 0.624 labels 4832 7.6 с
T2 FIXED32 96 ИОИ 0.143 |C−T| поздн. 0.045 C−T 0.045 незн. 0.045 итог 0.955 labels 32 9.7 с
T2 AA32 96 ИОИ 0.445 |C−T| поздн. 0.052 C−T 0.015 незн. 0.123 итог 0.893 labels 4832 6.7 с
T2 SPLIT16+16 96 ИОИ 0.103 |C−T| поздн. 0.0 C−T 0.0 незн. 0.0 итог 1.0 labels 4832 10.5 с
T2 RANDEVAL 96 ИОИ 1.899 |C−T| поздн. 0.941 C−T 0.941 незн. 0.944 итог 0.075 labels 0 1.4 с
T2 SAME16 96 ИОИ 0.112 |C−T| поздн. 0.0 C−T 0.0 незн. 0.0 итог 1.0 labels 2416 10.5 с
T2 SPLIT8+8 96 ИОИ 0.54 |C−T| поздн. 0.138 C−T 0.046 незн. 0.479 итог 0.538 labels 2416 7.6 с
T3 SAME32 96 ИОИ 0.85 |C−T| поздн. 0.08 C−T 0.03 незн. 0.723 итог 0.423 labels 4832 6.2 с
T3 FIXED32 96 ИОИ 1.037 |C−T| поздн. 0.187 C−T 0.187 незн. 0.853 итог 0.151 labels 32 9.5 с
T2 ORACLE 96 ИОИ 0.066 |C−T| поздн. 0.0 C−T 0.0 незн. 0.0 итог 1.0 labels 1000 14.9 с
T3 SPLIT16+16 96 ИОИ 0.673 |C−T| поздн. 0.097 C−T 0.017 незн. 0.417 итог 0.645 labels 4832 4.9 с
T3 AA32 96 ИОИ 0.601 |C−T| поздн. 0.071 C−T 0.019 незн. 0.365 итог 0.641 labels 4832 5.3 с
T3 RANDEVAL 96 ИОИ 1.973 |C−T| поздн. 0.983 C−T 0.983 незн. 0.986 итог 0.023 labels 0 1.4 с
T3 SAME16 96 ИОИ 0.745 |C−T| поздн. 0.149 C−T 0.132 незн. 0.417 итог 0.645 labels 2416 4.5 с
T3 SPLIT8+8 96 ИОИ 0.901 |C−T| поздн. 0.117 C−T -0.026 незн. 0.824 итог 0.189 labels 2416 6.8 с
T3 ORACLE 96 ИОИ 0.765 |C−T| поздн. 0.0 C−T 0.0 незн. 0.743 итог 0.257 labels 1000 8.8 с
T4 FIXED32 96 ИОИ 0.506 |C−T| поздн. 0.037 C−T 0.037 незн. 0.475 итог 0.525 labels 32 9.8 с
T4 SAME32 96 ИОИ 0.503 |C−T| поздн. 0.071 C−T -0.005 незн. 0.471 итог 0.529 labels 4832 9.2 с
T4 SPLIT16+16 96 ИОИ 0.525 |C−T| поздн. 0.092 C−T -0.011 незн. 0.47 итог 0.532 labels 4832 7.3 с
T4 AA32 96 ИОИ 0.054 |C−T| поздн. 0.0 C−T 0.0 незн. 0.0 итог 1.0 labels 4832 6.6 с
T4 RANDEVAL 96 ИОИ 1.921 |C−T| поздн. 0.968 C−T 0.968 незн. 0.972 итог 0.0 labels 0 1.3 с
T4 SAME16 96 ИОИ 0.536 |C−T| поздн. 0.111 C−T -0.007 незн. 0.47 итог 0.532 labels 2416 7.1 с
T4 SPLIT8+8 96 ИОИ 0.546 |C−T| поздн. 0.133 C−T -0.013 незн. 0.474 итог 0.51 labels 2416 6.5 с
T5 FIXED32 96 ИОИ 0.557 |C−T| поздн. 0.029 C−T 0.029 незн. 0.529 итог 0.471 labels 32 8.0 с
T5 SAME32 96 ИОИ 0.297 |C−T| поздн. 0.0 C−T 0.0 незн. 0.0 итог 1.0 labels 4832 8.3 с
T4 ORACLE 96 ИОИ 0.12 |C−T| поздн. 0.0 C−T 0.0 незн. 0.0 итог 1.0 labels 1000 13.3 с
T5 SPLIT16+16 96 ИОИ 0.582 |C−T| поздн. 0.094 C−T -0.0 незн. 0.525 итог 0.474 labels 4832 4.8 с
T5 SPLIT8+8 96 ИОИ 0.601 |C−T| поздн. 0.133 C−T -0.026 незн. 0.528 итог 0.471 labels 2416 5.2 с
T5 SAME16 96 ИОИ 0.573 |C−T| поздн. 0.09 C−T -0.021 незн. 0.525 итог 0.474 labels 2416 5.9 с
T5 RANDEVAL 96 ИОИ 1.985 |C−T| поздн. 0.99 C−T 0.99 незн. 0.993 итог 0.0 labels 0 1.4 с
T5 AA32 96 ИОИ 0.229 |C−T| поздн. 0.0 C−T 0.0 незн. 0.0 итог 1.0 labels 4832 10.9 с
T5 ORACLE 96 ИОИ 0.373 |C−T| поздн. 0.0 C−T 0.0 незн. 0.007 итог 0.993 labels 1000 6.9 с
T6 SAME32 96 ИОИ 0.991 |C−T| поздн. 0.022 C−T 0.005 незн. 0.974 итог 0.037 labels 4832 4.2 с
T6 FIXED32 96 ИОИ 1.02 |C−T| поздн. 0.057 C−T 0.057 незн. 0.963 итог 0.037 labels 32 7.6 с
T6 SPLIT16+16 96 ИОИ 0.203 |C−T| поздн. 0.0 C−T 0.0 незн. 0.0 итог 1.0 labels 4832 3.5 с
T6 SAME16 96 ИОИ 0.205 |C−T| поздн. 0.0 C−T 0.0 незн. 0.0 итог 1.0 labels 2416 3.3 с
T6 AA32 96 ИОИ 0.169 |C−T| поздн. 0.0 C−T 0.0 незн. 0.0 итог 1.0 labels 4832 5.8 с
T6 RANDEVAL 96 ИОИ 1.974 |C−T| поздн. 0.986 C−T 0.986 незн. 0.989 итог 0.0 labels 0 1.4 с
T6 SPLIT8+8 96 ИОИ 0.236 |C−T| поздн. 0.0 C−T 0.0 незн. 0.0 итог 1.0 labels 2416 4.6 с
T1 SAME32 97 ИОИ 1.004 |C−T| поздн. 0.02 C−T 0.011 незн. 0.987 итог 0.007 labels 4832 5.4 с
T1 FIXED32 97 ИОИ 1.04 |C−T| поздн. 0.052 C−T 0.052 незн. 0.989 итог 0.011 labels 32 7.8 с
T6 ORACLE 96 ИОИ 0.965 |C−T| поздн. 0.0 C−T 0.0 незн. 0.963 итог 0.037 labels 1000 11.0 с
T1 SPLIT16+16 97 ИОИ 0.995 |C−T| поздн. 0.022 C−T 0.001 незн. 0.986 итог 0.019 labels 4832 5.0 с
T1 AA32 97 ИОИ 0.327 |C−T| поздн. 0.0 C−T 0.0 незн. 0.0 итог 1.0 labels 4832 6.9 с
T1 SAME16 97 ИОИ 1.013 |C−T| поздн. 0.032 C−T 0.017 незн. 0.986 итог 0.019 labels 2416 5.0 с
T1 RANDEVAL 97 ИОИ 1.996 |C−T| поздн. 0.996 C−T 0.996 незн. 0.999 итог 0.0 labels 0 1.5 с
T1 SPLIT8+8 97 ИОИ 0.998 |C−T| поздн. 0.021 C−T 0.002 незн. 0.989 итог 0.013 labels 2416 5.4 с
T2 SAME32 97 ИОИ 0.456 |C−T| поздн. 0.076 C−T 0.005 незн. 0.407 итог 0.597 labels 4832 6.9 с
T2 FIXED32 97 ИОИ 0.07 |C−T| поздн. 0.028 C−T 0.028 незн. 0.028 итог 0.972 labels 32 9.9 с
T1 ORACLE 97 ИОИ 0.962 |C−T| поздн. 0.0 C−T 0.0 незн. 0.96 итог 0.04 labels 1000 12.5 с
T2 SPLIT16+16 97 ИОИ 0.491 |C−T| поздн. 0.077 C−T 0.028 незн. 0.414 итог 0.597 labels 4832 6.0 с
T2 SAME16 97 ИОИ 0.501 |C−T| поздн. 0.108 C−T 0.022 незн. 0.414 итог 0.597 labels 2416 6.0 с
T2 RANDEVAL 97 ИОИ 1.912 |C−T| поздн. 0.962 C−T 0.962 незн. 0.965 итог 0.067 labels 0 1.4 с
T2 AA32 97 ИОИ 0.415 |C−T| поздн. 0.012 C−T 0.007 незн. 0.058 итог 1.0 labels 4832 10.7 с
T2 SPLIT8+8 97 ИОИ 0.525 |C−T| поздн. 0.138 C−T -0.001 незн. 0.444 итог 0.563 labels 2416 7.1 с
T3 FIXED32 97 ИОИ 0.921 |C−T| поздн. 0.119 C−T 0.119 незн. 0.806 итог 0.194 labels 32 5.1 с
T2 ORACLE 97 ИОИ 0.417 |C−T| поздн. 0.0 C−T 0.0 незн. 0.414 итог 0.586 labels 1000 7.4 с
T3 SAME32 97 ИОИ 0.435 |C−T| поздн. 0.051 C−T -0.005 незн. 0.334 итог 0.666 labels 4832 6.2 с
T3 SPLIT16+16 97 ИОИ 0.419 |C−T| поздн. 0.093 C−T -0.013 незн. 0.237 итог 0.784 labels 4832 4.7 с
T3 SAME16 97 ИОИ 0.468 |C−T| поздн. 0.107 C−T 0.081 незн. 0.237 итог 0.784 labels 2416 4.8 с
T3 RANDEVAL 97 ИОИ 1.969 |C−T| поздн. 0.984 C−T 0.984 незн. 0.987 итог 0.005 labels 0 1.4 с
T3 SPLIT8+8 97 ИОИ 0.703 |C−T| поздн. 0.117 C−T -0.001 незн. 0.412 итог 0.666 labels 2416 4.4 с
T3 AA32 97 ИОИ 0.867 |C−T| поздн. 0.085 C−T 0.077 незн. 0.797 итог 0.205 labels 4832 10.0 с
T3 ORACLE 97 ИОИ 0.373 |C−T| поздн. 0.0 C−T 0.0 незн. 0.322 итог 0.678 labels 1000 6.8 с
T4 FIXED32 97 ИОИ 0.501 |C−T| поздн. 0.131 C−T -0.131 незн. 0.494 итог 0.506 labels 32 5.9 с
T4 SAME32 97 ИОИ 0.511 |C−T| поздн. 0.065 C−T -0.012 незн. 0.473 итог 0.528 labels 4832 7.3 с
T4 SPLIT16+16 97 ИОИ 0.514 |C−T| поздн. 0.086 C−T -0.029 незн. 0.473 итог 0.527 labels 4832 6.6 с
T4 AA32 97 ИОИ 0.515 |C−T| поздн. 0.098 C−T 0.005 незн. 0.473 итог 0.527 labels 4832 7.7 с
T4 RANDEVAL 97 ИОИ 1.899 |C−T| поздн. 0.961 C−T 0.961 незн. 0.963 итог 0.041 labels 0 1.4 с
T4 SAME16 97 ИОИ 0.528 |C−T| поздн. 0.096 C−T -0.027 незн. 0.473 итог 0.527 labels 2416 6.4 с
T4 SPLIT8+8 97 ИОИ 0.078 |C−T| поздн. 0.0 C−T 0.0 незн. 0.0 итог 1.0 labels 2416 8.6 с
T5 FIXED32 97 ИОИ 0.721 |C−T| поздн. 0.093 C−T -0.093 незн. 0.532 итог 0.468 labels 32 5.6 с
T4 ORACLE 97 ИОИ 0.475 |C−T| поздн. 0.0 C−T 0.0 незн. 0.467 итог 0.533 labels 1000 8.6 с
T5 SPLIT16+16 97 ИОИ 0.592 |C−T| поздн. 0.091 C−T -0.021 незн. 0.533 итог 0.467 labels 4832 5.3 с
T5 SAME32 97 ИОИ 0.606 |C−T| поздн. 0.058 C−T 0.002 незн. 0.457 итог 0.555 labels 4832 8.0 с
T5 AA32 97 ИОИ 0.521 |C−T| поздн. 0.074 C−T 0.023 незн. 0.461 итог 0.539 labels 4832 6.4 с
T5 RANDEVAL 97 ИОИ 1.987 |C−T| поздн. 0.991 C−T 0.991 незн. 0.995 итог 0.0 labels 0 1.4 с
T5 SAME16 97 ИОИ 0.599 |C−T| поздн. 0.1 C−T 0.01 незн. 0.533 итог 0.467 labels 2416 5.4 с
T6 FIXED32 97 ИОИ 1.025 |C−T| поздн. 0.046 C−T 0.046 незн. 0.984 итог 0.016 labels 32 6.0 с
T5 SPLIT8+8 97 ИОИ 0.6 |C−T| поздн. 0.144 C−T -0.001 незн. 0.532 итог 0.47 labels 2416 10.3 с
T6 SAME32 97 ИОИ 0.155 |C−T| поздн. 0.0 C−T 0.0 незн. 0.0 итог 1.0 labels 4832 4.1 с
T6 SPLIT16+16 97 ИОИ 0.993 |C−T| поздн. 0.026 C−T 0.003 незн. 0.984 итог 0.016 labels 4832 4.1 с
T5 ORACLE 97 ИОИ 0.076 |C−T| поздн. 0.0 C−T 0.0 незн. 0.0 итог 1.0 labels 1000 14.6 с
T6 SAME16 97 ИОИ 1.005 |C−T| поздн. 0.031 C−T 0.007 незн. 0.984 итог 0.016 labels 2416 3.6 с
T6 AA32 97 ИОИ 0.935 |C−T| поздн. 0.039 C−T 0.014 незн. 0.677 итог 1.0 labels 4832 4.9 с
T6 RANDEVAL 97 ИОИ 1.985 |C−T| поздн. 0.989 C−T 0.989 незн. 0.992 итог 0.005 labels 0 1.4 с
T6 SPLIT8+8 97 ИОИ 0.292 |C−T| поздн. 0.0 C−T 0.0 незн. 0.0 итог 1.0 labels 2416 5.0 с
T6 ORACLE 97 ИОИ 0.052 |C−T| поздн. 0.0 C−T 0.0 незн. 0.0 итог 1.0 labels 1000 6.8 с
T1 FIXED32 98 ИОИ 1.016 |C−T| поздн. 0.052 C−T 0.052 незн. 0.989 итог 0.011 labels 32 8.0 с
T1 SAME32 98 ИОИ 1.001 |C−T| поздн. 0.019 C−T 0.001 незн. 0.981 итог 0.019 labels 4832 5.9 с
T1 SPLIT16+16 98 ИОИ 0.194 |C−T| поздн. 0.0 C−T 0.0 незн. 0.0 итог 1.0 labels 4832 5.5 с
T1 AA32 98 ИОИ 0.375 |C−T| поздн. 0.0 C−T 0.0 незн. 0.0 итог 1.0 labels 4832 5.4 с
T1 SAME16 98 ИОИ 0.196 |C−T| поздн. 0.0 C−T 0.0 незн. 0.0 итог 1.0 labels 2416 5.1 с
T1 SPLIT8+8 98 ИОИ 1.003 |C−T| поздн. 0.011 C−T -0.003 незн. 0.993 итог 0.011 labels 2416 4.0 с
T1 RANDEVAL 98 ИОИ 1.996 |C−T| поздн. 0.996 C−T 0.996 незн. 1.0 итог 0.0 labels 0 1.5 с
T2 FIXED32 98 ИОИ 0.096 |C−T| поздн. 0.0 C−T 0.0 незн. 0.0 итог 1.0 labels 32 5.8 с
T2 SAME32 98 ИОИ 0.095 |C−T| поздн. 0.0 C−T 0.0 незн. 0.0 итог 1.0 labels 4832 6.1 с
T1 ORACLE 98 ИОИ 0.974 |C−T| поздн. 0.0 C−T 0.0 незн. 0.967 итог 0.033 labels 1000 8.6 с
T2 SPLIT16+16 98 ИОИ 0.047 |C−T| поздн. 0.0 C−T 0.0 незн. 0.0 итог 1.0 labels 4832 7.2 с
T2 SAME16 98 ИОИ 0.055 |C−T| поздн. 0.0 C−T 0.0 незн. 0.0 итог 1.0 labels 2416 7.8 с
T2 AA32 98 ИОИ 0.236 |C−T| поздн. 0.0 C−T 0.0 незн. 0.0 итог 1.0 labels 4832 9.6 с
T2 RANDEVAL 98 ИОИ 1.899 |C−T| поздн. 0.95 C−T 0.95 незн. 0.953 итог 0.067 labels 0 1.3 с
T2 SPLIT8+8 98 ИОИ 0.488 |C−T| поздн. 0.102 C−T 0.032 незн. 0.419 итог 0.603 labels 2416 5.4 с
T3 FIXED32 98 ИОИ 0.91 |C−T| поздн. 0.138 C−T 0.138 незн. 0.763 итог 0.237 labels 32 7.3 с
T2 ORACLE 98 ИОИ 0.012 |C−T| поздн. 0.0 C−T 0.0 незн. 0.0 итог 1.0 labels 1000 11.1 с
T3 SAME32 98 ИОИ 0.862 |C−T| поздн. 0.09 C−T 0.09 незн. 0.79 итог 0.237 labels 4832 10.0 с
T3 SPLIT16+16 98 ИОИ 0.464 |C−T| поздн. 0.095 C−T 0.01 незн. 0.36 итог 0.648 labels 4832 5.7 с
T3 AA32 98 ИОИ 0.385 |C−T| поздн. 0.0 C−T 0.0 незн. 0.0 итог 1.0 labels 4832 6.1 с
T3 SPLIT8+8 98 ИОИ 0.837 |C−T| поздн. 0.144 C−T -0.009 незн. 0.699 итог 0.3 labels 2416 3.7 с
T3 SAME16 98 ИОИ 0.492 |C−T| поздн. 0.089 C−T 0.072 незн. 0.36 итог 0.648 labels 2416 5.9 с
T3 RANDEVAL 98 ИОИ 1.978 |C−T| поздн. 0.988 C−T 0.988 незн. 0.991 итог 0.015 labels 0 1.4 с
T4 FIXED32 98 ИОИ 0.541 |C−T| поздн. 0.131 C−T 0.131 незн. 0.412 итог 0.588 labels 32 3.9 с
T4 SAME32 98 ИОИ 0.564 |C−T| поздн. 0.066 C−T 0.003 незн. 0.502 итог 0.498 labels 4832 5.4 с
T3 ORACLE 98 ИОИ 0.752 |C−T| поздн. 0.0 C−T 0.0 незн. 0.742 итог 0.258 labels 1000 8.4 с
T4 AA32 98 ИОИ 0.043 |C−T| поздн. 0.0 C−T 0.0 незн. 0.0 итог 1.0 labels 4832 6.0 с
T4 SPLIT16+16 98 ИОИ 0.285 |C−T| поздн. 0.0 C−T 0.0 незн. 0.0 итог 1.0 labels 4832 9.5 с
T4 RANDEVAL 98 ИОИ 1.908 |C−T| поздн. 0.952 C−T 0.952 незн. 0.954 итог 0.0 labels 0 1.2 с
T4 SAME16 98 ИОИ 0.297 |C−T| поздн. 0.0 C−T 0.0 незн. 0.0 итог 1.0 labels 2416 9.4 с
T4 SPLIT8+8 98 ИОИ 0.576 |C−T| поздн. 0.102 C−T -0.015 незн. 0.51 итог 0.493 labels 2416 6.3 с
T5 SAME32 98 ИОИ 0.44 |C−T| поздн. 0.067 C−T 0.043 незн. 0.365 итог 0.625 labels 4832 6.9 с
T5 FIXED32 98 ИОИ 0.15 |C−T| поздн. 0.03 C−T 0.03 незн. 0.03 итог 0.97 labels 32 8.5 с
T4 ORACLE 98 ИОИ 0.097 |C−T| поздн. 0.0 C−T 0.0 незн. 0.0 итог 1.0 labels 1000 11.1 с
T5 AA32 98 ИОИ 0.611 |C−T| поздн. 0.078 C−T 0.014 незн. 0.553 итог 0.45 labels 4832 6.7 с
T5 SPLIT16+16 98 ИОИ 0.077 |C−T| поздн. 0.028 C−T 0.008 незн. 0.023 итог 0.977 labels 4832 8.5 с
T5 SAME16 98 ИОИ 0.083 |C−T| поздн. 0.029 C−T 0.004 незн. 0.023 итог 0.977 labels 2416 8.3 с
T5 RANDEVAL 98 ИОИ 1.988 |C−T| поздн. 0.993 C−T 0.993 незн. 0.997 итог 0.0 labels 0 1.4 с
T6 FIXED32 98 ИОИ 0.245 |C−T| поздн. 0.0 C−T 0.0 незн. 0.0 итог 1.0 labels 32 5.2 с
T5 SPLIT8+8 98 ИОИ 0.522 |C−T| поздн. 0.108 C−T 0.014 незн. 0.443 итог 0.534 labels 2416 8.6 с
T5 ORACLE 98 ИОИ 0.406 |C−T| поздн. 0.0 C−T 0.0 незн. 0.355 итог 0.646 labels 1000 10.2 с
T6 SPLIT16+16 98 ИОИ 0.995 |C−T| поздн. 0.025 C−T 0.005 незн. 0.987 итог 0.013 labels 4832 4.2 с
T6 SAME32 98 ИОИ 0.296 |C−T| поздн. 0.0 C−T 0.0 незн. 0.0 итог 1.0 labels 4832 5.2 с
T6 SPLIT8+8 98 ИОИ 0.794 |C−T| поздн. 0.0 C−T 0.0 незн. 0.0 итог 1.0 labels 2416 3.7 с
T6 SAME16 98 ИОИ 1.009 |C−T| поздн. 0.032 C−T 0.016 незн. 0.987 итог 0.013 labels 2416 4.1 с
T6 AA32 98 ИОИ 0.439 |C−T| поздн. 0.0 C−T 0.0 незн. 0.0 итог 1.0 labels 4832 5.6 с
T6 RANDEVAL 98 ИОИ 1.985 |C−T| поздн. 0.991 C−T 0.991 незн. 0.993 итог 0.006 labels 0 1.2 с
T1 FIXED32 99 ИОИ 1.023 |C−T| поздн. 0.027 C−T 0.027 незн. 0.996 итог 0.004 labels 32 6.7 с
T1 SAME32 99 ИОИ 1.0 |C−T| поздн. 0.018 C−T 0.006 незн. 0.982 итог 0.019 labels 4832 6.4 с
T6 ORACLE 98 ИОИ 0.962 |C−T| поздн. 0.0 C−T 0.0 незн. 0.952 итог 0.048 labels 1000 7.6 с
T1 SPLIT16+16 99 ИОИ 1.0 |C−T| поздн. 0.02 C−T 0.001 незн. 0.988 итог 0.019 labels 4832 4.4 с
T1 SAME16 99 ИОИ 1.013 |C−T| поздн. 0.032 C−T 0.017 незн. 0.988 итог 0.019 labels 2416 4.5 с
T1 RANDEVAL 99 ИОИ 1.995 |C−T| поздн. 0.995 C−T 0.995 незн. 0.999 итог 0.0 labels 0 1.3 с
T1 SPLIT8+8 99 ИОИ 0.354 |C−T| поздн. 0.0 C−T 0.0 незн. 0.0 итог 1.0 labels 2416 4.9 с
T1 AA32 99 ИОИ 1.007 |C−T| поздн. 0.026 C−T 0.017 незн. 0.984 итог 0.015 labels 4832 10.1 с
T2 SAME32 99 ИОИ 0.474 |C−T| поздн. 0.077 C−T 0.034 незн. 0.423 итог 0.581 labels 4832 5.0 с
T2 FIXED32 99 ИОИ 0.175 |C−T| поздн. 0.0 C−T 0.0 незн. 0.0 итог 1.0 labels 32 7.0 с
T1 ORACLE 99 ИОИ 0.972 |C−T| поздн. 0.0 C−T 0.0 незн. 0.971 итог 0.029 labels 1000 12.1 с
T2 SPLIT16+16 99 ИОИ 0.091 |C−T| поздн. 0.0 C−T 0.0 незн. 0.0 итог 1.0 labels 4832 7.2 с
T2 AA32 99 ИОИ 0.097 |C−T| поздн. 0.0 C−T 0.0 незн. 0.0 итог 1.0 labels 4832 7.6 с
T2 RANDEVAL 99 ИОИ 1.872 |C−T| поздн. 0.944 C−T 0.944 незн. 0.948 итог 0.077 labels 0 1.3 с
T2 SAME16 99 ИОИ 0.099 |C−T| поздн. 0.0 C−T 0.0 незн. 0.0 итог 1.0 labels 2416 7.1 с
T2 SPLIT8+8 99 ИОИ 0.224 |C−T| поздн. 0.0 C−T 0.0 незн. 0.0 итог 1.0 labels 2416 7.1 с
T3 FIXED32 99 ИОИ 0.964 |C−T| поздн. 0.197 C−T 0.197 незн. 0.791 итог 0.209 labels 32 7.6 с
T3 SAME32 99 ИОИ 0.71 |C−T| поздн. 0.077 C−T 0.043 незн. 0.345 итог 0.677 labels 4832 4.7 с
T2 ORACLE 99 ИОИ 0.403 |C−T| поздн. 0.0 C−T 0.0 незн. 0.396 итог 0.606 labels 1000 10.0 с
T3 SPLIT16+16 99 ИОИ 0.683 |C−T| поздн. 0.099 C−T -0.0 незн. 0.435 итог 0.681 labels 4832 4.7 с
T3 AA32 99 ИОИ 0.403 |C−T| поздн. 0.051 C−T -0.003 незн. 0.325 итог 0.681 labels 4832 5.6 с
T3 SAME16 99 ИОИ 0.776 |C−T| поздн. 0.109 C−T 0.083 незн. 0.435 итог 0.681 labels 2416 5.1 с
T3 RANDEVAL 99 ИОИ 1.975 |C−T| поздн. 0.986 C−T 0.986 незн. 0.99 итог 0.012 labels 0 1.4 с
T3 SPLIT8+8 99 ИОИ 0.681 |C−T| поздн. 0.117 C−T 0.011 незн. 0.357 итог 0.681 labels 2416 7.1 с
T3 ORACLE 99 ИОИ 0.386 |C−T| поздн. 0.0 C−T 0.0 незн. 0.318 итог 0.682 labels 1000 6.8 с
T4 FIXED32 99 ИОИ 0.546 |C−T| поздн. 0.054 C−T 0.054 незн. 0.492 итог 0.508 labels 32 6.7 с
T4 SAME32 99 ИОИ 0.512 |C−T| поздн. 0.055 C−T 0.008 незн. 0.44 итог 0.989 labels 4832 6.2 с
T4 SPLIT16+16 99 ИОИ 0.536 |C−T| поздн. 0.105 C−T 0.006 незн. 0.487 итог 0.513 labels 4832 6.7 с
T4 AA32 99 ИОИ 0.252 |C−T| поздн. 0.0 C−T 0.0 незн. 0.0 итог 1.0 labels 4832 7.2 с
T4 RANDEVAL 99 ИОИ 1.926 |C−T| поздн. 0.968 C−T 0.968 незн. 0.972 итог 0.005 labels 0 1.5 с
T4 SAME16 99 ИОИ 0.533 |C−T| поздн. 0.11 C−T -0.036 незн. 0.487 итог 0.513 labels 2416 6.6 с
T4 SPLIT8+8 99 ИОИ 0.544 |C−T| поздн. 0.121 C−T -0.036 незн. 0.489 итог 0.512 labels 2416 6.5 с
T4 ORACLE 99 ИОИ 0.481 |C−T| поздн. 0.0 C−T 0.0 незн. 0.478 итог 0.522 labels 1000 9.3 с
T5 SAME32 99 ИОИ 0.577 |C−T| поздн. 0.064 C−T -0.01 незн. 0.537 итог 0.465 labels 4832 5.6 с
T5 FIXED32 99 ИОИ 0.645 |C−T| поздн. 0.103 C−T 0.103 незн. 0.541 итог 0.459 labels 32 11.5 с
T5 SPLIT16+16 99 ИОИ 0.588 |C−T| поздн. 0.116 C−T 0.003 незн. 0.533 итог 0.463 labels 4832 5.0 с
T5 AA32 99 ИОИ 0.568 |C−T| поздн. 0.065 C−T 0.014 незн. 0.541 итог 0.459 labels 4832 7.8 с
T5 SAME16 99 ИОИ 0.607 |C−T| поздн. 0.095 C−T 0.035 незн. 0.533 итог 0.463 labels 2416 5.4 с
T5 RANDEVAL 99 ИОИ 1.986 |C−T| поздн. 0.992 C−T 0.992 незн. 0.995 итог 0.005 labels 0 1.3 с
T5 SPLIT8+8 99 ИОИ 0.614 |C−T| поздн. 0.112 C−T -0.016 незн. 0.555 итог 0.46 labels 2416 5.5 с
T6 FIXED32 99 ИОИ 0.449 |C−T| поздн. 0.0 C−T 0.0 незн. 0.0 итог 1.0 labels 32 5.0 с
T6 SAME32 99 ИОИ 0.047 |C−T| поздн. 0.0 C−T 0.0 незн. 0.0 итог 1.0 labels 4832 6.3 с
T5 ORACLE 99 ИОИ 0.53 |C−T| поздн. 0.0 C−T 0.0 незн. 0.522 итог 0.478 labels 1000 8.7 с
T6 SPLIT16+16 99 ИОИ 0.033 |C−T| поздн. 0.0 C−T 0.0 незн. 0.0 итог 1.0 labels 4832 6.2 с
T6 AA32 99 ИОИ 0.472 |C−T| поздн. 0.0 C−T 0.0 незн. 0.0 итог 1.0 labels 4832 4.4 с
T6 RANDEVAL 99 ИОИ 1.985 |C−T| поздн. 0.99 C−T 0.99 незн. 0.993 итог 0.014 labels 0 1.4 с
T6 SAME16 99 ИОИ 0.033 |C−T| поздн. 0.0 C−T 0.0 незн. 0.0 итог 1.0 labels 2416 6.3 с
T6 SPLIT8+8 99 ИОИ 0.072 |C−T| поздн. 0.0 C−T 0.0 незн. 0.0 итог 1.0 labels 2416 5.9 с
T6 ORACLE 99 ИОИ 0.026 |C−T| поздн. 0.0 C−T 0.0 незн. 0.0 итог 1.0 labels 1000 7.7 с
== 2026-09-27 18:31:06 EVO-06 (runs) готово: 960 файлов
