rev 3 {"n_chains": 2000, "n_parts": 3, "frac_chains_birth": 0.0, "frac_parts_birth": 0.0, "bound_violations": 0, "delta_median": 0.0, "delta_born": null, "delta_unborn": 0.0, "frac_spectraloid_born": 0.0, "n_spectraloid": 2000, "auc_delta": null, "halves": [0.0, 0.0], "u_max_median": null, "t_ratio_median": null, "t_ratio_p90": null} [18s]
rev 4 {"n_chains": 2000, "n_parts": 7, "frac_chains_birth": 0.0, "frac_parts_birth": 0.0, "bound_violations": 0, "delta_median": 0.0, "delta_born": null, "delta_unborn": 0.0, "frac_spectraloid_born": 0.0, "n_spectraloid": 2000, "auc_delta": null, "halves": [0.0, 0.0], "u_max_median": null, "t_ratio_median": null, "t_ratio_p90": null} [37s]
rev 6 {"n_chains": 2000, "n_parts": 31, "frac_chains_birth": 0.0, "frac_parts_birth": 0.0, "bound_violations": 0, "delta_median": 0.0, "delta_born": null, "delta_unborn": 0.0, "frac_spectraloid_born": 0.0, "n_spectraloid": 2000, "auc_delta": null, "halves": [0.0, 0.0], "u_max_median": null, "t_ratio_median": null, "t_ratio_p90": null} [62s]
nonrev 3 {"n_chains": 2000, "n_parts": 3, "frac_chains_birth": 0.459, "frac_parts_birth": 0.1855, "bound_violations": 0, "delta_median": 0.022121205753872608, "delta_born": 0.060483200586499475, "delta_unborn": 0.007888518392334037, "frac_spectraloid_born": 0.0, "n_spectraloid": 3, "auc_delta": 0.8292468558587945, "halves": [0.463, 0.455], "u_max_median": 0.7500888329260521, "t_ratio_median": 1.10919333998 [81s]
nonrev 4 {"n_chains": 2000, "n_parts": 7, "frac_chains_birth": 0.423, "frac_parts_birth": 0.08357142857142857, "bound_violations": 0, "delta_median": 0.04046681195017332, "delta_born": 0.0773545996609587, "delta_unborn": 0.023560335258752813, "frac_spectraloid_born": null, "n_spectraloid": 0, "auc_delta": 0.8250058384650368, "halves": [0.415, 0.431], "u_max_median": 0.5661276680710652, "t_ratio_median": 1. [100s]
nonrev 6 {"n_chains": 2000, "n_parts": 31, "frac_chains_birth": 0.3955, "frac_parts_birth": 0.022661290322580647, "bound_violations": 0, "delta_median": 0.05642214243100924, "delta_born": 0.08891804781626961, "delta_unborn": 0.0401532793021534, "frac_spectraloid_born": null, "n_spectraloid": 0, "auc_delta": 0.8380456730442457, "halves": [0.398, 0.393], "u_max_median": 0.4081640161464932, "t_ratio_median":  [125s]
цикл+сброс 4 0.02 {"rho": 0.9799999999999999, "w": 0.9801979802018992, "delta": 0.0001979802018993171, "n_birth": 0, "n_part": 7, "max_l2": 0.9800000000000001, "t_ratio": 1.000000000000011}
цикл+сброс 4 0.05 {"rho": 0.9500000000000001, "w": 0.95121798870707, "delta": 0.0012179887070699058, "n_birth": 0, "n_part": 7, "max_l2": 0.95, "t_ratio": 0.9999999999999977}
цикл+сброс 4 0.1 {"rho": 0.8999999999999999, "w": 0.904738148097991, "delta": 0.004738148097991113, "n_birth": 0, "n_part": 7, "max_l2": 0.8999999999999999, "t_ratio": 1.0}
цикл+сброс 4 0.2 {"rho": 0.8000000000000002, "w": 0.817820925690384, "delta": 0.01782092569038385, "n_birth": 0, "n_part": 7, "max_l2": 0.7999999999999999, "t_ratio": 0.9999999999999988}
цикл+сброс 4 0.4 {"rho": 0.6000000000000002, "w": 0.6614261501141092, "delta": 0.06142615011410901, "n_birth": 0, "n_part": 7, "max_l2": 0.6000000000000001, "t_ratio": 0.9999999999999998}
цикл+сброс 8 0.02 {"rho": 0.9800000000000009, "w": 0.9809290597037323, "delta": 0.0009290597037314718, "n_birth": 0, "n_part": 127, "max_l2": 0.9800000000000001, "t_ratio": 0.9999999999999607}
цикл+сброс 8 0.05 {"rho": 0.9500000000000011, "w": 0.9552132313459035, "delta": 0.005213231345902458, "n_birth": 0, "n_part": 127, "max_l2": 0.95, "t_ratio": 0.9999999999999772}
цикл+сброс 8 0.1 {"rho": 0.9000000000000014, "w": 0.917597791880126, "delta": 0.01759779188012467, "n_birth": 0, "n_part": 127, "max_l2": 0.9, "t_ratio": 0.9999999999999859}
цикл+сброс 8 0.2 {"rho": 0.8000000000000006, "w": 0.852198001366119, "delta": 0.05219800136611841, "n_birth": 0, "n_part": 127, "max_l2": 0.8000000000000002, "t_ratio": 0.9999999999999976}
цикл+сброс 8 0.4 {"rho": 0.6000000000000005, "w": 0.7291471841366429, "delta": 0.1291471841366424, "n_birth": 0, "n_part": 127, "max_l2": 0.6, "t_ratio": 0.9999999999999982}
tel40_s0                 [tel] k=30 ρ 0.939 w 0.985 δ 0.046 асим 1.280 | рождений: 2-блочные 0.000 5-блочные 0.000 PCCA True | t_fine 15.96409304292094 t_born_max 1.1022488296742636 [128s]
tel40_s1                 [tel] k=30 ρ 0.946 w 0.986 δ 0.040 асим 1.270 | рождений: 2-блочные 0.000 5-блочные 0.000 PCCA True | t_fine 18.099976822219244 t_born_max 0.8158713261816819 [129s]
tel40_s2                 [tel] k=30 ρ 0.953 w 0.988 δ 0.035 асим 1.269 | рождений: 2-блочные 0.000 5-блочные 0.000 PCCA True | t_fine 20.56298389437474 t_born_max 1.243547297893851 [129s]
tel40_s3                 [tel] k=30 ρ 0.951 w 0.987 δ 0.037 асим 1.270 | рождений: 2-блочные 0.000 5-блочные 0.000 PCCA True | t_fine 19.75026368495028 t_born_max 1.8015081372187198 [129s]
tel40_s4                 [tel] k=30 ρ 0.942 w 0.986 δ 0.044 асим 1.258 | рождений: 2-блочные 0.000 5-блочные 0.000 PCCA True | t_fine 16.782801725998148 t_born_max 1.1424030107920056 [130s]
NGRIP_d18O_20yr_m4       [real] k=30 ρ 0.996 w 0.996 δ 0.000 асим 0.703 | рождений: 2-блочные 0.000 5-блочные 0.000 PCCA False | t_fine 249.94590889620204 t_born_max 2.6178078707719226 [130s]
NGRIP_d18O_20yr_m1       [real] k=30 ρ 0.988 w 0.988 δ 0.000 асим 0.297 | рождений: 2-блочные 0.000 5-блочные 0.000 PCCA False | t_fine 82.60723266706798 t_born_max 1.1108659849004976 [130s]
EEG_A_Z_Z001             [eeg] k=30 ρ 0.750 w 0.891 δ 0.141 асим 1.152 | рождений: 2-блочные 0.000 5-блочные 0.000 PCCA False | t_fine 6.961203953693339 t_born_max 2.4209239381619585 [130s]
EEG_A_Z_Z005             [eeg] k=30 ρ 0.808 w 0.895 δ 0.087 асим 1.145 | рождений: 2-блочные 0.000 5-блочные 0.000 PCCA False | t_fine 9.371216081329377 t_born_max 2.421867084055898 [131s]
EEG_A_Z_Z009             [eeg] k=30 ρ 0.815 w 0.935 δ 0.120 асим 1.002 | рождений: 2-блочные 0.000 5-блочные 0.000 PCCA False | t_fine 9.749304349196427 t_born_max 3.286334628146978 [131s]
EEG_A_Z_Z013             [eeg] k=30 ρ 0.727 w 0.917 δ 0.190 асим 1.051 | рождений: 2-блочные 0.000 5-блочные 0.000 PCCA True | t_fine 6.271505596208114 t_born_max 2.9327970498012754 [131s]
EEG_A_Z_Z017             [eeg] k=30 ρ 0.862 w 0.920 δ 0.058 асим 1.011 | рождений: 2-блочные 0.000 5-блочные 0.000 PCCA False | t_fine 13.483800749327576 t_born_max 3.140524364426184 [132s]
EEG_B_O_O001             [eeg] k=30 ρ 0.861 w 0.902 δ 0.042 асим 1.101 | рождений: 2-блочные 0.000 5-блочные 0.000 PCCA True | t_fine 13.343226961369613 t_born_max 2.557450567472924 [132s]
EEG_B_O_O005             [eeg] k=30 ρ 0.813 w 0.869 δ 0.056 асим 1.245 | рождений: 2-блочные 0.000 5-блочные 0.000 PCCA False | t_fine 9.657753000824497 t_born_max 2.3242061801672436 [132s]
EEG_B_O_O009             [eeg] k=30 ρ 0.836 w 0.917 δ 0.082 асим 1.049 | рождений: 2-блочные 0.000 5-блочные 0.000 PCCA False | t_fine 11.161485286054173 t_born_max 3.4108009576610936 [133s]
EEG_B_O_O013             [eeg] k=30 ρ 0.803 w 0.866 δ 0.063 асим 1.318 | рождений: 2-блочные 0.000 5-блочные 0.000 PCCA False | t_fine 9.113364662157961 t_born_max 2.040794947998168 [133s]
EEG_B_O_O017             [eeg] k=30 ρ 0.884 w 0.913 δ 0.028 асим 1.336 | рождений: 2-блочные 0.000 5-блочные 0.000 PCCA False | t_fine 16.293266916647426 t_born_max 1.8457207638620656 [133s]
EEG_C_N_N001             [eeg] k=30 ρ 0.865 w 0.948 δ 0.082 асим 0.897 | рождений: 2-блочные 0.000 5-блочные 0.000 PCCA False | t_fine 13.845666490936626 t_born_max 3.7777014913983487 [134s]
EEG_C_N_N005             [eeg] k=30 ρ 0.871 w 0.930 δ 0.059 асим 0.970 | рождений: 2-блочные 0.000 5-блочные 0.000 PCCA False | t_fine 14.445667187854133 t_born_max 3.7463603540205384 [134s]
EEG_C_N_N009             [eeg] k=30 ρ 0.822 w 0.945 δ 0.124 асим 0.832 | рождений: 2-блочные 0.000 5-блочные 0.000 PCCA True | t_fine 10.18756185441709 t_born_max 4.674991267864365 [134s]
EEG_C_N_N013             [eeg] k=30 ρ 0.826 w 0.964 δ 0.138 асим 0.756 | рождений: 2-блочные 0.000 5-блочные 0.000 PCCA True | t_fine 10.44231946689273 t_born_max 4.601781565766871 [135s]
EEG_C_N_N017             [eeg] k=30 ρ 0.824 w 0.927 δ 0.102 асим 0.958 | рождений: 2-блочные 0.000 5-блочные 0.000 PCCA False | t_fine 10.354730395203653 t_born_max 3.651152449475003 [135s]
EEG_D_F_F001             [eeg] k=30 ρ 0.828 w 0.957 δ 0.129 асим 0.845 | рождений: 2-блочные 0.000 5-блочные 0.000 PCCA True | t_fine 10.604423796500623 t_born_max 3.377233970741326 [135s]
EEG_D_F_F005             [eeg] k=30 ρ 0.764 w 0.932 δ 0.168 асим 0.990 | рождений: 2-блочные 0.000 5-блочные 0.000 PCCA True | t_fine 7.436522743028558 t_born_max 4.818152263709716 [135s]
EEG_D_F_F009             [eeg] k=30 ρ 0.980 w 0.987 δ 0.007 асим 1.022 | рождений: 2-блочные 0.000 5-блочные 0.000 PCCA False | t_fine 99.28157435693225 t_born_max 11.043702250442966 [136s]
EEG_D_F_F013             [eeg] k=30 ρ 0.828 w 0.928 δ 0.100 асим 1.001 | рождений: 2-блочные 0.000 5-блочные 0.000 PCCA False | t_fine 10.617872340099664 t_born_max 3.565406854879525 [136s]
EEG_D_F_F017             [eeg] k=30 ρ 0.894 w 0.926 δ 0.032 асим 1.142 | рождений: 2-блочные 0.000 5-блочные 0.000 PCCA False | t_fine 17.775876189814813 t_born_max 3.201825352311656 [136s]
EEG_E_S_S001             [eeg] k=30 ρ 0.718 w 0.908 δ 0.190 асим 1.200 | рождений: 2-блочные 0.000 5-блочные 0.003 PCCA True | t_fine 6.044069450163068 t_born_max 4.113327505425588 [137s]
EEG_E_S_S005             [eeg] k=30 ρ 0.847 w 0.929 δ 0.082 асим 1.170 | рождений: 2-блочные 0.000 5-блочные 0.000 PCCA False | t_fine 12.05155862388559 t_born_max 3.841937321811947 [137s]
EEG_E_S_S009             [eeg] k=30 ρ 0.859 w 0.927 δ 0.068 асим 1.296 | рождений: 2-блочные 0.000 5-блочные 0.000 PCCA False | t_fine 13.16062115381025 t_born_max 2.3578981849897818 [137s]
EEG_E_S_S013             [eeg] k=30 ρ 0.955 w 0.980 δ 0.025 асим 1.375 | рождений: 2-блочные 0.000 5-блочные 0.000 PCCA False | t_fine 43.12523265509746 t_born_max 2.949242057944199 [137s]
EEG_E_S_S017             [eeg] k=30 ρ 0.805 w 0.889 δ 0.085 асим 1.220 | рождений: 2-блочные 0.000 5-блочные 0.000 PCCA False | t_fine 9.20924770722746 t_born_max 3.1842663076353626 [138s]
plankton_Beninca_12sp    [real] k=15 ρ 0.941 w 0.944 δ 0.003 асим 0.132 | рождений: 2-блочные 0.000 5-блочные 0.000 PCCA False | t_fine 16.43822183528687 t_born_max 8.349754485727649 [138s]
LR04_benthic_m4          [real] k=30 ρ 0.969 w 0.987 δ 0.018 асим 0.721 | рождений: 2-блочные 0.000 5-блочные 0.000 PCCA False | t_fine 32.0320829840649 t_born_max 2.6052761710520684 [138s]
EPICA_deuterium_m4       [real] k=30 ρ 0.994 w 0.995 δ 0.000 асим 0.502 | рождений: 2-блочные 0.000 5-блочные 0.000 PCCA False | t_fine 174.1782266158159 t_born_max 2.6403217276870237 [139s]
sunspots_monthly_m4      [real] k=30 ρ 0.966 w 0.969 δ 0.004 асим 0.287 | рождений: 2-блочные 0.000 5-блочные 0.000 PCCA False | t_fine 28.760489047363144 t_born_max 2.199324443768721 [139s]
measles_NY_weekly_m4     [real] k=30 ρ 0.980 w 0.988 δ 0.008 асим 0.579 | рождений: 2-блочные 0.000 5-блочные 0.000 PCCA False | t_fine 48.64267091479311 t_born_max 4.972419998240298 [139s]
COVID_Germany_daily_m4   [real] k=15 ρ 0.924 w 0.937 δ 0.013 асим 1.151 | рождений: 2-блочные 0.000 5-блочные 0.003 PCCA False | t_fine 12.65674131554844 t_born_max 4.794158212292127 [139s]
COVID_US_daily_m4        [real] k=13 ρ 0.964 w 0.965 δ 0.001 асим 0.789 | рождений: 2-блочные 0.000 5-блочные 0.000 PCCA False | t_fine 27.092760091739365 t_born_max 4.449690967681927 [140s]
COVID_Italy_daily_m4     [real] k=15 ρ 0.992 w 0.996 δ 0.004 асим 0.764 | рождений: 2-блочные 0.000 5-блочные 0.000 PCCA False | t_fine 132.57781041108285 t_born_max 39.95950132065191 [140s]
thermoacoustic_1_m4      [real] k=30 ρ 0.776 w 0.852 δ 0.076 асим 1.357 | рождений: 2-блочные 0.000 5-блочные 0.000 PCCA False | t_fine 7.894263604010006 t_born_max 2.047341809360801 [140s]
thermoacoustic_2_m4      [real] k=30 ρ 0.910 w 0.932 δ 0.022 асим 1.413 | рождений: 2-блочные 0.000 5-блочные 0.000 PCCA False | t_fine 21.210879847093267 t_born_max 1.6274143415707931 [140s]
thermoacoustic_3_m4      [real] k=30 ρ 0.875 w 0.896 δ 0.021 асим 1.396 | рождений: 2-блочные 0.000 5-блочные 0.000 PCCA False | t_fine 15.017662688079024 t_born_max 1.976686098405713 [141s]
SLEEP_SC4001E0           [real] k=15 ρ 0.881 w 0.889 δ 0.008 асим 0.245 | рождений: 2-блочные 0.000 5-блочные 0.000 PCCA False | t_fine 7.906708314334861 t_born_max 2.3058755670719204 [145s]
SLEEP_SC4002E0           [real] k=15 ρ 0.850 w 0.862 δ 0.012 асим 0.204 | рождений: 2-блочные 0.000 5-блочные 0.000 PCCA False | t_fine 6.17303003099888 t_born_max 3.410208182544744 [150s]
SLEEP_SC4011E0           [real] k=15 ρ 0.852 w 0.854 δ 0.002 асим 0.316 | рождений: 2-блочные 0.000 5-блочные 0.000 PCCA False | t_fine 6.236373093868004 t_born_max 2.1929067179004598 [155s]
SLEEP_SC4012E0           [real] k=15 ρ 0.787 w 0.805 δ 0.019 асим 0.310 | рождений: 2-блочные 0.000 5-блочные 0.000 PCCA False | t_fine 4.166443712028819 t_born_max 3.2328556640634365 [160s]
SLEEP_SC4021E0           [real] k=15 ρ 0.785 w 0.797 δ 0.012 асим 0.373 | рождений: 2-блочные 0.000 5-блочные 0.000 PCCA False | t_fine 4.131443302003704 t_born_max 1.7633611574715018 [165s]
SLEEP_SC4022E0           [real] k=15 ρ 0.785 w 0.796 δ 0.012 асим 0.391 | рождений: 2-блочные 0.000 5-блочные 0.000 PCCA False | t_fine 4.121180779904245 t_born_max 2.0269320755144586 [169s]
NGRIP_2D_20yr_W          [real] k=15 ρ 0.959 w 0.960 δ 0.000 асим 0.147 | рождений: 2-блочные 0.000 5-блочные 0.000 PCCA False | t_fine 24.152219986379816 t_born_max 2.6388614229353746 [170s]
NGRIP_2D_20yr_Wg         [real] k=15 ρ 0.941 w 0.942 δ 0.001 асим 0.335 | рождений: 2-блочные 0.000 5-блочные 0.000 PCCA False | t_fine 16.33447994248527 t_born_max 2.0452401262679887 [170s]
DIP_300_s211             [dip] k=100 ρ 0.869 w 0.869 δ 0.000 асим 0.274 | рождений: 2-блочные 0.000 5-блочные 0.000 PCCA False | t_fine 14.198080464636767 t_born_max 0.9422092076956177 [175s]
DIP_300_s212             [dip] k=100 ρ 0.875 w 0.875 δ 0.000 асим 0.273 | рождений: 2-блочные 0.000 5-блочные 0.000 PCCA False | t_fine 14.986098405321501 t_born_max 0.9485345475726189 [181s]
DIP_400_s211             [dip] k=100 ρ 0.998 w 0.998 δ 0.000 асим 0.240 | рождений: 2-блочные 0.000 5-блочные 0.000 PCCA False | t_fine 843.1730194530533 t_born_max 0.9540880475822393 [185s]
DIP_400_s212             [dip] k=100 ρ 0.999 w 0.999 δ 0.000 асим 0.222 | рождений: 2-блочные 0.000 5-блочные 0.000 PCCA False | t_fine 2131.9325117378526 t_born_max 1.007137290782306 [190s]
DIP_500_s211             [dip] k=100 ρ 0.991 w 0.991 δ 0.000 асим 0.295 | рождений: 2-блочные 0.000 5-блочные 0.000 PCCA False | t_fine 218.4890018084014 t_born_max 0.9338859304173233 [195s]
DIP_500_s212             [dip] k=100 ρ 0.990 w 0.990 δ 0.000 асим 0.234 | рождений: 2-блочные 0.000 5-блочные 0.000 PCCA False | t_fine 192.79697547108825 t_born_max 0.7724891155274042 [200s]
DIP_700_s211             [dip] k=100 ρ 0.964 w 0.964 δ 0.000 асим 0.270 | рождений: 2-блочные 0.000 5-блочные 0.000 PCCA False | t_fine 53.9152741974466 t_born_max 0.7595470388804483 [205s]
DIP_700_s212             [dip] k=100 ρ 0.959 w 0.959 δ 0.000 асим 0.263 | рождений: 2-блочные 0.000 5-блочные 0.000 PCCA False | t_fine 47.708734558427786 t_born_max 1.0451485660854785 [211s]
LJ13_T0.25_s401          [lj13] k=100 ρ 0.920 w 0.920 δ 0.000 асим 0.243 | рождений: 2-блочные 0.000 5-блочные 0.000 PCCA False | t_fine 23.966570575031223 t_born_max 0.8563653046212172 [242s]
LJ13_T0.25_s402          [lj13] k=100 ρ 0.908 w 0.908 δ 0.000 асим 0.265 | рождений: 2-блочные 0.000 5-блочные 0.000 PCCA False | t_fine 20.745198683102572 t_born_max 0.7987338941312008 [274s]
LJ13_T0.25_s403          [lj13] k=100 ρ 0.914 w 0.915 δ 0.000 асим 0.256 | рождений: 2-блочные 0.000 5-блочные 0.000 PCCA False | t_fine 22.34856382845009 t_born_max 0.7496923390134093 [307s]
LJ13_T0.28_s401          [lj13] k=100 ρ 0.905 w 0.905 δ 0.000 асим 0.241 | рождений: 2-блочные 0.000 5-блочные 0.000 PCCA False | t_fine 20.08180916063485 t_born_max 1.0360143421307317 [338s]
LJ13_T0.28_s402          [lj13] k=100 ρ 0.909 w 0.909 δ 0.000 асим 0.242 | рождений: 2-блочные 0.000 5-блочные 0.000 PCCA False | t_fine 20.90412554877562 t_born_max 0.9208262649707483 [370s]
LJ13_T0.28_s403          [lj13] k=100 ρ 0.905 w 0.905 δ 0.000 асим 0.242 | рождений: 2-блочные 0.000 5-блочные 0.000 PCCA False | t_fine 20.12132266809181 t_born_max 0.9698863834132246 [403s]
ГОТОВО 403s
