LJ_0.18_301    ITS [5.3 5.2 5.1 4.9] g1 [1.00,1.02,1.06] P1 0.00 n_exc 24 (доля 0.015) → нет | P(g2≥1.3) 0.00 P(g2≥3) 0.00 | половина: ширина 0.07 vs 0.06, n_exc 72 → нет; невырожд. True | conv50 0.00 [70s]
LJ_0.18_302    ITS [5.5 5.4 5.1 5.1] g1 [1.00,1.03,1.07] P1 0.00 n_exc 14 (доля 0.009) → нет | P(g2≥1.3) 0.00 P(g2≥3) 0.00 | половина: ширина 0.08 vs 0.06, n_exc 68 → нет; невырожд. True | conv50 0.00 [137s]
LJ_0.18_303    ITS [5.3 5.2 5.2 5. ] g1 [1.00,1.02,1.08] P1 0.00 n_exc 44 (доля 0.039) → нет | P(g2≥1.3) 0.00 P(g2≥3) 0.00 | половина: ширина 0.08 vs 0.07, n_exc 0 → отказ(n_exc); невырожд. True | conv50 0.00 [205s]
LJ_0.22_301    ITS [38.1  6.4  5.3  5.3] g1 [3.68,5.30,7.10] P1 0.99 n_exc 4 (доля 0.010) → отказ(n_exc) | P(g2≥1.3) 0.28 P(g2≥3) 0.00 | половина: ширина 2.95 vs 3.42, n_exc 1 → отказ(n_exc); невырожд. True | conv50 1.00 [276s]
LJ_0.22_302    ITS [47.5  5.7  5.4  5.3] g1 [5.09,7.12,9.61] P1 1.00 n_exc 4 (доля 0.009) → отказ(n_exc) | P(g2≥1.3) 0.17 P(g2≥3) 0.00 | половина: ширина 3.26 vs 4.53, n_exc 1 → отказ(n_exc); невырожд. True | conv50 1.00 [345s]
LJ_0.22_303    ITS [74.8  6.6  5.3  5.3] g1 [7.68,10.17,12.28] P1 1.00 n_exc 7 (доля 0.034) → отказ(n_exc) | P(g2≥1.3) 0.12 P(g2≥3) 0.00 | половина: ширина 1.25 vs 4.60, n_exc 2 → отказ(n_exc); невырожд. True | conv50 1.00 [414s]
LJ_0.25_301    ITS [47.1 12.6  5.8  5.5] g1 [3.29,3.71,4.17] P1 1.00 n_exc 28 (доля 0.090) → уровень | P(g2≥1.3) 1.00 P(g2≥3) 0.00 | половина: ширина 1.14 vs 0.89, n_exc 7 → отказ(n_exc); невырожд. True | conv50 1.00 [483s]
LJ_0.25_302    ITS [50.5 15.1  6.5  5.8] g1 [2.93,3.33,3.74] P1 0.88 n_exc 35 (доля 0.124) → отказ | P(g2≥1.3) 1.00 P(g2≥3) 0.00 | половина: ширина 1.14 vs 0.81, n_exc 16 → отказ; невырожд. True | conv50 0.90 [552s]
LJ_0.25_303    ITS [48.4 15.5  7.   6.2] g1 [2.88,3.08,3.36] P1 0.76 n_exc 51 (доля 0.143) → отказ | P(g2≥1.3) 1.00 P(g2≥3) 0.00 | половина: ширина 0.56 vs 0.48, n_exc 28 → отказ; невырожд. True | conv50 0.84 [623s]
LJ_0.28_301    ITS [42.4 13.2  8.   5.8] g1 [2.68,3.18,3.66] P1 0.76 n_exc 90 (доля 0.203) → отказ | P(g2≥1.3) 1.00 P(g2≥3) 0.00 | половина: ширина 1.09 vs 0.98, n_exc 49 → отказ; невырожд. True | conv50 0.72 [693s]
LJ_0.28_302    ITS [47.2 11.   5.8  5.3] g1 [4.04,4.26,4.49] P1 1.00 n_exc 88 (доля 0.395) → уровень | P(g2≥1.3) 1.00 P(g2≥3) 0.00 | половина: ширина 0.63 vs 0.45, n_exc 38 → уровень; невырожд. True | conv50 1.00 [763s]
LJ_0.28_303    ITS [44.1 11.9  7.4  5.5] g1 [3.49,3.67,3.86] P1 1.00 n_exc 102 (доля 0.436) → уровень | P(g2≥1.3) 1.00 P(g2≥3) 0.00 | половина: ширина 0.71 vs 0.37, n_exc 51 → отказ; невырожд. True | conv50 1.00 [833s]
LJ_0.36_301    ITS [13.5  9.1  6.2  5.7] g1 [1.43,1.48,1.54] P1 0.00 n_exc 28 (доля 0.028) → нет | P(g2≥1.3) 0.83 P(g2≥3) 0.00 | половина: ширина 0.26 vs 0.11, n_exc 108 → нет; невырожд. True | conv50 0.00 [902s]
LJ_0.36_302    ITS [13.3  7.5  5.5  5.4] g1 [1.66,1.74,1.82] P1 0.00 n_exc 161 (доля 0.162) → нет | P(g2≥1.3) 0.13 P(g2≥3) 0.00 | половина: ширина 0.22 vs 0.16, n_exc 63 → нет; невырожд. True | conv50 0.00 [970s]
LJ_0.36_303    ITS [16.7 11.7  8.5  8.4] g1 [1.30,1.43,1.53] P1 0.00 n_exc 203 (доля 0.292) → нет | P(g2≥1.3) 0.72 P(g2≥3) 0.00 | половина: ширина 0.25 vs 0.23, n_exc 2 → отказ(n_exc); невырожд. True | conv50 0.00 [1039s]

== ВЕРДИКТЫ ==
PE1 ПОДТВЕРЖДЁН {'K1': False, 'dec': {'LJ_0.18_301': 'нет', 'LJ_0.18_302': 'нет', 'LJ_0.18_303': 'нет', 'LJ_0.22_301': 'отказ(n_exc)', 'LJ_0.22_302': 'отказ(n_exc)', 'LJ_0.22_303': 'отказ(n_exc)', 'LJ_0.36_301': 'нет', 'LJ_0.36_302': 'нет', 'LJ_0.36_303': 'нет'}}
PE2 ПОДТВЕРЖДЁН {'K4': False, 'dec': {'LJ_0.25_301': ('уровень', 1.0), 'LJ_0.25_302': ('отказ', 0.88), 'LJ_0.25_303': ('отказ', 0.76), 'LJ_0.28_301': ('отказ', 0.76), 'LJ_0.28_302': ('уровень', 1.0), 'LJ_0.28_303': ('уровень', 1.0)}}
PE3 ПОДТВЕРЖДЁН {'vals': {'LJ_0.25_301': (0.0, 1.0), 'LJ_0.25_302': (0.0, 1.0), 'LJ_0.25_303': (0.0, 1.0), 'LJ_0.28_301': (0.0, 1.0), 'LJ_0.28_302': (0.0, 1.0), 'LJ_0.28_303': (0.0, 1.0)}}
PE4 ПОДТВЕРЖДЁН {'K2': False, 'n': 15}
