LJ_0.18_301            эфф.счётч    9309 ITS [6.2 6.  6.  5.7] g1 [1.00,1.03,1.08] P1 0.00 → нет | P2 0.00 P(g2≥1.3) 0.00 | половина: ширина 0.14 vs 0.08 P1 0.00 | sliding P1 0.00 | conv50 0.00 | замыкание pct 0.74 | ψ′ -0.001 ψ_sum -0.037 [36s]
LJ_0.18_302            эфф.счётч    9232 ITS [6.  6.  5.9 5.8] g1 [1.00,1.03,1.08] P1 0.00 → нет | P2 0.00 P(g2≥1.3) 0.00 | половина: ширина 0.10 vs 0.08 P1 0.00 | sliding P1 0.00 | conv50 0.00 | замыкание pct 0.715 | ψ′ 0.0 ψ_sum -0.029 [73s]
LJ_0.18_303            эфф.счётч    9188 ITS [6.1 5.8 5.8 5.7] g1 [1.00,1.03,1.07] P1 0.00 → нет | P2 0.00 P(g2≥1.3) 0.00 | половина: ширина 0.10 vs 0.07 P1 0.00 | sliding P1 0.00 | conv50 0.00 | замыкание pct 0.98 | ψ′ 0.0 ψ_sum -0.024 [110s]
LJ_0.22_301            эфф.счётч    9221 ITS [18.4  8.9  5.9  5.8] g1 [1.37,1.95,2.92] P1 0.03 → нет | P2 0.01 P(g2≥1.3) 0.53 | половина: ширина 1.74 vs 1.55 P1 0.07 | sliding P1 0.09 | conv50 0.02 | замыкание pct 0.975 | ψ′ 0.0 ψ_sum -0.153 [145s]
LJ_0.22_302            эфф.счётч    9198 ITS [8.6 6.5 6.  5.8] g1 [1.02,1.24,1.60] P1 0.00 → нет | P2 0.00 P(g2≥1.3) 0.00 | половина: ширина 0.09 vs 0.58 P1 0.00 | sliding P1 0.00 | conv50 0.00 | замыкание pct 0.115 | ψ′ 0.001 ψ_sum -0.038 [181s]
LJ_0.22_303            эфф.счётч    9175 ITS [20.9  6.3  6.1  5.9] g1 [2.24,2.94,3.83] P1 0.45 → отказ | P2 0.00 P(g2≥1.3) 0.01 | половина: ширина 0.09 vs 1.59 P1 0.00 | sliding P1 0.41 | conv50 0.34 | замыкание pct 1.0 | ψ′ 0.001 ψ_sum -0.27 [218s]
LJ_0.25_301            эфф.счётч    8932 ITS [32.5  8.3  6.7  6.1] g1 [3.11,3.63,4.26] P1 0.99 → уровень | P2 0.00 P(g2≥1.3) 0.17 | половина: ширина 1.38 vs 1.15 P1 0.96 | sliding P1 0.99 | conv50 0.92 | замыкание pct 0.98 | ψ′ -0.009 ψ_sum -2.212 [254s]
LJ_0.25_302            эфф.счётч    8893 ITS [56.4 18.6  9.9  6.7] g1 [2.52,2.97,3.45] P1 0.47 → отказ | P2 0.00 P(g2≥1.3) 1.00 | половина: ширина 1.48 vs 0.93 P1 0.98 | sliding P1 0.48 | conv50 0.52 | замыкание pct 0.975 | ψ′ -0.017 ψ_sum -5.476 [289s]
LJ_0.25_303            эфф.счётч    8831 ITS [50.6 16.   7.1  6.6] g1 [2.81,3.13,3.44] P1 0.76 → отказ | P2 0.00 P(g2≥1.3) 1.00 | половина: ширина 0.85 vs 0.63 P1 0.31 | sliding P1 0.74 | conv50 0.68 | замыкание pct 1.0 | ψ′ -0.039 ψ_sum -4.652 [326s]
LJ_0.28_301            эфф.счётч    8786 ITS [45.9 19.5  8.3  6.5] g1 [1.85,2.30,2.96] P1 0.04 → нет | P2 0.04 P(g2≥1.3) 1.00 | половина: ширина 0.69 vs 1.11 P1 0.00 | sliding P1 0.04 | conv50 0.06 | замыкание pct 1.0 | ψ′ -0.054 ψ_sum -5.043 [362s]
LJ_0.28_302            эфф.счётч    8779 ITS [45.6 11.8  6.4  6.3] g1 [3.52,3.80,4.12] P1 1.00 → уровень | P2 0.00 P(g2≥1.3) 1.00 | половина: ширина 0.93 vs 0.61 P1 1.00 | sliding P1 1.00 | conv50 1.00 | замыкание pct 0.98 | ψ′ -0.046 ψ_sum -7.926 [399s]
LJ_0.28_303            эфф.счётч    8643 ITS [42.5 14.3  9.2  6.2] g1 [2.35,2.97,3.38] P1 0.45 → отказ | P2 0.00 P(g2≥1.3) 0.99 | половина: ширина 0.62 vs 1.03 P1 0.91 | sliding P1 0.41 | conv50 0.56 | замыкание pct 1.0 | ψ′ -0.055 ψ_sum -5.811 [435s]
LJ_0.36_301            эфф.счётч    8559 ITS [11.9  8.   6.4  6.1] g1 [1.27,1.44,1.61] P1 0.00 → нет | P2 0.00 P(g2≥1.3) 0.14 | половина: ширина 0.22 vs 0.34 P1 0.00 | sliding P1 0.00 | conv50 0.00 | замыкание pct 1.0 | ψ′ -0.007 ψ_sum -0.413 [472s]
LJ_0.36_302            эфф.счётч    8689 ITS [13.3  7.7  6.3  6. ] g1 [1.56,1.66,1.77] P1 0.00 → нет | P2 0.00 P(g2≥1.3) 0.00 | половина: ширина 0.26 vs 0.21 P1 0.00 | sliding P1 0.00 | conv50 0.00 | замыкание pct 1.0 | ψ′ -0.013 ψ_sum -0.928 [507s]
LJ_0.36_303            эфф.счётч    8553 ITS [16.4 11.9 11.5  7.9] g1 [1.22,1.36,1.45] P1 0.00 → нет | P2 0.00 P(g2≥1.3) 0.00 | половина: ширина 0.30 vs 0.22 P1 0.00 | sliding P1 0.00 | conv50 0.00 | замыкание pct 0.92 | ψ′ -0.002 ψ_sum -0.284 [543s]
DIP_300_211            эфф.счётч   92281 ITS [15.7  6.7  6.6  6.5] g1 [2.07,2.14,2.21] P1 0.00 → нет | P2 0.00 P(g2≥1.3) 0.00 | половина: ширина 0.14 vs 0.15 P1 0.00 | sliding P1 0.00 | conv50 0.00 | замыкание pct 0.815 | ψ′ -0.0 ψ_sum -0.047 [546s]
DIP_300_212            эфф.счётч   92394 ITS [16.9  6.6  6.6  6.4] g1 [2.24,2.30,2.37] P1 0.00 → нет | P2 0.00 P(g2≥1.3) 0.00 | половина: ширина 0.15 vs 0.14 P1 0.00 | sliding P1 0.00 | conv50 0.00 | замыкание pct 0.715 | ψ′ 0.001 ψ_sum -0.059 [548s]
DIP_400_211            эфф.счётч   92917 ITS [762.7   8.1   6.5   6.5] g1 [73.30,91.39,111.22] P1 1.00 → уровень | P2 0.00 P(g2≥1.3) 0.01 | половина: ширина 71.34 vs 37.92 P1 1.00 | sliding P1 1.00 | conv50 1.00 | замыкание pct 0.0 | ψ′ 0.056 ψ_sum -0.049 [550s]
DIP_400_212            эфф.счётч   92883 ITS [2115.4    8.9    6.5    6.4] g1 [189.01,231.44,290.68] P1 1.00 → уровень | P2 0.00 P(g2≥1.3) 0.01 | половина: ширина 244.09 vs 101.67 P1 1.00 | sliding P1 1.00 | conv50 1.00 | замыкание pct 0.0 | ψ′ 0.081 ψ_sum -0.234 [552s]
DIP_500_211            эфф.счётч   94491 ITS [254.4   6.6   6.5   6.4] g1 [26.64,33.92,41.01] P1 1.00 → уровень | P2 0.00 P(g2≥1.3) 0.02 | половина: ширина 12.87 vs 14.37 P1 1.00 | sliding P1 1.00 | conv50 1.00 | замыкание pct 0.045 | ψ′ 0.038 ψ_sum -0.016 [554s]
DIP_500_212            эфф.счётч   95271 ITS [252.1   7.    6.6   6.6] g1 [27.41,33.57,38.42] P1 1.00 → уровень | P2 0.00 P(g2≥1.3) 0.01 | половина: ширина 16.47 vs 11.02 P1 1.00 | sliding P1 1.00 | conv50 1.00 | замыкание pct 0.03 | ψ′ 0.048 ψ_sum -0.036 [555s]
DIP_700_211            эфф.счётч   93608 ITS [63.1  6.4  6.4  6.3] g1 [7.62,8.52,9.09] P1 1.00 → уровень | P2 0.00 P(g2≥1.3) 0.00 | половина: ширина 1.93 vs 1.47 P1 1.00 | sliding P1 1.00 | conv50 1.00 | замыкание pct 0.095 | ψ′ 0.036 ψ_sum -0.069 [557s]
DIP_700_212            эфф.счётч   93771 ITS [57.   7.4  6.8  6.5] g1 [6.31,7.21,7.86] P1 1.00 → уровень | P2 0.00 P(g2≥1.3) 0.00 | половина: ширина 1.31 vs 1.56 P1 1.00 | sliding P1 1.00 | conv50 1.00 | замыкание pct 0.215 | ψ′ 0.033 ψ_sum -0.051 [559s]
SLEEP_SC4001E0         эфф.счётч     702 ITS [15.7  9.8  6.3  5.6] g1 [1.24,1.57,1.95] P1 0.00 → нет | P2 0.00 P(g2≥1.3) 0.72 | половина: ширина 2.03 vs 0.71 P1 0.10 | sliding P1 0.00 | conv50 0.00 | замыкание pct 1.0 | ψ′ -0.037 ψ_sum -0.391 [561s]
SLEEP_SC4002E0         эфф.счётч     902 ITS [21.8 10.6  7.5  6.8] g1 [1.56,2.03,2.55] P1 0.01 → нет | P2 0.00 P(g2≥1.3) 0.55 | половина: ширина 1.49 vs 0.99 P1 0.03 | sliding P1 0.00 | conv50 0.02 | замыкание pct 0.965 | ψ′ -0.051 ψ_sum -0.456 [566s]
SLEEP_SC4011E0         эфф.счётч     904 ITS [24.1 13.9  9.6  5.3] g1 [1.34,1.81,2.69] P1 0.01 → нет | P2 0.00 P(g2≥1.3) 0.74 | половина: ширина 1.52 vs 1.35 P1 0.04 | sliding P1 0.00 | conv50 0.00 | замыкание pct 0.815 | ψ′ -0.034 ψ_sum -0.366 [572s]
SLEEP_SC4012E0         эфф.счётч    1005 ITS [14.7 10.9  7.7  4.5] g1 [1.15,1.39,1.68] P1 0.00 → нет | P2 0.00 P(g2≥1.3) 0.78 | половина: ширина 1.29 vs 0.53 P1 0.01 | sliding P1 0.00 | conv50 0.00 | замыкание pct 0.995 | ψ′ -0.026 ψ_sum -0.361 [577s]
SLEEP_SC4021E0         эфф.счётч     861 ITS [15.1  9.   5.8  4.5] g1 [1.42,1.73,2.20] P1 0.00 → нет | P2 0.00 P(g2≥1.3) 0.73 | половина: ширина 2.90 vs 0.79 P1 0.29 | sliding P1 0.00 | conv50 0.00 | замыкание pct 0.96 | ψ′ -0.03 ψ_sum -0.427 [581s]
SLEEP_SC4022E0         эфф.счётч     874 ITS [13.8  9.   5.6  4. ] g1 [1.31,1.56,1.92] P1 0.00 → нет | P2 0.00 P(g2≥1.3) 0.94 | половина: ширина 1.65 vs 0.60 P1 0.14 | sliding P1 0.00 | conv50 0.00 | замыкание pct 0.985 | ψ′ -0.024 ψ_sum -0.404 [586s]

== ВЕРДИКТЫ ==
PD1 не подтверждён {'K1': True, 'vals': {'LJ_0.18_301': 0.0, 'LJ_0.18_302': 0.0, 'LJ_0.18_303': 0.0, 'LJ_0.36_301': 0.0, 'LJ_0.36_302': 0.0, 'LJ_0.36_303': 0.0, 'LJ_0.22_301': 0.025, 'LJ_0.22_302': 0.0, 'LJ_0.22_303': 0.45}}
PD2 не подтверждён {'K4': False, 'vals': {'LJ_0.25_301': 0.99, 'LJ_0.25_302': 0.47, 'LJ_0.25_303': 0.755, 'LJ_0.28_301': 0.045, 'LJ_0.28_302': 1.0, 'LJ_0.28_303': 0.45}}
PD3 ПОДТВЕРЖДЁН {'K3': False, 'n_no': 6, 'vals': {'SLEEP_SC4001E0': 0.0, 'SLEEP_SC4002E0': 0.005, 'SLEEP_SC4011E0': 0.015, 'SLEEP_SC4012E0': 0.0, 'SLEEP_SC4021E0': 0.0, 'SLEEP_SC4022E0': 0.0}}
PD4 ПОДТВЕРЖДЁН {'vals': {'LJ_0.25_301': (0.0, 0.165), 'LJ_0.25_302': (0.0, 1.0), 'LJ_0.25_303': (0.0, 1.0), 'LJ_0.28_301': (0.035, 1.0), 'LJ_0.28_302': (0.0, 1.0), 'LJ_0.28_303': (0.0, 0.99)}}
PD5 не подтверждён {'K2': True, 'grow': 21, 'total': 29}
PD6 ПОДТВЕРЖДЁН {'vals': {'DIP_300_211': 0.0, 'DIP_300_212': 0.0, 'DIP_400_211': 1.0, 'DIP_400_212': 1.0, 'DIP_500_211': 1.0, 'DIP_500_212': 1.0, 'DIP_700_211': 1.0, 'DIP_700_212': 1.0}}
