телеграф f: {'k2': 1.0, 'k4': 2.02, 'k10': 3.06, 'k30': 3.96, 'k100': 4.25, 'm1': 1.0, 'm1_k10': 1.0, 'm1_k30': 1.0, 'm1_k100': 1.01, 'm2': 2.0, 'm4': 3.96, 'm8': 7.05, 'tau1': 3.96, 'tau2': 2.5, 'tau4': 1.66, 'tau8': 1.28, 'true_t1': 20.28}
NGRIP_d18O_20yr_m4         [emb] t1 обр 255.1 необр 249.9 f = 1.02 (половина 1.03) | ζ обр 1.62 → необр 1.6 | иерархия → иерархия [5s]
NGRIP_d18O_20yr_m1         [raw] t1 обр 81.6 необр 82.6 f = 0.99 (половина 1.0) | ζ обр 1.62 → необр 1.6 | иерархия → иерархия [5s]
EEG_A_Z_Z001               [emb] t1 обр 19.7 необр 7.0 f = 2.83 (половина 2.62) | ζ обр 0.95 → необр 0.27 | иерархия → континуум [5s]
EEG_A_Z_Z005               [emb] t1 обр 19.7 необр 9.4 f = 2.10 (половина 2.29) | ζ обр 1.01 → необр 1.51 | иерархия → иерархия [5s]
EEG_A_Z_Z009               [emb] t1 обр 31.8 необр 9.7 f = 3.26 (половина 3.05) | ζ обр 0.81 → необр 2.09 | континуум → выброс [5s]
EEG_A_Z_Z013               [emb] t1 обр 25.3 необр 6.3 f = 4.04 (половина 4.88) | ζ обр 0.71 → необр 0.0 | континуум → континуум [5s]
EEG_A_Z_Z017               [emb] t1 обр 24.8 необр 13.5 f = 1.84 (половина 3.26) | ζ обр 0.55 → необр 1.79 | континуум → иерархия [6s]
EEG_B_O_O001               [emb] t1 обр 20.1 необр 13.3 f = 1.51 (половина 2.06) | ζ обр 0.49 → необр 1.31 | континуум → иерархия [6s]
EEG_B_O_O005               [emb] t1 обр 11.4 необр 9.7 f = 1.18 (половина 1.14) | ζ обр 0.52 → необр 0.0 | континуум → континуум [6s]
EEG_B_O_O009               [emb] t1 обр 25.5 необр 11.2 f = 2.29 (половина 1.7) | ζ обр 0.67 → необр 0.49 | континуум → континуум [6s]
EEG_B_O_O013               [emb] t1 обр 8.4 необр 9.1 f = 0.92 (половина 0.76) | ζ обр 0.44 → необр 0.0 | континуум → континуум [6s]
EEG_B_O_O017               [emb] t1 обр 8.3 необр 16.3 f = 0.51 (половина 0.45) | ζ обр 0.51 → необр 0.0 | континуум → континуум [6s]
EEG_C_N_N001               [emb] t1 обр 38.6 необр 13.8 f = 2.79 (половина 2.84) | ζ обр 0.84 → необр 0.0 | континуум → континуум [6s]
EEG_C_N_N005               [emb] t1 обр 27.7 необр 14.4 f = 1.91 (половина 1.65) | ζ обр 1.15 → необр 2.55 | иерархия → выброс [6s]
EEG_C_N_N009               [emb] t1 обр 34.1 необр 10.2 f = 3.35 (половина 3.61) | ζ обр 0.7 → необр 0.0 | континуум → континуум [6s]
EEG_C_N_N013               [emb] t1 обр 55.4 необр 10.4 f = 5.31 (половина 5.44) | ζ обр 0.9 → необр 0.0 | континуум → континуум [6s]
EEG_C_N_N017               [emb] t1 обр 25.7 необр 10.4 f = 2.48 (половина 3.45) | ζ обр 0.79 → необр 0.96 | континуум → иерархия [6s]
EEG_D_F_F001               [emb] t1 обр 48.0 необр 10.6 f = 4.53 (половина 4.64) | ζ обр 1.03 → необр 1.42 | иерархия → иерархия [6s]
EEG_D_F_F005               [emb] t1 обр 31.2 необр 7.4 f = 4.20 (половина 4.43) | ζ обр 1.03 → необр 0.0 | иерархия → континуум [6s]
EEG_D_F_F009               [emb] t1 обр 182.9 необр 99.3 f = 1.84 (половина 2.96) | ζ обр 0.88 → необр 1.02 | континуум → иерархия [6s]
EEG_D_F_F013               [emb] t1 обр 25.2 необр 10.6 f = 2.37 (половина 3.28) | ζ обр 0.78 → необр 0.0 | континуум → континуум [6s]
EEG_D_F_F017               [emb] t1 обр 24.1 необр 17.8 f = 1.36 (половина 1.38) | ζ обр 0.94 → необр 0.0 | иерархия → континуум [6s]
EEG_E_S_S001               [emb] t1 обр 21.3 необр 6.0 f = 3.52 (половина 2.28) | ζ обр 1.27 → необр 0.0 | иерархия → континуум [6s]
EEG_E_S_S005               [emb] t1 обр 25.9 необр 12.1 f = 2.15 (половина 1.74) | ζ обр 1.17 → необр 0.0 | иерархия → континуум [6s]
EEG_E_S_S009               [emb] t1 обр 15.4 необр 13.2 f = 1.17 (половина 1.18) | ζ обр 0.92 → необр 0.0 | иерархия → континуум [6s]
EEG_E_S_S013               [emb] t1 обр 19.5 необр 43.1 f = 0.45 (половина 0.36) | ζ обр 0.98 → необр 0.0 | иерархия → континуум [7s]
EEG_E_S_S017               [emb] t1 обр 17.6 необр 9.2 f = 1.91 (половина 3.05) | ζ обр 0.9 → необр 0.88 | иерархия → континуум [7s]
plankton_Beninca_12sp      [raw] t1 обр 17.1 необр 16.4 f = 1.04 (половина 1.02) | ζ обр 0.39 → необр 0.42 | континуум → континуум [7s]
LR04_benthic_m4            [emb] t1 обр 72.2 необр 32.0 f = 2.26 (половина 4.59) | ζ обр 0.65 → необр 0.73 | континуум → континуум [7s]
EPICA_deuterium_m4         [emb] t1 обр 166.0 необр 174.2 f = 0.95 (половина 1.06) | ζ обр 0.69 → необр 0.71 | континуум → континуум [7s]
sunspots_monthly_m4        [emb] t1 обр 32.1 необр 28.8 f = 1.11 (половина 1.08) | ζ обр 1.12 → необр 1.2 | иерархия → иерархия [7s]
measles_NY_weekly_m4       [emb] t1 обр 75.9 необр 48.6 f = 1.56 (половина 3.58) | ζ обр 0.93 → необр 1.59 | иерархия → иерархия [7s]
COVID_Germany_daily_m4     [emb] t1 обр 15.9 необр 12.7 f = 1.26 (половина 1.04) | ζ обр 0.06 → необр 0.0 | континуум → континуум [7s]
COVID_US_daily_m4          [emb] t1 обр 27.8 необр 27.1 f = 1.03 (половина 1.0) | ζ обр 0.58 → необр 1.12 | континуум → иерархия [7s]
COVID_Italy_daily_m4       [emb] t1 обр 275.4 необр 132.6 f = 2.08 (половина 1.0) | ζ обр 0.3 → необр 0.0 | континуум → континуум [7s]
thermoacoustic_1_m4        [emb] t1 обр 7.8 необр 7.9 f = 0.99 (половина 0.75) | ζ обр 0.35 → необр 0.0 | континуум → континуум [7s]
thermoacoustic_2_m4        [emb] t1 обр 6.3 необр 21.2 f = 0.30 (половина 0.36) | ζ обр 0.71 → необр 0.0 | континуум → континуум [7s]
thermoacoustic_3_m4        [emb] t1 обр 10.9 необр 15.0 f = 0.72 (половина 1.15) | ζ обр 0.54 → необр 0.0 | континуум → континуум [7s]
SLEEP_SC4001E0             [raw] t1 обр 8.5 необр 7.9 f = 1.08 (половина 1.2) | ζ обр 0.26 → необр 0.24 | континуум → континуум [8s]
SLEEP_SC4002E0             [raw] t1 обр 6.9 необр 6.2 f = 1.12 (половина 1.11) | ζ обр 0.66 → необр 0.53 | континуум → континуум [9s]
SLEEP_SC4011E0             [raw] t1 обр 6.2 необр 6.2 f = 1.00 (половина 1.02) | ζ обр 0.41 → необр 0.54 | континуум → континуум [10s]
SLEEP_SC4012E0             [raw] t1 обр 4.8 необр 4.2 f = 1.14 (половина 1.05) | ζ обр 0.09 → необр None | континуум → None [10s]
SLEEP_SC4021E0             [raw] t1 обр 4.5 необр 4.1 f = 1.10 (половина 1.07) | ζ обр None → необр None | None → None [11s]
SLEEP_SC4022E0             [raw] t1 обр 4.3 необр 4.1 f = 1.05 (половина 1.11) | ζ обр None → необр None | None → None [11s]
NGRIP_2D_20yr_W            [raw] t1 обр 24.1 необр 24.2 f = 1.00 (половина 0.99) | ζ обр 0.99 → необр 0.99 | иерархия → иерархия [11s]
NGRIP_2D_20yr_Wg           [raw] t1 обр 17.0 необр 16.3 f = 1.04 (половина 1.01) | ζ обр 0.74 → необр 0.72 | континуум → континуум [11s]
DUST_1D_W                  [dust1d] t1 обр 14.0 необр 12.1 f = 1.16 (половина 1.06) | ζ обр 0.8 → необр 0.45 | континуум → континуум [11s]
DUST_2D_W                  [dust2d] t1 обр 23.0 необр 23.0 f = 1.00 (половина 1.0) | ζ обр 0.92 → необр 0.94 | иерархия → иерархия [11s]
DUST_1D_Wg                 [dust1d] t1 обр 18.2 необр 12.3 f = 1.48 (половина 1.78) | ζ обр 4.88 → необр None | выброс → None [11s]
DUST_2D_Wg                 [dust2d] t1 обр 19.8 необр 17.3 f = 1.15 (половина 1.09) | ζ обр 1.0 → необр 0.95 | иерархия → иерархия [11s]
DIP_300_s211               [raw] t1 обр 14.2 необр 14.2 f = 1.00 (половина 1.0) | ζ обр None → необр None | None → None [15s]
DIP_300_s212               [raw] t1 обр 15.0 необр 15.0 f = 1.00 (половина 1.0) | ζ обр None → необр None | None → None [18s]
DIP_400_s211               [raw] t1 обр 869.0 необр 843.2 f = 1.03 (половина 0.95) | ζ обр 4.7 → необр 4.68 | выброс → выброс [22s]
DIP_400_s212               [raw] t1 обр 2156.1 необр 2131.9 f = 1.01 (половина 1.0) | ζ обр 5.7 → необр 5.69 | выброс → выброс [27s]
DIP_500_s211               [raw] t1 обр 216.4 необр 218.5 f = 0.99 (половина 1.03) | ζ обр 5.27 → необр 5.33 | выброс → выброс [31s]
DIP_500_s212               [raw] t1 обр 204.9 необр 192.8 f = 1.06 (половина 1.05) | ζ обр 5.29 → необр 5.21 | выброс → выброс [35s]
DIP_700_s211               [raw] t1 обр 54.2 необр 53.9 f = 1.00 (половина 1.01) | ζ обр 17.64 → необр 17.79 | выброс → выброс [38s]
DIP_700_s212               [raw] t1 обр 47.9 необр 47.7 f = 1.00 (половина 1.01) | ζ обр 11.29 → необр 11.28 | выброс → выброс [42s]
LJ13_T0.25_s401            [raw] t1 обр 24.0 необр 24.0 f = 1.00 (половина 1.0) | ζ обр 1.24 → необр 1.23 | иерархия → иерархия [74s]
LJ13_T0.25_s402            [raw] t1 обр 20.8 необр 20.7 f = 1.00 (половина 1.0) | ζ обр None → необр None | None → None [107s]
LJ13_T0.25_s403            [raw] t1 обр 22.4 необр 22.3 f = 1.00 (половина 1.0) | ζ обр 1.53 → необр 1.54 | иерархия → иерархия [141s]
LJ13_T0.28_s401            [raw] t1 обр 20.1 необр 20.1 f = 1.00 (половина 1.0) | ζ обр 1.21 → необр 1.21 | иерархия → иерархия [173s]
LJ13_T0.28_s402            [raw] t1 обр 20.9 необр 20.9 f = 1.00 (половина 1.0) | ζ обр 1.6 → необр 1.6 | иерархия → иерархия [205s]
LJ13_T0.28_s403            [raw] t1 обр 20.1 необр 20.1 f = 1.00 (половина 1.0) | ζ обр 1.16 → необр 1.16 | иерархия → иерархия [238s]
ГОТОВО 238s
