tel_L10_s0                 [tel] t1 преф [3.1, 3.6, 3.7, 3.8] N_c преф [67, 131, 255, 511] N_true [101, 203, 423, 823] t1_full 4 | пары [('p', 67, 0.19), ('s', 60, -0.25), ('p', 131, 0.06), ('s', 130, 0.1), ('p', 255, 0.03), ('s', 256, -0.05)] [0s]
tel_L10_s1                 [tel] t1 преф [4.2, 3.3, 3.6, 4.1] N_c преф [56, 131, 253, 471] N_true [84, 207, 415, 823] t1_full 4 | пары [('p', 56, -0.38), ('s', 57, -0.21), ('p', 131, 0.13), ('s', 113, 0.12), ('p', 253, 0.22), ('s', 218, -0.19)] [1s]
tel_L10_s2                 [tel] t1 преф [3.1, 3.5, 3.6, 3.6] N_c преф [67, 129, 259, 505] N_true [111, 211, 403, 791] t1_full 4 | пары [('p', 67, 0.16), ('s', 65, 0.07), ('p', 129, 0.02), ('s', 124, 0.01), ('p', 259, 0.02), ('s', 246, -0.0)] [1s]
tel_L10_s3                 [tel] t1 преф [5.2, 4.6, 4.7, 4.8] N_c преф [54, 116, 228, 450] N_true [94, 176, 358, 690] t1_full 5 | пары [('p', 54, -0.19), ('s', 48, -0.15), ('p', 116, 0.02), ('s', 105, -0.13), ('p', 228, 0.05), ('s', 222, -0.03)] [1s]
tel_L10_s4                 [tel] t1 преф [3.6, 3.3, 4.1, 4.6] N_c преф [65, 134, 244, 465] N_true [107, 216, 406, 793] t1_full 5 | пары [('p', 65, -0.12), ('s', 43, -0.39), ('p', 134, 0.33), ('s', 109, -0.0), ('p', 244, 0.14), ('s', 221, -0.13)] [1s]
tel_L10_s5                 [tel] t1 преф [5.1, 4.2, 5.0, 4.8] N_c преф [56, 121, 212, 434] N_true [118, 221, 406, 814] t1_full 5 | пары [('p', 56, -0.26), ('s', 63, 0.27), ('p', 121, 0.23), ('s', 119, 0.2), ('p', 212, -0.04), ('s', 222, 0.05)] [2s]
tel_L10_s6                 [tel] t1 преф [5.4, 5.2, 4.8, 4.7] N_c преф [58, 118, 234, 458] N_true [92, 194, 372, 780] t1_full 5 | пары [('p', 58, -0.06), ('s', 66, 0.09), ('p', 118, -0.11), ('s', 127, 0.35), ('p', 234, -0.02), ('s', 224, 0.04)] [2s]
tel_L10_s7                 [tel] t1 преф [6.0, 5.1, 5.2, 5.0] N_c преф [46, 110, 215, 435] N_true [90, 184, 355, 727] t1_full 5 | пары [('p', 46, -0.24), ('s', 56, -0.07), ('p', 110, 0.03), ('s', 118, 0.22), ('p', 215, -0.05), ('s', 220, 0.08)] [2s]
tel_L10_s8                 [tel] t1 преф [4.4, 4.2, 4.9, 4.5] N_c преф [60, 120, 225, 463] N_true [90, 187, 373, 765] t1_full 4 | пары [('p', 60, -0.05), ('s', 57, -0.19), ('p', 120, 0.22), ('s', 121, -0.08), ('p', 225, -0.14), ('s', 238, 0.19)] [2s]
tel_L10_s9                 [tel] t1 преф [5.4, 5.0, 4.3, 4.7] N_c преф [50, 108, 236, 448] N_true [90, 184, 384, 736] t1_full 5 | пары [('p', 50, -0.11), ('s', 39, -0.08), ('p', 108, -0.22), ('s', 86, -0.38), ('p', 236, 0.14), ('s', 212, -0.14)] [3s]
tel_L20_s0                 [tel] t1 преф [8.4, 9.4, 9.6, 9.7] N_c преф [35, 73, 146, 292] N_true [57, 107, 204, 402] t1_full 10 | пары [('p', 35, 0.16), ('s', 39, 0.11), ('p', 73, 0.03), ('s', 79, 0.15), ('p', 146, 0.01), ('s', 146, -0.01)] [3s]
tel_L20_s1                 [tel] t1 преф [8.8, 11.3, 9.8, 8.9] N_c преф [38, 68, 148, 319] N_true [56, 94, 192, 397] t1_full 9 | пары [('p', 38, 0.36), ('s', 48, 0.21), ('p', 68, -0.2), ('s', 90, 0.09), ('p', 148, -0.14), ('s', 171, 0.16)] [3s]
tel_L20_s2                 [tel] t1 преф [9.9, 10.0, 10.8, 10.9] N_c преф [35, 69, 134, 268] N_true [43, 89, 194, 366] t1_full 11 | пары [('p', 35, 0.02), ('s', 38, 0.26), ('p', 69, 0.1), ('s', 64, -0.13), ('p', 134, 0.02), ('s', 134, 0.0)] [4s]
tel_L20_s3                 [tel] t1 преф [7.4, 8.7, 8.9, 9.1] N_c преф [37, 77, 154, 302] N_true [49, 103, 200, 406] t1_full 9 | пары [('p', 37, 0.23), ('s', 35, 0.06), ('p', 77, 0.02), ('s', 69, -0.06), ('p', 154, 0.04), ('s', 148, -0.07)] [4s]
tel_L20_s4                 [tel] t1 преф [12.5, 9.6, 9.9, 10.4] N_c преф [29, 72, 145, 281] N_true [41, 94, 186, 363] t1_full 10 | пары [('p', 29, -0.38), ('s', 30, 0.22), ('p', 72, 0.04), ('s', 61, -0.21), ('p', 145, 0.07), ('s', 136, -0.06)] [4s]
tel_L20_s5                 [tel] t1 преф [10.5, 11.0, 9.2, 9.5] N_c преф [37, 71, 158, 301] N_true [48, 100, 211, 424] t1_full 10 | пары [('p', 37, 0.08), ('s', 33, 0.01), ('p', 71, -0.26), ('s', 72, 0.04), ('p', 158, 0.05), ('s', 143, -0.04)] [4s]
tel_L20_s6                 [tel] t1 преф [6.2, 8.9, 9.2, 9.9] N_c преф [47, 79, 153, 291] N_true [59, 103, 203, 379] t1_full 10 | пары [('p', 47, 0.52), ('s', 35, 0.22), ('p', 79, 0.05), ('s', 64, -0.17), ('p', 153, 0.1), ('s', 137, -0.09)] [5s]
tel_L20_s7                 [tel] t1 преф [11.4, 10.3, 11.8, 10.5] N_c преф [29, 65, 125, 273] N_true [47, 97, 193, 395] t1_full 11 | пары [('p', 29, -0.15), ('s', 42, 0.25), ('p', 65, 0.19), ('s', 77, 0.1), ('p', 125, -0.16), ('s', 148, 0.14)] [5s]
tel_L20_s8                 [tel] t1 преф [9.8, 10.2, 11.1, 10.7] N_c преф [36, 72, 140, 280] N_true [50, 96, 180, 384] t1_full 11 | пары [('p', 36, 0.05), ('s', 39, 0.03), ('p', 72, 0.13), ('s', 74, 0.16), ('p', 140, -0.06), ('s', 140, 0.01)] [5s]
tel_L20_s9                 [tel] t1 преф [15.8, 12.2, 9.5, 9.8] N_c преф [24, 60, 147, 291] N_true [36, 86, 201, 373] t1_full 10 | пары [('p', 24, -0.37), ('s', 39, 0.1), ('p', 60, -0.36), ('s', 79, 0.17), ('p', 147, 0.03), ('s', 144, -0.01)] [6s]
tel_L40_s0                 [tel] t1 преф [19.2, 15.1, 15.5, 16.0] N_c преф [22, 53, 104, 203] N_true [22, 55, 110, 227] t1_full 16 | пары [('p', 22, -0.35), ('s', 24, -0.03), ('p', 53, 0.04), ('s', 51, 0.01), ('p', 104, 0.04), ('s', 99, -0.03)] [6s]
tel_L40_s1                 [tel] t1 преф [13.8, 18.0, 15.3, 18.1] N_c преф [28, 45, 104, 182] N_true [35, 54, 123, 211] t1_full 18 | пары [('p', 28, 0.38), ('s', 21, 0.27), ('p', 45, -0.24), ('s', 36, -0.05), ('p', 104, 0.24), ('s', 78, -0.27)] [6s]
tel_L40_s2                 [tel] t1 преф [26.2, 21.6, 20.3, 20.6] N_c преф [17, 38, 83, 163] N_true [17, 40, 91, 193] t1_full 21 | пары [('p', 17, -0.28), ('s', 20, 0.1), ('p', 38, -0.09), ('s', 38, -0.1), ('p', 83, 0.02), ('s', 80, -0.01)] [6s]
tel_L40_s3                 [tel] t1 преф [23.9, 21.1, 18.2, 19.8] N_c преф [17, 38, 90, 168] N_true [17, 38, 104, 198] t1_full 20 | пары [('p', 17, -0.18), ('s', 17, -0.12), ('p', 38, -0.21), ('s', 39, -0.01), ('p', 90, 0.11), ('s', 78, -0.12)] [7s]
tel_L40_s4                 [tel] t1 преф [18.4, 15.2, 17.6, 16.8] N_c преф [22, 53, 93, 195] N_true [26, 61, 107, 215] t1_full 17 | пары [('p', 22, -0.27), ('s', 24, -0.06), ('p', 53, 0.21), ('s', 50, -0.02), ('p', 93, -0.07), ('s', 102, 0.08)] [7s]
tel_L40_s5                 [tel] t1 преф [26.0, 24.0, 20.1, 19.1] N_c преф [16, 36, 83, 174] N_true [18, 38, 89, 196] t1_full 19 | пары [('p', 16, -0.12), ('s', 25, 0.12), ('p', 36, -0.26), ('s', 47, 0.06), ('p', 83, -0.07), ('s', 91, 0.08)] [7s]
tel_L40_s6                 [tel] t1 преф [11.7, 15.3, 18.2, 18.4] N_c преф [29, 49, 89, 180] N_true [33, 55, 95, 202] t1_full 18 | пары [('p', 29, 0.39), ('s', 28, 0.34), ('p', 49, 0.25), ('s', 46, 0.03), ('p', 89, 0.01), ('s', 91, 0.0)] [8s]
tel_L40_s7                 [tel] t1 преф [20.2, 20.8, 20.6, 19.1] N_c преф [18, 40, 79, 173] N_true [18, 42, 85, 191] t1_full 19 | пары [('p', 18, 0.04), ('s', 26, 0.11), ('p', 40, -0.01), ('s', 51, 0.15), ('p', 79, -0.1), ('s', 94, 0.13)] [8s]
tel_L40_s8                 [tel] t1 преф [15.0, 17.4, 18.1, 18.8] N_c преф [27, 47, 91, 177] N_true [35, 55, 115, 209] t1_full 19 | пары [('p', 27, 0.21), ('s', 23, -0.01), ('p', 47, 0.06), ('s', 47, 0.14), ('p', 91, 0.05), ('s', 86, -0.07)] [8s]
tel_L40_s9                 [tel] t1 преф [23.8, 22.1, 22.0, 19.0] N_c преф [19, 40, 81, 180] N_true [23, 50, 105, 220] t1_full 19 | пары [('p', 19, -0.11), ('s', 24, 0.06), ('p', 40, -0.0), ('s', 46, -0.12), ('p', 81, -0.21), ('s', 99, 0.23)] [9s]
tel_L80_s0                 [tel] t1 преф [37.9, 43.1, 36.1, 35.9] N_c преф [12, 21, 49, 101] N_true [12, 23, 53, 109] t1_full 36 | пары [('p', 12, 0.18), ('s', 14, 0.14), ('p', 21, -0.25), ('s', 24, -0.21), ('p', 49, -0.01), ('s', 52, -0.01)] [9s]
tel_L80_s1                 [tel] t1 преф [161.0, 82.4, 47.5, 43.9] N_c преф [3, 11, 39, 84] N_true [3, 11, 43, 92] t1_full 44 | пары [('p', 3, -0.97), ('s', 11, -0.0), ('p', 11, -0.8), ('s', 22, -0.02), ('p', 39, -0.12), ('s', 45, 0.1)] [9s]
tel_L80_s2                 [tel] t1 преф [23.7, 34.9, 34.2, 33.6] N_c преф [18, 25, 52, 107] N_true [20, 27, 54, 115] t1_full 34 | пары [('p', 18, 0.56), ('s', 10, 0.02), ('p', 25, -0.03), ('s', 22, -0.3), ('p', 52, -0.03), ('s', 55, 0.13)] [10s]
tel_L80_s3                 [tel] t1 преф [29.4, 27.9, 31.2, 37.4] N_c преф [13, 29, 56, 97] N_true [13, 29, 60, 107] t1_full 37 | пары [('p', 13, -0.07), ('s', 12, 0.18), ('p', 29, 0.16), ('s', 22, 0.14), ('p', 56, 0.26), ('s', 41, -0.3)] [10s]
tel_L80_s4                 [tel] t1 преф [57.5, 55.3, 54.6, 46.3] N_c преф [8, 16, 33, 78] N_true [10, 18, 39, 94] t1_full 46 | пары [('p', 8, -0.06), ('s', 7, -0.63), ('p', 16, -0.02), ('s', 21, -0.12), ('p', 33, -0.24), ('s', 45, 0.21)] [10s]
tel_L80_s5                 [tel] t1 преф [34.6, 39.8, 33.2, 32.0] N_c преф [13, 23, 54, 109] N_true [13, 25, 64, 131] t1_full 32 | пары [('p', 13, 0.2), ('s', 18, 0.15), ('p', 23, -0.26), ('s', 30, 0.21), ('p', 54, -0.05), ('s', 55, 0.09)] [10s]
tel_L80_s6                 [tel] t1 преф [18.0, 31.6, 35.3, 34.5] N_c преф [25, 29, 55, 108] N_true [25, 31, 57, 112] t1_full 34 | пары [('p', 25, 0.81), ('s', 18, -0.0), ('p', 29, 0.16), ('s', 36, 0.48), ('p', 55, -0.03), ('s', 53, 0.03)] [11s]
tel_L80_s7                 [tel] t1 преф [42.8, 43.3, 45.6, 39.7] N_c преф [10, 21, 40, 92] N_true [12, 25, 46, 104] t1_full 40 | пары [('p', 10, 0.02), ('s', 11, -0.05), ('p', 21, 0.08), ('s', 25, -0.07), ('p', 40, -0.2), ('s', 52, 0.21)] [11s]
tel_L80_s8                 [tel] t1 преф [34.5, 45.2, 46.1, 50.3] N_c преф [13, 20, 39, 74] N_true [15, 24, 43, 82] t1_full 50 | пары [('p', 13, 0.39), ('s', 9, 0.19), ('p', 20, 0.03), ('s', 17, -0.03), ('p', 39, 0.13), ('s', 35, -0.06)] [11s]
tel_L80_s9                 [tel] t1 преф [32.0, 39.8, 37.7, 36.4] N_c преф [13, 23, 48, 100] N_true [13, 23, 52, 106] t1_full 36 | пары [('p', 13, 0.31), ('s', 12, -0.13), ('p', 23, -0.08), ('s', 26, 0.03), ('p', 48, -0.05), ('s', 52, 0.05)] [12s]
tel_L160_s0                [tel] t1 преф [99.3, 78.0, 88.4, 76.5] N_c преф [4, 10, 20, 46] N_true [4, 10, 20, 46] t1_full 76 | пары [('p', 4, -0.35), ('s', 5, 1.22), ('p', 10, 0.18), ('s', 12, -0.05), ('p', 20, -0.21), ('s', 26, 0.18)] [12s]
tel_L160_s1                [tel] t1 преф [63.3, 61.9, 71.6, 96.2] N_c преф [7, 14, 24, 40] N_true [7, 14, 24, 40] t1_full 96 | пары [('p', 7, -0.03), ('s', 8, 0.57), ('p', 14, 0.21), ('s', 10, 0.37), ('p', 24, 0.43), ('s', 16, -0.23)] [12s]
tel_L160_s2                [tel] t1 преф [76.1, 85.7, 80.2, 67.1] N_c преф [6, 11, 22, 55] N_true [8, 13, 26, 61] t1_full 67 | пары [('p', 6, 0.17), ('s', 7, 0.08), ('p', 11, -0.09), ('s', 13, -0.33), ('p', 22, -0.26), ('s', 32, 0.24)] [13s]
tel_L160_s3                [tel] t1 преф [67.1, 95.5, 90.6, 101.4] N_c преф [7, 10, 21, 38] N_true [7, 10, 21, 38] t1_full 101 | пары [('p', 7, 0.51), ('s', 5, 0.25), ('p', 10, -0.08), ('s', 9, 0.1), ('p', 21, 0.16), ('s', 17, -0.11)] [13s]
tel_L160_s4                [tel] t1 преф [48.3, 77.2, 84.3, 85.3] N_c преф [5, 10, 21, 45] N_true [5, 10, 21, 45] t1_full 85 | пары [('p', 5, 0.68), ('s', 3, -1.22), ('p', 10, 0.13), ('s', 12, 0.39), ('p', 21, 0.02), ('s', 24, 0.11)] [13s]
tel_L160_s5                [tel] t1 преф [76.4, 64.1, 66.5, 77.7] N_c преф [5, 13, 28, 47] N_true [5, 13, 28, 49] t1_full 78 | пары [('p', 5, -0.25), ('s', 3, 0.68), ('p', 13, 0.05), ('s', 8, -0.13), ('p', 28, 0.22), ('s', 19, -0.26)] [14s]
tel_L160_s6                [tel] t1 преф [87.3, 87.4, 113.7, 95.8] N_c преф [3, 11, 17, 40] N_true [5, 13, 19, 44] t1_full 96 | пары [('p', 3, 0.0), ('s', 2, -0.89), ('p', 11, 0.38), ('s', 8, -0.53), ('p', 17, -0.25), ('s', 23, 0.2)] [14s]
tel_L160_s7                [tel] t1 преф [87.2, 67.7, 65.0, 81.5] N_c преф [5, 13, 27, 47] N_true [5, 13, 27, 47] t1_full 81 | пары [('p', 5, -0.37), ('s', 7, 0.27), ('p', 13, -0.06), ('s', 12, 0.13), ('p', 27, 0.33), ('s', 20, -0.07)] [15s]
tel_L160_s8                [tel] t1 преф [50.2, 48.7, 79.7, 71.2] N_c преф [9, 17, 23, 52] N_true [9, 17, 23, 52] t1_full 71 | пары [('p', 9, -0.04), ('s', 11, 0.67), ('p', 17, 0.71), ('s', 18, 0.21), ('p', 23, -0.16), ('s', 29, 0.15)] [15s]
tel_L160_s9                [tel] t1 преф [167.8, 66.7, 83.4, 83.5] N_c преф [2, 14, 23, 46] N_true [4, 16, 25, 48] t1_full 83 | пары [('p', 2, -1.33), ('s', 7, -0.13), ('p', 14, 0.32), ('s', 16, 0.51), ('p', 23, 0.0), ('s', 23, 0.02)] [15s]
tel_L320_s0                [tel] t1 преф [123.2, 186.9, 227.4, 132.4] N_c преф [4, 4, 8, 25] N_true [4, 4, 8, 25] t1_full 132 | пары [('p', 4, 0.6), ('s', 7, 0.68), ('p', 4, 0.28), ('s', 11, 0.26), ('p', 8, -0.78), ('s', 17, 0.67)] [16s]
tel_L320_s1                [tel] t1 преф [1.1, 96.5, 171.5, 160.4] N_c преф [1, 3, 10, 24] N_true [1, 3, 10, 24] t1_full 160 | пары [('p', 1, 6.44), ('s', 8, 0.6), ('p', 3, 0.83), ('s', 9, 0.69), ('p', 10, -0.1), ('s', 14, 0.2)] [16s]
tel_L320_s2                [tel] t1 преф [21.4, 147.1, 167.8, 139.5] N_c преф [3, 6, 11, 28] N_true [3, 6, 11, 28] t1_full 139 | пары [('p', 3, 2.78), ('s', 3, 1.19), ('p', 6, 0.19), ('s', 6, -0.43), ('p', 11, -0.27), ('s', 17, 0.31)] [16s]
tel_L320_s3                [tel] t1 преф [1.3, 160.5, 113.8, 144.3] N_c преф [0, 6, 16, 25] N_true [0, 6, 16, 27] t1_full 144 | пары [('p', 0, 6.91), ('s', 0, 4.69), ('p', 6, -0.5), ('s', 2, 1.44), ('p', 16, 0.34), ('s', 9, 0.91)] [17s]
tel_L320_s4                [tel] t1 преф [172.3, 194.0, 246.3, 176.8] N_c преф [2, 5, 8, 21] N_true [4, 7, 10, 23] t1_full 177 | пары [('p', 2, 0.17), ('s', 1, 6.99), ('p', 5, 0.34), ('s', 6, -0.16), ('p', 8, -0.48), ('s', 13, 0.45)] [17s]
tel_L320_s5                [tel] t1 преф [1.2, 183.3, 220.1, 147.1] N_c преф [1, 3, 8, 26] N_true [1, 5, 10, 28] t1_full 147 | пары [('p', 1, 7.22), ('s', 3, -0.32), ('p', 3, 0.26), ('s', 10, 0.2), ('p', 8, -0.58), ('s', 18, 0.46)] [18s]
tel_L320_s6                [tel] t1 преф [89.6, 65.3, 99.0, 124.0] N_c преф [2, 8, 17, 31] N_true [2, 8, 17, 31] t1_full 124 | пары [('p', 2, -0.46), ('s', 4, 0.05), ('p', 8, 0.6), ('s', 6, 0.13), ('p', 17, 0.32), ('s', 14, -0.15)] [18s]
tel_L320_s7                [tel] t1 преф [80.0, 121.3, 134.7, 148.8] N_c преф [5, 8, 14, 25] N_true [5, 8, 14, 25] t1_full 149 | пары [('p', 5, 0.6), ('s', 3, -0.1), ('p', 8, 0.15), ('s', 7, 0.31), ('p', 14, 0.14), ('s', 11, -0.17)] [18s]
tel_L320_s8                [tel] t1 преф [117.7, 140.9, 192.5, 154.5] N_c преф [4, 7, 9, 21] N_true [4, 7, 9, 21] t1_full 154 | пары [('p', 4, 0.26), ('s', 2, 1.11), ('p', 7, 0.45), ('s', 4, -0.85), ('p', 9, -0.32), ('s', 12, 0.32)] [19s]
tel_L320_s9                [tel] t1 преф [102.2, 65.2, 94.7, 110.6] N_c преф [3, 12, 18, 32] N_true [3, 12, 18, 32] t1_full 111 | пары [('p', 3, -0.65), ('s', 4, 0.35), ('p', 12, 0.54), ('s', 6, -0.21), ('p', 18, 0.22), ('s', 14, -0.26)] [19s]
tel_L640_s0                [tel] t1 преф [1.3, 140.1, 159.9, 306.4] N_c преф [1, 6, 8, 13] N_true [1, 6, 8, 13] t1_full 306 | пары [('p', 1, 6.77), ('s', 2, 0.26), ('p', 6, 0.19), ('s', 2, 0.19), ('p', 8, 0.94), ('s', 5, 0.21)] [20s]
tel_L640_s1                [tel] t1 преф [84.1, 107.3, 253.9, 263.5] N_c преф [5, 6, 7, 15] N_true [5, 6, 7, 15] t1_full 263 | пары [('p', 5, 0.35), ('s', 1, 0.02), ('p', 6, 1.24), ('s', 1, 7.52), ('p', 7, 0.05), ('s', 8, 0.38)] [20s]
tel_L640_s2                [tel] t1 преф [157.4, 338.3, 330.7, 363.1] N_c преф [2, 3, 6, 11] N_true [2, 3, 6, 11] t1_full 363 | пары [('p', 2, 1.1), ('s', 2, -0.04), ('p', 3, -0.03), ('s', 3, 1.67), ('p', 6, 0.13), ('s', 5, -0.15)] [20s]
tel_L640_s3                [tel] t1 преф [1.3, 1.1, 1.0, 664.8] N_c преф [0, 0, 1, 6] N_true [0, 0, 3, 8] t1_full 665 | пары [('p', 0, -0.2), ('s', 1, -0.0), ('p', 0, -0.13), ('s', 1, 8.45), ('p', 1, 9.37), ('s', 5, 0.73)] [21s]
tel_L640_s4                [tel] t1 преф [187.1, 318.1, 285.0, 233.8] N_c преф [2, 3, 6, 17] N_true [2, 3, 6, 17] t1_full 234 | пары [('p', 2, 0.77), ('s', 4, 0.8), ('p', 3, -0.16), ('s', 6, 0.06), ('p', 6, -0.29), ('s', 11, 0.58)] [21s]
tel_L640_s5                [tel] t1 преф [1.1, 188.7, 215.8, 230.5] N_c преф [1, 5, 9, 16] N_true [1, 5, 9, 16] t1_full 231 | пары [('p', 1, 7.42), ('s', 1, 6.83), ('p', 5, 0.19), ('s', 6, 0.62), ('p', 9, 0.1), ('s', 7, -0.05)] [22s]
tel_L640_s6                [tel] t1 преф [57.7, 104.4, 197.7, 296.7] N_c преф [2, 6, 8, 13] N_true [2, 6, 8, 13] t1_full 297 | пары [('p', 2, 0.85), ('s', 3, 0.61), ('p', 6, 0.92), ('s', 4, 0.78), ('p', 8, 0.59), ('s', 5, -0.41)] [22s]
tel_L640_s7                [tel] t1 преф [59.3, 304.5, 569.2, 533.0] N_c преф [2, 3, 3, 7] N_true [2, 3, 3, 7] t1_full 533 | пары [('p', 2, 2.36), ('s', 1, 8.53), ('p', 3, 0.9), ('s', 2, 0.25), ('p', 3, -0.09), ('s', 4, 0.12)] [22s]
tel_L640_s8                [tel] t1 преф [120.9, 97.7, 174.8, 284.0] N_c преф [3, 7, 11, 14] N_true [3, 7, 11, 14] t1_full 284 | пары [('p', 3, -0.31), ('s', 0, -0.41), ('p', 7, 0.84), ('s', 1, 9.11), ('p', 11, 0.7), ('s', 3, -1.07)] [23s]
tel_L640_s9                [tel] t1 преф [1.0, 492.7, 384.9, 370.1] N_c преф [1, 2, 5, 10] N_true [1, 2, 5, 10] t1_full 370 | пары [('p', 1, 8.91), ('s', 1, 6.17), ('p', 2, -0.36), ('s', 2, 0.85), ('p', 5, -0.06), ('s', 5, 1.18)] [23s]
tel_L1280_s0               [tel] t1 преф [78.0, 189.5, 236.4, 281.9] N_c преф [3, 5, 7, 14] N_true [3, 5, 7, 14] t1_full 282 | пары [('p', 3, 1.28), ('s', 2, 0.05), ('p', 5, 0.32), ('s', 4, -0.17), ('p', 7, 0.25), ('s', 7, 0.38)] [24s]
tel_L1280_s1               [tel] t1 преф [1.2, 1.1, 0.9, 0.9] N_c преф [0, 0, 28, 1051] N_true [0, 0, 1, 1] t1_full 1 | пары [('p', 0, -0.12), ('s', 275, -0.34), ('p', 0, -0.24), ('s', 527, -0.4), ('p', 28, 0.04), ('s', 1022, 0.2)] [24s]
tel_L1280_s2               [tel] t1 преф [1.0, 1.0, 878.5, 791.7] N_c преф [1, 1, 2, 5] N_true [1, 1, 2, 5] t1_full 792 | пары [('p', 1, -0.04), ('s', 1, -0.02), ('p', 1, 9.77), ('s', 1, 9.17), ('p', 2, -0.15), ('s', 3, 0.23)] [24s]
tel_L1280_s3               [tel] t1 преф [1.1, 0.9, 927.5, 610.3] N_c преф [0, 1, 2, 4] N_true [0, 1, 2, 4] t1_full 610 | пары [('p', 0, -0.27), ('s', 0, -0.18), ('p', 1, 9.95), ('s', 0, 5.31), ('p', 2, -0.6), ('s', 2, 3.87)] [25s]
tel_L1280_s4               [tel] t1 преф [1.1, 1.0, 458.7, 972.6] N_c преф [1, 1, 3, 4] N_true [1, 1, 3, 4] t1_full 973 | пары [('p', 1, -0.13), ('s', 0, -0.14), ('p', 1, 8.84), ('s', 0, 0.0), ('p', 3, 1.08), ('s', 1, 9.98)] [25s]
tel_L1280_s5               [tel] t1 преф [1.2, 1.0, 1.0, 859.7] N_c преф [0, 0, 1, 3] N_true [0, 0, 1, 3] t1_full 860 | пары [('p', 0, -0.25), ('s', 1, 0.06), ('p', 0, 0.1), ('s', 1, 9.42), ('p', 1, 9.7), ('s', 2, 0.14)] [26s]
tel_L1280_s6               [tel] t1 преф [1.6, 1.1, 989.5, 998.1] N_c преф [1, 1, 2, 4] N_true [1, 1, 2, 4] t1_full 998 | пары [('p', 1, -0.46), ('s', 0, -0.31), ('p', 1, 9.77), ('s', 1, 9.73), ('p', 2, 0.01), ('s', 2, 0.02)] [26s]
tel_L1280_s7               [tel] t1 преф [1.2, 1.2, 1.0, 730.8] N_c преф [0, 0, 1, 5] N_true [0, 0, 1, 5] t1_full 731 | пары [('p', 0, 0.06), ('s', 0, -0.18), ('p', 0, -0.31), ('s', 1, 8.81), ('p', 1, 9.54), ('s', 4, 0.6)] [26s]
tel_L1280_s8               [tel] t1 преф [161.1, 156.6, 183.7, 432.9] N_c преф [3, 5, 5, 8] N_true [3, 5, 5, 8] t1_full 433 | пары [('p', 3, -0.04), ('s', 1, 7.94), ('p', 5, 0.23), ('s', 2, 1.25), ('p', 5, 1.24), ('s', 3, -0.65)] [27s]
tel_L1280_s9               [tel] t1 преф [1.2, 1.1, 424.0, 643.0] N_c преф [1, 1, 4, 6] N_true [1, 1, 4, 6] t1_full 643 | пары [('p', 1, -0.08), ('s', 0, -0.02), ('p', 1, 8.54), ('s', 1, 9.83), ('p', 4, 0.6), ('s', 2, -0.64)] [27s]
tel_L2560_s0               [tel] t1 преф [1.3, 1.0, 0.8, 0.8] N_c преф [0, 0, 97, 1290] N_true [0, 0, 1, 1] t1_full 1 | пары [('p', 0, -0.31), ('s', 289, -0.26), ('p', 0, -0.31), ('s', 589, 0.17), ('p', 97, -0.06), ('s', 1193, -0.35)] [28s]
tel_L2560_s1               [tel] t1 преф [1.3, 2.4, 122.4, 343.9] N_c преф [0, 2, 4, 6] N_true [0, 2, 4, 6] t1_full 344 | пары [('p', 0, 0.96), ('s', 2, 3.72), ('p', 2, 5.65), ('s', 2, 0.54), ('p', 4, 1.49), ('s', 2, -1.08)] [28s]
tel_L2560_s2               [tel] t1 преф [1.1, 396.7, 919.7, 573.7] N_c преф [1, 2, 2, 6] N_true [1, 2, 2, 6] t1_full 574 | пары [('p', 1, 8.47), ('s', 1, 8.91), ('p', 2, 1.21), ('s', 2, -0.36), ('p', 2, -0.68), ('s', 4, 0.55)] [28s]
tel_L2560_s3               [tel] t1 преф [1.3, 1.1, 1.1, 1853.2] N_c преф [0, 1, 1, 2] N_true [0, 1, 1, 2] t1_full 1853 | пары [('p', 0, -0.24), ('s', 0, -0.58), ('p', 1, 0.09), ('s', 0, 0.05), ('p', 1, 10.68), ('s', 1, 10.93)] [29s]
tel_L2560_s4               [tel] t1 преф [1.3, 1.1, 1.1, 804.9] N_c преф [0, 1, 1, 5] N_true [0, 1, 1, 5] t1_full 805 | пары [('p', 0, -0.21), ('s', 3, 0.86), ('p', 1, -0.01), ('s', 3, 0.71), ('p', 1, 9.52), ('s', 4, 0.74)] [29s]
tel_L2560_s5               [tel] t1 преф [1.2, 1.1, 677.6, 1027.1] N_c преф [0, 1, 3, 3] N_true [0, 1, 3, 3] t1_full 1027 | пары [('p', 0, -0.16), ('s', 0, -0.18), ('p', 1, 9.25), ('s', 0, 0.08), ('p', 3, 0.6), ('s', 0, 9.97)] [30s]
tel_L2560_s6               [tel] t1 преф [1.4, 1.1, 1.0, 1995.0] N_c преф [0, 1, 1, 2] N_true [0, 1, 1, 2] t1_full 1995 | пары [('p', 0, -0.38), ('s', 0, -0.15), ('p', 1, -0.07), ('s', 0, -0.43), ('p', 1, 10.94), ('s', 1, 10.92)] [30s]
tel_L2560_s7               [tel] t1 преф [1.4, 1.1, 1.0, 1400.3] N_c преф [0, 0, 0, 2] N_true [0, 0, 0, 2] t1_full 1400 | пары [('p', 0, -0.29), ('s', 1, -0.48), ('p', 0, -0.2), ('s', 1, 10.01), ('p', 0, 10.47), ('s', 2, 0.5)] [31s]
tel_L2560_s8               [tel] t1 преф [1.2, 1.0, 1.0, 1032.4] N_c преф [0, 0, 0, 2] N_true [0, 0, 0, 2] t1_full 1032 | пары [('p', 0, -0.28), ('s', 0, -0.2), ('p', 0, 0.04), ('s', 0, 9.64), ('p', 0, 9.96), ('s', 2, 0.29)] [31s]
tel_L2560_s9               [tel] t1 преф [1.1, 1.1, 680.0, 802.8] N_c преф [0, 0, 2, 5] N_true [0, 0, 2, 5] t1_full 803 | пары [('p', 0, -0.04), ('s', 0, -0.31), ('p', 0, 9.33), ('s', 1, 8.87), ('p', 2, 0.24), ('s', 3, 0.71)] [32s]
hier_L80_s0                [hier] t1 преф [8.7, 8.0, 8.2, 8.0] N_c преф [19, 34, 64, 127] N_true [16, 27, 55, 106] t1_full 8 | пары [('p', 19, -0.12), ('s', 15, 0.24), ('p', 34, 0.04), ('s', 32, 0.02), ('p', 64, -0.03), ('s', 63, 0.02)] [32s]
hier_L80_s1                [hier] t1 преф [8.5, 9.6, 8.4, 8.4] N_c преф [5, 13, 32, 67] N_true [7, 17, 48, 91] t1_full 8 | пары [('p', 5, 0.17), ('s', 9, -0.28), ('p', 13, -0.19), ('s', 20, -0.12), ('p', 32, 0.0), ('s', 35, 0.03)] [32s]
hier_L80_s2                [hier] t1 преф [9.5, 8.8, 8.1, 7.9] N_c преф [7, 25, 76, 151] N_true [11, 21, 44, 89] t1_full 8 | пары [('p', 7, -0.12), ('s', 19, -0.13), ('p', 25, -0.12), ('s', 41, -0.06), ('p', 76, -0.03), ('s', 74, 0.12)] [32s]
hier_L80_s3                [hier] t1 преф [10.4, 9.5, 9.4, 8.9] N_c преф [12, 19, 40, 75] N_true [14, 28, 52, 97] t1_full 9 | пары [('p', 12, -0.13), ('s', 11, -0.15), ('p', 19, -0.02), ('s', 19, 0.1), ('p', 40, -0.08), ('s', 35, 0.1)] [33s]
hier_L80_s4                [hier] t1 преф [7.8, 7.3, 7.7, 8.1] N_c преф [9, 16, 33, 74] N_true [13, 21, 43, 90] t1_full 8 | пары [('p', 9, -0.11), ('s', 8, -0.25), ('p', 16, 0.08), ('s', 19, -0.05), ('p', 33, 0.07), ('s', 41, -0.03)] [33s]
hier_L80_s5                [hier] t1 преф [7.8, 8.6, 8.7, 8.3] N_c преф [9, 20, 38, 68] N_true [11, 28, 52, 94] t1_full 8 | пары [('p', 9, 0.14), ('s', 7, -0.05), ('p', 20, 0.02), ('s', 14, 0.07), ('p', 38, -0.08), ('s', 30, 0.16)] [33s]
hier_L80_s6                [hier] t1 преф [7.9, 8.7, 8.3, 8.6] N_c преф [6, 14, 38, 71] N_true [6, 20, 48, 99] t1_full 9 | пары [('p', 6, 0.14), ('s', 10, -0.11), ('p', 14, -0.07), ('s', 18, 0.16), ('p', 38, 0.06), ('s', 33, -0.07)] [33s]
hier_L80_s7                [hier] t1 преф [5.8, 9.0, 8.7, 8.4] N_c преф [13, 21, 42, 93] N_true [15, 27, 56, 111] t1_full 8 | пары [('p', 13, 0.63), ('s', 11, 0.13), ('p', 21, -0.05), ('s', 24, -0.06), ('p', 42, -0.05), ('s', 51, 0.13)] [34s]
hier_L80_s8                [hier] t1 преф [6.4, 6.9, 7.8, 7.9] N_c преф [9, 18, 35, 68] N_true [9, 24, 47, 104] t1_full 8 | пары [('p', 9, 0.11), ('s', 11, 0.01), ('p', 18, 0.18), ('s', 20, -0.01), ('p', 35, 0.02), ('s', 33, -0.04)] [34s]
hier_L80_s9                [hier] t1 преф [7.9, 9.5, 9.0, 8.8] N_c преф [9, 18, 44, 72] N_true [15, 25, 50, 84] t1_full 9 | пары [('p', 9, 0.26), ('s', 3, 0.21), ('p', 18, -0.08), ('s', 13, -0.01), ('p', 44, -0.03), ('s', 28, 0.05)] [34s]
hier_L160_s0               [hier] t1 преф [9.3, 10.3, 10.2, 10.4] N_c преф [16, 18, 42, 88] N_true [7, 11, 25, 56] t1_full 10 | пары [('p', 16, 0.14), ('s', 8, -0.08), ('p', 18, -0.01), ('s', 21, -0.06), ('p', 42, 0.03), ('s', 46, -0.09)] [35s]
hier_L160_s1               [hier] t1 преф [14.0, 12.8, 10.0, 11.1] N_c преф [4, 7, 20, 36] N_true [8, 11, 26, 47] t1_full 11 | пары [('p', 4, -0.13), ('s', 5, 0.01), ('p', 7, -0.35), ('s', 10, -0.16), ('p', 20, 0.15), ('s', 16, -0.16)] [35s]
hier_L160_s2               [hier] t1 преф [23.8, 14.3, 11.6, 11.6] N_c преф [5, 12, 21, 37] N_true [5, 14, 29, 55] t1_full 12 | пары [('p', 5, -0.73), ('s', 8, -0.11), ('p', 12, -0.3), ('s', 12, -0.0), ('p', 21, -0.01), ('s', 16, 0.01)] [35s]
hier_L160_s3               [hier] t1 преф [11.7, 10.7, 10.5, 11.0] N_c преф [3, 10, 15, 30] N_true [6, 12, 22, 44] t1_full 11 | пары [('p', 3, -0.13), ('s', 3, -0.07), ('p', 10, -0.03), ('s', 5, -0.06), ('p', 15, 0.06), ('s', 15, -0.06)] [35s]
hier_L160_s4               [hier] t1 преф [9.3, 11.3, 12.2, 12.7] N_c преф [8, 11, 24, 50] N_true [6, 15, 30, 64] t1_full 13 | пары [('p', 8, 0.28), ('s', 6, 0.3), ('p', 11, 0.11), ('s', 13, -0.21), ('p', 24, 0.05), ('s', 26, 0.05)] [36s]
hier_L160_s5               [hier] t1 преф [14.8, 13.2, 11.4, 11.5] N_c преф [4, 5, 15, 35] N_true [4, 7, 23, 47] t1_full 12 | пары [('p', 4, -0.16), ('s', 6, -0.09), ('p', 5, -0.21), ('s', 14, -0.04), ('p', 15, 0.01), ('s', 20, 0.07)] [36s]
hier_L160_s6               [hier] t1 преф [12.4, 11.4, 11.2, 11.2] N_c преф [7, 11, 24, 38] N_true [8, 13, 26, 46] t1_full 11 | пары [('p', 7, -0.11), ('s', 3, -0.27), ('p', 11, -0.03), ('s', 6, 0.15), ('p', 24, 0.0), ('s', 14, -0.06)] [36s]
hier_L160_s7               [hier] t1 преф [12.7, 14.2, 12.0, 12.4] N_c преф [9, 14, 23, 42] N_true [11, 16, 26, 48] t1_full 12 | пары [('p', 9, 0.16), ('s', 6, -0.64), ('p', 14, -0.24), ('s', 12, 0.38), ('p', 23, 0.05), ('s', 19, -0.05)] [36s]
hier_L160_s8               [hier] t1 преф [10.5, 11.2, 10.8, 11.6] N_c преф [6, 13, 28, 49] N_true [12, 19, 41, 67] t1_full 12 | пары [('p', 6, 0.1), ('s', 8, 0.09), ('p', 13, -0.05), ('s', 10, -0.03), ('p', 28, 0.1), ('s', 20, -0.12)] [37s]
hier_L160_s9               [hier] t1 преф [12.9, 11.7, 10.9, 12.1] N_c преф [5, 8, 12, 29] N_true [7, 10, 18, 39] t1_full 12 | пары [('p', 5, -0.15), ('s', 4, -0.28), ('p', 8, -0.09), ('s', 8, 0.08), ('p', 12, 0.15), ('s', 17, -0.15)] [37s]
hier_L320_s0               [hier] t1 преф [22.2, 22.2, 19.8, 19.4] N_c преф [4, 4, 8, 15] N_true [4, 8, 16, 29] t1_full 19 | пары [('p', 4, -0.01), ('s', 1, -0.04), ('p', 4, -0.17), ('s', 3, -0.08), ('p', 8, -0.03), ('s', 7, 0.01)] [37s]
hier_L320_s1               [hier] t1 преф [17.2, 15.8, 15.5, 17.0] N_c преф [3, 7, 12, 24] N_true [3, 7, 14, 28] t1_full 17 | пары [('p', 3, -0.12), ('s', 1, 0.14), ('p', 7, -0.03), ('s', 5, -0.18), ('p', 12, 0.14), ('s', 12, -0.2)] [37s]
hier_L320_s2               [hier] t1 преф [13.8, 18.7, 17.7, 19.0] N_c преф [3, 6, 12, 20] N_true [3, 6, 13, 20] t1_full 19 | пары [('p', 3, 0.44), ('s', 3, 0.25), ('p', 6, -0.08), ('s', 3, -0.37), ('p', 12, 0.1), ('s', 8, 0.02)] [38s]
hier_L320_s3               [hier] t1 преф [17.1, 18.9, 19.7, 19.6] N_c преф [1, 6, 10, 18] N_true [3, 6, 10, 20] t1_full 20 | пары [('p', 1, 0.15), ('s', 3, 0.76), ('p', 6, 0.06), ('s', 5, -0.08), ('p', 10, -0.0), ('s', 8, -0.01)] [38s]
hier_L320_s4               [hier] t1 преф [16.3, 16.8, 16.4, 18.9] N_c преф [4, 6, 9, 16] N_true [4, 6, 9, 24] t1_full 19 | пары [('p', 4, 0.05), ('s', 1, 0.44), ('p', 6, -0.04), ('s', 3, 0.2), ('p', 9, 0.21), ('s', 7, -0.25)] [38s]
hier_L320_s5               [hier] t1 преф [35.1, 20.3, 20.5, 19.7] N_c преф [1, 2, 6, 17] N_true [1, 3, 8, 19] t1_full 20 | пары [('p', 1, -0.79), ('s', 3, 0.13), ('p', 2, 0.01), ('s', 6, 0.01), ('p', 6, -0.06), ('s', 11, 0.06)] [38s]
hier_L320_s6               [hier] t1 преф [13.5, 12.9, 13.7, 16.1] N_c преф [4, 4, 7, 16] N_true [4, 7, 9, 18] t1_full 16 | пары [('p', 4, -0.07), ('s', 3, 0.11), ('p', 4, 0.08), ('s', 4, -0.17), ('p', 7, 0.23), ('s', 9, -0.21)] [39s]
hier_L320_s7               [hier] t1 преф [15.1, 17.0, 17.4, 18.2] N_c преф [4, 9, 15, 25] N_true [4, 11, 17, 33] t1_full 18 | пары [('p', 4, 0.17), ('s', 1, -0.12), ('p', 9, 0.03), ('s', 2, -0.03), ('p', 15, 0.07), ('s', 10, -0.1)] [39s]
hier_L320_s8               [hier] t1 преф [20.8, 19.5, 16.8, 18.0] N_c преф [2, 3, 4, 13] N_true [4, 5, 8, 19] t1_full 18 | пары [('p', 2, -0.09), ('s', 4, 0.2), ('p', 3, -0.21), ('s', 6, 0.06), ('p', 4, 0.1), ('s', 9, -0.09)] [39s]
hier_L320_s9               [hier] t1 преф [24.7, 26.3, 23.6, 20.5] N_c преф [1, 3, 6, 12] N_true [1, 5, 10, 22] t1_full 20 | пары [('p', 1, 0.09), ('s', 2, -0.36), ('p', 3, -0.16), ('s', 2, 0.0), ('p', 6, -0.21), ('s', 6, 0.14)] [39s]
hier_L640_s0               [hier] t1 преф [31.6, 40.8, 38.9, 31.5] N_c преф [3, 4, 5, 12] N_true [3, 4, 7, 14] t1_full 32 | пары [('p', 3, 0.37), ('s', 0, 0.36), ('p', 4, -0.07), ('s', 2, -0.09), ('p', 5, -0.3), ('s', 7, 0.34)] [40s]
hier_L640_s1               [hier] t1 преф [51.5, 47.2, 55.9, 45.1] N_c преф [2, 2, 5, 16] N_true [4, 4, 7, 15] t1_full 45 | пары [('p', 2, -0.13), ('s', 3, 1.09), ('p', 2, 0.25), ('s', 6, 0.27), ('p', 5, -0.31), ('s', 11, 0.33)] [40s]
hier_L640_s2               [hier] t1 преф [33.2, 53.6, 52.1, 43.9] N_c преф [1, 3, 6, 11] N_true [3, 5, 9, 14] t1_full 44 | пары [('p', 1, 0.69), ('s', 2, -0.41), ('p', 3, -0.04), ('s', 4, -0.03), ('p', 6, -0.25), ('s', 5, 0.68)] [40s]
hier_L640_s3               [hier] t1 преф [45.6, 36.2, 35.4, 30.7] N_c преф [2, 4, 7, 11] N_true [2, 4, 7, 11] t1_full 31 | пары [('p', 2, -0.34), ('s', 0, -0.08), ('p', 4, -0.03), ('s', 0, 0.44), ('p', 7, -0.21), ('s', 4, 0.26)] [41s]
hier_L640_s4               [hier] t1 преф [22.0, 49.0, 28.1, 26.2] N_c преф [0, 1, 2, 5] N_true [0, 1, 4, 10] t1_full 26 | пары [('p', 0, 1.16), ('s', 1, 0.16), ('p', 1, -0.8), ('s', 1, 0.16), ('p', 2, -0.1), ('s', 3, 0.02)] [41s]
hier_L640_s5               [hier] t1 преф [43.7, 23.2, 28.5, 30.6] N_c преф [1, 4, 8, 11] N_true [1, 4, 8, 11] t1_full 31 | пары [('p', 1, -0.92), ('s', 1, 0.4), ('p', 4, 0.3), ('s', 2, -0.2), ('p', 8, 0.1), ('s', 3, 0.05)] [41s]
hier_L640_s6               [hier] t1 преф [29.2, 21.5, 23.2, 30.6] N_c преф [1, 1, 2, 7] N_true [3, 3, 5, 9] t1_full 31 | пары [('p', 1, -0.44), ('s', 1, -0.55), ('p', 1, 0.11), ('s', 2, -0.33), ('p', 2, 0.4), ('s', 5, -0.37)] [41s]
hier_L640_s7               [hier] t1 преф [65.2, 51.6, 42.9, 35.9] N_c преф [1, 4, 7, 9] N_true [1, 4, 9, 11] t1_full 36 | пары [('p', 1, -0.34), ('s', 1, 0.09), ('p', 4, -0.27), ('s', 2, -0.05), ('p', 7, -0.26), ('s', 2, 0.36)] [42s]
hier_L640_s8               [hier] t1 преф [45.7, 46.2, 32.7, 34.5] N_c преф [1, 2, 3, 6] N_true [3, 4, 9, 14] t1_full 35 | пары [('p', 1, 0.02), ('s', 0, 0.27), ('p', 2, -0.5), ('s', 1, -0.33), ('p', 3, 0.08), ('s', 3, -0.03)] [42s]
hier_L640_s9               [hier] t1 преф [20.5, 64.3, 44.1, 45.6] N_c преф [1, 3, 4, 13] N_true [1, 3, 7, 15] t1_full 46 | пары [('p', 1, 1.65), ('s', 3, -0.06), ('p', 3, -0.54), ('s', 5, 0.1), ('p', 4, 0.05), ('s', 9, 0.0)] [42s]
hier_L1280_s0              [hier] t1 преф [54.5, 70.0, 61.7, 66.7] N_c преф [1, 1, 3, 7] N_true [1, 1, 3, 7] t1_full 67 | пары [('p', 1, 0.36), ('s', 2, 0.21), ('p', 1, -0.18), ('s', 3, 0.46), ('p', 3, 0.11), ('s', 4, -0.47)] [42s]
hier_L1280_s1              [hier] t1 преф [53.7, 37.1, 49.3, 54.2] N_c преф [1, 2, 2, 3] N_true [1, 2, 2, 3] t1_full 54 | пары [('p', 1, -0.53), ('s', 0, -0.42), ('p', 2, 0.41), ('s', 0, 0.3), ('p', 2, 0.14), ('s', 1, 0.02)] [43s]
hier_L1280_s2              [hier] t1 преф [97.0, 84.7, 71.0, 68.4] N_c преф [1, 1, 3, 6] N_true [1, 1, 5, 12] t1_full 68 | пары [('p', 1, -0.2), ('s', 1, 0.75), ('p', 1, -0.25), ('s', 1, -0.08), ('p', 3, -0.05), ('s', 3, -0.23)] [43s]
hier_L1280_s3              [hier] t1 преф [26.8, 30.3, 71.5, 58.7] N_c преф [0, 0, 1, 7] N_true [0, 1, 1, 5] t1_full 59 | пары [('p', 0, 0.18), ('s', 2, 0.09), ('p', 0, 1.24), ('s', 3, 0.04), ('p', 1, -0.29), ('s', 6, -0.39)] [43s]
hier_L1280_s4              [hier] t1 преф [39.5, 51.2, 59.2, 57.2] N_c преф [3, 5, 12, 27] N_true [0, 1, 2, 3] t1_full 57 | пары [('p', 3, 0.38), ('s', 5, 0.26), ('p', 5, 0.21), ('s', 9, 0.01), ('p', 12, -0.05), ('s', 15, 0.54)] [44s]
hier_L1280_s5              [hier] t1 преф [47.1, 55.4, 51.5, 64.7] N_c преф [1, 3, 4, 8] N_true [0, 3, 6, 10] t1_full 65 | пары [('p', 1, 0.23), ('s', 1, 0.21), ('p', 3, -0.11), ('s', 1, -0.58), ('p', 4, 0.33), ('s', 4, -0.35)] [44s]
hier_L1280_s6              [hier] t1 преф [74.2, 61.0, 54.4, 61.0] N_c преф [2, 4, 10, 19] N_true [0, 2, 4, 6] t1_full 61 | пары [('p', 2, -0.28), ('s', 4, -0.0), ('p', 4, -0.16), ('s', 4, 0.33), ('p', 10, 0.17), ('s', 9, -0.18)] [44s]
hier_L1280_s7              [hier] t1 преф [78.1, 89.6, 66.4, 80.3] N_c преф [0, 2, 7, 16] N_true [2, 4, 5, 8] t1_full 80 | пары [('p', 0, 0.2), ('s', 0, 0.84), ('p', 2, -0.43), ('s', 4, 0.41), ('p', 7, 0.27), ('s', 9, -0.06)] [45s]
hier_L1280_s8              [hier] t1 преф [31.0, 42.3, 33.8, 47.5] N_c преф [0, 0, 0, 2] N_true [0, 0, 0, 4] t1_full 48 | пары [('p', 0, 0.45), ('s', 0, -0.62), ('p', 0, -0.32), ('s', 2, -0.29), ('p', 0, 0.49), ('s', 2, -0.44)] [45s]
hier_L1280_s9              [hier] t1 преф [38.2, 44.2, 57.2, 54.8] N_c преф [0, 0, 2, 7] N_true [0, 1, 4, 9] t1_full 55 | пары [('p', 0, 0.21), ('s', 0, 0.47), ('p', 0, 0.37), ('s', 1, 0.06), ('p', 2, -0.06), ('s', 5, 0.26)] [45s]
hier_L2560_s0              [hier] t1 преф [46.8, 215.1, 154.8, 167.1] N_c преф [0, 0, 0, 2] N_true [0, 0, 0, 2] t1_full 167 | пары [('p', 0, 2.2), ('s', 0, 2.49), ('p', 0, -0.48), ('s', 1, 0.38), ('p', 0, 0.11), ('s', 2, -0.03)] [45s]
hier_L2560_s1              [hier] t1 преф [102.4, 109.2, 111.9, 128.0] N_c преф [1, 5, 5, 9] N_true [0, 1, 1, 3] t1_full 128 | пары [('p', 1, 0.09), ('s', 1, 1.61), ('p', 5, 0.04), ('s', 1, -0.27), ('p', 5, 0.19), ('s', 4, -0.2)] [46s]
hier_L2560_s2              [hier] t1 преф [53.6, 82.0, 70.8, 87.9] N_c преф [1, 2, 5, 9] N_true [0, 0, 0, 1] t1_full 88 | пары [('p', 1, 0.61), ('s', 1, 1.52), ('p', 2, -0.21), ('s', 1, 0.34), ('p', 5, 0.31), ('s', 4, -0.73)] [46s]
hier_L2560_s3              [hier] t1 преф [82.1, 77.6, 113.0, 105.5] N_c преф [0, 2, 3, 5] N_true [1, 2, 3, 5] t1_full 105 | пары [('p', 0, -0.08), ('s', 1, -0.71), ('p', 2, 0.54), ('s', 1, -0.08), ('p', 3, -0.1), ('s', 2, 0.11)] [46s]
hier_L2560_s4              [hier] t1 преф [66.2, 42.2, 479.3, 254.0] N_c преф [0, 0, 1, 3] N_true [0, 0, 1, 4] t1_full 254 | пары [('p', 0, -0.65), ('s', 1, 0.44), ('p', 0, 3.51), ('s', 1, -0.47), ('p', 1, -0.92), ('s', 2, 0.5)] [47s]
hier_L2560_s5              [hier] t1 преф [116.5, 113.1, 130.4, 131.9] N_c преф [1, 1, 2, 2] N_true [2, 2, 2, 2] t1_full 132 | пары [('p', 1, -0.04), ('s', 0, 0.57), ('p', 1, 0.21), ('s', 0, -0.34), ('p', 2, 0.02), ('s', 0, 0.73)] [47s]
hier_L2560_s6              [hier] t1 преф [150.8, 134.2, 129.4, 118.7] N_c преф [0, 1, 3, 5] N_true [0, 1, 3, 5] t1_full 119 | пары [('p', 0, -0.17), ('s', 0, 0.12), ('p', 1, -0.05), ('s', 0, 0.3), ('p', 3, -0.12), ('s', 2, 0.07)] [47s]
hier_L2560_s7              [hier] t1 преф [173.5, 79.9, 86.7, 90.0] N_c преф [1, 1, 5, 12] N_true [1, 1, 3, 6] t1_full 90 | пары [('p', 1, -1.12), ('s', 1, 0.95), ('p', 1, 0.12), ('s', 3, -0.44), ('p', 5, 0.05), ('s', 7, -0.36)] [48s]
hier_L2560_s8              [hier] t1 преф [33.9, 80.8, 91.6, 95.8] N_c преф [0, 5, 9, 15] N_true [0, 0, 0, 0] t1_full 96 | пары [('p', 0, 1.25), ('s', 3, 0.88), ('p', 5, 0.18), ('s', 3, -0.21), ('p', 9, 0.07), ('s', 6, -0.35)] [48s]
hier_L2560_s9              [hier] t1 преф [21.4, 104.8, 98.6, 127.9] N_c преф [1, 1, 1, 2] N_true [1, 1, 1, 4] t1_full 128 | пары [('p', 1, 2.29), ('s', 0, -0.35), ('p', 1, -0.09), ('s', 0, 0.88), ('p', 1, 0.37), ('s', 1, 0.06)] [48s]
ar1_s0                     [ar1] t1 преф [10.6, 10.8, 9.8, 9.9] N_c преф [10, 20, 48, 99] N_true None t1_full 10 | пары [('p', 10, 0.03), ('s', 13, 0.22), ('p', 20, -0.15), ('s', 25, -0.17), ('p', 48, 0.01), ('s', 51, 0.14)] [49s]
ar1_s1                     [ar1] t1 преф [11.3, 11.5, 12.5, 11.2] N_c преф [2, 6, 14, 38] N_true None t1_full 11 | пары [('p', 2, 0.03), ('s', 4, 0.42), ('p', 6, 0.12), ('s', 10, -0.16), ('p', 14, -0.16), ('s', 24, 0.32)] [49s]
ar1_s2                     [ar1] t1 преф [17.0, 11.7, 11.0, 9.9] N_c преф [2, 6, 15, 48] N_true None t1_full 10 | пары [('p', 2, -0.53), ('s', 14, -0.41), ('p', 6, -0.09), ('s', 22, -0.08), ('p', 15, -0.16), ('s', 33, -0.07)] [49s]
ar1_s3                     [ar1] t1 преф [12.9, 13.9, 12.8, 12.1] N_c преф [4, 10, 18, 42] N_true None t1_full 12 | пары [('p', 4, 0.11), ('s', 4, 0.47), ('p', 10, -0.12), ('s', 8, -0.07), ('p', 18, -0.08), ('s', 24, 0.07)] [50s]
ar1_s4                     [ar1] t1 преф [8.1, 8.6, 9.4, 10.2] N_c преф [8, 12, 29, 58] N_true None t1_full 10 | пары [('p', 8, 0.09), ('s', 9, -0.2), ('p', 12, 0.13), ('s', 15, 0.18), ('p', 29, 0.11), ('s', 29, -0.14)] [50s]
ar1_s5                     [ar1] t1 преф [12.5, 9.6, 11.4, 9.4] N_c преф [5, 15, 41, 84] N_true None t1_full 9 | пары [('p', 5, -0.38), ('s', 10, -0.09), ('p', 15, 0.24), ('s', 20, -0.14), ('p', 41, -0.27), ('s', 43, 0.05)] [50s]
ar1_s6                     [ar1] t1 преф [16.0, 11.2, 11.5, 10.6] N_c преф [11, 22, 43, 75] N_true None t1_full 11 | пары [('p', 11, -0.52), ('s', 8, 0.41), ('p', 22, 0.05), ('s', 19, -0.09), ('p', 43, -0.12), ('s', 32, 0.09)] [51s]
ar1_s7                     [ar1] t1 преф [14.4, 12.5, 10.6, 9.8] N_c преф [9, 23, 44, 106] N_true None t1_full 10 | пары [('p', 9, -0.2), ('s', 15, -0.09), ('p', 23, -0.24), ('s', 32, -0.45), ('p', 44, -0.11), ('s', 62, -0.06)] [51s]
ar1_s8                     [ar1] t1 преф [10.1, 9.8, 10.9, 10.9] N_c преф [10, 20, 40, 89] N_true None t1_full 11 | пары [('p', 10, -0.04), ('s', 11, 0.15), ('p', 20, 0.16), ('s', 21, -0.03), ('p', 40, -0.01), ('s', 49, -0.05)] [51s]
ar1_s9                     [ar1] t1 преф [14.3, 9.6, 9.9, 9.0] N_c преф [13, 24, 51, 108] N_true None t1_full 9 | пары [('p', 13, -0.58), ('s', 13, -0.06), ('p', 24, 0.05), ('s', 28, 0.04), ('p', 51, -0.15), ('s', 57, -0.02)] [52s]
DIP_300_s211               [dip] t1 преф [13.6, 14.4, 14.0, 13.9, 14.2] N_c преф [247, 464, 960, 1889, 3692] N_true None t1_full 14 | пары [('p', 247, 0.08), ('s', 247, 0.11), ('p', 464, -0.04), ('s', 467, 0.02), ('p', 960, -0.01), ('s', 908, 0.02), ('p', 1889, 0.03), ('s', 1803, -0.05)] [65s]
DIP_300_s212               [dip] t1 преф [13.6, 14.7, 15.1, 15.0, 15.0] N_c преф [238, 456, 885, 1789, 3540] N_true None t1_full 15 | пары [('p', 238, 0.11), ('s', 223, 0.06), ('p', 456, 0.05), ('s', 452, 0.07), ('p', 885, -0.02), ('s', 870, 0.0), ('p', 1789, 0.0), ('s', 1751, -0.0)] [77s]
DIP_400_s211               [dip] t1 преф [7.2, 7.1, 822.0, 830.7, 843.2] N_c преф [0, 0, 2, 2, 6] N_true None t1_full 843 | пары [('p', 0, -0.0), ('s', 0, 0.01), ('p', 0, 6.85), ('s', 0, -0.06), ('p', 2, 0.02), ('s', 0, 6.93), ('p', 2, 0.02), ('s', 4, -0.1)] [91s]
DIP_400_s212               [dip] t1 преф [7.1, 7.6, 8702.8, 4479.4, 2131.9] N_c преф [0, 0, 1, 2, 6] N_true None t1_full 2132 | пары [('p', 0, 0.1), ('s', 2, 0.67), ('p', 0, 10.15), ('s', 2, -0.87), ('p', 1, -0.96), ('s', 4, 0.44), ('p', 2, -1.07), ('s', 4, 1.03)] [110s]
DIP_500_s211               [dip] t1 преф [4.6, 505.9, 344.1, 233.1, 218.5] N_c преф [0, 4, 4, 8, 16] N_true None t1_full 218 | пары [('p', 0, 6.79), ('s', 0, 5.16), ('p', 4, -0.56), ('s', 2, -0.66), ('p', 4, -0.56), ('s', 6, 0.59), ('p', 8, -0.09), ('s', 8, -0.35)] [124s]
DIP_500_s212               [dip] t1 преф [4.2, 4.5, 491.2, 314.4, 192.8] N_c преф [0, 0, 4, 8, 28] N_true None t1_full 193 | пары [('p', 0, 0.08), ('s', 0, 4.25), ('p', 0, 6.79), ('s', 4, 0.03), ('p', 4, -0.64), ('s', 10, 0.66), ('p', 8, -0.71), ('s', 20, 0.38)] [137s]
DIP_700_s211               [dip] t1 преф [52.8, 50.5, 43.3, 55.8, 53.9] N_c преф [20, 34, 60, 120, 218] N_true None t1_full 54 | пары [('p', 20, -0.06), ('s', 18, 0.03), ('p', 34, -0.22), ('s', 26, -0.26), ('p', 60, 0.37), ('s', 62, -0.21), ('p', 120, -0.05), ('s', 98, 0.24)] [150s]
DIP_700_s212               [dip] t1 преф [42.7, 36.4, 42.6, 38.3, 47.7] N_c преф [22, 41, 64, 112, 220] N_true None t1_full 48 | пары [('p', 22, -0.23), ('s', 4, 2.75), ('p', 41, 0.22), ('s', 26, -0.26), ('p', 64, -0.15), ('s', 52, 0.01), ('p', 112, 0.32), ('s', 108, -0.26)] [163s]
LJ13_T0.25_s401            [lj13] t1 преф [29.1, 23.7, 25.8, 25.0, 24.0] N_c преф [4, 8, 14, 30, 58] N_true None t1_full 24 | пары [('p', 4, -0.3), ('s', 5, -0.01), ('p', 8, 0.13), ('s', 8, -0.12), ('p', 14, -0.04), ('s', 12, 0.03), ('p', 30, -0.06), ('s', 28, 0.06)] [267s]
LJ13_T0.25_s402            [lj13] t1 преф [15.1, 21.1, 21.6, 21.8, 20.7] N_c преф [2, 20, 48, 108, 204] N_true None t1_full 21 | пары [('p', 2, 0.48), ('s', 14, -0.1), ('p', 20, 0.03), ('s', 26, -0.21), ('p', 48, 0.01), ('s', 46, -0.04), ('p', 108, -0.07), ('s', 96, 0.09)] [372s]
LJ13_T0.25_s403            [lj13] t1 преф [12.5, 26.0, 22.2, 24.7, 22.3] N_c преф [4, 10, 24, 86, 170] N_true None t1_full 22 | пары [('p', 4, 1.06), ('s', 24, -0.24), ('p', 10, -0.23), ('s', 28, 0.1), ('p', 24, 0.15), ('s', 48, -0.23), ('p', 86, -0.14), ('s', 84, 0.21)] [478s]
LJ13_T0.28_s401            [lj13] t1 преф [20.4, 21.4, 20.5, 20.2, 20.1] N_c преф [35, 72, 130, 259, 559] N_true None t1_full 20 | пары [('p', 35, 0.07), ('s', 45, 0.02), ('p', 72, -0.06), ('s', 82, 0.04), ('p', 130, -0.02), ('s', 143, 0.05), ('p', 259, -0.01), ('s', 300, -0.0)] [583s]
LJ13_T0.28_s402            [lj13] t1 преф [21.7, 20.0, 20.6, 20.2, 20.9] N_c преф [38, 83, 201, 405, 786] N_true None t1_full 21 | пары [('p', 38, -0.11), ('s', 55, 0.1), ('p', 83, 0.04), ('s', 105, 0.06), ('p', 201, -0.03), ('s', 197, -0.04), ('p', 405, 0.05), ('s', 381, -0.08)] [690s]
LJ13_T0.28_s403            [lj13] t1 преф [21.8, 20.7, 21.6, 20.2, 20.1] N_c преф [38, 67, 136, 262, 508] N_true None t1_full 20 | пары [('p', 38, -0.08), ('s', 30, -0.14), ('p', 67, 0.06), ('s', 62, 0.02), ('p', 136, -0.1), ('s', 125, 0.04), ('p', 262, -0.0), ('s', 246, -0.01)] [795s]
NGRIP_d18O_20yr_m4         [real] t1 преф [7.1, 226.2, 282.4, 249.9] N_c преф [0, 3, 3, 3] N_true None t1_full 250 | пары [('p', 0, 4.99), ('s', 0, 0.54), ('p', 3, 0.32), ('s', 0, 0.24), ('p', 3, -0.18), ('s', 0, 3.75)] [795s]
NGRIP_d18O_20yr_m1         [real] t1 преф [1.5, 52.5, 116.9, 82.6] N_c преф [0, 3, 3, 3] N_true None t1_full 83 | пары [('p', 0, 5.12), ('s', 0, -0.25), ('p', 3, 1.15), ('s', 0, 0.38), ('p', 3, -0.5), ('s', 0, 3.44)] [796s]
EEG_A_Z_Z001               [eeg] t1 преф [4.9, 12.4, 7.2, 7.0] N_c преф [4, 8, 22, 44] N_true None t1_full 7 | пары [('p', 4, 1.35), ('s', 7, -0.56), ('p', 8, -0.77), ('s', 12, -0.39), ('p', 22, -0.06), ('s', 22, 0.37)] [796s]
EEG_A_Z_Z005               [eeg] t1 преф [10.9, 13.9, 9.3, 9.4] N_c преф [7, 13, 27, 53] N_true None t1_full 9 | пары [('p', 7, 0.35), ('s', 5, -0.45), ('p', 13, -0.59), ('s', 11, -0.41), ('p', 27, 0.02), ('s', 26, 0.02)] [796s]
EEG_A_Z_Z009               [eeg] t1 преф [5.0, 7.2, 8.1, 9.7] N_c преф [4, 8, 15, 35] N_true None t1_full 10 | пары [('p', 4, 0.53), ('s', 4, -0.13), ('p', 8, 0.16), ('s', 9, -0.2), ('p', 15, 0.28), ('s', 20, -0.64)] [796s]
EEG_A_Z_Z013               [eeg] t1 преф [8.5, 6.7, 5.4, 6.3] N_c преф [8, 16, 28, 44] N_true None t1_full 6 | пары [('p', 8, -0.34), ('s', 7, -0.54), ('p', 16, -0.31), ('s', 10, -0.27), ('p', 28, 0.21), ('s', 16, 0.29)] [797s]
EEG_A_Z_Z017               [eeg] t1 преф [7.7, 7.9, 7.6, 13.5] N_c преф [8, 12, 24, 56] N_true None t1_full 13 | пары [('p', 8, 0.03), ('s', 6, -0.05), ('p', 12, -0.06), ('s', 14, -0.05), ('p', 24, 0.83), ('s', 32, 0.42)] [797s]
EEG_B_O_O001               [eeg] t1 преф [10.6, 8.7, 10.1, 13.3] N_c преф [8, 14, 26, 54] N_true None t1_full 13 | пары [('p', 8, -0.29), ('s', 6, -0.38), ('p', 14, 0.22), ('s', 10, -0.36), ('p', 26, 0.4), ('s', 28, 0.15)] [797s]
EEG_B_O_O005               [eeg] t1 преф [19.0, 9.7, 10.7, 9.7] N_c преф [16, 26, 58, 68] N_true None t1_full 10 | пары [('p', 16, -0.97), ('s', 4, 0.26), ('p', 26, 0.14), ('s', 10, 0.33), ('p', 58, -0.15), ('s', 10, -0.47)] [797s]
EEG_B_O_O009               [eeg] t1 преф [27.5, 12.4, 15.6, 11.2] N_c преф [3, 6, 10, 22] N_true None t1_full 11 | пары [('p', 3, -1.15), ('s', 4, 0.33), ('p', 6, 0.33), ('s', 7, -0.62), ('p', 10, -0.48), ('s', 12, -0.26)] [798s]
EEG_B_O_O013               [eeg] t1 преф [12.8, 10.7, 10.7, 9.1] N_c преф [24, 48, 82, 143] N_true None t1_full 9 | пары [('p', 24, -0.25), ('s', 24, -0.14), ('p', 48, -0.0), ('s', 38, -0.17), ('p', 82, -0.24), ('s', 60, 0.12)] [798s]
EEG_B_O_O017               [eeg] t1 преф [16.2, 19.3, 17.3, 16.3] N_c преф [12, 25, 50, 98] N_true None t1_full 16 | пары [('p', 12, 0.25), ('s', 18, -0.37), ('p', 25, -0.16), ('s', 23, 0.1), ('p', 50, -0.09), ('s', 48, 0.04)] [798s]
EEG_C_N_N001               [eeg] t1 преф [12.5, 16.5, 14.3, 13.8] N_c преф [3, 6, 12, 20] N_true None t1_full 14 | пары [('p', 3, 0.4), ('s', 3, 0.15), ('p', 6, -0.21), ('s', 6, -0.21), ('p', 12, -0.05), ('s', 8, 0.2)] [798s]
EEG_C_N_N005               [eeg] t1 преф [22.0, 18.1, 16.4, 14.4] N_c преф [4, 6, 10, 25] N_true None t1_full 14 | пары [('p', 4, -0.29), ('s', 7, 0.7), ('p', 6, -0.14), ('s', 11, -0.69), ('p', 10, -0.18), ('s', 15, 0.35)] [799s]
EEG_C_N_N009               [eeg] t1 преф [13.4, 10.3, 10.5, 10.2] N_c преф [4, 8, 18, 34] N_true None t1_full 10 | пары [('p', 4, -0.37), ('s', 2, 0.48), ('p', 8, 0.02), ('s', 4, -0.11), ('p', 18, -0.04), ('s', 16, 0.28)] [799s]
EEG_C_N_N013               [eeg] t1 преф [17.6, 12.7, 8.3, 10.4] N_c преф [3, 8, 8, 22] N_true None t1_full 10 | пары [('p', 3, -0.47), ('s', 4, 0.03), ('p', 8, -0.61), ('s', 5, 0.64), ('p', 8, 0.33), ('s', 14, -0.52)] [799s]
EEG_C_N_N017               [eeg] t1 преф [12.1, 10.8, 8.2, 10.4] N_c преф [5, 10, 19, 32] N_true None t1_full 10 | пары [('p', 5, -0.17), ('s', 5, -0.1), ('p', 10, -0.39), ('s', 8, 0.06), ('p', 19, 0.33), ('s', 13, -0.13)] [799s]
EEG_D_F_F001               [eeg] t1 преф [13.6, 18.8, 10.6, 10.6] N_c преф [6, 11, 21, 52] N_true None t1_full 11 | пары [('p', 6, 0.47), ('s', 5, -0.25), ('p', 11, -0.83), ('s', 16, 0.57), ('p', 21, 0.01), ('s', 31, -0.39)] [800s]
EEG_D_F_F005               [eeg] t1 преф [8.7, 9.7, 7.2, 7.4] N_c преф [7, 14, 26, 53] N_true None t1_full 7 | пары [('p', 7, 0.16), ('s', 5, -0.1), ('p', 14, -0.42), ('s', 11, 0.54), ('p', 26, 0.04), ('s', 27, -0.41)] [800s]
EEG_D_F_F009               [eeg] t1 преф [138.3, 95.2, 69.1, 99.3] N_c преф [4, 10, 18, 36] N_true None t1_full 99 | пары [('p', 4, -0.54), ('s', 4, -0.35), ('p', 10, -0.46), ('s', 10, 0.91), ('p', 18, 0.52), ('s', 18, 0.17)] [800s]
EEG_D_F_F013               [eeg] t1 преф [12.1, 9.0, 9.3, 10.6] N_c преф [6, 12, 24, 48] N_true None t1_full 11 | пары [('p', 6, -0.42), ('s', 6, -0.0), ('p', 12, 0.04), ('s', 12, -0.02), ('p', 24, 0.19), ('s', 24, -0.0)] [800s]
EEG_D_F_F017               [eeg] t1 преф [12.0, 15.2, 16.5, 17.8] N_c преф [8, 14, 32, 64] N_true None t1_full 18 | пары [('p', 8, 0.34), ('s', 6, -0.22), ('p', 14, 0.11), ('s', 14, 0.01), ('p', 32, 0.11), ('s', 32, -0.01)] [801s]
EEG_E_S_S001               [eeg] t1 преф [9.8, 6.8, 8.6, 6.0] N_c преф [15, 30, 65, 131] N_true None t1_full 6 | пары [('p', 15, -0.52), ('s', 21, -0.16), ('p', 30, 0.34), ('s', 38, 0.07), ('p', 65, -0.51), ('s', 66, -0.35)] [801s]
EEG_E_S_S005               [eeg] t1 преф [10.7, 15.6, 14.6, 12.1] N_c преф [19, 45, 94, 175] N_true None t1_full 12 | пары [('p', 19, 0.55), ('s', 16, -0.06), ('p', 45, -0.09), ('s', 35, 0.47), ('p', 94, -0.28), ('s', 81, 0.21)] [801s]
EEG_E_S_S009               [eeg] t1 преф [9.9, 9.9, 11.8, 13.2] N_c преф [21, 55, 122, 236] N_true None t1_full 13 | пары [('p', 21, -0.01), ('s', 27, -0.11), ('p', 55, 0.26), ('s', 55, 0.51), ('p', 122, 0.16), ('s', 114, -0.07)] [801s]
EEG_E_S_S013               [eeg] t1 преф [163.4, 94.4, 56.5, 43.1] N_c преф [42, 81, 149, 275] N_true None t1_full 43 | пары [('p', 42, -0.79), ('s', 29, 0.32), ('p', 81, -0.74), ('s', 60, 0.28), ('p', 149, -0.39), ('s', 126, -0.07)] [802s]
EEG_E_S_S017               [eeg] t1 преф [8.8, 6.0, 6.3, 9.2] N_c преф [12, 16, 20, 28] N_true None t1_full 9 | пары [('p', 12, -0.56), ('s', 2, 0.67), ('p', 16, 0.09), ('s', 6, -0.03), ('p', 20, 0.54), ('s', 8, -0.51)] [802s]
plankton_Beninca_12sp      [real] t1 преф [5.8, 12.7, 19.3, 16.4] N_c преф [0, 0, 0, 3] N_true None t1_full 16 | пары [('p', 0, 1.14), ('s', 0, 0.52), ('p', 0, 0.6), ('s', 0, 1.08), ('p', 0, -0.23), ('s', 3, -0.56)] [802s]
LR04_benthic_m4            [real] t1 преф [16.6, 13.3, 9.7, 32.0] N_c преф [3, 7, 8, 8] N_true None t1_full 32 | пары [('p', 3, -0.32), ('s', 0, 1.67), ('p', 7, -0.45), ('s', 0, 2.04), ('p', 8, 1.72), ('s', 0, 0.37)] [802s]
EPICA_deuterium_m4         [real] t1 преф [23.1, 326.4, 169.7, 174.2] N_c преф [0, 0, 0, 8] N_true None t1_full 174 | пары [('p', 0, 3.82), ('s', 0, 1.98), ('p', 0, -0.94), ('s', 4, 0.43), ('p', 0, 0.04), ('s', 8, -0.22)] [803s]
sunspots_monthly_m4        [real] t1 преф [21.8, 25.5, 26.9, 28.8] N_c преф [7, 9, 17, 36] N_true None t1_full 29 | пары [('p', 7, 0.22), ('s', 4, 0.04), ('p', 9, 0.08), ('s', 11, -0.34), ('p', 17, 0.1), ('s', 19, -0.19)] [803s]
measles_NY_weekly_m4       [real] t1 преф [22.9, 13.7, 10.6, 48.6] N_c преф [8, 19, 35, 35] N_true None t1_full 49 | пары [('p', 8, -0.74), ('s', 0, -1.02), ('p', 19, -0.37), ('s', 0, 0.91), ('p', 35, 2.19), ('s', 0, 1.53)] [803s]
COVID_Germany_daily_m4     [real] t1 преф [35.5, 37.3, 29.1, 12.7] N_c преф [4, 5, 25, 35] N_true None t1_full 13 | пары [('p', 4, 0.07), ('s', 2, -0.07), ('p', 5, -0.36), ('s', 2, -0.15), ('p', 25, -1.2), ('s', 10, 0.21)] [803s]
COVID_US_daily_m4          [real] t1 преф [9.7, 39.7, 58.9, 27.1] N_c преф [0, 0, 2, 4] N_true None t1_full 27 | пары [('p', 0, 2.03), ('s', 0, -1.28), ('p', 0, 0.57), ('s', 0, 1.78), ('p', 2, -1.12), ('s', 2, 0.63)] [803s]
COVID_Italy_daily_m4       [real] t1 преф [87.7, 77.4, 141.6, 132.6] N_c преф [1, 1, 1, 2] N_true None t1_full 133 | пары [('p', 1, -0.18), ('s', 1, -0.0), ('p', 1, 0.87), ('s', 1, -0.0), ('p', 1, -0.09), ('s', 1, 4.83)] [804s]
thermoacoustic_1_m4        [real] t1 преф [13.8, 12.6, 11.0, 7.9] N_c преф [0, 0, 0, 147] N_true None t1_full 8 | пары [('p', 0, -0.13), ('s', 67, -0.99), ('p', 0, -0.2), ('s', 143, -0.86), ('p', 0, -0.48), ('s', 147, -0.63)] [804s]
thermoacoustic_2_m4        [real] t1 преф [20.1, 17.7, 21.0, 21.2] N_c преф [208, 423, 839, 1522] N_true None t1_full 21 | пары [('p', 208, -0.18), ('s', 136, -0.09), ('p', 423, 0.25), ('s', 298, -0.56), ('p', 839, 0.01), ('s', 683, -0.23)] [804s]
thermoacoustic_3_m4        [real] t1 преф [7.5, 9.1, 9.2, 15.0] N_c преф [0, 0, 10, 381] N_true None t1_full 15 | пары [('p', 0, 0.28), ('s', 36, -0.53), ('p', 0, 0.01), ('s', 171, -0.65), ('p', 10, 0.71), ('s', 371, -1.07)] [804s]
SLEEP_SC4001E0             [real] t1 преф [5.8, 13.5, 8.3, 7.9] N_c преф [2, 2, 4, 28] N_true None t1_full 8 | пары [('p', 2, 1.23), ('s', 9, 0.37), ('p', 2, -0.7), ('s', 14, 0.22), ('p', 4, -0.08), ('s', 24, 0.63)] [805s]
SLEEP_SC4002E0             [real] t1 преф [7.1, 8.3, 6.2, 6.2] N_c преф [2, 4, 7, 15] N_true None t1_full 6 | пары [('p', 2, 0.23), ('s', 4, 0.81), ('p', 4, -0.42), ('s', 5, -0.45), ('p', 7, -0.0), ('s', 8, -0.26)] [806s]
SLEEP_SC4011E0             [real] t1 преф [20.0, 6.1, 6.8, 6.2] N_c преф [9, 17, 33, 50] N_true None t1_full 6 | пары [('p', 9, -1.72), ('s', 5, 0.51), ('p', 17, 0.17), ('s', 7, -1.13), ('p', 33, -0.13), ('s', 17, -0.48)] [807s]
SLEEP_SC4012E0             [real] t1 преф [6.6, 5.0, 5.8, 4.2] N_c преф [6, 7, 10, 16] N_true None t1_full 4 | пары [('p', 6, -0.4), ('s', 3, 3.05), ('p', 7, 0.2), ('s', 3, -0.67), ('p', 10, -0.48), ('s', 6, -1.32)] [808s]
SLEEP_SC4021E0             [real] t1 преф [38.8, 11.7, 5.4, 4.1] N_c преф [5, 9, 17, 38] N_true None t1_full 4 | пары [('p', 5, -1.72), ('s', 6, 0.35), ('p', 9, -1.13), ('s', 11, 0.05), ('p', 17, -0.38), ('s', 21, 0.28)] [808s]
SLEEP_SC4022E0             [real] t1 преф [22.4, 7.7, 5.4, 4.1] N_c преф [4, 12, 14, 31] N_true None t1_full 4 | пары [('p', 4, -1.54), ('s', 7, -0.12), ('p', 12, -0.52), ('s', 12, -0.23), ('p', 14, -0.38), ('s', 17, 0.47)] [809s]
NGRIP_2D_20yr_W            [real] t1 преф [12.5, 22.5, 27.8, 24.2] N_c преф [6, 7, 7, 14] N_true None t1_full 24 | пары [('p', 6, 0.85), ('s', 1, -0.86), ('p', 7, 0.3), ('s', 5, -0.44), ('p', 7, -0.2), ('s', 7, 0.55)] [809s]
NGRIP_2D_20yr_Wg           [real] t1 преф [12.9, 7.9, 25.8, 16.3] N_c преф [2, 2, 3, 7] N_true None t1_full 16 | пары [('p', 2, -0.71), ('s', 1, 0.3), ('p', 2, 1.72), ('s', 1, 0.62), ('p', 3, -0.66), ('s', 4, -0.08)] [809s]
ГОТОВО all 809s
