hier2_L80_s0               [hier2] t1 преф [30.2, 36.4, 38.1, 37.6] N_c преф [16, 27, 51, 100] N_true [16, 27, 55, 106] t1_full 38 | пары [('p', 16, 0.27), ('s', 11, 0.18), ('p', 27, 0.07), ('s', 23, 0.01), ('p', 51, -0.02), ('s', 49, -0.03)] [0s]
hier2_L80_s1               [hier2] t1 преф [48.9, 46.8, 38.2, 39.3] N_c преф [7, 17, 48, 91] N_true [7, 17, 48, 91] t1_full 39 | пары [('p', 7, -0.06), ('s', 11, 0.06), ('p', 17, -0.3), ('s', 22, -0.05), ('p', 48, 0.04), ('s', 43, -0.09)] [1s]
hier2_L80_s2               [hier2] t1 преф [37.0, 45.3, 42.5, 44.4] N_c преф [11, 21, 44, 85] N_true [11, 21, 44, 89] t1_full 44 | пары [('p', 11, 0.29), ('s', 11, 0.06), ('p', 21, -0.09), ('s', 21, 0.08), ('p', 44, 0.06), ('s', 41, -0.03)] [1s]
hier2_L80_s3               [hier2] t1 преф [39.2, 35.7, 39.3, 41.0] N_c преф [12, 26, 48, 93] N_true [14, 28, 52, 97] t1_full 41 | пары [('p', 12, -0.14), ('s', 11, -0.14), ('p', 26, 0.14), ('s', 25, 0.31), ('p', 48, 0.06), ('s', 45, -0.03)] [1s]
hier2_L80_s4               [hier2] t1 преф [36.0, 39.3, 38.3, 39.6] N_c преф [13, 21, 43, 88] N_true [13, 21, 43, 90] t1_full 40 | пары [('p', 13, 0.13), ('s', 10, 0.45), ('p', 21, -0.04), ('s', 21, -0.09), ('p', 43, 0.05), ('s', 45, -0.01)] [1s]
hier2_L80_s5               [hier2] t1 преф [38.3, 33.8, 38.7, 42.6] N_c преф [11, 26, 48, 88] N_true [11, 28, 52, 94] t1_full 43 | пары [('p', 11, -0.18), ('s', 9, 0.43), ('p', 26, 0.19), ('s', 16, -0.36), ('p', 48, 0.14), ('s', 40, -0.08)] [2s]
hier2_L80_s6               [hier2] t1 преф [77.3, 47.0, 39.2, 37.5] N_c преф [6, 20, 46, 81] N_true [6, 20, 48, 99] t1_full 38 | пары [('p', 6, -0.72), ('s', 10, 0.04), ('p', 20, -0.26), ('s', 20, -0.02), ('p', 46, -0.06), ('s', 35, 0.06)] [2s]
hier2_L80_s7               [hier2] t1 преф [30.7, 32.7, 34.2, 32.4] N_c преф [15, 25, 52, 105] N_true [15, 27, 56, 111] t1_full 32 | пары [('p', 15, 0.09), ('s', 11, -0.38), ('p', 25, 0.06), ('s', 23, 0.03), ('p', 52, -0.08), ('s', 53, -0.01)] [2s]
hier2_L80_s8               [hier2] t1 преф [49.3, 38.9, 43.0, 40.3] N_c преф [9, 24, 45, 94] N_true [9, 24, 47, 104] t1_full 40 | пары [('p', 9, -0.34), ('s', 11, -0.35), ('p', 24, 0.15), ('s', 26, 0.12), ('p', 45, -0.09), ('s', 49, 0.08)] [3s]
hier2_L80_s9               [hier2] t1 преф [36.4, 40.9, 38.9, 46.0] N_c преф [13, 23, 48, 82] N_true [15, 25, 50, 84] t1_full 46 | пары [('p', 13, 0.17), ('s', 5, 0.05), ('p', 23, -0.07), ('s', 14, -0.2), ('p', 48, 0.24), ('s', 34, -0.29)] [3s]
hier2_L160_s0              [hier2] t1 преф [66.0, 75.5, 76.8, 71.4] N_c преф [7, 11, 25, 52] N_true [7, 11, 25, 56] t1_full 71 | пары [('p', 7, 0.19), ('s', 7, -0.26), ('p', 11, 0.02), ('s', 14, 0.25), ('p', 25, -0.1), ('s', 27, 0.06)] [3s]
hier2_L160_s1              [hier2] t1 преф [47.8, 78.5, 63.9, 82.2] N_c преф [8, 11, 26, 47] N_true [8, 11, 26, 47] t1_full 82 | пары [('p', 8, 0.72), ('s', 8, 0.72), ('p', 11, -0.3), ('s', 13, 0.1), ('p', 26, 0.36), ('s', 21, -0.05)] [3s]
hier2_L160_s2              [hier2] t1 преф [90.5, 72.6, 64.7, 73.3] N_c преф [5, 14, 29, 51] N_true [5, 14, 29, 55] t1_full 73 | пары [('p', 5, -0.32), ('s', 10, 0.65), ('p', 14, -0.17), ('s', 14, 0.4), ('p', 29, 0.18), ('s', 22, -0.24)] [4s]
hier2_L160_s3              [hier2] t1 преф [81.9, 78.7, 91.6, 97.0] N_c преф [6, 12, 20, 40] N_true [6, 12, 22, 44] t1_full 97 | пары [('p', 6, -0.06), ('s', 7, 0.66), ('p', 12, 0.22), ('s', 11, 0.3), ('p', 20, 0.08), ('s', 20, -0.01)] [4s]
hier2_L160_s4              [hier2] t1 преф [38.3, 58.7, 59.6, 61.1] N_c преф [6, 15, 28, 54] N_true [6, 15, 30, 64] t1_full 61 | пары [('p', 6, 0.62), ('s', 8, -0.36), ('p', 15, 0.02), ('s', 15, 0.24), ('p', 28, 0.03), ('s', 26, 0.17)] [4s]
hier2_L160_s5              [hier2] t1 преф [124.1, 144.4, 71.0, 81.7] N_c преф [4, 7, 23, 47] N_true [4, 7, 23, 47] t1_full 82 | пары [('p', 4, 0.22), ('s', 5, -0.82), ('p', 7, -1.02), ('s', 14, 0.34), ('p', 23, 0.2), ('s', 24, 0.03)] [5s]
hier2_L160_s6              [hier2] t1 преф [47.4, 61.8, 66.9, 74.6] N_c преф [8, 13, 26, 46] N_true [8, 13, 26, 46] t1_full 75 | пары [('p', 8, 0.38), ('s', 5, 0.21), ('p', 13, 0.11), ('s', 8, -0.23), ('p', 26, 0.16), ('s', 20, -0.19)] [5s]
hier2_L160_s7              [hier2] t1 преф [43.4, 61.8, 77.7, 82.5] N_c преф [11, 16, 26, 48] N_true [11, 16, 26, 48] t1_full 82 | пары [('p', 11, 0.51), ('s', 6, -0.48), ('p', 16, 0.33), ('s', 14, 0.75), ('p', 26, 0.09), ('s', 22, -0.02)] [5s]
hier2_L160_s8              [hier2] t1 преф [37.9, 49.9, 49.0, 56.8] N_c преф [10, 17, 34, 59] N_true [12, 19, 41, 67] t1_full 57 | пары [('p', 10, 0.4), ('s', 7, 0.1), ('p', 17, -0.03), ('s', 12, -0.1), ('p', 34, 0.22), ('s', 24, -0.41)] [6s]
hier2_L160_s9              [hier2] t1 преф [78.1, 100.1, 111.4, 95.1] N_c преф [7, 10, 18, 39] N_true [7, 10, 18, 39] t1_full 95 | пары [('p', 7, 0.36), ('s', 4, 0.27), ('p', 10, 0.15), ('s', 8, -0.42), ('p', 18, -0.23), ('s', 21, 0.0)] [6s]
hier2_L320_s0              [hier2] t1 преф [91.5, 128.8, 123.0, 122.3] N_c преф [4, 8, 18, 31] N_true [4, 8, 16, 29] t1_full 122 | пары [('p', 4, 0.49), ('s', 5, 0.55), ('p', 8, -0.07), ('s', 7, 0.18), ('p', 18, -0.01), ('s', 13, -0.37)] [6s]
hier2_L320_s1              [hier2] t1 преф [146.9, 118.4, 139.8, 134.8] N_c преф [3, 7, 12, 24] N_true [3, 7, 14, 28] t1_full 135 | пары [('p', 3, -0.31), ('s', 1, 2.13), ('p', 7, 0.24), ('s', 5, -0.01), ('p', 12, -0.05), ('s', 12, 0.25)] [7s]
hier2_L320_s2              [hier2] t1 преф [146.9, 186.4, 154.5, 209.9] N_c преф [3, 6, 13, 20] N_true [3, 6, 13, 20] t1_full 210 | пары [('p', 3, 0.34), ('s', 3, 2.86), ('p', 6, -0.27), ('s', 3, -0.57), ('p', 13, 0.44), ('s', 7, -0.38)] [7s]
hier2_L320_s3              [hier2] t1 преф [103.8, 133.8, 173.1, 203.5] N_c преф [3, 8, 12, 20] N_true [3, 6, 10, 20] t1_full 204 | пары [('p', 3, 0.37), ('s', 3, 0.75), ('p', 8, 0.37), ('s', 5, 0.28), ('p', 12, 0.23), ('s', 8, -0.33)] [7s]
hier2_L320_s4              [hier2] t1 преф [126.0, 169.7, 187.8, 148.6] N_c преф [4, 6, 11, 18] N_true [4, 6, 9, 24] t1_full 149 | пары [('p', 4, 0.43), ('s', 1, 3.64), ('p', 6, 0.15), ('s', 3, -1.35), ('p', 11, -0.34), ('s', 7, 0.22)] [8s]
hier2_L320_s5              [hier2] t1 преф [17.8, 319.6, 249.3, 187.9] N_c преф [1, 3, 8, 21] N_true [1, 3, 8, 19] t1_full 188 | пары [('p', 1, 4.17), ('s', 5, -0.03), ('p', 3, -0.36), ('s', 8, -0.25), ('p', 8, -0.41), ('s', 13, 0.33)] [8s]
hier2_L320_s6              [hier2] t1 преф [84.6, 142.9, 224.3, 231.9] N_c преф [4, 7, 9, 18] N_true [4, 7, 9, 18] t1_full 232 | пары [('p', 4, 0.76), ('s', 3, 0.69), ('p', 7, 0.65), ('s', 4, -0.32), ('p', 9, 0.05), ('s', 9, 0.28)] [8s]
hier2_L320_s7              [hier2] t1 преф [83.0, 85.5, 105.5, 114.3] N_c преф [4, 11, 17, 31] N_true [4, 11, 17, 33] t1_full 114 | пары [('p', 4, 0.04), ('s', 3, -0.35), ('p', 11, 0.3), ('s', 4, -0.38), ('p', 17, 0.12), ('s', 14, -0.04)] [8s]
hier2_L320_s8              [hier2] t1 преф [110.7, 180.7, 229.1, 196.7] N_c преф [4, 5, 8, 19] N_true [4, 5, 8, 19] t1_full 197 | пары [('p', 4, 0.71), ('s', 4, 0.13), ('p', 5, 0.34), ('s', 8, 0.59), ('p', 8, -0.22), ('s', 11, 0.17)] [9s]
hier2_L320_s9              [hier2] t1 преф [22.8, 205.0, 199.1, 176.4] N_c преф [1, 5, 10, 22] N_true [1, 5, 10, 22] t1_full 176 | пары [('p', 1, 3.17), ('s', 2, -0.07), ('p', 5, -0.04), ('s', 4, -0.7), ('p', 10, -0.17), ('s', 12, 0.37)] [9s]
hier2_L640_s0              [hier2] t1 преф [55.7, 253.1, 283.5, 213.3] N_c преф [3, 4, 7, 16] N_true [3, 4, 7, 14] t1_full 213 | пары [('p', 3, 2.18), ('s', 0, 2.0), ('p', 4, 0.16), ('s', 2, -0.36), ('p', 7, -0.41), ('s', 9, 0.09)] [9s]
hier2_L640_s1              [hier2] t1 преф [309.1, 370.7, 394.5, 307.9] N_c преф [2, 2, 5, 12] N_true [4, 4, 7, 15] t1_full 308 | пары [('p', 2, 0.26), ('s', 1, 0.49), ('p', 2, 0.09), ('s', 2, -0.35), ('p', 5, -0.36), ('s', 7, 0.31)] [10s]
hier2_L640_s2              [hier2] t1 преф [227.4, 159.4, 192.1, 184.2] N_c преф [3, 5, 9, 13] N_true [3, 5, 9, 14] t1_full 184 | пары [('p', 3, -0.51), ('s', 2, 0.13), ('p', 5, 0.27), ('s', 4, 0.85), ('p', 9, -0.06), ('s', 4, -0.92)] [10s]
hier2_L640_s3              [hier2] t1 преф [247.1, 214.8, 239.1, 211.9] N_c преф [2, 4, 7, 11] N_true [2, 4, 7, 11] t1_full 212 | пары [('p', 2, -0.2), ('s', 0, -1.32), ('p', 4, 0.15), ('s', 0, 0.63), ('p', 7, -0.17), ('s', 4, 0.74)] [11s]
hier2_L640_s4              [hier2] t1 преф [62.0, 434.0, 242.6, 290.4] N_c преф [0, 1, 4, 12] N_true [0, 1, 4, 10] t1_full 290 | пары [('p', 0, 2.81), ('s', 1, 3.73), ('p', 1, -0.84), ('s', 2, -0.99), ('p', 4, 0.26), ('s', 8, 0.17)] [11s]
hier2_L640_s5              [hier2] t1 преф [59.2, 163.9, 222.4, 258.3] N_c преф [1, 4, 8, 11] N_true [1, 4, 8, 11] t1_full 258 | пары [('p', 1, 1.47), ('s', 1, 3.45), ('p', 4, 0.44), ('s', 2, -0.41), ('p', 8, 0.22), ('s', 3, -0.72)] [11s]
hier2_L640_s6              [hier2] t1 преф [150.1, 230.1, 396.5, 382.5] N_c преф [3, 3, 5, 11] N_true [3, 3, 5, 9] t1_full 382 | пары [('p', 3, 0.62), ('s', 1, 2.99), ('p', 3, 0.78), ('s', 4, -0.25), ('p', 5, -0.05), ('s', 6, 0.13)] [12s]
hier2_L640_s7              [hier2] t1 преф [41.1, 171.8, 267.9, 316.4] N_c преф [1, 4, 9, 13] N_true [1, 4, 9, 11] t1_full 316 | пары [('p', 1, 2.06), ('s', 1, 3.32), ('p', 4, 0.64), ('s', 2, 0.17), ('p', 9, 0.24), ('s', 4, -0.64)] [12s]
hier2_L640_s8              [hier2] t1 преф [88.0, 419.9, 206.1, 258.1] N_c преф [3, 4, 11, 16] N_true [3, 4, 9, 14] t1_full 258 | пары [('p', 3, 2.25), ('s', 0, 2.59), ('p', 4, -1.03), ('s', 1, 0.3), ('p', 11, 0.33), ('s', 5, -0.62)] [12s]
hier2_L640_s9              [hier2] t1 преф [50.7, 342.0, 313.2, 263.8] N_c преф [1, 3, 7, 15] N_true [1, 3, 7, 15] t1_full 264 | пары [('p', 1, 2.75), ('s', 3, 0.33), ('p', 3, -0.13), ('s', 5, 0.5), ('p', 7, -0.25), ('s', 8, 0.28)] [13s]
hier2_L1280_s0             [hier2] t1 преф [28.7, 49.2, 713.3, 545.1] N_c преф [1, 1, 3, 7] N_true [1, 1, 3, 7] t1_full 545 | пары [('p', 1, 0.78), ('s', 2, 0.5), ('p', 1, 3.86), ('s', 3, 0.7), ('p', 3, -0.39), ('s', 4, -0.14)] [13s]
hier2_L1280_s1             [hier2] t1 преф [234.6, 105.0, 1064.4, 1349.0] N_c преф [1, 2, 2, 3] N_true [1, 2, 2, 3] t1_full 1349 | пары [('p', 1, -1.16), ('s', 0, -0.6), ('p', 2, 3.34), ('s', 0, -0.04), ('p', 2, 0.34), ('s', 1, 3.69)] [13s]
hier2_L1280_s2             [hier2] t1 преф [118.3, 66.4, 490.5, 298.7] N_c преф [1, 1, 5, 10] N_true [1, 1, 5, 12] t1_full 299 | пары [('p', 1, -0.83), ('s', 1, 1.37), ('p', 1, 2.89), ('s', 1, -0.67), ('p', 5, -0.72), ('s', 5, -0.33)] [14s]
hier2_L1280_s3             [hier2] t1 преф [56.2, 371.2, 401.0, 639.0] N_c преф [0, 1, 1, 5] N_true [0, 1, 1, 5] t1_full 639 | пары [('p', 0, 2.72), ('s', 2, -0.6), ('p', 1, 0.11), ('s', 3, 0.78), ('p', 1, 0.67), ('s', 4, 0.35)] [14s]
hier2_L1280_s4             [hier2] t1 преф [93.8, 81.7, 728.8, 736.4] N_c преф [0, 1, 2, 2] N_true [0, 1, 2, 3] t1_full 736 | пары [('p', 0, -0.2), ('s', 0, 0.51), ('p', 1, 3.16), ('s', 0, 0.77), ('p', 2, 0.01), ('s', 0, 3.58)] [14s]
hier2_L1280_s5             [hier2] t1 преф [89.0, 344.6, 322.3, 406.1] N_c преф [0, 3, 6, 10] N_true [0, 3, 6, 10] t1_full 406 | пары [('p', 0, 1.95), ('s', 0, 2.3), ('p', 3, -0.1), ('s', 1, 1.12), ('p', 6, 0.33), ('s', 4, -0.43)] [15s]
hier2_L1280_s6             [hier2] t1 преф [297.4, 332.9, 444.0, 557.6] N_c преф [0, 2, 4, 6] N_true [0, 2, 4, 6] t1_full 558 | пары [('p', 0, 0.16), ('s', 1, 2.94), ('p', 2, 0.42), ('s', 2, 0.46), ('p', 4, 0.33), ('s', 2, -0.54)] [15s]
hier2_L1280_s7             [hier2] t1 преф [191.7, 365.7, 366.3, 351.1] N_c преф [2, 4, 5, 8] N_true [2, 4, 5, 8] t1_full 351 | пары [('p', 2, 0.93), ('s', 0, -0.13), ('p', 4, 0.0), ('s', 1, 1.71), ('p', 5, -0.06), ('s', 3, -0.39)] [16s]
hier2_L1280_s8             [hier2] t1 преф [20.2, 202.1, 109.8, 319.1] N_c преф [0, 0, 0, 4] N_true [0, 0, 0, 4] t1_full 319 | пары [('p', 0, 3.32), ('s', 0, 0.79), ('p', 0, -0.88), ('s', 2, -0.8), ('p', 0, 1.54), ('s', 4, -0.04)] [16s]
hier2_L1280_s9             [hier2] t1 преф [224.8, 162.7, 454.7, 329.0] N_c преф [2, 3, 6, 11] N_true [0, 1, 4, 9] t1_full 329 | пары [('p', 2, -0.47), ('s', 0, 1.47), ('p', 3, 1.48), ('s', 1, 1.37), ('p', 6, -0.47), ('s', 5, 0.51)] [16s]
hier2_L2560_s0             [hier2] t1 преф [54.1, 282.6, 290.6, 839.2] N_c преф [0, 0, 0, 2] N_true [0, 0, 0, 2] t1_full 839 | пары [('p', 0, 2.39), ('s', 0, 3.2), ('p', 0, 0.04), ('s', 1, 1.32), ('p', 0, 1.53), ('s', 2, -0.0)] [17s]
hier2_L2560_s1             [hier2] t1 преф [30.6, 241.9, 241.7, 1824.4] N_c преф [0, 1, 1, 3] N_true [0, 1, 1, 3] t1_full 1824 | пары [('p', 0, 2.98), ('s', 1, 0.94), ('p', 1, -0.0), ('s', 1, 3.85), ('p', 1, 2.92), ('s', 2, 0.96)] [17s]
hier2_L2560_s2             [hier2] t1 преф [56.7, 193.5, 175.5, 221.6] N_c преф [1, 5, 7, 13] N_true [0, 0, 0, 1] t1_full 222 | пары [('p', 1, 1.77), ('s', 1, 0.8), ('p', 5, -0.14), ('s', 3, 2.18), ('p', 7, 0.34), ('s', 6, -0.57)] [17s]
hier2_L2560_s3             [hier2] t1 преф [24.4, 481.1, 874.3, 857.7] N_c преф [1, 2, 3, 5] N_true [1, 2, 3, 5] t1_full 858 | пары [('p', 1, 4.3), ('s', 1, -0.23), ('p', 2, 0.86), ('s', 1, 3.05), ('p', 3, -0.03), ('s', 2, -0.36)] [18s]
hier2_L2560_s4             [hier2] t1 преф [62.2, 223.6, 340.4, 698.1] N_c преф [0, 0, 1, 4] N_true [0, 0, 1, 4] t1_full 698 | пары [('p', 0, 1.85), ('s', 2, 0.48), ('p', 0, 0.61), ('s', 2, -0.64), ('p', 1, 1.04), ('s', 3, 1.16)] [18s]
hier2_L2560_s5             [hier2] t1 преф [208.6, 236.0, 385.8, 400.7] N_c преф [2, 2, 2, 2] N_true [2, 2, 2, 2] t1_full 401 | пары [('p', 2, 0.18), ('s', 0, 0.07), ('p', 2, 0.71), ('s', 0, 0.87), ('p', 2, 0.05), ('s', 0, 0.53)] [18s]
hier2_L2560_s6             [hier2] t1 преф [30.9, 194.2, 874.2, 604.6] N_c преф [0, 1, 3, 5] N_true [0, 1, 3, 5] t1_full 605 | пары [('p', 0, 2.65), ('s', 0, 3.36), ('p', 1, 2.17), ('s', 0, 1.09), ('p', 3, -0.53), ('s', 2, -0.16)] [19s]
hier2_L2560_s7             [hier2] t1 преф [32.0, 21.1, 923.7, 644.0] N_c преф [1, 1, 3, 6] N_true [1, 1, 3, 6] t1_full 644 | пары [('p', 1, -0.6), ('s', 0, 0.95), ('p', 1, 5.45), ('s', 1, 1.81), ('p', 3, -0.52), ('s', 3, -0.13)] [19s]
hier2_L2560_s8             [hier2] t1 преф [32.8, 146.2, 212.2, 283.3] N_c преф [0, 5, 9, 16] N_true [0, 0, 0, 0] t1_full 283 | пары [('p', 0, 2.16), ('s', 4, 0.48), ('p', 5, 0.54), ('s', 4, 0.81), ('p', 9, 0.42), ('s', 7, -0.17)] [19s]
hier2_L2560_s9             [hier2] t1 преф [23.7, 405.5, 186.1, 878.3] N_c преф [1, 1, 1, 4] N_true [1, 1, 1, 4] t1_full 878 | пары [('p', 1, 4.09), ('s', 0, -0.94), ('p', 1, -1.12), ('s', 0, 0.82), ('p', 1, 2.24), ('s', 3, 1.91)] [20s]
ГОТОВО hier2 20s
