synth_AR1_t10                [synth] n=  3997 k=30 | t1 префиксы [23.7, 25.1, 24.8, 24.1] суффиксы [34.6, 25.4, 23.7, 24.1] | β -0.08 (преф 0.01 / суф -0.17) → сошлось [0s]
synth_fGn_H0.9               [synth] n=  3997 k=30 | t1 префиксы [8.1, 11.3, 10.3, 9.0] суффиксы [9.8, 7.8, 8.8, 9.0] | β 0.0 (преф 0.03 / суф -0.02) → сошлось [0s]
synth_telegraph_1000         [synth] n=  3997 k=30 | t1 префиксы [3.0, 2.4, 1388.2, 502.4] суффиксы [2.5, 260.1, 197.4, 502.4] | β 2.7 (преф 3.13 / суф 2.26) → горизонт [0s]
NGRIP_d18O_20yr_m4           [real] n=  2997 k=30 | t1 префиксы [10.7, 331.8, 291.8, 255.1] суффиксы [28.0, 28.1, 35.9, 255.1] | β 1.17 (преф 1.35 / суф 0.99) → горизонт [1s]
NGRIP_d18O_20yr_m1           [real] n=  3000 k=30 | t1 префиксы [1.7, 55.9, 117.0, 81.6] суффиксы [7.8, 6.1, 7.8, 81.6] | β 1.41 (преф 1.77 / суф 1.05) → горизонт [1s]
EEG_A_Z_Z001                 [eeg] n=  4089 k=30 | t1 префиксы [16.9, 25.9, 19.0, 19.7] суффиксы [22.6, 19.2, 19.7, 19.7] | β -0.02 (преф 0.02 / суф -0.06) → сошлось [1s]
EEG_A_Z_Z005                 [eeg] n=  4089 k=30 | t1 префиксы [28.8, 26.8, 21.2, 19.7] суффиксы [27.2, 21.8, 17.9, 19.7] | β -0.18 (преф -0.2 / суф -0.17) → сошлось [1s]
EEG_A_Z_Z009                 [eeg] n=  4089 k=30 | t1 префиксы [19.9, 25.1, 24.5, 31.8] суффиксы [46.1, 56.6, 38.6, 31.8] | β -0.01 (преф 0.2 / суф -0.22) → сошлось [2s]
EEG_A_Z_Z013                 [eeg] n=  4089 k=30 | t1 префиксы [24.2, 22.7, 26.5, 25.3] суффиксы [28.3, 25.6, 23.2, 25.3] | β -0.01 (преф 0.04 / суф -0.06) → сошлось [2s]
EEG_A_Z_Z017                 [eeg] n=  4089 k=30 | t1 префиксы [26.3, 26.5, 24.7, 24.8] суффиксы [32.3, 32.0, 25.5, 24.8] | β -0.09 (преф -0.04 / суф -0.15) → сошлось [2s]
EEG_B_O_O001                 [eeg] n=  4089 k=30 | t1 префиксы [21.1, 20.0, 20.8, 20.1] суффиксы [44.7, 41.4, 20.9, 20.1] | β -0.23 (преф -0.01 / суф -0.44) → сошлось [2s]
EEG_B_O_O005                 [eeg] n=  4089 k=30 | t1 префиксы [33.9, 15.5, 12.2, 11.4] суффиксы [13.1, 17.1, 14.8, 11.4] | β -0.29 (преф -0.51 / суф -0.08) → сошлось [2s]
EEG_B_O_O009                 [eeg] n=  4089 k=30 | t1 префиксы [52.8, 21.3, 26.5, 25.5] суффиксы [29.3, 38.6, 28.0, 25.5] | β -0.19 (преф -0.28 / суф -0.11) → сошлось [2s]
EEG_B_O_O013                 [eeg] n=  4089 k=30 | t1 префиксы [10.7, 8.1, 8.2, 8.4] суффиксы [9.6, 9.3, 9.9, 8.4] | β -0.08 (преф -0.1 / суф -0.05) → сошлось [2s]
EEG_B_O_O017                 [eeg] n=  4089 k=30 | t1 префиксы [8.8, 13.5, 7.8, 8.3] суффиксы [9.4, 11.6, 9.4, 8.3] | β -0.09 (преф -0.11 / суф -0.08) → сошлось [2s]
EEG_C_N_N001                 [eeg] n=  4089 k=30 | t1 префиксы [38.1, 34.9, 40.7, 38.6] суффиксы [40.6, 39.0, 41.7, 38.6] | β 0.01 (преф 0.03 / суф -0.01) → сошлось [3s]
EEG_C_N_N005                 [eeg] n=  4089 k=30 | t1 префиксы [45.7, 35.7, 27.1, 27.7] суффиксы [46.0, 42.8, 33.7, 27.7] | β -0.26 (преф -0.26 / суф -0.25) → сошлось [3s]
EEG_C_N_N009                 [eeg] n=  4089 k=30 | t1 префиксы [45.2, 40.8, 37.7, 34.1] суффиксы [27.5, 37.3, 42.5, 34.1] | β -0.01 (преф -0.13 / суф 0.11) → сошлось [3s]
EEG_C_N_N013                 [eeg] n=  4089 k=30 | t1 префиксы [72.2, 58.9, 45.3, 55.4] суффиксы [53.5, 44.2, 67.9, 55.4] | β -0.04 (преф -0.15 / суф 0.08) → сошлось [3s]
EEG_C_N_N017                 [eeg] n=  4089 k=30 | t1 префиксы [38.7, 29.9, 28.4, 25.7] суффиксы [29.7, 27.8, 28.0, 25.7] | β -0.12 (преф -0.18 / суф -0.06) → сошлось [3s]
EEG_D_F_F001                 [eeg] n=  4089 k=30 | t1 префиксы [66.9, 52.6, 49.0, 48.0] суффиксы [38.5, 42.2, 46.4, 48.0] | β -0.02 (преф -0.15 / суф 0.11) → сошлось [3s]
EEG_D_F_F005                 [eeg] n=  4089 k=30 | t1 префиксы [62.1, 31.6, 32.1, 31.2] суффиксы [26.9, 29.6, 27.1, 31.2] | β -0.12 (преф -0.3 / суф 0.05) → сошлось [3s]
EEG_D_F_F009                 [eeg] n=  4089 k=30 | t1 префиксы [240.0, 219.6, 204.4, 182.9] суффиксы [240.8, 139.4, 181.3, 182.9] | β -0.1 (преф -0.13 / суф -0.08) → сошлось [4s]
EEG_D_F_F013                 [eeg] n=  4089 k=30 | t1 префиксы [30.5, 27.0, 30.5, 25.2] суффиксы [43.7, 30.8, 27.0, 25.2] | β -0.16 (преф -0.07 / суф -0.26) → сошлось [4s]
EEG_D_F_F017                 [eeg] n=  4089 k=30 | t1 префиксы [26.9, 22.2, 22.7, 24.1] суффиксы [32.7, 21.5, 23.0, 24.1] | β -0.08 (преф -0.04 / суф -0.12) → сошлось [4s]
EEG_E_S_S001                 [eeg] n=  4089 k=30 | t1 префиксы [21.2, 19.1, 19.6, 21.3] суффиксы [23.6, 22.8, 23.2, 21.3] | β -0.02 (преф 0.01 / суф -0.04) → сошлось [4s]
EEG_E_S_S005                 [eeg] n=  4089 k=30 | t1 префиксы [24.8, 27.2, 25.5, 25.9] суффиксы [39.3, 31.4, 26.0, 25.9] | β -0.1 (преф 0.01 / суф -0.21) → сошлось [4s]
EEG_E_S_S009                 [eeg] n=  4089 k=30 | t1 префиксы [17.7, 13.1, 13.9, 15.4] суффиксы [20.8, 17.2, 15.7, 15.4] | β -0.1 (преф -0.05 / суф -0.14) → сошлось [4s]
EEG_E_S_S013                 [eeg] n=  4089 k=30 | t1 префиксы [14.1, 16.7, 20.4, 19.5] суффиксы [24.6, 23.6, 83.5, 19.5] | β 0.13 (преф 0.17 / суф 0.08) → сошлось [4s]
EEG_E_S_S017                 [eeg] n=  4089 k=30 | t1 префиксы [21.2, 17.9, 19.4, 17.6] суффиксы [11.2, 19.3, 16.8, 17.6] | β 0.05 (преф -0.07 / суф 0.18) → сошлось [4s]
plankton_Beninca_12sp        [real] n=   692 k=15 | t1 префиксы [24.4, 19.6, 17.1] суффиксы [13.8, 24.4, 17.1] | β -0.05 (преф -0.26 / суф 0.16) → сошлось [5s]
LR04_benthic_m4              [real] n=  2111 k=30 | t1 префиксы [50.0, 61.7, 44.7, 72.2] суффиксы [5.5, 15.4, 51.9, 72.2] | β 0.7 (преф 0.11 / суф 1.29) → горизонт [5s]
EPICA_deuterium_m4           [real] n=  5782 k=30 | t1 префиксы [26.7, 309.3, 179.7, 166.0] суффиксы [93.5, 199.7, 228.6, 166.0] | β 0.49 (преф 0.71 / суф 0.27) → не установлено [5s]
sunspots_monthly_m4          [real] n=  3301 k=30 | t1 префиксы [26.6, 29.4, 28.9, 32.1] суффиксы [51.2, 54.7, 36.7, 32.1] | β -0.09 (преф 0.08 / суф -0.26) → сошлось [5s]
measles_NY_weekly_m4         [real] n=  3946 k=30 | t1 префиксы [58.5, 47.6, 38.0, 75.9] суффиксы [190.7, 13.7, 19.9, 75.9] | β -0.13 (преф 0.08 / суф -0.34) → сошлось [5s]
COVID_Germany_daily_m4       [real] n=  1139 k=15 | t1 префиксы [36.1, 30.2, 15.9] суффиксы [10.3, 26.8, 15.9] | β -0.14 (преф -0.59 / суф 0.31) → сошлось [6s]
COVID_US_daily_m4            [real] n=  1139 k=15 | t1 префиксы [39.7, 58.9, 27.8] суффиксы [4.0, 17.4, 27.8] | β 0.57 (преф -0.26 / суф 1.39) → горизонт [6s]
COVID_Italy_daily_m4         [real] n=  1139 k=15 | t1 префиксы [76.6, 141.5, 275.4] суффиксы [2.4, 18.2, 275.4] | β 2.17 (преф 0.92 / суф 3.42) → горизонт [6s]
thermoacoustic_1_m4          [real] n=  4494 k=30 | t1 префиксы [7.7, 8.1, 8.3, 7.8] суффиксы [7.8, 6.1, 7.5, 7.8] | β 0.02 (преф 0.01 / суф 0.03) → сошлось [6s]
thermoacoustic_2_m4          [real] n=  4494 k=30 | t1 префиксы [7.4, 7.6, 7.5, 6.3] суффиксы [7.4, 6.8, 6.6, 6.3] | β -0.08 (преф -0.07 / суф -0.08) → сошлось [6s]
thermoacoustic_3_m4          [real] n=  4494 k=30 | t1 префиксы [13.5, 13.2, 10.5, 10.9] суффиксы [10.3, 7.0, 8.3, 10.9] | β -0.04 (преф -0.13 / суф 0.05) → сошлось [6s]
SLEEP_SC4001E0               [real] n=   843 k=15 | t1 префиксы [15.3, 10.0, 8.5] суффиксы [4.8, 5.5, 8.5] | β -0.0 (преф -0.42 / суф 0.41) → сошлось [10s]
SLEEP_SC4002E0               [real] n=  1129 k=15 | t1 префиксы [8.6, 6.9, 6.9] суффиксы [10.5, 7.6, 6.9] | β -0.23 (преф -0.16 / суф -0.3) → сошлось [14s]
SLEEP_SC4011E0               [real] n=  1105 k=15 | t1 префиксы [7.5, 7.0, 6.2] суффиксы [19.8, 8.8, 6.2] | β -0.48 (преф -0.13 / суф -0.83) → сошлось [18s]
SLEEP_SC4012E0               [real] n=  1188 k=15 | t1 префиксы [5.6, 6.1, 4.8] суффиксы [17.2, 10.9, 4.8] | β -0.52 (преф -0.12 / суф -0.92) → сошлось [21s]
SLEEP_SC4021E0               [real] n=  1027 k=15 | t1 префиксы [12.2, 5.7, 4.5] суффиксы [3.7, 3.7, 4.5] | β -0.28 (преф -0.71 / суф 0.15) → сошлось [22s]
SLEEP_SC4022E0               [real] n=  1011 k=15 | t1 префиксы [10.4, 5.9, 4.3] суффиксы [3.9, 3.2, 4.3] | β -0.28 (преф -0.63 / суф 0.08) → сошлось [26s]
NGRIP_2D_20yr_W              [real] n=  1042 k=15 | t1 префиксы [22.4, 27.7, 24.1] суффиксы [26.7, 19.5, 24.1] | β -0.01 (преф 0.05 / суф -0.07) → сошлось [26s]
NGRIP_2D_20yr_Wg             [real] n=   473 k=15 | t1 префиксы [8.1, 26.1, 17.0] суффиксы [11.4, 18.3, 17.0] | β 0.41 (преф 0.53 / суф 0.29) → не установлено [26s]
LJ13_T0.25_s401              [insilico] n=100000 k=100 | t1 префиксы [23.9, 25.9, 25.1, 24.0] суффиксы [24.8, 22.6, 23.0, 24.0] | β -0.01 (преф -0.0 / суф -0.01) → сошлось [103s]
LJ13_T0.25_s402              [insilico] n=100000 k=100 | t1 префиксы [21.5, 21.7, 21.9, 20.8] суффиксы [23.3, 20.1, 19.6, 20.8] | β -0.03 (преф -0.01 / суф -0.05) → сошлось [179s]
LJ13_T0.25_s403              [insilico] n=100000 k=100 | t1 префиксы [26.4, 22.4, 24.8, 22.4] суффиксы [21.2, 22.7, 19.3, 22.4] | β -0.03 (преф -0.06 / суф -0.0) → сошлось [256s]
LJ13_T0.28_s401              [insilico] n=100000 k=100 | t1 префиксы [21.6, 20.5, 20.3, 20.1] суффиксы [19.1, 19.6, 20.2, 20.1] | β -0.0 (преф -0.03 / суф 0.03) → сошлось [333s]
LJ13_T0.28_s402              [insilico] n=100000 k=100 | t1 префиксы [20.2, 20.7, 20.2, 20.9] суффиксы [21.8, 22.7, 22.1, 20.9] | β -0.0 (преф 0.01 / суф -0.02) → сошлось [409s]
LJ13_T0.28_s403              [insilico] n=100000 k=100 | t1 префиксы [20.8, 21.7, 20.2, 20.1] суффиксы [19.6, 19.8, 20.2, 20.1] | β -0.0 (преф -0.03 / суф 0.02) → сошлось [486s]
DIP_300_s211                 [insilico] n=100000 k=100 | t1 префиксы [14.6, 14.1, 13.9, 14.2] суффиксы [14.5, 14.6, 14.7, 14.2] | β -0.01 (преф -0.01 / суф -0.01) → сошлось [495s]
DIP_300_s212                 [insilico] n=100000 k=100 | t1 префиксы [14.9, 15.2, 15.0, 15.0] суффиксы [14.5, 15.1, 15.1, 15.0] | β 0.01 (преф 0.0 / суф 0.01) → сошлось [503s]
DIP_400_s211                 [insilico] n=100000 k=100 | t1 префиксы [7.2, 912.1, 787.6, 869.0] суффиксы [7.8, 7.5, 971.6, 869.0] | β 2.4 (преф 2.05 / суф 2.74) → горизонт [513s]
DIP_400_s212                 [insilico] n=100000 k=100 | t1 префиксы [7.7, 8856.5, 4486.0, 2156.1] суффиксы [1409.5, 796.6, 1066.8, 2156.1] | β 1.28 (преф 2.34 / суф 0.23) → горизонт [526s]
DIP_500_s211                 [insilico] n=100000 k=100 | t1 префиксы [622.5, 353.9, 239.6, 216.4] суффиксы [361.2, 191.5, 275.2, 216.4] | β -0.34 (преф -0.51 / суф -0.17) → сошлось [536s]
DIP_500_s212                 [insilico] n=100000 k=100 | t1 префиксы [4.5, 522.7, 330.6, 204.9] суффиксы [104.9, 94.5, 148.6, 204.9] | β 0.97 (преф 1.58 / суф 0.36) → горизонт [545s]
DIP_700_s211                 [insilico] n=100000 k=100 | t1 префиксы [51.2, 43.8, 56.2, 54.2] суффиксы [66.5, 55.1, 46.0, 54.2] | β -0.03 (преф 0.06 / суф -0.11) → сошлось [553s]
DIP_700_s212                 [insilico] n=100000 k=100 | t1 префиксы [37.3, 43.3, 38.6, 47.9] суффиксы [70.1, 57.6, 57.2, 47.9] | β -0.04 (преф 0.09 / суф -0.17) → сошлось [562s]

== ВЕРДИКТЫ ==
PH1 {'ok': False, 'frac': 0.3333333333333333, 'n': 21, 'betas': {'NGRIP_d18O_20yr_m4': 1.17, 'NGRIP_d18O_20yr_m1': 1.41, 'plankton_Beninca_12sp': -0.05, 'LR04_benthic_m4': 0.7, 'EPICA_deuterium_m4': 0.49, 'sunspots_monthly_m4': -0.09, 'measles_NY_weekly_m4': -0.13, 'COVID_Germany_daily_m4': -0.14, 'COVID_US_daily_m4': 0.57, 'COVID_Italy_daily_m4': 2.17, 'thermoacoustic_1_m4': 0.02, 'thermoacoustic_2_m4': -0.08, 'thermoacoustic_3_m4': -0.04, 'SLEEP_SC4001E0': -0.0, 'SLEEP_SC4002E0': -0.23, 'SLEEP_SC4011E0': -0.48, 'SLEEP_SC4012E0': -0.52, 'SLEEP_SC4021E0': -0.28, 'SLEEP_SC4022E0': -0.28, 'NGRIP_2D_20yr_W': -0.01, 'NGRIP_2D_20yr_Wg': 0.41}}
PH2 {'ok': False, 'n_lo': 11, 'n': 14, 'betas': {'LJ13_T0.25_s401': -0.01, 'LJ13_T0.25_s402': -0.03, 'LJ13_T0.25_s403': -0.03, 'LJ13_T0.28_s401': -0.0, 'LJ13_T0.28_s402': -0.0, 'LJ13_T0.28_s403': -0.0, 'DIP_300_s211': -0.01, 'DIP_300_s212': 0.01, 'DIP_400_s211': 2.4, 'DIP_400_s212': 1.28, 'DIP_500_s211': -0.34, 'DIP_500_s212': 0.97, 'DIP_700_s211': -0.03, 'DIP_700_s212': -0.04}}
PH3 {'ok': False, 'betas': {'synth_AR1_t10': -0.08, 'synth_fGn_H0.9': 0.0, 'synth_telegraph_1000': 2.7}}
PH4 {'ok': True, 'median': -0.09249399286142661, 'n': 25}
K1 {'hit': True}
K2 {'hit': True}
K3 {'hit': True}
agree {'real': 0.2857142857142857, 'eeg': 0.84}
