A_Z: 25 сегментов, медиана ζ 0.82 [4s]
A_Z: 50 сегментов, медиана ζ 0.88 [9s]
A_Z: 75 сегментов, медиана ζ 0.94 [13s]
A_Z: 100 сегментов, медиана ζ 0.96 [17s]
B_O: 25 сегментов, медиана ζ 0.54 [20s]
B_O: 50 сегментов, медиана ζ 0.58 [24s]
B_O: 75 сегментов, медиана ζ 0.64 [28s]
B_O: 100 сегментов, медиана ζ 0.82 [31s]
C_N: 25 сегментов, медиана ζ 0.64 [34s]
C_N: 50 сегментов, медиана ζ 0.63 [38s]
C_N: 75 сегментов, медиана ζ 0.66 [41s]
C_N: 100 сегментов, медиана ζ 0.67 [44s]
D_F: 25 сегментов, медиана ζ 0.69 [48s]
D_F: 50 сегментов, медиана ζ 0.69 [51s]
D_F: 75 сегментов, медиана ζ 0.70 [54s]
D_F: 100 сегментов, медиана ζ 0.73 [58s]
E_S: 25 сегментов, медиана ζ 0.94 [61s]
E_S: 50 сегментов, медиана ζ 0.86 [65s]
E_S: 75 сегментов, медиана ζ 0.82 [68s]
E_S: 100 сегментов, медиана ζ 0.83 [72s]
E_S: суррогаты медиана ζ 0.66; сиды 1/2 медианы [0.92, 0.97] [81s]
A_Z: суррогаты медиана ζ 0.97; сиды 1/2 медианы [0.82, 0.84] [90s]

медианы ζ: {'A_Z': 0.96, 'B_O': 0.82, 'C_N': 0.67, 'D_F': 0.73, 'E_S': 0.83} | доля «уровень»: {'A_Z': 0.0, 'B_O': 0.0, 'C_N': 0.0, 'D_F': 0.0, 'E_S': 0.0} | t1 медианы: {'A_Z': 19.2, 'B_O': 10.8, 'C_N': 38.8, 'D_F': 36.5, 'E_S': 21.2}
== ВЕРДИКТЫ ==
PI1 {'ok': False, 'delta': -0.04713109320337927, 'ci': [-0.20569809642384596, 0.056895243627740524]}
PI2 {'ok': True, 'level_frac': {'A_Z': 0.0, 'B_O': 0.0, 'C_N': 0.0, 'D_F': 0.0, 'E_S': 0.0}}
PI3 {'ok': False, 'order': ['C_N', 'D_F', 'B_O', 'E_S', 'A_Z'], 'inversions': 5}
PI4 {'ok': True, 't1': {'A_Z': 19.242956300185327, 'B_O': 10.797073003171818, 'C_N': 38.78801629836802, 'D_F': 36.54462586308687, 'E_S': 21.159547847576032}}
K1 {'hit': True}
K2 {'hit': False}
K3 {'hit': False, 'dsurr': 0.2223331836157777}
medians {'A_Z': 0.964397021048251, 'B_O': 0.823178039277036, 'C_N': 0.666293072012428, 'D_F': 0.7298196561990317, 'E_S': 0.8283472185341009}
first50 {'A_Z': 0.8750494264845854, 'B_O': 0.5762587844247775, 'C_N': 0.6338608410849356, 'D_F': 0.6936195195573034, 'E_S': 0.8621248105485442}
seeds_E [0.923860734648223, 0.9653377238053942]
