tel40_s0                 [tel] δ 0.046 | |λ₂| по уровням [0.946, 0.952, 0.939, 0.939, 0.939] инверсий 1 (допуск 0.0013) | r(n) [1.11, 1.08, 1.05, 1.04] [0s]
tel40_s1                 [tel] δ 0.040 | |λ₂| по уровням [0.949, 0.951, 0.972, 0.944, 0.946] инверсий 1 (допуск 0.0094) | r(n) [1.06, 1.05, 1.03, 1.02] [0s]
tel40_s2                 [tel] δ 0.035 | |λ₂| по уровням [0.954, 0.956, 0.976, 0.953, 0.953] инверсий 1 (допуск 0.0005) | r(n) [1.03, 1.03, 1.01, 1.03] [0s]
tel40_s3                 [tel] δ 0.037 | |λ₂| по уровням [0.952, 0.975, 0.951, 0.953, 0.951] инверсий 1 (допуск 0.0039) | r(n) [1.04, 1.02, 0.99, 0.98] [1s]
tel40_s4                 [tel] δ 0.044 | |λ₂| по уровням [0.949, 0.944, 0.944, 0.942, 0.942] инверсий 1 (допуск 0.0029) | r(n) [1.13, 1.12, 1.1, 1.07] [1s]
NGRIP_d18O_20yr_m4       [real] δ 0.000 | |λ₂| по уровням [0.99, 0.992, 0.996, 0.996, 0.996] инверсий 0 (допуск 0.0240) | r(n) [0.46, 0.83, 0.82, 0.88] [1s]
NGRIP_d18O_20yr_m1       [real] δ 0.000 | |λ₂| по уровням [0.963, 0.97, 0.984, 0.988, 0.988] инверсий 0 (допуск 0.0569) | r(n) [0.4, 0.43, 0.46, 0.54] [1s]
EEG_A_Z_Z001             [eeg] δ 0.141 | |λ₂| по уровням [0.746, 0.796, 0.832, 0.764, 0.75] инверсий 1 (допуск 0.0143) | r(n) [0.94, 0.93, 0.59, 0.66] [1s]
EEG_A_Z_Z005             [eeg] δ 0.087 | |λ₂| по уровням [0.769, 0.826, 0.846, 0.848, 0.808] инверсий 1 (допуск 0.0031) | r(n) [0.81, 0.77, 0.51, 0.8] [1s]
EEG_A_Z_Z009             [eeg] δ 0.120 | |λ₂| по уровням [0.802, 0.853, 0.893, 0.842, 0.815] инверсий 0 (допуск 0.0926) | r(n) [0.93, 1.0, 0.81, 0.64] [1s]
EEG_A_Z_Z013             [eeg] δ 0.190 | |λ₂| по уровням [0.774, 0.846, 0.863, 0.789, 0.727] инверсий 2 (допуск 0.0150) | r(n) [1.25, 1.18, 0.84, 0.45] [1s]
EEG_A_Z_Z017             [eeg] δ 0.058 | |λ₂| по уровням [0.774, 0.826, 0.877, 0.876, 0.862] инверсий 0 (допуск 0.0763) | r(n) [0.43, 0.49, 0.42, 0.42] [2s]
EEG_B_O_O001             [eeg] δ 0.042 | |λ₂| по уровням [0.714, 0.862, 0.873, 0.871, 0.861] инверсий 0 (допуск 0.0310) | r(n) [1.0, 0.99, 0.9, 0.8] [2s]
EEG_B_O_O005             [eeg] δ 0.056 | |λ₂| по уровням [0.624, 0.804, 0.804, 0.812, 0.813] инверсий 0 (допуск 0.0012) | r(n) [0.91, 0.77, 0.54, 0.56] [2s]
EEG_B_O_O009             [eeg] δ 0.082 | |λ₂| по уровням [0.787, 0.833, 0.889, 0.868, 0.836] инверсий 2 (допуск 0.0098) | r(n) [0.68, 0.55, 0.39, 0.77] [2s]
EEG_B_O_O013             [eeg] δ 0.063 | |λ₂| по уровням [0.621, 0.66, 0.63, 0.654, 0.803] инверсий 1 (допуск 0.0276) | r(n) [0.46, 0.3, 0.15, 0.54] [2s]
EEG_B_O_O017             [eeg] δ 0.028 | |λ₂| по уровням [0.572, 0.712, 0.722, 0.736, 0.884] инверсий 0 (допуск 0.0053) | r(n) [0.18, 0.29, 0.18, 0.29] [2s]
EEG_C_N_N001             [eeg] δ 0.082 | |λ₂| по уровням [0.848, 0.876, 0.877, 0.863, 0.865] инверсий 1 (допуск 0.0045) | r(n) [0.72, 0.72, 0.75, 0.27] [2s]
EEG_C_N_N005             [eeg] δ 0.059 | |λ₂| по уровням [0.799, 0.859, 0.901, 0.88, 0.871] инверсий 1 (допуск 0.0151) | r(n) [0.6, 0.74, 0.81, 0.78] [2s]
EEG_C_N_N009             [eeg] δ 0.124 | |λ₂| по уровням [0.812, 0.875, 0.902, 0.785, 0.822] инверсий 1 (допуск 0.0213) | r(n) [1.0, 1.07, 0.86, 0.43] [3s]
EEG_C_N_N013             [eeg] δ 0.138 | |λ₂| по уровням [0.884, 0.909, 0.942, 0.926, 0.826] инверсий 2 (допуск 0.0098) | r(n) [1.29, 1.77, 1.03, 0.9] [3s]
EEG_C_N_N017             [eeg] δ 0.102 | |λ₂| по уровням [0.784, 0.859, 0.896, 0.841, 0.824] инверсий 2 (допуск 0.0154) | r(n) [0.75, 0.72, 0.71, 0.64] [3s]
EEG_D_F_F001             [eeg] δ 0.129 | |λ₂| по уровням [0.862, 0.899, 0.925, 0.893, 0.828] инверсий 2 (допуск 0.0035) | r(n) [1.27, 1.09, 1.05, 1.21] [3s]
EEG_D_F_F005             [eeg] δ 0.168 | |λ₂| по уровням [0.824, 0.852, 0.864, 0.771, 0.764] инверсий 1 (допуск 0.0198) | r(n) [1.47, 1.49, 1.07, 0.53] [3s]
EEG_D_F_F009             [eeg] δ 0.007 | |λ₂| по уровням [0.959, 0.963, 0.971, 0.978, 0.98] инверсий 0 (допуск 0.0021) | r(n) [0.41, 0.47, 0.53, 0.64] [3s]
EEG_D_F_F013             [eeg] δ 0.100 | |λ₂| по уровням [0.781, 0.853, 0.688, 0.794, 0.828] инверсий 1 (допуск 0.0064) | r(n) [0.81, 0.83, 0.85, 0.52] [3s]
EEG_D_F_F017             [eeg] δ 0.032 | |λ₂| по уровням [0.779, 0.847, 0.74, 0.825, 0.894] инверсий 1 (допуск 0.0051) | r(n) [0.48, 0.47, 0.5, 0.4] [3s]
EEG_E_S_S001             [eeg] δ 0.190 | |λ₂| по уровням [0.805, 0.768, 0.747, 0.787, 0.718] инверсий 2 (допуск 0.0272) | r(n) [1.52, 1.34, 0.88, 0.49] [4s]
EEG_E_S_S005             [eeg] δ 0.082 | |λ₂| по уровням [0.791, 0.748, 0.786, 0.8, 0.847] инверсий 1 (допуск 0.0268) | r(n) [0.7, 0.6, 0.37, 0.76] [4s]
EEG_E_S_S009             [eeg] δ 0.068 | |λ₂| по уровням [0.734, 0.688, 0.689, 0.776, 0.859] инверсий 1 (допуск 0.0063) | r(n) [0.49, 0.36, 0.08, 0.46] [4s]
EEG_E_S_S013             [eeg] δ 0.025 | |λ₂| по уровням [0.731, 0.771, 0.82, 0.878, 0.955] инверсий 0 (допуск 0.0064) | r(n) [0.15, 0.1, 0.05, 0.6] [4s]
EEG_E_S_S017             [eeg] δ 0.085 | |λ₂| по уровням [0.705, 0.742, 0.83, 0.826, 0.805] инверсий 0 (допуск 0.0496) | r(n) [0.68, 0.81, 0.38, 0.58] [4s]
plankton_Beninca_12sp    [real] δ 0.003 | |λ₂| по уровням [0.873, 0.911, 0.921, 0.941] инверсий 0 (допуск 0.0235) | r(n) [0.5, 0.49, 0.44, 0.44] [4s]
LR04_benthic_m4          [real] δ 0.018 | |λ₂| по уровням [0.911, 0.948, 0.975, 0.98, 0.969] инверсий 1 (допуск 0.0053) | r(n) [0.31, 0.29, 0.23, 0.14] [4s]
EPICA_deuterium_m4       [real] δ 0.000 | |λ₂| по уровням [0.97, 0.974, 0.984, 0.992, 0.994] инверсий 0 (допуск 0.0006) | r(n) [0.25, 0.26, 0.31, 0.39] [4s]
sunspots_monthly_m4      [real] δ 0.004 | |λ₂| по уровням [0.891, 0.922, 0.948, 0.956, 0.966] инверсий 0 (допуск 0.0046) | r(n) [0.27, 0.34, 0.48, 0.84] [4s]
measles_NY_weekly_m4     [real] δ 0.008 | |λ₂| по уровням [0.919, 0.958, 0.977, 0.979, 0.98] инверсий 0 (допуск 0.0029) | r(n) [0.25, 0.23, 0.24, 0.23] [5s]
COVID_Germany_daily_m4   [real] δ 0.013 | |λ₂| по уровням [0.872, 0.906, 0.935, 0.924] инверсий 0 (допуск 0.0124) | r(n) [0.99, 1.01, 0.98, 0.47] [5s]
COVID_US_daily_m4        [real] δ 0.001 | |λ₂| по уровням [0.828, 0.902, 0.964, 0.964] инверсий 0 (допуск 0.0010) | r(n) [0.73, 0.75, 0.61, 0.48] [5s]
COVID_Italy_daily_m4     [real] δ 0.004 | |λ₂| по уровням [0.988, 0.991, 0.99, 0.992] инверсий 0 (допуск 0.0916) | r(n) [0.7, 0.65, 0.62, 0.55] [5s]
thermoacoustic_1_m4      [real] δ 0.076 | |λ₂| по уровням [0.609, 0.609, 0.676, 0.717, 0.776] инверсий 0 (допуск 0.0131) | r(n) [0.6, 0.62, 0.51, 0.57] [5s]
thermoacoustic_2_m4      [real] δ 0.022 | |λ₂| по уровням [0.565, 0.582, 0.59, 0.622, 0.91] инверсий 0 (допуск 0.0143) | r(n) [0.17, 0.13, 0.05, 0.22] [5s]
thermoacoustic_3_m4      [real] δ 0.021 | |λ₂| по уровням [0.67, 0.683, 0.719, 0.756, 0.875] инверсий 0 (допуск 0.0714) | r(n) [0.4, 0.35, 0.36, 0.36] [5s]
SLEEP_SC4001E0           [real] δ 0.008 | |λ₂| по уровням [0.832, 0.881, 0.883, 0.881] инверсий 0 (допуск 0.0294) | r(n) [0.94, 0.7, 0.39, 0.08] [7s]
SLEEP_SC4002E0           [real] δ 0.012 | |λ₂| по уровням [0.669, 0.741, 0.845, 0.85] инверсий 0 (допуск 0.0194) | r(n) [0.4, 0.44, 0.47, 0.55] [7s]
SLEEP_SC4011E0           [real] δ 0.002 | |λ₂| по уровням [0.794, 0.828, 0.847, 0.852] инверсий 0 (допуск 0.0253) | r(n) [0.65, 0.69, 0.72, 0.76] [8s]
SLEEP_SC4012E0           [real] δ 0.019 | |λ₂| по уровням [0.674, 0.743, 0.755, 0.787] инверсий 0 (допуск 0.0186) | r(n) [0.57, 0.59, 0.71, 0.7] [9s]
SLEEP_SC4021E0           [real] δ 0.012 | |λ₂| по уровням [0.742, 0.776, 0.782, 0.785] инверсий 0 (допуск 0.0481) | r(n) [0.81, 0.81, 0.76, 0.85] [9s]
SLEEP_SC4022E0           [real] δ 0.012 | |λ₂| по уровням [0.735, 0.753, 0.763, 0.785] инверсий 0 (допуск 0.0419) | r(n) [0.79, 0.76, 0.78, 0.92] [9s]
NGRIP_2D_20yr_W          [real] δ 0.000 | |λ₂| по уровням [0.827, 0.872, 0.931, 0.959] инверсий 0 (допуск 0.0121) | r(n) [0.71, 0.74, 0.78, 0.82] [9s]
NGRIP_2D_20yr_Wg         [real] δ 0.001 | |λ₂| по уровням [0.788, 0.922, 0.939, 0.941] инверсий 0 (допуск 0.0001) | r(n) [0.34, 0.43, 0.52, 0.46] [9s]
DIP_300_s211             [dip] δ 0.000 | |λ₂| по уровням [0.826, 0.837, 0.843, 0.845, 0.869] инверсий 0 (допуск 0.0039) | r(n) [0.74, 0.8, 0.87, 0.93] [14s]
DIP_300_s212             [dip] δ 0.000 | |λ₂| по уровням [0.84, 0.847, 0.852, 0.854, 0.875] инверсий 0 (допуск 0.0002) | r(n) [0.76, 0.82, 0.88, 0.93] [18s]
DIP_400_s211             [dip] δ 0.000 | |λ₂| по уровням [0.954, 0.982, 0.988, 0.99, 0.998] инверсий 0 (допуск 0.0000) | r(n) [0.92, 0.96, 0.98, 0.99] [23s]
DIP_400_s212             [dip] δ 0.000 | |λ₂| по уровням [0.999, 0.999, 0.999, 0.999, 0.999] инверсий 0 (допуск 0.0009) | r(n) [1.0, 1.0, 1.0, 1.0] [27s]
DIP_500_s211             [dip] δ 0.000 | |λ₂| по уровням [0.865, 0.866, 0.876, 0.921, 0.991] инверсий 0 (допуск 0.0009) | r(n) [0.99, 0.99, 0.99, 0.99] [31s]
DIP_500_s212             [dip] δ 0.000 | |λ₂| по уровням [0.909, 0.912, 0.925, 0.99, 0.99] инверсий 0 (допуск 0.0046) | r(n) [0.97, 0.98, 0.98, 0.99] [36s]
DIP_700_s211             [dip] δ 0.000 | |λ₂| по уровням [0.811, 0.847, 0.922, 0.93, 0.964] инверсий 0 (допуск 0.0047) | r(n) [0.79, 0.87, 0.91, 0.95] [40s]
DIP_700_s212             [dip] δ 0.000 | |λ₂| по уровням [0.724, 0.816, 0.951, 0.951, 0.959] инверсий 0 (допуск 0.0077) | r(n) [0.77, 0.86, 0.92, 0.96] [45s]
LJ13_T0.25_s401          [lj13] δ 0.000 | |λ₂| по уровням [0.845, 0.863, 0.878, 0.907, 0.92] инверсий 0 (допуск 0.0027) | r(n) [0.24, 0.28, 0.35, 0.46] [95s]
LJ13_T0.25_s402          [lj13] δ 0.000 | |λ₂| по уровням [0.765, 0.812, 0.846, 0.892, 0.908] инверсий 0 (допуск 0.0048) | r(n) [0.53, 0.58, 0.65, 0.72] [147s]
LJ13_T0.25_s403          [lj13] δ 0.000 | |λ₂| по уровням [0.792, 0.821, 0.842, 0.897, 0.914] инверсий 0 (допуск 0.0114) | r(n) [0.4, 0.45, 0.53, 0.63] [196s]
LJ13_T0.28_s401          [lj13] δ 0.000 | |λ₂| по уровням [0.811, 0.846, 0.859, 0.879, 0.905] инверсий 0 (допуск 0.0002) | r(n) [0.36, 0.42, 0.51, 0.62] [247s]
LJ13_T0.28_s402          [lj13] δ 0.000 | |λ₂| по уровням [0.83, 0.857, 0.872, 0.89, 0.909] инверсий 0 (допуск 0.0042) | r(n) [0.43, 0.5, 0.58, 0.68] [296s]
LJ13_T0.28_s403          [lj13] δ 0.000 | |λ₂| по уровням [0.822, 0.857, 0.879, 0.889, 0.905] инверсий 0 (допуск 0.0001) | r(n) [0.31, 0.36, 0.44, 0.55] [359s]
ГОТОВО 359s
