T0.25_s401: кадров 19997, доля икосаэдра 0.891
  D1_Epot        N=    1 | ITS [5.7] | тест-ITS [5.7] | ложных [0, 0]/1 исчезли [0, 0] сдвиг 0 | r_ico [1, 1] (|corr| 0.61) | ζ None → чистка None | ζ_test None | P_L None | VAMP2 тест [1.49, 1.49] [4s]
  D2_Epot_m4     N=    4 | ITS [nan nan 1.2 0.6] | тест-ITS [8.7 0.  0.  0.4] | ложных [0, 0]/0 исчезли [0, 0] сдвиг 2 | r_ico [1, 2] (|corr| 0.65) | ζ None → чистка None | ζ_test None | P_L None | VAMP2 тест [3.04, 3.04] [4s]
  D3_dist78      N=   78 | ITS [33.2  6.5  3.3  2.3  1.7] | тест-ITS [35.5  6.3  2.8  1.9  1.3] | ложных [0, 0]/4 исчезли [1, 1] сдвиг 0 | r_ico [1, 1] (|corr| 0.87) | ζ 1.32 → чистка 1.32 | ζ_test None | P_L 0.0 | VAMP2 тест [2.96, 2.99] [5s]
  D4_dist_lag    N=  156 | ITS [69.7 11.6  6.7  3.9  3.2] | тест-ITS [35.3  8.2  2.8  2.2  1.5] | ложных [4, 4]/9 исчезли [5, 3] сдвиг 0 | r_ico [1, 1] (|corr| 0.87) | ζ 1.87 → чистка 1.55 | ζ_test 1.01 | P_L 0.0 | VAMP2 тест [4.11, 4.23] [8s]
  D5_D4_rff300   N=  456 | ITS [91.5 21.5 10.4  7.5  6. ] | тест-ITS [34.8  9.5  3.8  2.3  2.6] | ложных [14, 14]/14 исчезли [8, 10] сдвиг 0 | r_ico [1, 1] (|corr| 0.86) | ζ 2.22 → чистка None | ζ_test 1.35 | P_L 0.0 | VAMP2 тест [4.19, 4.12] [35s]
  D6_D4_rff1000  N= 1156 | ITS [154.2  54.7  36.1  21.2  17.9] | тест-ITS [29.5  7.   5.8  3.4  1.5] | ложных [14, 14]/14 исчезли [10, 11] сдвиг 0 | r_ico [1, 1] (|corr| 0.83) | ζ 1.91 → чистка None | ζ_test 1.43 | P_L 0.0 | VAMP2 тест [3.57, 3.36] [475s]
  контроли: D6 перестановка — ложных 14/14 (ITS [30.6 22.3 16.6 13.4], тест [6.3 3.8 3.9 1.7]); D6 на 5 000 кадров — ложных 14/14, VAMP2 тест 3.09
T0.25_s402: кадров 19997, доля икосаэдра 0.904
  D1_Epot        N=    1 | ITS [4.4] | тест-ITS [5.8] | ложных [0, 0]/1 исчезли [0, 0] сдвиг 0 | r_ico [1, 1] (|corr| 0.60) | ζ None → чистка None | ζ_test None | P_L None | VAMP2 тест [1.5, 1.4] [534s]
  D2_Epot_m4     N=    4 | ITS [nan nan 1.  0.6] | тест-ITS [0.  8.8 0.  0. ] | ложных [0, 0]/0 исчезли [0, 0] сдвиг 2 | r_ico [2, 2] (|corr| 0.63) | ζ None → чистка None | ζ_test None | P_L None | VAMP2 тест [3.03, 3.02] [534s]
  D3_dist78      N=   78 | ITS [22.5  4.1  2.9  1.7  1.5] | тест-ITS [32.6  4.8  2.9  1.2  1.5] | ложных [0, 0]/3 исчезли [0, 0] сдвиг 0 | r_ico [1, 1] (|corr| 0.88) | ζ None → чистка None | ζ_test None | P_L 0.0 | VAMP2 тест [2.78, 2.56] [535s]
  D4_dist_lag    N=  156 | ITS [48.3  7.6  6.   2.9  2.9] | тест-ITS [30.9  5.3  3.3  1.5  1.4] | ложных [1, 6]/7 исчезли [4, 5] сдвиг 0 | r_ico [1, 1] (|corr| 0.88) | ζ 2.37 → чистка 2.02 | ζ_test None | P_L 0.0 | VAMP2 тест [3.94, 3.65] [538s]
  D5_D4_rff300   N=  456 | ITS [62.5 13.8  8.   5.2  4.7] | тест-ITS [30.9  8.1  2.9  2.4  2.3] | ложных [13, 14]/14 исчезли [9, 11] сдвиг 0 | r_ico [1, 1] (|corr| 0.88) | ζ 3.26 → чистка None | ζ_test 1.49 | P_L 0.6666666666666666 | VAMP2 тест [3.84, 3.64] [565s]
  D6_D4_rff1000  N= 1156 | ITS [107.6  35.5  18.4  15.1  13.7] | тест-ITS [25.3  7.1  2.   2.4  1.2] | ложных [14, 14]/14 исчезли [10, 12] сдвиг 0 | r_ico [1, 1] (|corr| 0.84) | ζ 2.82 → чистка None | ζ_test 0.95 | P_L 0.4666666666666667 | VAMP2 тест [3.29, 3.06] [1031s]
  контроли: D6 перестановка — ложных 14/14 (ITS [23.  15.  12.7 11.8], тест [7.9 4.2 1.4 1.4]); D6 на 5 000 кадров — ложных 14/14, VAMP2 тест 2.67
T0.25_s403: кадров 19997, доля икосаэдра 0.913
  D1_Epot        N=    1 | ITS [3.3] | тест-ITS [6.4] | ложных [0, 0]/1 исчезли [0, 0] сдвиг 0 | r_ico [1, 1] (|corr| 0.64) | ζ None → чистка None | ζ_test None | P_L None | VAMP2 тест [1.54, 1.3] [1087s]
  D2_Epot_m4     N=    4 | ITS [nan nan 1.1 0.6] | тест-ITS [0.  9.7 0.7 0.7] | ложных [0, 0]/0 исчезли [0, 0] сдвиг 2 | r_ico [2, 1] (|corr| 0.67) | ζ None → чистка None | ζ_test None | P_L None | VAMP2 тест [3.04, 3.02] [1088s]
  D3_dist78      N=   78 | ITS [15.3  2.4  2.   1.7  1.5] | тест-ITS [38.   4.4  8.9  1.5  4. ] | ложных [0, 2]/2 исчезли [0, 1] сдвиг 0 | r_ico [1, 1] (|corr| 0.88) | ζ None → чистка None | ζ_test 1.72 | P_L None | VAMP2 тест [2.85, 2.15] [1089s]
  D4_dist_lag    N=  156 | ITS [31.4  5.8  3.3  3.1  2.5] | тест-ITS [37.5  4.2 11.1  2.9  3.1] | ложных [0, 8]/6 исчезли [0, 6] сдвиг 0 | r_ico [1, 1] (|corr| 0.88) | ζ 2.35 → чистка 2.35 | ζ_test 1.15 | P_L 0.03333333333333333 | VAMP2 тест [3.91, 3.13] [1092s]
  D5_D4_rff300   N=  456 | ITS [40.5  7.1  6.1  4.2  3.8] | тест-ITS [36.   8.1 11.3  2.6  6.5] | ложных [8, 14]/14 исчезли [9, 12] сдвиг 0 | r_ico [1, 1] (|corr| 0.89) | ζ 5.27 → чистка 3.0 | ζ_test 0.69 | P_L 1.0 | VAMP2 тест [3.67, 2.93] [1122s]
  D6_D4_rff1000  N= 1156 | ITS [70.3 16.3 13.5 12.8 11.7] | тест-ITS [30.7 11.3  2.2  1.6  2.7] | ложных [13, 14]/14 исчезли [10, 11] сдвиг 0 | r_ico [1, 1] (|corr| 0.88) | ζ 6.14 → чистка None | ζ_test 0.58 | P_L 0.5333333333333333 | VAMP2 тест [3.05, 2.23] [1609s]
  контроли: D6 перестановка — ложных 14/14 (ITS [16.1 12.5 11.9 10.7], тест [7.7 2.6 1.4 3.5]); D6 на 5 000 кадров — ложных 14/14, VAMP2 тест 2.67
T0.28_s401: кадров 19997, доля икосаэдра 0.635
  D1_Epot        N=    1 | ITS [9.9] | тест-ITS [8.9] | ложных [0, 0]/1 исчезли [0, 0] сдвиг 0 | r_ico [1, 1] (|corr| 0.63) | ζ None → чистка None | ζ_test None | P_L None | VAMP2 тест [1.64, 1.67] [1665s]
  D2_Epot_m4     N=    4 | ITS [nan nan 1.2 0.7] | тест-ITS [13.5  0.   0.   0. ] | ложных [0, 0]/0 исчезли [0, 0] сдвиг 2 | r_ico [1, 1] (|corr| 0.65) | ζ None → чистка None | ζ_test None | P_L None | VAMP2 тест [3.04, 3.04] [1665s]
  D3_dist78      N=   78 | ITS [33.9  7.1  3.6  2.4  2.2] | тест-ITS [30.5  6.   3.3  1.7  1.9] | ложных [0, 0]/5 исчезли [2, 0] сдвиг 0 | r_ico [1, 1] (|corr| 0.80) | ζ 1.66 → чистка 1.66 | ζ_test None | P_L 0.0 | VAMP2 тест [3.12, 3.27] [1667s]
  D4_dist_lag    N=  156 | ITS [83.2 12.9  7.3  4.3  4.1] | тест-ITS [25.5  7.3  3.3  1.9  2.2] | ложных [5, 3]/11 исчезли [7, 4] сдвиг 0 | r_ico [1, 1] (|corr| 0.79) | ζ 2.32 → чистка 2.11 | ζ_test 0.91 | P_L 0.0 | VAMP2 тест [4.6, 4.88] [1670s]
  D5_D4_rff300   N=  456 | ITS [98.3 23.  10.2  8.   5.9] | тест-ITS [26.9 11.4  4.5  3.2  2.3] | ложных [14, 14]/14 исчезли [9, 8] сдвиг 0 | r_ico [1, 1] (|corr| 0.80) | ζ 2.22 → чистка None | ζ_test 0.6 | P_L 0.0 | VAMP2 тест [4.82, 4.82] [1698s]
  D6_D4_rff1000  N= 1156 | ITS [132.1  44.8  19.6  15.3  14.5] | тест-ITS [25.7  9.7  4.2  1.8  2. ] | ложных [14, 14]/14 исчезли [11, 9] сдвиг 0 | r_ico [1, 1] (|corr| 0.79) | ζ 2.29 → чистка None | ζ_test None | P_L 0.0 | VAMP2 тест [3.93, 3.77] [2148s]
  контроли: D6 перестановка — ложных 14/14 (ITS [18.9 13.2 11.6 11.2], тест [4.8 4.3 1.7 1.8]); D6 на 5 000 кадров — ложных 14/14, VAMP2 тест 3.12
T0.28_s402: кадров 19997, доля икосаэдра 0.634
  D1_Epot        N=    1 | ITS [8.9] | тест-ITS [9.7] | ложных [0, 0]/1 исчезли [0, 0] сдвиг 0 | r_ico [1, 1] (|corr| 0.64) | ζ None → чистка None | ζ_test None | P_L None | VAMP2 тест [1.66, 1.64] [2204s]
  D2_Epot_m4     N=    4 | ITS [nan nan 1.1 0.7] | тест-ITS [14.7  0.   0.   0. ] | ложных [0, 0]/0 исчезли [0, 0] сдвиг 2 | r_ico [1, 2] (|corr| 0.66) | ζ None → чистка None | ζ_test None | P_L None | VAMP2 тест [3.03, 3.03] [2204s]
  D3_dist78      N=   78 | ITS [30.7  5.6  3.9  2.4  2.2] | тест-ITS [30.9  5.7  3.6  2.   1.9] | ложных [0, 0]/5 исчезли [1, 0] сдвиг 0 | r_ico [1, 1] (|corr| 0.81) | ζ 2.05 → чистка 2.05 | ζ_test 1.3 | P_L 0.0 | VAMP2 тест [3.26, 3.24] [2205s]
  D4_dist_lag    N=  156 | ITS [74.3 10.2  7.8  4.5  3.9] | тест-ITS [26.4  6.7  3.7  2.3  2.4] | ложных [3, 2]/11 исчезли [6, 6] сдвиг 0 | r_ico [1, 1] (|corr| 0.80) | ζ 2.33 → чистка 1.39 | ζ_test 1.55 | P_L 0.0 | VAMP2 тест [4.9, 4.9] [2208s]
  D5_D4_rff300   N=  456 | ITS [86.6 16.1  9.3  7.8  6.4] | тест-ITS [27.2  7.8  3.5  3.4  2.2] | ложных [14, 13]/14 исчезли [7, 8] сдвиг 0 | r_ico [1, 1] (|corr| 0.81) | ζ 2.63 → чистка None | ζ_test 1.74 | P_L 0.0 | VAMP2 тест [4.88, 4.93] [2236s]
  D6_D4_rff1000  N= 1156 | ITS [113.6  27.5  19.8  16.5  15.9] | тест-ITS [24.6  5.7  2.   2.7  1.2] | ложных [14, 14]/14 исчезли [10, 9] сдвиг 0 | r_ico [1, 1] (|corr| 0.80) | ζ 3.05 → чистка None | ζ_test 1.26 | P_L 0.03333333333333333 | VAMP2 тест [3.67, 3.7] [2680s]
  контроли: D6 перестановка — ложных 14/14 (ITS [20.1 15.8 14.  12.2], тест [1.8 2.4 1.4 4.4]); D6 на 5 000 кадров — ложных 14/14, VAMP2 тест 2.89
T0.28_s403: кадров 19997, доля икосаэдра 0.588
  D1_Epot        N=    1 | ITS [9.5] | тест-ITS [10.5] | ложных [0, 0]/1 исчезли [0, 0] сдвиг 0 | r_ico [1, 1] (|corr| 0.64) | ζ None → чистка None | ζ_test None | P_L None | VAMP2 тест [1.68, 1.66] [2739s]
  D2_Epot_m4     N=    4 | ITS [nan nan 1.1 0.6] | тест-ITS [15.8  0.   0.   0. ] | ложных [0, 0]/0 исчезли [0, 0] сдвиг 2 | r_ico [1, 1] (|corr| 0.66) | ζ None → чистка None | ζ_test None | P_L None | VAMP2 тест [3.04, 3.03] [2739s]
  D3_dist78      N=   78 | ITS [31.2  7.2  3.6  2.4  2.1] | тест-ITS [31.5  6.2  3.7  2.4  2.4] | ложных [0, 0]/5 исчезли [0, 1] сдвиг 0 | r_ico [1, 1] (|corr| 0.77) | ζ 1.42 → чистка 1.42 | ζ_test 2.05 | P_L 0.0 | VAMP2 тест [3.4, 3.28] [2740s]
  D4_dist_lag    N=  156 | ITS [79.5 13.2  7.3  4.2  4. ] | тест-ITS [25.5  7.4  3.7  2.9  2.7] | ложных [2, 5]/10 исчезли [4, 7] сдвиг 0 | r_ico [1, 1] (|corr| 0.77) | ζ 2.02 → чистка 0.79 | ζ_test 1.4 | P_L 0.0 | VAMP2 тест [5.12, 4.89] [2743s]
  D5_D4_rff300   N=  456 | ITS [93.8 21.5  9.   8.7  6.5] | тест-ITS [25.7  9.1  3.1  4.7  3.2] | ложных [12, 14]/14 исчезли [8, 7] сдвиг 0 | r_ico [1, 1] (|corr| 0.77) | ζ 2.28 → чистка None | ζ_test 1.6 | P_L 0.0 | VAMP2 тест [5.05, 5.08] [2770s]
  D6_D4_rff1000  N= 1156 | ITS [125.5  41.   22.   16.2  15.1] | тест-ITS [23.2  5.4  3.7  2.8  0.8] | ложных [14, 14]/14 исчезли [10, 9] сдвиг 0 | r_ico [1, 1] (|corr| 0.76) | ζ 2.27 → чистка None | ζ_test 1.78 | P_L 0.0 | VAMP2 тест [3.77, 4.03] [3234s]
  контроли: D6 перестановка — ложных 14/14 (ITS [23.9 14.3 13.8 12.3], тест [2.7 1.8 0.7 3.7]); D6 на 5 000 кадров — ложных 14/14, VAMP2 тест 2.9
T0.36_s401: кадров 19997, доля икосаэдра 0.149
  D1_Epot        N=    1 | ITS [5.6] | тест-ITS [5.7] | ложных [0, 0]/1 исчезли [0, 0] сдвиг 0 | r_ico [1, None] (|corr| 0.30) | ζ None → чистка None | ζ_test None | P_L None | VAMP2 тест [1.49, 1.49] [3287s]
  D2_Epot_m4     N=    4 | ITS [nan nan 1.  0.6] | тест-ITS [0.  7.9 0.  0. ] | ложных [0, 0]/0 исчезли [0, 0] сдвиг 2 | r_ico [2, None] (|corr| 0.31) | ζ None → чистка None | ζ_test None | P_L None | VAMP2 тест [3.02, 3.02] [3287s]
  D3_dist78      N=   78 | ITS [16.6  4.2  3.9  2.5  2.1] | тест-ITS [17.2  4.1  3.5  2.5  2. ] | ложных [0, 0]/5 исчезли [1, 1] сдвиг 0 | r_ico [1, None] (|corr| 0.38) | ζ 1.9 → чистка 1.9 | ζ_test 2.14 | P_L 0.0 | VAMP2 тест [3.02, 2.96] [3288s]
  D4_dist_lag    N=  156 | ITS [65.   9.9  8.1  5.4  4.1] | тест-ITS [12.4  3.6  3.3  2.5  2. ] | ложных [9, 9]/10 исчезли [6, 6] сдвиг 0 | r_ico [1, None] (|corr| 0.38) | ζ 2.09 → чистка None | ζ_test 2.33 | P_L 0.0 | VAMP2 тест [5.04, 4.96] [3291s]
  D5_D4_rff300   N=  456 | ITS [73.2 12.5  9.5  9.3  7.6] | тест-ITS [12.2  4.7  3.9  4.6  3.7] | ложных [13, 14]/14 исчезли [6, 7] сдвиг 0 | r_ico [1, None] (|corr| 0.37) | ζ 2.86 → чистка None | ζ_test 1.54 | P_L 0.03333333333333333 | VAMP2 тест [5.49, 5.45] [3317s]
  D6_D4_rff1000  N= 1156 | ITS [89.7 32.9 17.9 15.2 14.2] | тест-ITS [11.7  2.   3.8  3.   1.4] | ложных [14, 14]/14 исчезли [10, 7] сдвиг 0 | r_ico [1, None] (|corr| 0.36) | ζ 2.11 → чистка None | ζ_test 4.23 | P_L 0.3333333333333333 | VAMP2 тест [4.05, 4.17] [3771s]
  контроли: D6 перестановка — ложных 14/14 (ITS [19.  14.2 11.4 11.1], тест [2.  2.1 1.3 4. ]); D6 на 5 000 кадров — ложных 14/14, VAMP2 тест 3.02
готово 3824.24414730072
