Q0.1_701           рекордов 2 k_gs 1 t_gs 37150 φ_int [1.] φ_trap 1.00 E: [-40.43 -44.33] [205s]
Q0.1_702           рекордов 2 k_gs 1 t_gs 116650 φ_int [0.] φ_trap 0.42 E: [-41.47 -44.33] [487s]
Q0.1_703           рекордов 4 k_gs 3 t_gs 2500 φ_int [0.   0.33] φ_trap 0.99 E: [-39.29 -39.97 -41.47 -44.33] [688s]
Q0.1_704           рекордов 1 k_gs 0 t_gs 50 φ_int [] φ_trap 1.00 E: [-44.33] [908s]
Q0.1_705           рекордов 2 k_gs 1 t_gs 24500 φ_int [0.89] φ_trap 0.99 E: [-41.44 -44.33] [1179s]
Q0.1_706           рекордов 1 k_gs None t_gs None φ_int [] φ_trap 1.00 E: [-41.47] [1591s]
Q0.1_707           рекордов 3 k_gs 2 t_gs 66050 φ_int [1. 1.] φ_trap 1.00 E: [-41.44 -41.47 -44.33] [1625s]
Q0.1_708           рекордов 5 k_gs 4 t_gs 61850 φ_int [0.98 0.5  0.39 1.  ] φ_trap 0.62 E: [-39.62 -39.64 -39.94 -41.44 -44.33] [1662s]
Q0.1_709           рекордов 3 k_gs 2 t_gs 1350 φ_int [0.81 0.9 ] φ_trap 1.00 E: [-39.38 -41.47 -44.33] [1696s]
Q0.1_710           рекордов 1 k_gs 0 t_gs 50 φ_int [] φ_trap 1.00 E: [-44.33] [1730s]
Q0.1_711           рекордов 2 k_gs None t_gs None φ_int [0.4] φ_trap 1.00 E: [-40.08 -41.47] [1768s]
Q0.1_712           рекордов 1 k_gs None t_gs None φ_int [] φ_trap 1.00 E: [-40.54] [1803s]
Q0.1_713           рекордов 2 k_gs 1 t_gs 73400 φ_int [0.99] φ_trap 0.37 E: [-39.55 -44.33] [1840s]
Q0.1_714           рекордов 4 k_gs 3 t_gs 1900 φ_int [0.   0.65] φ_trap 0.99 E: [-38.4  -40.62 -41.47 -44.33] [1873s]
Q0.1_715           рекордов 2 k_gs 1 t_gs 1000 φ_int [0.11] φ_trap 0.04 E: [-41.47 -44.33] [1910s]
Q0.1_716           рекордов 1 k_gs 0 t_gs 50 φ_int [] φ_trap 1.00 E: [-44.33] [1942s]
Q0.1_717           рекордов 2 k_gs 1 t_gs 53450 φ_int [0.01] φ_trap 0.74 E: [-40.67 -44.33] [1977s]
Q0.1_718           рекордов 1 k_gs 0 t_gs 50 φ_int [] φ_trap 0.32 E: [-44.33] [2013s]
Q0.1_719           рекордов 1 k_gs None t_gs None φ_int [] φ_trap 0.00 E: [-41.47] [2047s]
Q0.1_720           рекордов 1 k_gs None t_gs None φ_int [] φ_trap 1.00 E: [-40.43] [2084s]
Q0.14_701          рекордов 2 k_gs 1 t_gs 7300 φ_int [0.99] φ_trap 1.00 E: [-40.43 -44.33] [2118s]
Q0.14_702          рекордов 2 k_gs 1 t_gs 12750 φ_int [0.] φ_trap 0.94 E: [-41.47 -44.33] [2152s]
Q0.14_703          рекордов 4 k_gs 3 t_gs 950 φ_int [0.5 0.4] φ_trap 0.94 E: [-39.29 -39.72 -41.47 -44.33] [2186s]
Q0.14_704          рекордов 1 k_gs 0 t_gs 50 φ_int [] φ_trap 1.00 E: [-44.33] [2219s]
Q0.14_705          рекордов 2 k_gs 1 t_gs 200 φ_int [0.67] φ_trap 0.99 E: [-41.44 -44.33] [2252s]
Q0.14_706          рекордов 2 k_gs 1 t_gs 26450 φ_int [0.41] φ_trap 0.90 E: [-41.47 -44.33] [2285s]
Q0.14_707          рекордов 2 k_gs 1 t_gs 9550 φ_int [0.99] φ_trap 1.00 E: [-41.44 -44.33] [2320s]
Q0.14_708          рекордов 3 k_gs 2 t_gs 30400 φ_int [0.97 0.7 ] φ_trap 0.96 E: [-39.62 -41.47 -44.33] [2527s]
Q0.14_709          рекордов 4 k_gs 3 t_gs 800 φ_int [0.77] φ_trap 1.00 E: [-39.38 -39.4  -41.47 -44.33] [2965s]
Q0.14_710          рекордов 1 k_gs 0 t_gs 50 φ_int [] φ_trap 1.00 E: [-44.33] [3334s]
Q0.14_711          рекордов 3 k_gs 2 t_gs 68850 φ_int [0.33 0.01] φ_trap 0.40 E: [-40.08 -41.47 -44.33] [3467s]
Q0.14_712          рекордов 3 k_gs 2 t_gs 42250 φ_int [1.  0.9] φ_trap 0.99 E: [-40.54 -41.47 -44.33] [3502s]
Q0.14_713          рекордов 4 k_gs 3 t_gs 20250 φ_int [0.83 0.59 0.73] φ_trap 0.97 E: [-39.55 -39.72 -41.47 -44.33] [3537s]
Q0.14_714          рекордов 7 k_gs 6 t_gs 40300 φ_int [0.   0.79 0.86 0.35] φ_trap 0.85 E: [-38.4  -38.59 -38.71 -39.18 -39.72 -41.47 -44.33] [3571s]
Q0.14_715          рекордов 2 k_gs 1 t_gs 1600 φ_int [0.1] φ_trap 0.45 E: [-41.47 -44.33] [3608s]
Q0.14_716          рекордов 1 k_gs 0 t_gs 50 φ_int [] φ_trap 1.00 E: [-44.33] [3643s]
Q0.14_717          рекордов 2 k_gs 1 t_gs 25050 φ_int [0.99] φ_trap 1.00 E: [-40.67 -44.33] [3677s]
Q0.14_718          рекордов 1 k_gs 0 t_gs 50 φ_int [] φ_trap 0.97 E: [-44.33] [3711s]
Q0.14_719          рекордов 3 k_gs 2 t_gs 78650 φ_int [0.   0.67] φ_trap 0.73 E: [-40.67 -41.47 -44.33] [3746s]
Q0.14_720          рекордов 3 k_gs 2 t_gs 900 φ_int [0.55 0.17] φ_trap 0.96 E: [-40.43 -41.39 -44.33] [3779s]
Q0.2_701           рекордов 2 k_gs 1 t_gs 1600 φ_int [0.29] φ_trap 0.96 E: [-40.43 -44.33] [3814s]
Q0.2_702           рекордов 2 k_gs 1 t_gs 3900 φ_int [0.] φ_trap 0.98 E: [-41.47 -44.33] [3848s]
Q0.2_703           рекордов 4 k_gs 3 t_gs 600 φ_int [0.5  0.   0.17] φ_trap 0.98 E: [-38.12 -39.72 -41.47 -44.33] [3884s]
Q0.2_704           рекордов 1 k_gs 0 t_gs 50 φ_int [] φ_trap 1.00 E: [-44.33] [3918s]
Q0.2_705           рекордов 4 k_gs 3 t_gs 200 φ_int [] φ_trap 0.99 E: [-41.39 -41.44 -41.47 -44.33] [3953s]
Q0.2_706           рекордов 2 k_gs 1 t_gs 550 φ_int [0.5] φ_trap 0.88 E: [-41.47 -44.33] [3989s]
Q0.2_707           рекордов 3 k_gs 2 t_gs 11850 φ_int [0.99 0.99] φ_trap 1.00 E: [-41.44 -41.47 -44.33] [4024s]
Q0.2_708           рекордов 2 k_gs 1 t_gs 300 φ_int [0.8] φ_trap 0.99 E: [-39.62 -44.33] [4058s]
Q0.2_709           рекордов 4 k_gs 3 t_gs 15050 φ_int [0.   0.05] φ_trap 0.93 E: [-39.38 -39.97 -41.47 -44.33] [4093s]
Q0.2_710           рекордов 2 k_gs 1 t_gs 350 φ_int [0.17] φ_trap 1.00 E: [-41.47 -44.33] [4127s]
Q0.2_711           рекордов 5 k_gs 4 t_gs 4100 φ_int [0.5  0.95 0.47 0.02] φ_trap 0.96 E: [-39.97 -40.08 -40.09 -40.76 -44.33] [4162s]
Q0.2_712           рекордов 3 k_gs 2 t_gs 3100 φ_int [0.98] φ_trap 0.98 E: [-40.54 -41.47 -44.33] [4199s]
Q0.2_713           рекордов 3 k_gs 2 t_gs 950 φ_int [0.31 0.  ] φ_trap 1.00 E: [-39.55 -41.47 -44.33] [4234s]
Q0.2_714           рекордов 5 k_gs 4 t_gs 900 φ_int [0.  0.5] φ_trap 0.97 E: [-39.25 -39.59 -39.89 -40.35 -44.33] [4271s]
Q0.2_715           рекордов 2 k_gs 1 t_gs 450 φ_int [0.25] φ_trap 0.98 E: [-41.47 -44.33] [4308s]
Q0.2_716           рекордов 1 k_gs 0 t_gs 50 φ_int [] φ_trap 1.00 E: [-44.33] [4341s]
Q0.2_717           рекордов 2 k_gs 1 t_gs 300 φ_int [0.4] φ_trap 0.99 E: [-40.67 -44.33] [4376s]
Q0.2_718           рекордов 1 k_gs 0 t_gs 50 φ_int [] φ_trap 0.99 E: [-44.33] [4409s]
Q0.2_719           рекордов 3 k_gs 2 t_gs 1550 φ_int [0.5 0. ] φ_trap 0.99 E: [-40.67 -41.39 -44.33] [4444s]
Q0.2_720           рекордов 3 k_gs 2 t_gs 800 φ_int [0.57 0.88] φ_trap 1.00 E: [-40.43 -41.39 -44.33] [4478s]
Q0.24_701          рекордов 3 k_gs 2 t_gs 5700 φ_int [0.9  0.94] φ_trap 0.96 E: [-40.43 -40.6  -44.33] [4514s]
Q0.24_702          рекордов 2 k_gs 1 t_gs 800 φ_int [0.] φ_trap 0.95 E: [-41.47 -44.33] [4549s]
Q0.24_703          рекордов 5 k_gs 4 t_gs 400 φ_int [0.] φ_trap 0.93 E: [-38.12 -39.18 -39.72 -41.47 -44.33] [4584s]
Q0.24_704          рекордов 1 k_gs 0 t_gs 50 φ_int [] φ_trap 0.96 E: [-44.33] [4621s]
Q0.24_705          рекордов 2 k_gs 1 t_gs 100 φ_int [] φ_trap 0.86 E: [-41.39 -44.33] [4658s]
Q0.24_706          рекордов 1 k_gs 0 t_gs 50 φ_int [] φ_trap 0.94 E: [-44.33] [4694s]
Q0.24_707          рекордов 3 k_gs 2 t_gs 4400 φ_int [0.58 0.5 ] φ_trap 0.95 E: [-41.44 -41.47 -44.33] [4729s]
Q0.24_708          рекордов 3 k_gs 2 t_gs 900 φ_int [0.4  0.92] φ_trap 0.95 E: [-39.62 -40.62 -44.33] [4768s]
Q0.24_709          рекордов 5 k_gs 4 t_gs 3550 φ_int [0.   0.83 0.51] φ_trap 0.94 E: [-39.38 -39.97 -40.54 -41.47 -44.33] [4806s]
Q0.24_710          рекордов 2 k_gs 1 t_gs 450 φ_int [0.12] φ_trap 0.96 E: [-41.47 -44.33] [4842s]
Q0.24_711          рекордов 4 k_gs 3 t_gs 2700 φ_int [0.] φ_trap 0.96 E: [-39.97 -40.08 -41.47 -44.33] [4877s]
Q0.24_712          рекордов 3 k_gs 2 t_gs 8150 φ_int [0.95 0.04] φ_trap 0.95 E: [-40.54 -41.47 -44.33] [4912s]
Q0.24_713          рекордов 3 k_gs 2 t_gs 1200 φ_int [0.17 0.24] φ_trap 0.89 E: [-39.55 -41.47 -44.33] [4949s]
Q0.24_714          рекордов 6 k_gs 5 t_gs 1050 φ_int [0.  0.  0.8] φ_trap 0.93 E: [-38.4  -38.71 -39.04 -40.13 -40.67 -44.33] [4986s]
Q0.24_715          рекордов 2 k_gs 1 t_gs 150 φ_int [0.5] φ_trap 0.99 E: [-41.47 -44.33] [5021s]
Q0.24_716          рекордов 1 k_gs 0 t_gs 50 φ_int [] φ_trap 0.89 E: [-44.33] [5059s]
Q0.24_717          рекордов 2 k_gs 1 t_gs 250 φ_int [0.75] φ_trap 0.93 E: [-40.67 -44.33] [5097s]
Q0.24_718          рекордов 1 k_gs 0 t_gs 50 φ_int [] φ_trap 0.95 E: [-44.33] [5134s]
Q0.24_719          рекордов 3 k_gs 2 t_gs 2250 φ_int [0.   0.76] φ_trap 0.95 E: [-40.67 -40.71 -44.33] [5174s]
Q0.24_720          рекордов 4 k_gs 3 t_gs 850 φ_int [0.57 0.88] φ_trap 0.91 E: [-40.43 -41.39 -41.47 -44.33] [5213s]
LIQ0.36_701        рекордов 1 k_gs 0 t_gs 50 φ_int [] φ_trap 0.15 E: [-44.33] [5273s]
LIQ0.36_702        рекордов 3 k_gs 2 t_gs 1550 φ_int [0.93 0.12] φ_trap 0.15 E: [-41.39 -41.47 -44.33] [5332s]
LIQ0.36_703        рекордов 5 k_gs 4 t_gs 1000 φ_int [0. 0. 0.] φ_trap 0.15 E: [-38.12 -39.72 -40.54 -41.44 -44.33] [5391s]
LIQ0.36_704        рекордов 1 k_gs 0 t_gs 50 φ_int [] φ_trap 0.19 E: [-44.33] [5449s]
LIQ0.36_705        рекордов 2 k_gs 1 t_gs 100 φ_int [] φ_trap 0.18 E: [-41.39 -44.33] [5509s]
LIQ0.36_706        рекордов 1 k_gs 0 t_gs 50 φ_int [] φ_trap 0.14 E: [-44.33] [5574s]
LIQ0.36_707        рекордов 2 k_gs 1 t_gs 500 φ_int [0.33] φ_trap 0.15 E: [-41.44 -44.33] [5636s]
LIQ0.36_708        рекордов 6 k_gs 5 t_gs 6550 φ_int [0.5  0.14 0.   0.   0.16] φ_trap 0.17 E: [-39.62 -40.62 -41.39 -41.44 -41.47 -44.33] [5694s]
LIQ0.36_709        рекордов 2 k_gs 1 t_gs 150 φ_int [0.5] φ_trap 0.17 E: [-39.97 -44.33] [5751s]
LIQ0.36_710        рекордов 2 k_gs 1 t_gs 350 φ_int [0.] φ_trap 0.13 E: [-41.47 -44.33] [5811s]
Q0.2_e250_701      рекордов 3 k_gs 2 t_gs 8000 φ_int [0. 0.] φ_trap 0.96 E: [-40.43 -41.44 -44.33] [5834s]
Q0.2_e250_702      рекордов 3 k_gs 2 t_gs 4000 φ_int [0.92 0.67] φ_trap 1.00 E: [-41.39 -41.44 -44.33] [5857s]
Q0.2_e250_703      рекордов 6 k_gs 5 t_gs 3750 φ_int [0.83 0.5  0.75] φ_trap 0.99 E: [-39.24 -39.72 -41.39 -41.44 -41.47 -44.33] [5880s]
Q0.2_e250_704      рекордов 1 k_gs 0 t_gs 250 φ_int [] φ_trap 1.00 E: [-44.33] [5903s]
Q0.2_e250_705      рекордов 2 k_gs 1 t_gs 2000 φ_int [0.86] φ_trap 1.00 E: [-41.39 -44.33] [5926s]
Q0.2_tol1e-2_701   рекордов 2 k_gs 1 t_gs 1600 φ_int [0.29] φ_trap 0.96 E: [-40.43 -44.33] [5961s]
Q0.2_tol1e-2_702   рекордов 2 k_gs 1 t_gs 3900 φ_int [0.] φ_trap 0.98 E: [-41.47 -44.33] [6021s]
Q0.2_tol1e-2_703   рекордов 4 k_gs 3 t_gs 600 φ_int [0.5  0.   0.17] φ_trap 0.98 E: [-38.12 -39.72 -41.47 -44.33] [6057s]
Q0.2_tol1e-2_704   рекордов 1 k_gs 0 t_gs 50 φ_int [] φ_trap 1.00 E: [-44.33] [6092s]
Q0.2_tol1e-2_705   рекордов 4 k_gs 3 t_gs 200 φ_int [] φ_trap 0.99 E: [-41.39 -41.44 -41.47 -44.33] [6126s]
готово 6126.050735712051
