разбиений: 2-блочных 31 3-блочных 90
KNOB θ=0 {'frac2': 0.0, 'frac3': 0.0, 'n_b2': 0, 'n_b3': 0, 'complex_frac3': None, 'complex2': 0, 'viol': 0, 'pairs_with_b3': 0, 'halves_complex3': [0.0, 0.0]} 
KNOB θ_max {'frac2': 0.012580645161290323, 'frac3': 0.041444444444444443, 'n_b2': 78, 'n_b3': 746, 'complex_frac3': 0.0160857908847185, 'complex2': 0, 'viol': 0, 'pairs_with_b3': 123, 'halves_complex3': [0.030470914127423823, 0.0025974025974025974]} [6s]
случайные n=6 {'frac2': 0.022661290322580647, 'frac3': 0.06978333333333334, 'n_b2': 1405, 'n_b3': 12561, 'complex_frac3': 0.056364939097205635, 'complex2': 0, 'viol': 0, 'pairs_with_b3': 1523, 'halves_complex3': [0.052434456928838954, 0.05653945289764696]} [34s]
tel40_s0               [tel] δ 0.046 | случайные 3-бл.: рождений 0/300 (компл. 0) | PCCA(3): рождение True компл. False λ₂ 0.945 [100s]
tel40_s1               [tel] δ 0.040 | случайные 3-бл.: рождений 0/300 (компл. 0) | PCCA(3): рождение False компл. False λ₂ 0.901 [100s]
tel40_s2               [tel] δ 0.035 | случайные 3-бл.: рождений 0/300 (компл. 0) | PCCA(3): рождение False компл. False λ₂ 0.934 [100s]
tel40_s3               [tel] δ 0.037 | случайные 3-бл.: рождений 0/300 (компл. 0) | PCCA(3): рождение True компл. False λ₂ 0.952 [100s]
tel40_s4               [tel] δ 0.044 | случайные 3-бл.: рождений 0/300 (компл. 0) | PCCA(3): рождение True компл. False λ₂ 0.949 [100s]
EEG_A_Z_Z001           [eeg] δ 0.141 | случайные 3-бл.: рождений 0/300 (компл. 0) | PCCA(3): рождение False компл. False λ₂ 0.711 [100s]
EEG_A_Z_Z005           [eeg] δ 0.087 | случайные 3-бл.: рождений 0/300 (компл. 0) | PCCA(3): рождение False компл. False λ₂ 0.752 [100s]
EEG_A_Z_Z009           [eeg] δ 0.120 | случайные 3-бл.: рождений 0/300 (компл. 0) | PCCA(3): рождение False компл. False λ₂ 0.745 [100s]
EEG_A_Z_Z013           [eeg] δ 0.190 | случайные 3-бл.: рождений 0/300 (компл. 0) | PCCA(3): рождение True компл. False λ₂ 0.784 [100s]
EEG_A_Z_Z017           [eeg] δ 0.058 | случайные 3-бл.: рождений 0/300 (компл. 0) | PCCA(3): рождение False компл. False λ₂ 0.827 [101s]
EEG_B_O_O001           [eeg] δ 0.042 | случайные 3-бл.: рождений 0/300 (компл. 0) | PCCA(3): рождение True компл. False λ₂ 0.862 [101s]
EEG_B_O_O005           [eeg] δ 0.056 | случайные 3-бл.: рождений 0/300 (компл. 0) | PCCA(3): рождение False компл. False λ₂ 0.799 [101s]
EEG_B_O_O009           [eeg] δ 0.082 | случайные 3-бл.: рождений 0/300 (компл. 0) | PCCA(3): рождение False компл. False λ₂ 0.810 [101s]
EEG_B_O_O013           [eeg] δ 0.063 | случайные 3-бл.: рождений 0/300 (компл. 0) | PCCA(3): рождение False компл. False λ₂ 0.596 [101s]
EEG_B_O_O017           [eeg] δ 0.028 | случайные 3-бл.: рождений 0/300 (компл. 0) | PCCA(3): рождение False компл. False λ₂ 0.508+0.002j [101s]
EEG_C_N_N001           [eeg] δ 0.082 | случайные 3-бл.: рождений 0/300 (компл. 0) | PCCA(3): рождение False компл. False λ₂ 0.838 [101s]
EEG_C_N_N005           [eeg] δ 0.059 | случайные 3-бл.: рождений 0/300 (компл. 0) | PCCA(3): рождение False компл. False λ₂ 0.829 [101s]
EEG_C_N_N009           [eeg] δ 0.124 | случайные 3-бл.: рождений 0/300 (компл. 0) | PCCA(3): рождение True компл. False λ₂ 0.825 [101s]
EEG_C_N_N013           [eeg] δ 0.138 | случайные 3-бл.: рождений 0/300 (компл. 0) | PCCA(3): рождение True компл. False λ₂ 0.861 [101s]
EEG_C_N_N017           [eeg] δ 0.102 | случайные 3-бл.: рождений 0/300 (компл. 0) | PCCA(3): рождение True компл. False λ₂ 0.836 [102s]
EEG_D_F_F001           [eeg] δ 0.129 | случайные 3-бл.: рождений 0/300 (компл. 0) | PCCA(3): рождение True компл. False λ₂ 0.864 [102s]
EEG_D_F_F005           [eeg] δ 0.168 | случайные 3-бл.: рождений 0/300 (компл. 0) | PCCA(3): рождение True компл. False λ₂ 0.846 [102s]
EEG_D_F_F009           [eeg] δ 0.007 | случайные 3-бл.: рождений 0/300 (компл. 0) | PCCA(3): рождение False компл. False λ₂ 0.962 [102s]
EEG_D_F_F013           [eeg] δ 0.100 | случайные 3-бл.: рождений 0/300 (компл. 0) | PCCA(3): рождение False компл. False λ₂ 0.803 [102s]
EEG_D_F_F017           [eeg] δ 0.032 | случайные 3-бл.: рождений 0/300 (компл. 0) | PCCA(3): рождение False компл. False λ₂ 0.780 [102s]
EEG_E_S_S001           [eeg] δ 0.190 | случайные 3-бл.: рождений 0/300 (компл. 0) | PCCA(3): рождение True компл. False λ₂ 0.817 [102s]
EEG_E_S_S005           [eeg] δ 0.082 | случайные 3-бл.: рождений 0/300 (компл. 0) | PCCA(3): рождение False компл. False λ₂ 0.707+0.012j [102s]
EEG_E_S_S009           [eeg] δ 0.068 | случайные 3-бл.: рождений 0/300 (компл. 0) | PCCA(3): рождение False компл. False λ₂ 0.571+0.133j [102s]
EEG_E_S_S013           [eeg] δ 0.025 | случайные 3-бл.: рождений 0/300 (компл. 0) | PCCA(3): рождение False компл. False λ₂ 0.639+0.164j [102s]
EEG_E_S_S017           [eeg] δ 0.085 | случайные 3-бл.: рождений 0/300 (компл. 0) | PCCA(3): рождение False компл. False λ₂ 0.710 [103s]
DIP_300_s211           [dip] δ 0.000 | случайные 3-бл.: рождений 0/300 (компл. 0) | PCCA(3): рождение False компл. False λ₂ 0.826 [106s]
DIP_300_s212           [dip] δ 0.000 | случайные 3-бл.: рождений 0/300 (компл. 0) | PCCA(3): рождение False компл. False λ₂ 0.836 [110s]
DIP_400_s211           [dip] δ 0.000 | случайные 3-бл.: рождений 0/300 (компл. 0) | PCCA(3): рождение False компл. False λ₂ 0.997 [113s]
DIP_400_s212           [dip] δ 0.000 | случайные 3-бл.: рождений 0/300 (компл. 0) | PCCA(3): рождение False компл. False λ₂ 0.999 [116s]
DIP_500_s211           [dip] δ 0.000 | случайные 3-бл.: рождений 0/300 (компл. 0) | PCCA(3): рождение False компл. False λ₂ 0.991 [120s]
DIP_500_s212           [dip] δ 0.000 | случайные 3-бл.: рождений 0/300 (компл. 0) | PCCA(3): рождение False компл. False λ₂ 0.989 [123s]
DIP_700_s211           [dip] δ 0.000 | случайные 3-бл.: рождений 0/300 (компл. 0) | PCCA(3): рождение False компл. False λ₂ 0.955 [126s]
DIP_700_s212           [dip] δ 0.000 | случайные 3-бл.: рождений 0/300 (компл. 0) | PCCA(3): рождение False компл. False λ₂ 0.946 [130s]
LJ13_T0.25_s401        [lj13] δ 0.000 | случайные 3-бл.: рождений 0/300 (компл. 0) | PCCA(3): рождение False компл. False λ₂ 0.852 [164s]
LJ13_T0.25_s402        [lj13] δ 0.000 | случайные 3-бл.: рождений 0/300 (компл. 0) | PCCA(3): рождение False компл. False λ₂ 0.858 [199s]
LJ13_T0.25_s403        [lj13] δ 0.000 | случайные 3-бл.: рождений 0/300 (компл. 0) | PCCA(3): рождение False компл. False λ₂ 0.851 [231s]
LJ13_T0.28_s401        [lj13] δ 0.000 | случайные 3-бл.: рождений 0/300 (компл. 0) | PCCA(3): рождение False компл. False λ₂ 0.812 [263s]
LJ13_T0.28_s402        [lj13] δ 0.000 | случайные 3-бл.: рождений 0/300 (компл. 0) | PCCA(3): рождение False компл. False λ₂ 0.837 [296s]
LJ13_T0.28_s403        [lj13] δ 0.000 | случайные 3-бл.: рождений 0/300 (компл. 0) | PCCA(3): рождение False компл. False λ₂ 0.823 [329s]
== ВЕРДИКТЫ ROT-01 == {"PT1": {"ok": false, "complex_frac3": 0.0160857908847185}, "PT2": {"ok": true, "frac3": 0.041444444444444443, "frac2": 0.012580645161290323}, "PT3": {"ok": false, "complex_frac3": 0.056364939097205635}, "PT4": {"eeg_births": 8, "eeg_complex": 0, "eeg_complex_frac": 0.0, "rev_births": 0, "ok": false}, "K0": {"hit": false}, "K1": {"hit": true}, "K2": {"hit": false}, "K3": {"hit": true}}
