случайные обратимые цепи: {'rate_top': 0.0, 'z1_rest_median': 0.09246248279817984, 'cv_median': 1.081415638180268}
SLEEP_SC4001E0   сост  30 ITS [9.1 6.6 3.7 2.4 1.9 1.5] | зазоров(ML) 6 z(ML) [0.32 1.14 1.3  0.98 1.12] p1(ML) 0.736 | P_L 0.02 z1/rest мед 0.6810265185499838 → нет [5s]
SLEEP_SC4002E0   сост  30 ITS [9.3 4.4 3.5 2.6 2.  1.7] | зазоров(ML) 7 z(ML) [0.74 0.48 0.85 1.01 0.9 ] p1(ML) 0.442 | P_L 0.00 z1/rest мед 0.6762453941523154 → нет [10s]
SLEEP_SC4011E0   сост  30 ITS [8.5 4.5 3.8 2.  2.  1.6] | зазоров(ML) 6 z(ML) [0.63 0.34 1.9  0.14 0.97] p1(ML) 0.6 | P_L 0.00 z1/rest мед 0.5965999706246032 → нет [15s]
SLEEP_SC4012E0   сост  30 ITS [6.  4.9 2.6 1.6 1.2 1.1] | зазоров(ML) 6 z(ML) [0.2  1.28 1.49 0.99 0.58] p1(ML) 0.809 | P_L 0.00 z1/rest мед 0.29429354360742943 → нет [20s]
SLEEP_SC4021E0   сост  30 ITS [5.5 2.8 1.8 1.3 1.1 0.9] | зазоров(ML) 4 z(ML) [0.68 0.9  0.89 0.56] p1(ML) 0.419 | P_L 0.00 z1/rest мед 0.9287050056810209 → нет [25s]
SLEEP_SC4022E0   сост  30 ITS [5.3 3.  1.6 1.  0.9 0.9] | зазоров(ML) 0 z(ML) None p1(ML) None | P_L 0.00 z1/rest мед 0.6774550029152155 → нет [29s]
DIP_300_s211     сост 100 ITS [14.2  2.7  2.3  1.8  1.6  1.4] | зазоров(ML) 0 z(ML) None p1(ML) None | P_L 1.00 z1/rest мед 7.003132634868075 → отказ:не разрешён [40s]
DIP_300_s212     сост 100 ITS [15.   2.6  2.3  1.8  1.5  1.4] | зазоров(ML) 0 z(ML) None p1(ML) None | P_L 1.00 z1/rest мед 6.275419947921667 → отказ:не разрешён [52s]
DIP_400_s211     сост 100 ITS [869.    7.4   3.8   3.3   2.4   1.9] | зазоров(ML) 4 z(ML) [4.77 1.35 0.36 1.33] p1(ML) 0.009 | P_L 1.00 z1/rest мед 4.824567286680931 → уровень [61s]
DIP_400_s212     сост 100 ITS [2.1561e+03 7.5000e+00 3.8000e+00 3.3000e+00 2.4000e+00 2.0000e+00] | зазоров(ML) 4 z(ML) [5.66 1.36 0.44 1.18] p1(ML) 0.003 | P_L 1.00 z1/rest мед 5.872344091596302 → уровень [71s]
DIP_500_s211     сост 100 ITS [216.4   4.7   3.5   2.9   2.2   1.7] | зазоров(ML) 4 z(ML) [3.84 0.57 0.53 1.09] p1(ML) 0.005 | P_L 1.00 z1/rest мед 5.2772976164274965 → уровень [79s]
DIP_500_s212     сост 100 ITS [204.9   4.7   3.6   2.7   2.2   1.8] | зазоров(ML) 4 z(ML) [3.78 0.55 0.87 0.73] p1(ML) 0.005 | P_L 1.00 z1/rest мед 5.244221560096815 → уровень [87s]
DIP_700_s211     сост 100 ITS [54.2  3.1  2.7  2.7  2.   1.6] | зазоров(ML) 3 z(ML) [2.85 0.31 0.02] p1(ML) 0.0 | P_L 1.00 z1/rest мед 14.954238098352814 → уровень [94s]
DIP_700_s212     сост 100 ITS [47.9  3.1  2.7  2.5  2.   1.6] | зазоров(ML) 3 z(ML) [2.73 0.3  0.19] p1(ML) 0.0 | P_L 1.00 z1/rest мед 11.393220031709589 → уровень [102s]
LJ_0.18_301      сост 100 ITS [10.6  2.6  1.9  1.1  1.   0.9] | зазоров(ML) 0 z(ML) None p1(ML) None | P_L 0.00 z1/rest мед None → отказ:не разрешён [223s]
LJ_0.18_302      сост 100 ITS [1.9 1.2 1.  0.9 0.9 0.8] | зазоров(ML) 0 z(ML) None p1(ML) None | P_L 0.00 z1/rest мед None → отказ:не разрешён [340s]
LJ_0.18_303      сост 100 ITS [1.9 1.2 1.  1.  0.9 0.8] | зазоров(ML) 0 z(ML) None p1(ML) None | P_L 0.00 z1/rest мед None → отказ:не разрешён [460s]
LJ_0.22_301      сост 100 ITS [17.7  4.7  2.5  1.8  1.4  1.3] | зазоров(ML) 0 z(ML) None p1(ML) None | P_L 0.12 z1/rest мед 0.9048697299614519 → отказ:не разрешён [579s]
LJ_0.22_302      сост 100 ITS [28.6  2.5  1.8  1.6  1.4  1.1] | зазоров(ML) 0 z(ML) None p1(ML) None | P_L 0.00 z1/rest мед None → отказ:не разрешён [700s]
LJ_0.22_303      сост 100 ITS [20.6  2.6  2.1  1.7  1.5  1.2] | зазоров(ML) 0 z(ML) None p1(ML) None | P_L 0.75 z1/rest мед 6.194720130218431 → отказ:не разрешён [817s]
LJ_0.25_301      сост 100 ITS [21.3  6.   2.9  2.7  2.3  1.5] | зазоров(ML) 4 z(ML) [1.26 1.44 0.29 0.6 ] p1(ML) 0.198 | P_L 0.00 z1/rest мед 1.5110818162515303 → нет [937s]
LJ_0.25_302      сост 100 ITS [22.6  6.4  2.9  2.7  2.   1.7] | зазоров(ML) 3 z(ML) [1.26 1.61 0.18] p1(ML) 0.246 | P_L 0.00 z1/rest мед 1.2703397358042396 → нет [1057s]
LJ_0.25_303      сост 100 ITS [22.8  6.4  3.1  2.9  2.2  1.8] | зазоров(ML) 4 z(ML) [1.28 1.44 0.17 1.17] p1(ML) 0.251 | P_L 0.00 z1/rest мед 1.4351883846074256 → нет [1174s]
LJ_0.28_301      сост 100 ITS [20.   7.4  3.8  2.3  2.1  1.8] | зазоров(ML) 4 z(ML) [1.   1.34 1.52 0.28] p1(ML) 0.384 | P_L 0.00 z1/rest мед 0.9571024524743883 → нет [1292s]
LJ_0.28_302      сост 100 ITS [20.7  5.3  2.9  2.4  2.   1.6] | зазоров(ML) 3 z(ML) [1.36 1.17 0.62] p1(ML) 0.218 | P_L 0.00 z1/rest мед 1.6039932419949525 → нет [1408s]
LJ_0.28_303      сост 100 ITS [20.   6.4  3.5  2.3  2.1  1.9] | зазоров(ML) 4 z(ML) [1.13 1.21 1.33 0.27] p1(ML) 0.298 | P_L 0.00 z1/rest мед 1.2465791739829566 → нет [1525s]
LJ_0.36_301      сост 100 ITS [11.4  6.4  4.5  3.1  2.3  2. ] | зазоров(ML) 4 z(ML) [0.57 0.69 1.13 1.25] p1(ML) 0.572 | P_L 0.00 z1/rest мед 0.6121245173930776 → нет [1641s]
LJ_0.36_302      сост 100 ITS [11.1  6.   3.8  2.6  2.1  1.8] | зазоров(ML) 4 z(ML) [0.62 0.88 1.18 0.9 ] p1(ML) 0.535 | P_L 0.00 z1/rest мед 0.637816326226659 → нет [1759s]
LJ_0.36_303      сост 100 ITS [15.2 10.2  6.5  4.5  3.1  2.5] | зазоров(ML) 6 z(ML) [0.4  0.9  1.11 1.53 1.02] p1(ML) 0.699 | P_L 0.01 z1/rest мед 0.5323153773578583 → нет [1874s]

== ВЕРДИКТЫ B ==
PS4 {'ok': False, 'dec': {'DIP_300_s211': 'отказ:не разрешён', 'DIP_300_s212': 'отказ:не разрешён', 'DIP_400_s211': 'уровень', 'DIP_400_s212': 'уровень', 'DIP_500_s211': 'уровень', 'DIP_500_s212': 'уровень', 'DIP_700_s211': 'уровень', 'DIP_700_s212': 'уровень'}}
PS5 {'ok': True, 'K4': False, 'dec': {'LJ_0.18_301': ('отказ:не разрешён', None), 'LJ_0.18_302': ('отказ:не разрешён', None), 'LJ_0.18_303': ('отказ:не разрешён', None), 'LJ_0.22_301': ('отказ:не разрешён', 0.9048697299614519), 'LJ_0.22_302': ('отказ:не разрешён', None), 'LJ_0.22_303': ('отказ:не разрешён', 6.194720130218431), 'LJ_0.25_301': ('нет', 1.5110818162515303), 'LJ_0.25_302': ('нет', 1.2703397358042396), 'LJ_0.25_303': ('нет', 1.4351883846074256), 'LJ_0.28_301': ('нет', 0.9571024524743883), 'LJ_0.28_302': ('нет', 1.6039932419949525), 'LJ_0.28_303': ('нет', 1.2465791739829566), 'LJ_0.36_301': ('нет', 0.6121245173930776), 'LJ_0.36_302': ('нет', 0.637816326226659), 'LJ_0.36_303': ('нет', 0.5323153773578583)}}
PS6 {'ok': True, 'dec': {'SLEEP_SC4001E0': 'нет', 'SLEEP_SC4002E0': 'нет', 'SLEEP_SC4011E0': 'нет', 'SLEEP_SC4012E0': 'нет', 'SLEEP_SC4021E0': 'нет', 'SLEEP_SC4022E0': 'нет'}}
K2 True
