  LJ T=0.18 s41 k=30 τ=2: состояний 30, ITS>τ: 0 из 14 | ITS [1.9 1.  0.9 0.8 0.7 0.7 0.7 0.7 0.6 0.6] | лог-зазоры []
  LJ T=0.18 s41 k=30 τ=4: состояний 30, ITS>τ: 0 из 14 | ITS [2.1 1.6 1.5 1.4 1.4 1.4 1.4 1.4 1.4 1.3] | лог-зазоры []
  LJ T=0.18 s41 k=30 τ=8: состояний 30, ITS>τ: 0 из 14 | ITS [3.  3.  2.9 2.8 2.8 2.8 2.7 2.6 2.6 2.6] | лог-зазоры []
  LJ T=0.18 s41 k=30 τ=16: состояний 30, ITS>τ: 0 из 14 | ITS [6.2 6.  5.9 5.8 5.7 5.6 5.4 5.3 5.2 5.2] | лог-зазоры []
  LJ T=0.18 s41 k=100 τ=2: состояний 100, ITS>τ: 0 из 14 | ITS [2.  1.2 1.1 1.  1.  1.  1.  1.  1.  0.9] | лог-зазоры []
  LJ T=0.18 s41 k=100 τ=4: состояний 100, ITS>τ: 0 из 14 | ITS [2.3 2.1 2.  2.  2.  1.9 1.9 1.9 1.9 1.9] | лог-зазоры []
  LJ T=0.18 s41 k=100 τ=8: состояний 100, ITS>τ: 0 из 14 | ITS [4.1 4.  3.9 3.9 3.9 3.8 3.8 3.8 3.8 3.7] | лог-зазоры []
  LJ T=0.18 s41 k=100 τ=16: состояний 100, ITS>τ: 0 из 14 | ITS [8.2 8.1 7.9 7.8 7.8 7.8 7.7 7.5 7.5 7.5] | лог-зазоры []
  [59s]
  LJ T=0.18 s42 k=30 τ=2: состояний 30, ITS>τ: 0 из 14 | ITS [1.8 1.1 0.9 0.8 0.8 0.7 0.7 0.7 0.7 0.7] | лог-зазоры []
  LJ T=0.18 s42 k=30 τ=4: состояний 30, ITS>τ: 0 из 14 | ITS [2.  1.5 1.5 1.5 1.4 1.4 1.4 1.3 1.3 1.3] | лог-зазоры []
  LJ T=0.18 s42 k=30 τ=8: состояний 30, ITS>τ: 0 из 14 | ITS [3.1 3.  2.9 2.8 2.8 2.8 2.8 2.7 2.6 2.6] | лог-зазоры []
  LJ T=0.18 s42 k=30 τ=16: состояний 30, ITS>τ: 0 из 14 | ITS [6.2 6.1 5.8 5.7 5.6 5.5 5.5 5.3 5.3 5.3] | лог-зазоры []
  LJ T=0.18 s42 k=100 τ=2: состояний 100, ITS>τ: 0 из 14 | ITS [1.9 1.2 1.  1.  1.  1.  1.  1.  1.  0.9] | лог-зазоры []
  LJ T=0.18 s42 k=100 τ=4: состояний 100, ITS>τ: 0 из 14 | ITS [2.2 2.  2.  2.  2.  2.  1.9 1.9 1.9 1.9] | лог-зазоры []
  LJ T=0.18 s42 k=100 τ=8: состояний 100, ITS>τ: 0 из 14 | ITS [4.  4.  4.  3.9 3.9 3.9 3.9 3.8 3.7 3.7] | лог-зазоры []
  LJ T=0.18 s42 k=100 τ=16: состояний 100, ITS>τ: 0 из 14 | ITS [8.1 8.1 8.  7.9 7.9 7.8 7.7 7.6 7.6 7.4] | лог-зазоры []
  [119s]
  LJ T=0.28 s41 k=30 τ=2: состояний 30, ITS>τ: 3 из 14 | ITS [17.6  4.6  2.1  1.8  1.5  1.3  1.2  1.   0.9  0.9] | лог-зазоры [1.34 0.78]
  LJ T=0.28 s41 k=30 τ=4: состояний 30, ITS>τ: 2 из 14 | ITS [25.6  6.2  2.9  2.6  2.2  1.7  1.6  1.5  1.5  1.4] | лог-зазоры [1.42]
  LJ T=0.28 s41 k=30 τ=8: состояний 30, ITS>τ: 1 из 14 | ITS [35.6  7.8  3.9  3.4  3.3  3.1  3.   2.8  2.8  2.6] | лог-зазоры []
  LJ T=0.28 s41 k=30 τ=16: состояний 30, ITS>τ: 1 из 14 | ITS [45.9  9.6  6.3  5.9  5.7  5.6  5.4  5.3  5.3  5.3] | лог-зазоры []
  LJ T=0.28 s41 k=100 τ=2: состояний 100, ITS>τ: 5 из 14 | ITS [21.   6.   3.2  2.3  2.1  1.8  1.6  1.4  1.3  1.2] | лог-зазоры [1.26 0.62 0.32 0.1 ]
  LJ T=0.28 s41 k=100 τ=4: состояний 100, ITS>τ: 3 из 14 | ITS [29.5  7.4  5.3  3.8  3.2  2.7  2.4  2.2  2.2  2.1] | лог-зазоры [1.38 0.34]
  LJ T=0.28 s41 k=100 τ=8: состояний 100, ITS>τ: 2 из 14 | ITS [38.9  8.9  6.   5.   4.4  4.4  4.2  4.1  4.1  4. ] | лог-зазоры [1.48]
  LJ T=0.28 s41 k=100 τ=16: состояний 100, ITS>τ: 1 из 14 | ITS [48.4 11.1  8.7  8.5  8.3  8.3  8.1  8.   7.9  7.9] | лог-зазоры []
  [177s]
  LJ T=0.28 s42 k=30 τ=2: состояний 30, ITS>τ: 4 из 14 | ITS [16.1  5.8  3.   2.1  1.5  1.3  1.2  1.   0.9  0.8] | лог-зазоры [1.01 0.67 0.34]
  LJ T=0.28 s42 k=30 τ=4: состояний 30, ITS>τ: 3 из 14 | ITS [23.   8.5  4.1  3.   2.1  1.9  1.6  1.4  1.4  1.3] | лог-зазоры [0.99 0.73]
  LJ T=0.28 s42 k=30 τ=8: состояний 30, ITS>τ: 2 из 14 | ITS [32.3 11.8  5.5  4.   3.   2.9  2.8  2.8  2.7  2.7] | лог-зазоры [1.01]
  LJ T=0.28 s42 k=30 τ=16: состояний 30, ITS>τ: 1 из 14 | ITS [39.4 15.8  7.8  6.   5.9  5.7  5.6  5.6  5.5  5.4] | лог-зазоры []
  LJ T=0.28 s42 k=100 τ=2: состояний 100, ITS>τ: 5 из 14 | ITS [20.4  9.2  4.4  2.7  2.1  1.9  1.4  1.3  1.2  1.2] | лог-зазоры [0.8  0.74 0.48 0.24]
  LJ T=0.28 s42 k=100 τ=4: состояний 100, ITS>τ: 3 из 14 | ITS [27.5 11.4  5.6  3.7  3.2  2.6  2.3  2.2  2.1  2. ] | лог-зазоры [0.88 0.7 ]
  LJ T=0.28 s42 k=100 τ=8: состояний 100, ITS>τ: 2 из 14 | ITS [36.1 14.9  7.9  5.1  4.7  4.7  4.5  4.1  4.1  4. ] | лог-зазоры [0.89]
  LJ T=0.28 s42 k=100 τ=16: состояний 100, ITS>τ: 2 из 14 | ITS [43.7 18.7 11.4  9.7  8.6  8.3  8.1  8.1  7.9  7.8] | лог-зазоры [0.85]
  [236s]
  LJ T=0.36 s41 k=30 τ=2: состояний 30, ITS>τ: 4 из 14 | ITS [10.   6.   4.1  2.6  1.9  1.6  1.3  1.2  1.   0.9] | лог-зазоры [0.51 0.39 0.44]
  LJ T=0.36 s41 k=30 τ=4: состояний 30, ITS>τ: 3 из 14 | ITS [11.8  7.4  5.1  3.2  2.3  2.1  1.6  1.6  1.6  1.4] | лог-зазоры [0.47 0.36]
  LJ T=0.36 s41 k=30 τ=8: состояний 30, ITS>τ: 2 из 14 | ITS [13.   8.1  5.3  3.7  3.6  3.6  3.1  3.   2.8  2.8] | лог-зазоры [0.48]
  LJ T=0.36 s41 k=30 τ=16: состояний 30, ITS>τ: 0 из 14 | ITS [14.5  8.3  6.4  5.9  5.9  5.8  5.6  5.5  5.2  5.1] | лог-зазоры []
  LJ T=0.36 s41 k=100 τ=2: состояний 100, ITS>τ: 7 из 14 | ITS [12.2  7.6  5.2  3.3  2.6  2.4  2.   1.9  1.6  1.4] | лог-зазоры [0.47 0.38 0.45 0.26 0.08 0.15]
  LJ T=0.36 s41 k=100 τ=4: состояний 100, ITS>τ: 3 из 14 | ITS [12.9  8.3  5.7  3.6  3.5  3.2  2.5  2.3  2.2  2. ] | лог-зазоры [0.44 0.38]
  LJ T=0.36 s41 k=100 τ=8: состояний 100, ITS>τ: 2 из 14 | ITS [14.3  8.9  5.8  5.5  4.6  4.6  4.2  4.2  4.1  3.9] | лог-зазоры [0.48]
  LJ T=0.36 s41 k=100 τ=16: состояний 100, ITS>τ: 0 из 14 | ITS [15.6  9.4  8.2  8.1  8.   7.9  7.8  7.7  7.6  7.6] | лог-зазоры []
  [293s]
  LJ T=0.36 s42 k=30 τ=2: состояний 30, ITS>τ: 4 из 14 | ITS [10.4  5.9  3.6  2.1  1.9  1.5  1.2  1.2  1.   0.9] | лог-зазоры [0.57 0.49 0.55]
  LJ T=0.36 s42 k=30 τ=4: состояний 30, ITS>τ: 2 из 14 | ITS [11.8  6.8  4.   2.9  2.3  2.   1.7  1.6  1.5  1.5] | лог-зазоры [0.55]
  LJ T=0.36 s42 k=30 τ=8: состояний 30, ITS>τ: 1 из 14 | ITS [13.5  7.5  4.3  3.6  3.2  3.   2.9  2.8  2.8  2.7] | лог-зазоры []
  LJ T=0.36 s42 k=30 τ=16: состояний 30, ITS>τ: 0 из 14 | ITS [15.3  8.4  6.6  6.3  6.3  5.9  5.8  5.7  5.6  5.5] | лог-зазоры []
  LJ T=0.36 s42 k=100 τ=2: состояний 100, ITS>τ: 5 из 14 | ITS [11.9  7.1  4.3  2.8  2.4  2.   1.6  1.6  1.6  1.5] | лог-зазоры [0.51 0.5  0.42 0.15]
  LJ T=0.36 s42 k=100 τ=4: состояний 100, ITS>τ: 3 из 14 | ITS [13.5  8.3  4.8  3.8  3.1  2.7  2.3  2.3  2.3  2.2] | лог-зазоры [0.49 0.54]
  LJ T=0.36 s42 k=100 τ=8: состояний 100, ITS>τ: 2 из 14 | ITS [15.3  8.8  5.4  4.7  4.5  4.3  4.2  4.2  4.1  4. ] | лог-зазоры [0.55]
  LJ T=0.36 s42 k=100 τ=16: состояний 100, ITS>τ: 1 из 14 | ITS [16.4 10.   9.   8.6  8.3  8.2  8.   7.9  7.8  7.8] | лог-зазоры []
  [352s]
  DIP cal400 k=30 τ=2: состояний 30, ITS>τ: 3 из 14 | ITS [6.8 2.8 2.2 1.8 1.6 1.2 1.2 1.  1.  0.9] | лог-зазоры [0.9  0.23]
  DIP cal400 k=30 τ=5: состояний 30, ITS>τ: 1 из 14 | ITS [6.3 3.3 3.  2.8 2.3 2.  1.8 1.5 1.5 1.4] | лог-зазоры []
  DIP cal400 k=30 τ=10: состояний 30, ITS>τ: 0 из 14 | ITS [7.6 4.5 3.2 3.  2.9 2.8 2.8 2.7 2.7 2.6] | лог-зазоры []
  DIP cal400 k=30 τ=25: состояний 30, ITS>τ: 0 из 14 | ITS [9.  7.2 7.  7.  6.9 6.7 6.6 6.5 6.4 6.3] | лог-зазоры []
  DIP cal400 k=100 τ=2: состояний 100, ITS>τ: 4 из 14 | ITS [7.3 4.4 4.  2.4 2.  1.8 1.3 1.3 1.2 1.1] | лог-зазоры [0.51 0.1  0.49]
  DIP cal400 k=100 τ=5: состояний 100, ITS>τ: 1 из 14 | ITS [6.6 4.2 3.2 3.  2.5 2.5 2.2 2.  1.9 1.9] | лог-зазоры []
  DIP cal400 k=100 τ=10: состояний 100, ITS>τ: 0 из 14 | ITS [7.8 6.1 3.8 3.7 3.6 3.6 3.5 3.5 3.4 3.4] | лог-зазоры []
  DIP cal400 k=100 τ=25: состояний 100, ITS>τ: 0 из 14 | ITS [9.6 9.  8.9 8.8 8.7 8.7 8.7 8.6 8.5 8.5] | лог-зазоры []
  DIP cal500 k=30 τ=2: состояний 30, ITS>τ: 4 из 14 | ITS [506.5   4.5   3.5   2.1   1.7   1.6   1.1   1.    0.9   0.8] | лог-зазоры [4.73 0.25 0.53]
  DIP cal500 k=30 τ=5: состояний 30, ITS>τ: 1 из 14 | ITS [502.3   4.    3.4   2.5   2.4   2.    1.9   1.6   1.6   1.4] | лог-зазоры []
  DIP cal500 k=30 τ=10: состояний 30, ITS>τ: 1 из 14 | ITS [499.7   4.7   3.7   2.8   2.8   2.7   2.7   2.7   2.6   2.6] | лог-зазоры []
  DIP cal500 k=30 τ=25: состояний 30, ITS>τ: 1 из 14 | ITS [492.2   7.5   7.1   7.    6.9   6.7   6.7   6.7   6.6   6.5] | лог-зазоры []
  DIP cal500 k=100 τ=2: состояний 100, ITS>τ: 5 из 14 | ITS [511.4   4.7   4.    2.8   2.2   1.8   1.7   1.3   1.3   1.2] | лог-зазоры [4.69 0.17 0.34 0.24]
  DIP cal500 k=100 τ=5: состояний 100, ITS>τ: 1 из 14 | ITS [503.8   4.2   3.6   2.6   2.6   2.6   2.5   2.3   2.1   2. ] | лог-зазоры []
  DIP cal500 k=100 τ=10: состояний 100, ITS>τ: 1 из 14 | ITS [503.4   4.8   4.1   3.9   3.7   3.6   3.6   3.5   3.5   3.5] | лог-зазоры []
  DIP cal500 k=100 τ=25: состояний 100, ITS>τ: 1 из 14 | ITS [494.8  11.9  11.8   9.1   9.    8.9   8.9   8.8   8.7   8.6] | лог-зазоры []
Синай L=4096 θ=0.075: время 0.03s; -λ: [3.41960368e-05 3.02768910e-05 2.17550691e-05 2.04141997e-05
 2.01345175e-05 1.18519517e-05]; макс глубина/T = 25.7
  времена: [4.52 4.66 4.69 4.7  4.93 5.04 5.18 5.23] лог-зазоры: [-0.33 -0.06 -0.01 -0.53 -0.26 -0.32 -0.13 -0.08] k*s_k: [-0.33 -0.13 -0.04 -2.12 -1.29 -1.93 -0.89 -0.63]
