ρ= 3.111: E_gs -50.995 (ico да) | Tf 0.34471291666666665 Tm 0.3437870833333333 W -0.001 | T* 0.344 тв.доля 0.52 | ζ None отказ:не разрешён ITS [7.4 3.8 3.3 2.5] | закалка: рекордов 1 k_gs 0 φ_int [] [142s]
ρ= 3.333: E_gs -49.660 (ico да) | Tf 0.36212958333333334 Tm 0.31170374999999995 W -0.05 | T* 0.337 тв.доля 0.52 | ζ None отказ:не разрешён ITS [9.1 4.1 2.6 2.5] | закалка: рекордов 1 k_gs 0 φ_int [] [251s]
ρ= 3.556: E_gs -48.499 (ico да) | Tf 0.3529629166666667 Tm 0.3589120833333333 W 0.006 | T* 0.356 тв.доля 0.51 | ζ 0.9884716339993365 отказ:не разрешён ITS [16.   9.8  4.5  2.8] | закалка: рекордов 1 k_gs 0 φ_int [] [396s]
ρ= 3.778: E_gs -47.500 (ico да) | Tf 0.3992545833333333 Tm 0.3767870833333333 W -0.022 | T* 0.388 тв.доля 0.36 | ζ 0.6632500013953517 нет ITS [17.4 11.1  7.8  4.8] | закалка: рекордов 1 k_gs 0 φ_int [] [483s]
ρ= 4.000: E_gs -46.635 (ico да) | Tf 0.3955879166666667 Tm 0.3566204166666666 W -0.039 | T* 0.376 тв.доля 0.48 | ζ 0.61255295526862 отказ:не разрешён ITS [11.8  7.1  4.6  3.5] | закалка: рекордов 2 k_gs 1 φ_int [] [601s]
ρ= 4.222: E_gs -45.886 (ico да) | Tf 0.3855045833333334 Tm 0.3671620833333333 W -0.018 | T* 0.376 тв.доля 0.47 | ζ 0.4303539079206157 нет ITS [15.1 10.   6.5  4. ] | закалка: рекордов 1 k_gs 0 φ_int [] [757s]
ρ= 4.444: E_gs -45.235 (ico да) | Tf 0.40750458333333334 Tm 0.3506620833333333 W -0.057 | T* 0.379 тв.доля 0.65 | ζ 1.0561176281416391 нет ITS [22.1  9.6  9.2  5.4] | закалка: рекордов 4 k_gs 3 φ_int [0.33 0.   0.  ] [874s]
ρ= 4.667: E_gs -44.666 (ico да) | Tf 0.38917124999999997 Tm 0.39282874999999995 W 0.004 | T* 0.391 тв.доля 0.52 | ζ 0.6073342315344541 нет ITS [35.1 19.3 14.2  8.5] | закалка: рекордов 1 k_gs 0 φ_int [] [972s]
ρ= 4.889: E_gs -44.171 (ico да) | Tf 0.4088795833333333 Tm 0.3717454166666666 W -0.037 | T* 0.390 тв.доля 0.64 | ζ 0.560611670446919 нет ITS [23.9 14.1  8.7  5.5] | закалка: рекордов 1 k_gs 0 φ_int [] [1078s]
ρ= 5.111: E_gs -43.737 (ico да) | Tf 0.4666295833333333 Tm 0.40107875 W -0.066 | T* 0.434 тв.доля 0.45 | ζ 1.0892369956322892 нет ITS [38.1 14.5  7.9  7. ] | закалка: рекордов 3 k_gs 2 φ_int [0.   0.14] [1203s]
ρ= 5.333: E_gs -43.354 (ico да) | Tf 0.4079629166666667 Tm 0.3630370833333333 W -0.045 | T* 0.385 тв.доля 0.48 | ζ 1.0754950202223572 нет ITS [27.  12.   8.6  6.8] | закалка: рекордов 2 k_gs 1 φ_int [0.] [1357s]
ρ= 5.556: E_gs -43.013 (ico да) | Tf 0.41071291666666665 Tm 0.36807874999999995 W -0.043 | T* 0.389 тв.доля 0.59 | ζ 0.8124044691006648 нет ITS [46.4 23.3 13.6  8.3] | закалка: рекордов 3 k_gs 2 φ_int [0. 0.] [1454s]
ρ= 5.778: E_gs -42.711 (ico да) | Tf 0.41804625 Tm 0.3974120833333333 W -0.021 | T* 0.408 тв.доля 0.59 | ζ 0.648067777170808 нет ITS [35.1 19.9 12.5  9.2] | закалка: рекордов 8 k_gs 7 φ_int [0.17 0.   0.   0.5 ] [1570s]
ρ= 6.000: E_gs -42.440 (ico да) | Tf 0.40017125 Tm 0.3868704166666666 W -0.013 | T* 0.394 тв.доля 0.72 | ζ 1.2369215567603042 нет ITS [31.3 11.9  8.   5.9] | закалка: рекордов 7 k_gs 6 φ_int [0.   0.25 0.96 0.18 0.   0.  ] [1673s]
ρ= 6.222: E_gs -42.195 (ico да) | Tf 0.40475458333333336 Tm 0.4088704166666666 W 0.004 | T* 0.407 тв.доля 0.38 | ζ 0.6588999188033867 нет ITS [41.  23.7 10.1  6.7] | закалка: рекордов 5 k_gs 4 φ_int [0.   0.01 0.  ] [1853s]
ρ= 6.444: E_gs -41.973 (ico да) | Tf 0.36212958333333334 Tm 0.35295374999999996 W -0.009 | T* 0.358 тв.доля 0.53 | ζ 0.8372149247125242 нет ITS [37.9 16.5 12.8 11.5] | закалка: рекордов 5 k_gs 4 φ_int [0.   0.   0.99 0.86] [1969s]
ρ= 6.667: E_gs -41.769 (ico да) | Tf 0.40200458333333333 Tm 0.36257874999999995 W -0.039 | T* 0.382 тв.доля 0.40 | ζ 0.6754661177590544 нет ITS [43.2 23.7 15.   8.3] | закалка: рекордов 4 k_gs 3 φ_int [0. 0.] [2125s]
ρ= 6.889: E_gs -41.582 (ico да) | Tf 0.3800045833333333 Tm 0.3772454166666666 W -0.003 | T* 0.379 тв.доля 0.60 | ζ 1.669803806805961 отказ ITS [247.2  49.7  26.   15.1] | закалка: рекордов 6 k_gs 5 φ_int [0.   0.74 0.74] [2271s]
ρ= 7.111: E_gs -41.407 (ico да) | Tf 0.37542125000000004 Tm 0.3396620833333333 W -0.036 | T* 0.358 тв.доля 0.64 | ζ 0.6112700781568979 нет ITS [54.6 32.1 18.3 13.4] | закалка: рекордов 2 k_gs None φ_int [0.] [2477s]
ρ= 7.333: E_gs -41.244 (ico да) | Tf 0.36762958333333334 Tm 0.3809120833333333 W 0.013 | T* 0.374 тв.доля 0.56 | ζ 0.8416528212762224 нет ITS [75.3 33.2 21.3 16.3] | закалка: рекордов 7 k_gs 6 φ_int [0.   0.   0.   1.   0.93 0.22] [2747s]
ρ= 7.556: E_gs -41.089 (ico да) | Tf 0.4212545833333333 Tm 0.35524541666666665 W -0.066 | T* 0.388 тв.доля 0.60 | ζ 1.0584759542607958 нет ITS [123.8  40.2  25.8  19.5] | закалка: рекордов 7 k_gs 6 φ_int [0.   0.   0.52 0.   0.03] [2966s]
ρ= 7.778: E_gs -40.943 (ico да) | Tf 0.33737958333333334 Tm 0.3630370833333333 W 0.026 | T* 0.350 тв.доля 0.81 | ζ 0.7885117177443486 нет ITS [59.2 28.5 14.7  9.3] | закалка: рекордов 7 k_gs 6 φ_int [0.   0.   0.05 0.98 0.98 0.57] [3095s]
ρ= 8.000: E_gs -40.802 (ico да) | Tf 0.36854624999999996 Tm 0.35432874999999997 W -0.014 | T* 0.361 тв.доля 0.67 | ζ 0.7383797332741635 нет ITS [62.1 30.7 19.8 13.1] | закалка: рекордов 5 k_gs 4 φ_int [0.   0.89 0.71] [3238s]
ρ= 8.222: E_gs -40.667 (ico да) | Tf 0.38779625 Tm 0.3469954166666666 W -0.041 | T* 0.367 тв.доля 0.58 | ζ 2.6999043415580832 отказ ITS [911.4  65.7  40.8  36.9] | закалка: рекордов 8 k_gs None φ_int [0.   0.99 0.9  0.99] [3409s]
ρ= 8.444: E_gs -40.535 (ico да) | Tf 0.37725458333333334 Tm 0.37907874999999996 W 0.002 | T* 0.378 тв.доля 0.36 | ζ 1.2891947960114667 нет ITS [179.1  62.2  25.8  18.5] | закалка: рекордов 6 k_gs 5 φ_int [0.5 0.  0.9 1. ] [3577s]
ρ= 8.667: E_gs -40.406 (ico да) | Tf 0.38825458333333335 Tm 0.35845374999999996 W -0.03 | T* 0.373 тв.доля 0.38 | ζ 0.7578749802277791 нет ITS [67.9 33.3 19.7 13.5] | закалка: рекордов 13 k_gs None φ_int [0.29 0.   0.   0.03 0.96 0.75 0.6  0.86 0.   0.65] [3724s]
ρ= 8.889: E_gs -40.280 (ico да) | Tf 0.3593795833333333 Tm 0.3781620833333333 W 0.019 | T* 0.369 тв.доля 0.53 | ζ 1.2496721250329412 нет ITS [210.   55.4  26.5  23. ] | закалка: рекордов 8 k_gs None φ_int [0.   0.   0.   0.99] [3897s]
ρ= 9.111: E_gs -40.155 (ico да) | Tf 0.35204625 Tm 0.3561620833333333 W 0.004 | T* 0.354 тв.доля 0.46 | ζ 0.7663427554995261 нет ITS [60.1 27.4 18.8 15.1] | закалка: рекордов 4 k_gs None φ_int [0. 0. 0.] [4035s]
ρ= 9.333: E_gs -40.032 (ico да) | Tf 0.40200458333333333 Tm 0.3483704166666666 W -0.054 | T* 0.375 тв.доля 0.40 | ζ 0.6901650321218502 нет ITS [105.8  53.   31.2  19.5] | закалка: рекордов 5 k_gs 4 φ_int [0.   0.01 0.35] [4147s]
ρ= 9.556: E_gs -39.908 (ico да) | Tf 0.3488379166666667 Tm 0.35112041666666666 W 0.002 | T* 0.350 тв.доля 0.59 | ζ 0.9269810211644753 нет ITS [78.9 32.1 22.6 12.8] | закалка: рекордов 10 k_gs None φ_int [0. 0. 0. 0. 0. 0. 0.] [4251s]
ρ= 9.778: E_gs -39.786 (ico да) | Tf 0.33508791666666665 Tm 0.3382870833333333 W 0.003 | T* 0.337 тв.доля 0.69 | ζ 0.6850455434444656 нет ITS [71.  33.9 26.7 15.4] | закалка: рекордов 4 k_gs None φ_int [0. 0. 0.] [4384s]
ρ=10.000: E_gs -39.663 (ico да) | Tf 0.3928379166666667 Tm 0.33920374999999997 W -0.054 | T* 0.366 тв.доля 0.41 | ζ 0.6178748799123692 нет ITS [110.2  58.6  37.6  28.4] | закалка: рекордов 3 k_gs 2 φ_int [0. 0.] [4499s]
ρ=10.222: E_gs -39.540 (ico да) | Tf 0.34379625 Tm 0.35387041666666663 W 0.01 | T* 0.349 тв.доля 0.34 | ζ 1.2090961823615585 нет ITS [111.1  36.4  21.3  16.9] | закалка: рекордов 2 k_gs None φ_int [] [4611s]
ρ=10.444: E_gs -39.416 (ico да) | Tf 0.35708791666666667 Tm 0.3355370833333333 W -0.022 | T* 0.346 тв.доля 0.55 | ζ 1.0254807741349898 нет ITS [139.5  61.3  31.7  21.7] | закалка: рекордов 5 k_gs None φ_int [0.07 0.   0.03 0.03] [4746s]
ρ=10.667: E_gs -39.291 (ico да) | Tf 0.36350458333333335 Tm 0.36899541666666663 W 0.005 | T* 0.366 тв.доля 0.25 | ζ 0.5307730686572569 нет ITS [146.1  80.9  53.6  35.6] | закалка: рекордов 7 k_gs 6 φ_int [0.   0.   0.   0.   0.   0.99] [5013s]
ρ=10.889: E_gs -39.166 (ico да) | Tf 0.35387958333333336 Tm 0.3355370833333333 W -0.018 | T* 0.345 тв.доля 0.49 | ζ 1.1753066015669225 нет ITS [158.7  50.7  25.9  22.9] | закалка: рекордов 8 k_gs None φ_int [0.5  0.   0.04 0.   0.2  0.99] [5204s]
ρ=11.111: E_gs -39.039 (ico да) | Tf 0.33325458333333335 Tm 0.33599541666666666 W 0.003 | T* 0.335 тв.доля 0.39 | ζ 0.556855452473576 нет ITS [112.3  66.3  49.1  27.8] | закалка: рекордов 9 k_gs 8 φ_int [0.   0.   0.   0.79 0.99] [5360s]
ρ=11.333: E_gs -38.911 (ico да) | Tf 0.34196291666666667 Tm 0.31032875 W -0.032 | T* 0.326 тв.доля 0.64 | ζ 0.8902974462891389 нет ITS [247.1  81.2  37.5  29.4] | закалка: рекордов 6 k_gs None φ_int [0.   0.   0.   0.01] [5574s]
ρ=11.556: E_gs -38.781 (ico да) | Tf 0.3552545833333334 Tm 0.36074541666666665 W 0.005 | T* 0.358 тв.доля 0.13 | ζ 0.6622394093968837 нет ITS [158.7  69.4  49.8  40.3] | закалка: рекордов 9 k_gs None φ_int [0.   0.   0.72] [5736s]
ρ=11.778: E_gs -38.651 (ico да) | Tf 0.3346295833333333 Tm 0.3428704166666666 W 0.008 | T* 0.339 тв.доля 0.34 | ζ 0.6868198568603279 нет ITS [149.7  85.8  44.3  24.8] | закалка: рекордов 4 k_gs None φ_int [0.14 0.  ] [5973s]
ρ=12.000: E_gs -38.519 (ico да) | Tf 0.3282129166666667 Tm 0.32957875 W 0.001 | T* 0.329 тв.доля 0.62 | ζ 0.8821473771488213 нет ITS [185.3  85.2  48.2  32.5] | закалка: рекордов 6 k_gs None φ_int [0. 0.] [6134s]
ρ=12.222: E_gs -38.385 (ico да) | Tf 0.33967125 Tm 0.31445375 W -0.025 | T* 0.327 тв.доля 0.56 | ζ 1.247813383297819 нет ITS [210.8  66.2  30.3  24.1] | закалка: рекордов 5 k_gs None φ_int [0. 0. 0.] [6284s]
ρ=12.444: E_gs -38.250 (ico да) | Tf 0.35067125 Tm 0.34745374999999995 W -0.003 | T* 0.349 тв.доля 0.22 | ζ 1.1294115915738252 нет ITS [202.1  57.1  45.2  32.6] | закалка: рекордов 13 k_gs None φ_int [0.5  0.75 0.   0.33 0.33 0.   0.   0.   0.57] [6490s]
ρ=12.667: E_gs -38.113 (ico да) | Tf 0.2869629166666667 Tm 0.3355370833333333 W 0.049 | T* 0.311 тв.доля 0.81 | ζ 0.874094302011069 нет ITS [79.2 35.  19.4 14. ] | закалка: рекордов 4 k_gs None φ_int [0.2  0.11 0.  ] [6679s]
ρ=12.889: E_gs -37.974 (ico да) | Tf 0.28008791666666666 Tm 0.33232874999999995 W 0.052 | T* 0.306 тв.доля 0.82 | ζ 0.6118545645425888 нет ITS [137.   67.4  45.   35.5] | закалка: рекордов 6 k_gs None φ_int [0.   0.   0.56 0.  ] [6820s]
ρ=13.111: E_gs -37.834 (ico да) | Tf 0.27687958333333335 Tm 0.30482875 W 0.028 | T* 0.291 тв.доля 0.94 | ζ 0.7982006078392445 нет ITS [65.2 30.2 17.6 14.3] | закалка: рекордов 5 k_gs None φ_int [0.5 0. ] [6927s]
ρ=13.333: E_gs -37.693 (ico да) | Tf 0.33554625 Tm 0.32270374999999996 W -0.013 | T* 0.329 тв.доля 0.31 | ζ 0.7548971023126372 нет ITS [228.6  93.1  65.7  40.8] | закалка: рекордов 8 k_gs None φ_int [0. 0. 0. 0. 0. 0.] [7076s]
ρ=13.556: E_gs -37.549 (ico да) | Tf 0.32362958333333336 Tm 0.3011620833333333 W -0.022 | T* 0.312 тв.доля 0.62 | ζ 0.7712159257132458 нет ITS [100.3  42.7  26.   21.3] | закалка: рекордов 5 k_gs None φ_int [0. 0.] [7231s]
ρ=13.778: E_gs -37.405 (ico да) | Tf 0.30483791666666665 Tm 0.34607875 W 0.041 | T* 0.325 тв.доля 0.39 | ζ 1.0768315095871452 нет ITS [234.5  75.6  41.1  31.7] | закалка: рекордов 9 k_gs None φ_int [0.   0.   0.   0.06 0.9  0.21] [7397s]
ρ=14.000: E_gs -37.259 (ico да) | Tf 0.29154625 Tm 0.30895374999999997 W 0.017 | T* 0.300 тв.доля 0.73 | ζ 0.762452219465142 нет ITS [112.9  54.4  24.8  19. ] | закалка: рекордов 10 k_gs None φ_int [0.   0.   0.   0.   0.   0.   0.   0.99 0.  ] [7539s]
готово 7539.491947174072
