ρ= 3.000: E_gs -51.737 (ico да) | Tf 0.3910045833333333 Tm 0.33874541666666663 W -0.052 | T* 0.365 тв.доля 0.42 | ζ None отказ:не разрешён ITS [6.8 3.4 3.3 2.3] | закалка: рекордов 1 k_gs 0 φ_int [] [142s]
ρ= 3.222: E_gs -50.304 (ico да) | Tf 0.33737958333333334 Tm 0.3373704166666666 W -0.0 | T* 0.337 тв.доля 0.54 | ζ None отказ:не разрешён ITS [15.9  7.1  3.5  2.9] | закалка: рекордов 1 k_gs 0 φ_int [] [250s]
ρ= 3.444: E_gs -49.061 (ico да) | Tf 0.38046291666666665 Tm 0.32132874999999994 W -0.059 | T* 0.351 тв.доля 0.55 | ζ None отказ:не разрешён ITS [10.4  6.3  3.8  2.6] | закалка: рекордов 1 k_gs 0 φ_int [] [397s]
ρ= 3.667: E_gs -47.981 (ico да) | Tf 0.37954625 Tm 0.3190370833333333 W -0.061 | T* 0.349 тв.доля 0.60 | ζ 0.7601487411597045 нет ITS [17.1  9.8  4.9  4. ] | закалка: рекордов 2 k_gs 1 φ_int [0.5] [483s]
ρ= 3.889: E_gs -47.052 (ico да) | Tf 0.3680879166666667 Tm 0.32132874999999994 W -0.047 | T* 0.345 тв.доля 0.52 | ζ 1.0156736242926585 нет ITS [20.5  9.4  5.3  4.9] | закалка: рекордов 1 k_gs 0 φ_int [] [599s]
ρ= 4.111: E_gs -46.247 (ico да) | Tf 0.44004624999999997 Tm 0.36532875 W -0.075 | T* 0.403 тв.доля 0.35 | ζ 1.0694870604375475 отказ:не разрешён ITS [16.7  8.2  4.6  3.4] | закалка: рекордов 2 k_gs 1 φ_int [] [757s]
ρ= 4.333: E_gs -45.549 (ico да) | Tf 0.41896291666666663 Tm 0.3882454166666666 W -0.031 | T* 0.404 тв.доля 0.46 | ζ 0.8046127219202243 нет ITS [20.7 10.1  6.2  4.6] | закалка: рекордов 4 k_gs 3 φ_int [0.5] [873s]
ρ= 4.556: E_gs -44.940 (ico да) | Tf 0.3928379166666667 Tm 0.3657870833333333 W -0.027 | T* 0.379 тв.доля 0.47 | ζ 1.1519327900758731 нет ITS [19.8  8.8  7.3  5.3] | закалка: рекордов 1 k_gs 0 φ_int [] [969s]
ρ= 4.778: E_gs -44.411 (ico да) | Tf 0.43775458333333334 Tm 0.3946620833333333 W -0.043 | T* 0.416 тв.доля 0.42 | ζ 0.7007465417323584 нет ITS [32.5 18.1 10.2  8.8] | закалка: рекордов 3 k_gs 2 φ_int [0.] [1077s]
ρ= 5.000: E_gs -43.947 (ico да) | Tf 0.40979625 Tm 0.38320374999999995 W -0.027 | T* 0.396 тв.доля 0.31 | ζ 1.0661348155461585 нет ITS [28.9 12.6  7.2  5.4] | закалка: рекордов 3 k_gs 2 φ_int [0.] [1183s]
ρ= 5.222: E_gs -43.539 (ico да) | Tf 0.39192125 Tm 0.35387041666666663 W -0.038 | T* 0.373 тв.доля 0.47 | ζ 0.7769217674042896 нет ITS [21.1 11.   7.3  4.9] | закалка: рекордов 3 k_gs 2 φ_int [0.] [1342s]
ρ= 5.444: E_gs -43.179 (ico да) | Tf 0.45517125 Tm 0.38457874999999997 W -0.071 | T* 0.420 тв.доля 0.46 | ζ 0.592914433884683 нет ITS [37.3 22.8 14.9 10.7] | закалка: рекордов 5 k_gs 4 φ_int [0.   0.   0.06] [1451s]
ρ= 5.667: E_gs -42.858 (ico да) | Tf 0.41437958333333336 Tm 0.43545375 W 0.021 | T* 0.425 тв.доля 0.50 | ζ 0.8683641077885331 нет ITS [46.2 20.4 11.2  7.7] | закалка: рекордов 5 k_gs 4 φ_int [0.33 0.   0.   0.05] [1570s]
ρ= 5.889: E_gs -42.572 (ico да) | Tf 0.41850458333333335 Tm 0.36624541666666666 W -0.052 | T* 0.392 тв.доля 0.57 | ζ 0.9904677405856541 нет ITS [38.8 16.4 10.7  8.8] | закалка: рекордов 3 k_gs 2 φ_int [0.] [1661s]
ρ= 6.111: E_gs -42.315 (ico да) | Tf 0.40337958333333335 Tm 0.39420374999999996 W -0.009 | T* 0.399 тв.доля 0.48 | ζ 0.9680892451419183 нет ITS [91.8 34.7 17.3 15.1] | закалка: рекордов 7 k_gs 6 φ_int [0.5 0.  0.  0. ] [1832s]
ρ= 6.333: E_gs -42.082 (ico да) | Tf 0.42262958333333334 Tm 0.39970374999999997 W -0.023 | T* 0.411 тв.доля 0.36 | ζ 0.9102366131500619 нет ITS [50.2 23.  11.3  9.7] | закалка: рекордов 4 k_gs 3 φ_int [0.   0.03] [1958s]
ρ= 6.556: E_gs -41.869 (ico да) | Tf 0.39512958333333337 Tm 0.36624541666666666 W -0.029 | T* 0.381 тв.доля 0.54 | ζ 0.6519864062562698 нет ITS [60.2 31.5 18.7 13.6] | закалка: рекордов 6 k_gs 5 φ_int [0.13 0.   0.   0.93] [2086s]
ρ= 6.778: E_gs -41.674 (ico да) | Tf 0.37679625 Tm 0.3644120833333333 W -0.012 | T* 0.371 тв.доля 0.59 | ζ 1.2975139617185574 нет ITS [135.5  59.2  27.8  17.2] | закалка: рекордов 6 k_gs 5 φ_int [0.07 0.   0.08 0.66] [2236s]
ρ= 7.000: E_gs -41.493 (ico да) | Tf 0.35846291666666663 Tm 0.36257874999999995 W 0.004 | T* 0.361 тв.доля 0.55 | ζ 0.7463065297403779 нет ITS [39.9 19.3 13.5  8.9] | закалка: рекордов 6 k_gs 5 φ_int [0.5  0.   0.   0.   0.92] [2442s]
ρ= 7.222: E_gs -41.324 (ico да) | Tf 0.36304625 Tm 0.36074541666666665 W -0.002 | T* 0.362 тв.доля 0.62 | ζ 0.8437572284559113 нет ITS [65.  32.6 15.5 10.1] | закалка: рекордов 7 k_gs 6 φ_int [0.27 0.76 0.09 0.9  0.  ] [2714s]
ρ= 7.444: E_gs -41.166 (ico да) | Tf 0.4285879166666667 Tm 0.40612041666666665 W -0.022 | T* 0.417 тв.доля 0.22 | ζ 0.8312251768812117 нет ITS [112.2  41.3  26.8  20. ] | закалка: рекордов 8 k_gs 7 φ_int [0.   0.   0.07 0.   0.75] [2923s]
ρ= 7.667: E_gs -41.015 (ico да) | Tf 0.45654625000000004 Tm 0.35845374999999996 W -0.098 | T* 0.407 тв.доля 0.17 | ζ 0.8191593237509551 нет ITS [133.6  56.7  44.4  27.1] | закалка: рекордов 6 k_gs 5 φ_int [0.   0.06 0.45 0.99 0.13] [3053s]
ρ= 7.889: E_gs -40.872 (ico да) | Tf 0.39054625 Tm 0.36120375 W -0.029 | T* 0.376 тв.доля 0.31 | ζ 0.7432540150242619 нет ITS [98.5 45.7 23.8 19.1] | закалка: рекордов 8 k_gs 7 φ_int [0.   0.   0.   0.   0.98 0.52] [3194s]
ρ= 8.111: E_gs -40.734 (ico да) | Tf 0.3983379166666667 Tm 0.3699120833333333 W -0.028 | T* 0.384 тв.доля 0.49 | ζ 1.0356843832352207 нет ITS [161.6  53.4  30.5  25.7] | закалка: рекордов 8 k_gs 7 φ_int [0.   0.   0.   0.84] [3388s]
ρ= 8.333: E_gs -40.601 (ico да) | Tf 0.3832129166666667 Tm 0.37220374999999994 W -0.011 | T* 0.378 тв.доля 0.43 | ζ 0.74004351992182 нет ITS [64.1 31.7 16.1 11.9] | закалка: рекордов 6 k_gs 5 φ_int [0.   0.   0.   0.89 0.07] [3534s]
ρ= 8.556: E_gs -40.470 (ico да) | Tf 0.38275458333333334 Tm 0.3424120833333333 W -0.04 | T* 0.363 тв.доля 0.63 | ζ 0.9251189253462162 нет ITS [82.1 32.5 16.4 14.4] | закалка: рекордов 6 k_gs 5 φ_int [0.   0.   0.06 0.59] [3723s]
ρ= 8.778: E_gs -40.343 (ico да) | Tf 0.3845879166666667 Tm 0.3332454166666666 W -0.051 | T* 0.359 тв.доля 0.55 | ζ 1.1057796870632939 нет ITS [199.1  71.9  43.2  20.7] | закалка: рекордов 4 k_gs 3 φ_int [0. 0.] [3892s]
ρ= 9.000: E_gs -40.217 (ico да) | Tf 0.3442545833333333 Tm 0.35387041666666663 W 0.01 | T* 0.349 тв.доля 0.58 | ζ 0.7217668720081707 нет ITS [82.9 42.6 25.9 14.1] | закалка: рекордов 7 k_gs None φ_int [0.5  0.5  0.   0.55] [4028s]
ρ= 9.222: E_gs -40.093 (ico да) | Tf 0.3653379166666667 Tm 0.34562041666666665 W -0.02 | T* 0.355 тв.доля 0.55 | ζ 0.7327499903198503 нет ITS [106.8  52.7  23.4  19. ] | закалка: рекордов 4 k_gs None φ_int [0.] [4145s]
ρ= 9.444: E_gs -39.970 (ico да) | Tf 0.39237958333333334 Tm 0.3602870833333333 W -0.032 | T* 0.376 тв.доля 0.26 | ζ 0.8493041065011084 нет ITS [113.2  44.7  38.3  20. ] | закалка: рекордов 2 k_gs None φ_int [] [4252s]
ρ= 9.667: E_gs -39.847 (ico да) | Tf 0.34929625 Tm 0.3332454166666666 W -0.016 | T* 0.341 тв.доля 0.59 | ζ 0.8245084659600053 нет ITS [71.3 31.6 21.2 14.4] | закалка: рекордов 4 k_gs None φ_int [0. 0. 0.] [4385s]
ρ= 9.889: E_gs -39.724 (ico да) | Tf 0.35204625 Tm 0.3740370833333333 W 0.022 | T* 0.363 тв.доля 0.42 | ζ 0.950640755474217 нет ITS [159.4  56.4  30.6  22. ] | закалка: рекордов 8 k_gs 7 φ_int [0.   0.   0.   0.14 0.   1.   0.31] [4499s]
ρ=10.111: E_gs -39.601 (ico да) | Tf 0.3020879166666667 Tm 0.3579954166666666 W 0.056 | T* 0.330 тв.доля 0.64 | ζ 0.9152316156246663 нет ITS [79.7 31.3 18.7 12.8] | закалка: рекордов 5 k_gs None φ_int [0.5  0.5  0.05 0.  ] [4624s]
ρ=10.333: E_gs -39.478 (ico да) | Tf 0.31262958333333335 Tm 0.3479120833333333 W 0.035 | T* 0.330 тв.доля 0.74 | ζ 0.9895154550037707 нет ITS [69.6 26.7 16.8 12.9] | закалка: рекордов 4 k_gs None φ_int [0. 1.] [4750s]
ρ=10.556: E_gs -39.353 (ico да) | Tf 0.38367125 Tm 0.36074541666666665 W -0.023 | T* 0.372 тв.доля 0.18 | ζ 0.8700249711934049 нет ITS [162.5  72.7  40.8  30. ] | закалка: рекордов 4 k_gs None φ_int [0.   0.03 0.98] [5050s]
ρ=10.778: E_gs -39.228 (ico да) | Tf 0.32087958333333333 Tm 0.29474541666666665 W -0.026 | T* 0.308 тв.доля 0.91 | ζ 0.91913531020807 нет ITS [60.9 24.9 16.5 13.3] | закалка: рекордов 6 k_gs None φ_int [0.   0.75 0.   0.  ] [5253s]
ρ=11.000: E_gs -39.102 (ico да) | Tf 0.3323379166666667 Tm 0.37220374999999994 W 0.04 | T* 0.352 тв.доля 0.27 | ζ 0.8107796409637142 нет ITS [135.7  62.4  36.9  22.8] | закалка: рекордов 5 k_gs 4 φ_int [0.05 0.   0.99] [5396s]
ρ=11.222: E_gs -38.975 (ico да) | Tf 0.32317125 Tm 0.35707874999999994 W 0.034 | T* 0.340 тв.доля 0.43 | ζ 1.273138845980272 нет ITS [227.7  68.7  38.2  28. ] | закалка: рекордов 3 k_gs None φ_int [0.] [5591s]
ρ=11.444: E_gs -38.847 (ico да) | Tf 0.36121291666666666 Tm 0.3263704166666666 W -0.035 | T* 0.344 тв.доля 0.33 | ζ 0.9769299749746008 нет ITS [138.   48.3  43.1  25.6] | закалка: рекордов 7 k_gs None φ_int [0.29 0.09 0.   0.  ] [5757s]
ρ=11.667: E_gs -38.716 (ico да) | Tf 0.3002545833333333 Tm 0.34607875 W 0.046 | T* 0.323 тв.доля 0.49 | ζ 0.7691391634808868 нет ITS [123.4  50.8  40.3  27.2] | закалка: рекордов 4 k_gs None φ_int [0. 0.] [6004s]
ρ=11.889: E_gs -38.585 (ico да) | Tf 0.30621291666666667 Tm 0.33507875 W 0.029 | T* 0.321 тв.доля 0.76 | ζ 0.8352144650008144 нет ITS [183.9  77.8  51.2  28.2] | закалка: рекордов 4 k_gs None φ_int [0. 0. 0.] [6133s]
ρ=12.111: E_gs -38.452 (ico да) | Tf 0.32637958333333333 Tm 0.3369120833333333 W 0.011 | T* 0.332 тв.доля 0.42 | ζ 1.0720015074197446 нет ITS [257.6  78.7  54.7  41.2] | закалка: рекордов 7 k_gs None φ_int [0.  0.5 0. ] [6269s]
ρ=12.333: E_gs -38.318 (ico да) | Tf 0.31767125 Tm 0.3080370833333333 W -0.01 | T* 0.313 тв.доля 0.76 | ζ 1.3547911895990519 нет ITS [499.7  72.7  50.4  31.9] | закалка: рекордов 8 k_gs None φ_int [0.   0.67 0.   0.   0.91 0.  ] [6446s]
ρ=12.556: E_gs -38.181 (ico да) | Tf 0.3130879166666667 Tm 0.28603708333333333 W -0.027 | T* 0.300 тв.доля 0.83 | ζ 1.0284231993165642 нет ITS [95.3 33.7 20.7 14.3] | закалка: рекордов 4 k_gs None φ_int [0. 0.] [6657s]
ρ=12.778: E_gs -38.044 (ico да) | Tf 0.28054625 Tm 0.31399541666666664 W 0.033 | T* 0.297 тв.доля 0.95 | ζ 1.1478782987524951 нет ITS [67.9 27.  13.3 10.8] | закалка: рекордов 5 k_gs None φ_int [0.14 0.  ] [6820s]
ρ=13.000: E_gs -37.905 (ico да) | Tf 0.3401295833333333 Tm 0.2970370833333333 W -0.043 | T* 0.319 тв.доля 0.71 | ζ 0.6964089569108576 нет ITS [81.7 44.6 28.1 17.4] | закалка: рекордов 4 k_gs None φ_int [0. 0. 0.] [6930s]
ρ=13.222: E_gs -37.764 (ico да) | Tf 0.32592125 Tm 0.3314120833333333 W 0.005 | T* 0.329 тв.доля 0.38 | ζ 1.2233179516682138 нет ITS [136.8  46.9  25.7  19.8] | закалка: рекордов 4 k_gs None φ_int [0.] [7074s]
ρ=13.444: E_gs -37.622 (ico да) | Tf 0.29842125 Tm 0.3332454166666666 W 0.035 | T* 0.316 тв.доля 0.60 | ζ 1.2769338305832225 нет ITS [117.9  35.   19.4  17.7] | закалка: рекордов 5 k_gs None φ_int [0.   0.   0.99] [7227s]
ρ=13.667: E_gs -37.477 (ico да) | Tf 0.28879625 Tm 0.3314120833333333 W 0.043 | T* 0.310 тв.доля 0.61 | ζ 0.7696057024657225 нет ITS [134.8  53.9  46.1  25.6] | закалка: рекордов 5 k_gs None φ_int [0. 0. 0.] [7398s]
ρ=13.889: E_gs -37.332 (ico да) | Tf 0.30483791666666665 Tm 0.34470375 W 0.04 | T* 0.325 тв.доля 0.38 | ζ 0.7523010010533164 нет ITS [97.2 46.1 28.4 20.8] | закалка: рекордов 10 k_gs None φ_int [0.5  0.   0.   0.5  0.   0.   0.   0.75 0.  ] [7538s]
готово 7538.313026428223
