ctrl_tel40_s0_tau1 τ'=1          n=  7997 k=30 τ=1 | ITS [65.3  2.9  2.9  2.8  2.7] | z [3.1  0.05 0.1  0.13] | ζ 4.79 [[3.57 6.22]] P_L 0.98 → уровень
      → None (ζ None, τ=None) → выброс [0s]
ctrl_tel40_s0_tau4 τ'=4          n=  7997 k=30 τ=4 | ITS [26.7  1.7  1.5  1.5  1.5] | z None | ζ None [None] P_L 0.00 → отказ:не разрешён
      → None (ζ None, τ=None) → отказ [0s]
ctrl_hier2_320_s0_tau1 τ'=1      n=  7997 k=30 τ=1 | ITS [231.7  44.4  38.4  10.1   8.7] | z [1.65 0.29 4.   0.6 ] | ζ 1.02 [[0.84 1.22]] P_L 0.00 → нет
      → None (ζ None, τ=None) → иерархия [1s]
ctrl_hier2_320_s0_tau4 τ'=4      n=  7997 k=30 τ=4 | ITS [165.2  34.3  29.6   7.9   7.1] | z [1.57 0.29 3.96 0.45] | ζ 1.44 [[1.2  1.69]] P_L 0.00 → нет
      → None (ζ None, τ=None) → иерархия [1s]
ctrl_tel40_s1_tau1 τ'=1          n=  7997 k=30 τ=1 | ITS [71.6  3.   2.8  2.7  2.5] | z [3.19 0.1  0.17 0.22] | ζ 4.58 [[3.8  5.84]] P_L 1.00 → уровень
      → None (ζ None, τ=None) → выброс [1s]
ctrl_tel40_s1_tau4 τ'=4          n=  7997 k=30 τ=4 | ITS [29.5  1.6  1.6  1.5  1.5] | z None | ζ None [None] P_L 0.00 → отказ:не разрешён
      → None (ζ None, τ=None) → отказ [1s]
ctrl_hier2_320_s1_tau1 τ'=1      n=  7997 k=30 τ=1 | ITS [194.2  50.3  34.8  10.9   9. ] | z [1.35 0.74 3.48 0.77] | ζ 0.8 [[0.63 1.01]] P_L 0.00 → нет
      → None (ζ None, τ=None) → континуум [1s]
ctrl_hier2_320_s1_tau4 τ'=4      n=  7997 k=30 τ=4 | ITS [162.4  37.   35.1   7.1   7.1] | z [1.48 0.11 4.79 0.02] | ζ 1.18 [[0.99 1.4 ]] P_L 0.00 → нет
      → None (ζ None, τ=None) → иерархия [1s]
ctrl_tel40_s2_tau1 τ'=1          n=  7997 k=30 τ=1 | ITS [77.   3.1  2.8  2.7  2.6] | z [3.23 0.15 0.15 0.12] | ζ 4.65 [[3.73 6.01]] P_L 1.00 → уровень
      → None (ζ None, τ=None) → выброс [2s]
ctrl_tel40_s2_tau4 τ'=4          n=  7997 k=30 τ=4 | ITS [33.2  1.7  1.6  1.5  1.5] | z None | ζ None [None] P_L 0.00 → отказ:не разрешён
      → None (ζ None, τ=None) → отказ [2s]
ctrl_hier2_320_s2_tau1 τ'=1      n=  7997 k=30 τ=1 | ITS [264.3  53.   39.8   9.9   8.7] | z [1.61 0.57 4.17 0.51] | ζ 0.86 [[0.68 1.09]] P_L 0.00 → нет
      → None (ζ None, τ=None) → континуум [2s]
ctrl_hier2_320_s2_tau4 τ'=4      n=  7997 k=30 τ=4 | ITS [209.2  36.1  35.7   8.1   7.3] | z [1.76 0.02 4.45 0.44] | ζ 1.51 [[1.27 1.76]] P_L 0.00 → нет
      → None (ζ None, τ=None) → иерархия [2s]
ctrl_tel40_s3_tau1 τ'=1          n=  7997 k=30 τ=1 | ITS [78.1  2.9  2.8  2.6  2.5] | z [3.3  0.1  0.13 0.21] | ζ 4.94 [[4.09 6.68]] P_L 1.00 → уровень
      → None (ζ None, τ=None) → выброс [2s]
ctrl_tel40_s3_tau4 τ'=4          n=  7997 k=30 τ=4 | ITS [32.2  1.7  1.6  1.6  1.5] | z None | ζ None [None] P_L 0.00 → отказ:не разрешён
      → None (ζ None, τ=None) → отказ [3s]
ctrl_hier2_320_s3_tau1 τ'=1      n=  7997 k=30 τ=1 | ITS [254.5  46.5  37.6   9.8   9.6] | z [1.7  0.42 4.05 0.07] | ζ 0.98 [[0.83 1.24]] P_L 0.00 → нет
      → None (ζ None, τ=None) → иерархия [3s]
ctrl_hier2_320_s3_tau4 τ'=4      n=  7997 k=30 τ=4 | ITS [227.9  34.5  31.3   7.5   7.2] | z [1.89 0.19 4.29 0.16] | ζ 1.73 [[1.42 2.03]] P_L 0.00 → нет
      → None (ζ None, τ=None) → иерархия [3s]
ctrl_tel40_s4_tau1 τ'=1          n=  7997 k=30 τ=1 | ITS [68.5  3.   2.9  2.8  2.7] | z [3.14 0.08 0.05 0.16] | ζ 4.53 [[3.78 5.63]] P_L 1.00 → уровень
      → None (ζ None, τ=None) → выброс [3s]
ctrl_tel40_s4_tau4 τ'=4          n=  7997 k=30 τ=4 | ITS [28.1  1.7  1.6  1.6  1.5] | z None | ζ None [None] P_L 0.00 → отказ:не разрешён
      → None (ζ None, τ=None) → отказ [3s]
ctrl_hier2_320_s4_tau1 τ'=1      n=  7997 k=30 τ=1 | ITS [231.9  55.1  42.3   9.9   9.2] | z [1.44 0.53 4.35 0.32] | ζ 0.76 [[0.6  0.97]] P_L 0.00 → нет
      → None (ζ None, τ=None) → континуум [4s]
ctrl_hier2_320_s4_tau4 τ'=4      n=  7997 k=30 τ=4 | ITS [185.   38.3  33.9   8.1   7.6] | z [1.58 0.24 4.29 0.24] | ζ 1.31 [[1.09 1.51]] P_L 0.00 → нет
      → None (ζ None, τ=None) → иерархия [4s]
NGRIP_d18O_20yr_m4 τ'=4          n=  2997 k=30 τ=4 | ITS [410.4  25.9  14.4   8.4   7.8] | z [2.76 1.17 1.62 0.3 ] | ζ 2.28 [[1.29 3.93]] P_L 0.20 → отказ
      → иерархия (ζ 1.58, τ=1) → выброс [4s]
NGRIP_d18O_20yr_m1 τ'=4          n=  3000 k=30 τ=4 | ITS [201.1  13.9   7.9   4.5   3.2] | z [2.67 1.12 1.72] | ζ 1.89 [[1.48 2.46]] P_L 0.00 → нет
      → иерархия (ζ 1.79, τ=1) → иерархия [4s]
EEG_A_Z_Z001 τ'=10               n=  4089 k=30 τ=10 | ITS [12.6 10.2  6.8  6.6  5.6] | z None | ζ None [None] P_L 0.00 → отказ:не разрешён
      → континуум (ζ 0.87, τ=2) → отказ [5s]
EEG_A_Z_Z005 τ'=10               n=  4089 k=30 τ=10 | ITS [19.   8.4  7.6  6.4  5.5] | z None | ζ None [None] P_L 0.00 → отказ:не разрешён
      → иерархия (ζ 1.17, τ=2) → отказ [5s]
EEG_A_Z_Z009 τ'=10               n=  4089 k=30 τ=10 | ITS [16.   8.5  7.7  6.4  5.8] | z None | ζ None [None] P_L 0.00 → отказ:не разрешён
      → континуум (ζ 0.78, τ=2) → отказ [5s]
EEG_A_Z_Z013 τ'=10               n=  4089 k=30 τ=10 | ITS [10.6  8.4  6.7  6.6  5.1] | z None | ζ None [None] P_L 0.00 → отказ:не разрешён
      → континуум (ζ 0.77, τ=2) → отказ [6s]
EEG_A_Z_Z017 τ'=10               n=  4089 k=30 τ=10 | ITS [13.7 11.3  7.9  6.2  6.1] | z None | ζ None [None] P_L 0.00 → отказ:не разрешён
      → континуум (ζ 0.64, τ=2) → отказ [6s]
EEG_B_O_O001 τ'=10               n=  4089 k=30 τ=10 | ITS [19.3 12.8 10.5  6.9  6.6] | z None | ζ None [None] P_L 0.00 → отказ:не разрешён
      → континуум (ζ 0.62, τ=2) → отказ [6s]
EEG_B_O_O005 τ'=10               n=  4089 k=30 τ=10 | ITS [15.4 11.3 10.5  7.8  7.5] | z None | ζ None [None] P_L 0.00 → отказ:не разрешён
      → континуум (ζ 0.51, τ=2) → отказ [6s]
EEG_B_O_O009 τ'=10               n=  4089 k=30 τ=10 | ITS [26.4 13.7 10.8 10.6  8.9] | z [0.66 0.47 0.06] | ζ 1.33 [[0.58 3.53]] P_L 0.08 → отказ
      → континуум (ζ 0.63, τ=2) → иерархия [6s]
EEG_B_O_O013 τ'=10               n=  4089 k=30 τ=10 | ITS [12.7  8.4  8.3  8.2  5.6] | z None | ζ None [None] P_L 0.00 → отказ:не разрешён
      → континуум (ζ 0.44, τ=2) → отказ [7s]
EEG_B_O_O017 τ'=10               n=  4089 k=30 τ=10 | ITS [17.1 12.  12.   6.2  6.1] | z None | ζ None [None] P_L 0.00 → отказ:не разрешён
      → континуум (ζ 0.5, τ=2) → отказ [7s]
EEG_C_N_N001 τ'=10               n=  4089 k=30 τ=10 | ITS [13.1 10.6 10.2  7.5  7.2] | z None | ζ 4.48 [[4.48 4.48]] P_L 1.00 → отказ:не разрешён
      → континуум (ζ 0.74, τ=2) → отказ [7s]
EEG_C_N_N005 τ'=10               n=  4089 k=30 τ=10 | ITS [17.5  7.3  6.   5.8  5.3] | z None | ζ None [None] P_L 0.00 → отказ:не разрешён
      → иерархия (ζ 1.01, τ=2) → отказ [7s]
EEG_C_N_N009 τ'=10               n=  4089 k=30 τ=10 | ITS [13.9 12.7  8.8  8.1  6.9] | z None | ζ None [None] P_L 0.00 → отказ:не разрешён
      → континуум (ζ 0.65, τ=2) → отказ [8s]
EEG_C_N_N013 τ'=10               n=  4089 k=30 τ=10 | ITS [24.8 13.4 10.   9.2  8.1] | z None | ζ 1.62 [[0.91 2.6 ]] P_L 0.01 → отказ:не разрешён
      → континуум (ζ 0.82, τ=2) → отказ [8s]
EEG_C_N_N017 τ'=10               n=  4089 k=30 τ=10 | ITS [16.3  9.6  7.1  6.5  6. ] | z None | ζ None [None] P_L 0.00 → отказ:не разрешён
      → континуум (ζ 0.78, τ=2) → отказ [8s]
EEG_D_F_F001 τ'=10               n=  4089 k=30 τ=10 | ITS [23.1 10.9  7.2  7.   6.5] | z None | ζ None [None] P_L 0.00 → отказ:не разрешён
      → иерархия (ζ 1.01, τ=2) → отказ [8s]
EEG_D_F_F005 τ'=10               n=  4089 k=30 τ=10 | ITS [14.6  9.9  8.   7.9  6.9] | z None | ζ None [None] P_L 0.00 → отказ:не разрешён
      → иерархия (ζ 1.01, τ=2) → отказ [9s]
EEG_D_F_F009 τ'=10               n=  4089 k=30 τ=10 | ITS [111.6  31.8  25.5  22.9  19.5] | z [1.26 0.44 0.32 0.64] | ζ 1.89 [[1.52 2.45]] P_L 0.00 → нет
      → иерархия (ζ 0.9, τ=2) → иерархия [9s]
EEG_D_F_F013 τ'=10               n=  4089 k=30 τ=10 | ITS [10.9 10.1  8.1  6.9  5.7] | z None | ζ None [None] P_L 0.00 → отказ:не разрешён
      → континуум (ζ 0.77, τ=2) → отказ [9s]
EEG_D_F_F017 τ'=10               n=  4089 k=30 τ=10 | ITS [19.9 10.5  7.9  6.8  6.1] | z None | ζ None [None] P_L 0.00 → отказ:не разрешён
      → континуум (ζ 0.89, τ=2) → отказ [9s]
EEG_E_S_S001 τ'=10               n=  4089 k=30 τ=10 | ITS [13.4 10.6  9.7  8.4  7.3] | z None | ζ None [None] P_L 0.00 → отказ:не разрешён
      → иерархия (ζ 1.18, τ=2) → отказ [10s]
EEG_E_S_S005 τ'=10               n=  4089 k=30 τ=10 | ITS [11.8  9.6  8.5  6.7  6.7] | z None | ζ None [None] P_L 0.00 → отказ:не разрешён
      → иерархия (ζ 1.13, τ=2) → отказ [10s]
EEG_E_S_S009 τ'=10               n=  4089 k=30 τ=10 | ITS [16.1 11.5 11.4  9.3  8.1] | z None | ζ 1.45 [[1.05 2.58]] P_L 0.04 → отказ:не разрешён
      → иерархия (ζ 0.9, τ=2) → отказ [10s]
EEG_E_S_S013 τ'=10               n=  4089 k=30 τ=10 | ITS [56.3 33.9 31.9 28.1 24.9] | z [0.51 0.12 0.38 0.48] | ζ 0.69 [[0.51 0.91]] P_L 0.00 → нет
      → иерархия (ζ 0.97, τ=2) → континуум [10s]
EEG_E_S_S017 τ'=10               n=  4089 k=30 τ=10 | ITS [14.1  9.1  8.8  6.6  6.5] | z None | ζ None [None] P_L 0.00 → отказ:не разрешён
      → континуум (ζ 0.88, τ=2) → отказ [10s]
plankton_Beninca_12sp τ'=4       n=   692 k=15 τ=4 | ITS [41.4 12.5 10.8  8.8  6.8] | z [1.2  0.29 0.62 1.04] | ζ 1.1 [[0.41 1.98]] P_L 0.00 → нет
      → континуум (ζ 0.51, τ=1) → иерархия [10s]
LR04_benthic_m4 τ'=4             n=  2111 k=30 τ=4 | ITS [55.4 22.4 11.1  6.1  3.5] | z [0.9  1.4  1.81] | ζ 0.6 [[0.37 0.94]] P_L 0.00 → нет
      → континуум (ζ 0.63, τ=1) → континуум [11s]
EPICA_deuterium_m4 τ'=4          n=  5782 k=30 τ=4 | ITS [215.6  61.2  35.9  18.8  13.3] | z [1.26 1.07 1.93 1.39] | ζ 0.77 [[0.5  1.08]] P_L 0.00 → нет
      → континуум (ζ 0.63, τ=1) → континуум [11s]
sunspots_monthly_m4 τ'=12        n=  3301 k=30 τ=12 | ITS [56.4 20.4 11.2  9.1  8.2] | z None | ζ None [None] P_L 0.00 → отказ:не разрешён
      → иерархия (ζ 1.13, τ=1) → отказ [11s]
measles_NY_weekly_m4 τ'=8        n=  3946 k=30 τ=8 | ITS [87.5 14.9 12.5  9.8  9.2] | z [1.77 0.35 0.73 0.24] | ζ 3.61 [[2.85 4.99]] P_L 0.90 → отказ
      → иерархия (ζ 0.95, τ=1) → выброс [12s]
COVID_Germany_daily_m4 τ'=4      n=  1139 k=15 τ=4 | ITS [28.9 24.4 22.6 15.7 10.7] | z [0.17 0.16 1.09 1.53] | ζ 0.22 [[0.04 0.68]] P_L 0.00 → нет
      → континуум (ζ 0.68, τ=1) → континуум [12s]
COVID_US_daily_m4 τ'=4           n=  1139 k=15 τ=4 | ITS [30.5 13.1  9.8  8.   7.3] | z [0.85 0.58 0.6  0.39] | ζ 0.81 [[0.12 2.32]] P_L 0.02 → нет
      → континуум (ζ 0.68, τ=1) → континуум [12s]
COVID_Italy_daily_m4 τ'=4        n=  1139 k=15 τ=4 | ITS [264.9 155.3  54.3  28.1  19.8] | z [0.53 2.1  1.98 1.39] | ζ 0.49 [[0.13 1.06]] P_L 0.00 → нет
      → континуум (ζ 0.84, τ=1) → континуум [12s]
thermoacoustic_1_m4 τ'=8         n=  4494 k=30 τ=8 | ITS [11.6  9.4  8.9  6.5  5.9] | z None | ζ None [None] P_L 0.00 → отказ:не разрешён
      → континуум (ζ 0.37, τ=2) → отказ [13s]
thermoacoustic_2_m4 τ'=8         n=  4494 k=30 τ=8 | ITS [9.3 8.9 8.6 7.2 7. ] | z None | ζ 0.27 [[0.1  0.93]] P_L 0.00 → отказ:не разрешён
      → континуум (ζ 0.68, τ=2) → отказ [13s]
thermoacoustic_3_m4 τ'=8         n=  4494 k=30 τ=8 | ITS [21.1 12.4 10.3  9.8  8.7] | z [0.53 0.37 0.18 0.47] | ζ 1.56 [[1.04 2.31]] P_L 0.01 → нет
      → континуум (ζ 0.55, τ=2) → иерархия [13s]

== ВЕРДИКТЫ ZETA-01b ==
K0 {"tel_tau4": ["отказ", "отказ", "отказ", "отказ", "отказ"], "tel_tau1": ["выброс", "выброс", "выброс", "выброс", "выброс"], "hier2_tau4": ["иерархия", "иерархия", "иерархия", "иерархия", "иерархия"], "hier2_tau1": ["иерархия", "континуум", "континуум", "иерархия", "континуум"], "ok": false}
PZ1 {"hier_eeg_old": 9, "hier_eeg_new": 2, "n": 25, "cont_new": 1, "refuse_new": 22, "H_ok": false}
PZ2 {"outliers_new": ["NGRIP_d18O_20yr_m4", "measles_NY_weekly_m4"], "n": 36}
PZ3 {"refusals": ["EEG_A_Z_Z001", "EEG_A_Z_Z005", "EEG_A_Z_Z009", "EEG_A_Z_Z013", "EEG_A_Z_Z017", "EEG_B_O_O001", "EEG_B_O_O005", "EEG_B_O_O013", "EEG_B_O_O017", "EEG_C_N_N001", "EEG_C_N_N005", "EEG_C_N_N009", "EEG_C_N_N013", "EEG_C_N_N017", "EEG_D_F_F001", "EEG_D_F_F005", "EEG_D_F_F013", "EEG_D_F_F017", "EEG_E_S_S001", "EEG_E_S_S005", "EEG_E_S_S009", "EEG_E_S_S017", "sunspots_monthly_m4", "thermoacoustic_1_m4", "thermoacoustic_2_m4"], "n": 36}
K1 {"hit": true}
K2 {"hit": true}
K3 {"hit": true}
raw {"NGRIP_d18O_20yr_m1": ["иерархия", "иерархия"], "plankton_Beninca_12sp": ["континуум", "иерархия"]}
  NGRIP_d18O_20yr_m4       иерархия → выброс  (ζ 1.58 → 2.28)
  EEG_A_Z_Z001             континуум → отказ  (ζ 0.87 → None)
  EEG_A_Z_Z005             иерархия → отказ  (ζ 1.17 → None)
  EEG_A_Z_Z009             континуум → отказ  (ζ 0.78 → None)
  EEG_A_Z_Z013             континуум → отказ  (ζ 0.77 → None)
  EEG_A_Z_Z017             континуум → отказ  (ζ 0.64 → None)
  EEG_B_O_O001             континуум → отказ  (ζ 0.62 → None)
  EEG_B_O_O005             континуум → отказ  (ζ 0.51 → None)
  EEG_B_O_O009             континуум → иерархия  (ζ 0.63 → 1.33)
  EEG_B_O_O013             континуум → отказ  (ζ 0.44 → None)
  EEG_B_O_O017             континуум → отказ  (ζ 0.5 → None)
  EEG_C_N_N001             континуум → отказ  (ζ 0.74 → 4.48)
  EEG_C_N_N005             иерархия → отказ  (ζ 1.01 → None)
  EEG_C_N_N009             континуум → отказ  (ζ 0.65 → None)
  EEG_C_N_N013             континуум → отказ  (ζ 0.82 → 1.62)
  EEG_C_N_N017             континуум → отказ  (ζ 0.78 → None)
  EEG_D_F_F001             иерархия → отказ  (ζ 1.01 → None)
  EEG_D_F_F005             иерархия → отказ  (ζ 1.01 → None)
  EEG_D_F_F009             иерархия → иерархия  (ζ 0.9 → 1.89)
  EEG_D_F_F013             континуум → отказ  (ζ 0.77 → None)
  EEG_D_F_F017             континуум → отказ  (ζ 0.89 → None)
  EEG_E_S_S001             иерархия → отказ  (ζ 1.18 → None)
  EEG_E_S_S005             иерархия → отказ  (ζ 1.13 → None)
  EEG_E_S_S009             иерархия → отказ  (ζ 0.9 → 1.45)
  EEG_E_S_S013             иерархия → континуум  (ζ 0.97 → 0.69)
  EEG_E_S_S017             континуум → отказ  (ζ 0.88 → None)
  LR04_benthic_m4          континуум → континуум  (ζ 0.63 → 0.6)
  EPICA_deuterium_m4       континуум → континуум  (ζ 0.63 → 0.77)
  sunspots_monthly_m4      иерархия → отказ  (ζ 1.13 → None)
  measles_NY_weekly_m4     иерархия → выброс  (ζ 0.95 → 3.61)
  COVID_Germany_daily_m4   континуум → континуум  (ζ 0.68 → 0.22)
  COVID_US_daily_m4        континуум → континуум  (ζ 0.68 → 0.81)
  COVID_Italy_daily_m4     континуум → континуум  (ζ 0.84 → 0.49)
  thermoacoustic_1_m4      континуум → отказ  (ζ 0.37 → None)
  thermoacoustic_2_m4      континуум → отказ  (ζ 0.68 → 0.27)
  thermoacoustic_3_m4      континуум → иерархия  (ζ 0.55 → 1.56)
