NGRIP_d18O_20yr_m4         n=  2997 k=30 τ=1 | ITS [255.1  24.8  11.2   6.8   5.4] | z [2.33 1.58 1.5  0.92] | ζ 1.5801924119627033 [[0.91 2.25]] P_L 0.00 → нет [0s]
NGRIP_d18O_20yr_m1         n=  3000 k=30 τ=1 | ITS [81.6  6.   2.7  1.6  1. ] | z [2.62 1.6  1.62 1.63] | ζ 1.7890137906971746 [[1.34 2.31]] P_L 0.00 → нет [0s]
EEG_A_Z_Z001               n=  4089 k=30 τ=2 | ITS [19.7  9.6  7.   5.5  4.2] | z [0.72 0.63 0.72 1.05] | ζ 0.8652057095350024 [[0.29 1.21]] P_L 0.00 → нет [1s]
EEG_A_Z_Z005               n=  4089 k=30 τ=2 | ITS [19.7  8.4  5.   4.   3.6] | z [0.85 1.03 0.69 0.47] | ζ 1.1664886532887948 [[0.93 1.39]] P_L 0.00 → нет [1s]
EEG_A_Z_Z009               n=  4089 k=30 τ=2 | ITS [31.8 13.6  9.   6.4  4.7] | z [0.85 0.84 1.01 1.2 ] | ζ 0.783438778482987 [[0.59 1.01]] P_L 0.00 → нет [1s]
EEG_A_Z_Z013               n=  4089 k=30 τ=2 | ITS [25.3 12.1  7.   5.1  4.8] | z [0.73 1.11 0.91 0.3 ] | ζ 0.7681881903163978 [[0.62 0.91]] P_L 0.00 → нет [1s]
EEG_A_Z_Z017               n=  4089 k=30 τ=2 | ITS [24.8 14.5  8.4  5.8  4.7] | z [0.53 1.09 1.11 0.85] | ζ 0.6431975776401886 [[0.34 0.98]] P_L 0.00 → нет [1s]
EEG_B_O_O001               n=  4089 k=30 τ=2 | ITS [20.1 13.9  8.5  5.3  4.1] | z [0.37 0.98 1.41 0.99] | ζ 0.6230438793788435 [[0.3  1.04]] P_L 0.00 → нет [1s]
EEG_B_O_O005               n=  4089 k=30 τ=2 | ITS [11.4  8.2  6.1  4.3  4. ] | z [0.33 0.57 1.05 0.28] | ζ 0.5128245837709513 [[0.17 1.49]] P_L 0.00 → нет [2s]
EEG_B_O_O009               n=  4089 k=30 τ=2 | ITS [25.5 13.9  8.6  6.9  6. ] | z [0.61 0.96 0.67 0.55] | ζ 0.6311873075071357 [[0.41 0.92]] P_L 0.00 → нет [2s]
EEG_B_O_O013               n=  4089 k=30 τ=2 | ITS [8.4 6.8 4.3 3.9 2.9] | z [0.2  0.91 0.3  1.22] | ζ 0.4409291038927723 [[0.22 0.66]] P_L 0.00 → нет [2s]
EEG_B_O_O017               n=  4089 k=30 τ=2 | ITS [8.3 6.2 4.5 4.2 3.5] | z [0.3  0.64 0.16 0.72] | ζ 0.4991376895567996 [[0.3  0.74]] P_L 0.00 → нет [2s]
EEG_C_N_N001               n=  4089 k=30 τ=2 | ITS [38.6 18.6 12.8  9.3  7.6] | z [0.73 0.76 0.96 0.79] | ζ 0.7358575337407083 [[0.27 1.13]] P_L 0.00 → нет [2s]
EEG_C_N_N005               n=  4089 k=30 τ=2 | ITS [27.7 11.4  6.8  4.9  4.3] | z [0.89 1.02 1.03 0.44] | ζ 1.0088512255958872 [[0.55 1.3 ]] P_L 0.00 → нет [2s]
EEG_C_N_N009               n=  4089 k=30 τ=2 | ITS [34.1 18.1 11.5  7.1  6.1] | z [0.63 0.91 1.44 0.63] | ζ 0.6525719800286496 [[0.5  0.83]] P_L 0.00 → нет [3s]
EEG_C_N_N013               n=  4089 k=30 τ=2 | ITS [55.4 23.1 15.9 10.8  8.2] | z [0.88 0.75 1.15 1.12] | ζ 0.8208462976239377 [[0.41 1.09]] P_L 0.00 → нет [3s]
EEG_C_N_N017               n=  4089 k=30 τ=2 | ITS [25.7 13.   7.8  5.8  4.9] | z [0.68 1.03 0.9  0.65] | ζ 0.7752983632083612 [[0.57 0.98]] P_L 0.00 → нет [3s]
EEG_D_F_F001               n=  4089 k=30 τ=2 | ITS [48.  18.3 10.   7.5  5.9] | z [0.97 1.2  0.88 0.92] | ζ 1.009205991650238 [[0.8  1.25]] P_L 0.00 → нет [3s]
EEG_D_F_F005               n=  4089 k=30 τ=2 | ITS [31.2 13.3  9.5  6.8  5.9] | z [0.85 0.67 1.01 0.55] | ζ 1.0091262350186687 [[0.79 1.27]] P_L 0.00 → нет [3s]
EEG_D_F_F009               n=  4089 k=30 τ=2 | ITS [182.9  60.4  34.1  26.8  14. ] | z [1.11 1.14 0.73 2.59] | ζ 0.9002144830103185 [[0.69 1.18]] P_L 0.00 → нет [3s]
EEG_D_F_F013               n=  4089 k=30 τ=2 | ITS [25.2 12.7  7.1  6.8  5.3] | z [0.68 1.16 0.14 0.97] | ζ 0.7653370924517984 [[0.6  0.95]] P_L 0.00 → нет [3s]
EEG_D_F_F017               n=  4089 k=30 τ=2 | ITS [24.1 11.   8.4  7.2  5.3] | z [0.79 0.54 0.46 1.18] | ζ 0.8943616699964507 [[0.69 1.09]] P_L 0.00 → нет [4s]
EEG_E_S_S001               n=  4089 k=30 τ=2 | ITS [21.3  9.3  6.5  4.9  4.5] | z [0.83 0.72 0.83 0.32] | ζ 1.1789544550062885 [[0.99 1.43]] P_L 0.00 → нет [4s]
EEG_E_S_S005               n=  4089 k=30 τ=2 | ITS [25.9 11.5  7.3  6.1  4.5] | z [0.81 0.92 0.53 1.25] | ζ 1.1271595282589084 [[0.89 1.4 ]] P_L 0.00 → нет [4s]
EEG_E_S_S009               n=  4089 k=30 τ=2 | ITS [15.4  8.3  6.7  5.   3.8] | z [0.62 0.42 0.88 1.16] | ζ 0.9002257597522132 [[0.69 1.12]] P_L 0.00 → нет [4s]
EEG_E_S_S013               n=  4089 k=30 τ=2 | ITS [19.5  9.4  8.8  7.8  5.9] | z [0.74 0.13 0.37 1.1 ] | ζ 0.9693598435370036 [[0.76 1.24]] P_L 0.00 → нет [4s]
EEG_E_S_S017               n=  4089 k=30 τ=2 | ITS [17.6  9.1  6.4  4.8  4. ] | z [0.66 0.7  0.87 0.73] | ζ 0.8780392226837608 [[0.69 1.1 ]] P_L 0.00 → нет [4s]
plankton_Beninca_12sp      n=   692 k=30 τ=1 | ITS [20.  16.7 13.1 11.2  6.9] | z [0.18 0.48 0.48 1.92] | ζ 0.5050580860913945 [[0.11 2.05]] P_L 0.02 → нет [5s]
LR04_benthic_m4            n=  2111 k=30 τ=1 | ITS [72.2 31.8 13.2  8.5  5.5] | z [0.82 1.76 1.31 1.73] | ζ 0.6313733641219976 [[0.39 1.02]] P_L 0.00 → нет [5s]
EPICA ошибка setting an array element with a sequence. The requested array has an inhomogeneous shape after 1 dimensions. The detected shape was (5808,) + inhomogeneous part.
sunspots_monthly_m4        n=  3301 k=30 τ=1 | ITS [32.1  9.7  4.1  2.5  1.9] | z [1.19 1.74 1.41 1.13] | ζ 1.1322616169825803 [[0.91 1.38]] P_L 0.00 → нет [5s]
measles_NY_weekly_m4       n=  3946 k=30 τ=1 | ITS [75.9 23.6 10.4  6.9  5. ] | z [1.17 1.64 1.24 1.28] | ζ 0.9542912918930992 [[0.74 1.22]] P_L 0.00 → нет [5s]
faithful_eruptions_m2      n=   271 k=8 τ=1 | ITS [3.3 1.  0.8 0.5 0.4] | z None | ζ None [None] P_L 0.00 → отказ:не разрешён [6s]
COVID_Germany_daily_m4     n=  1139 k=30 τ=1 | ITS [33.7 14.  10.   8.4  6. ] | z [0.88 0.67 0.52 1.35] | ζ 0.6798402045130524 [[0.12 1.53]] P_L 0.00 → нет [6s]
COVID_US_daily_m4          n=  1139 k=30 τ=1 | ITS [28.6 12.5  6.5  5.7  3.8] | z [0.83 1.3  0.41 1.6 ] | ζ 0.6828305346416486 [[0.   2.24]] P_L 0.01 → нет [6s]
COVID_Italy_daily_m4       n=  1139 k=30 τ=1 | ITS [474.  159.2  53.4  23.3  17.3] | z [1.09 2.18 2.49 1.2 ] | ζ 0.8357452251307 [[0.25 1.85]] P_L 0.00 → нет [6s]
термоакустика колонки: ['Time (s)', 'Pressure (kPa)', 'tsid', 'transition time (s)'] 85500
thermoacoustic_1_m4        n=  4494 k=30 τ=2 | ITS [] | z None | ζ None [None] P_L 0.00 → отказ:не разрешён [7s]
thermoacoustic_2_m4        n=  4494 k=30 τ=2 | ITS [] | z None | ζ None [None] P_L 0.00 → отказ:не разрешён [7s]
thermoacoustic_3_m4        n=  4494 k=30 τ=2 | ITS [] | z None | ζ None [None] P_L 0.00 → отказ:не разрешён [7s]
готово 6.652048110961914
