greedy [88, 114, 118, 109, 39, 16, 31, 153]
g0_0@10 [-26, -44, -12, -17, -25, -44, -32, -31]
g0_1@10 [-26, -44, -12, -17, -25, -44, -32, -31]
g0_2@10 [-26, -44, -12, -17, -25, -44, -32, -31]
g0_3@10 [-26, -44, -12, -17, -25, -44, -32, -31]
g0_4@10 [-26, -44, -12, -17, -25, -44, -32, -31]
g0_5@10 [-26, -44, -12, -17, -25, -44, -32, -31]
g0_6@10 [-26, -44, -12, -17, -25, -44, -32, -31]
g0_7@10 [-26, -44, -12, -17, -25, -44, -32, -31]
g0_8@10 [-26, -44, -12, -17, -25, -44, -32, -31]
g0_9@10 [-26, -44, -12, -17, -25, -44, -32, -31]
g0_10@10 [-26, -44, -12, -17, -25, -44, -32, -31]
g0_11@10 [-26, -44, -12, -17, -25, -44, -32, -31]
g0_0@2 [-26, -44, -12, -17, -25, -44, -32, -31]
g0_1@2 [-26, -44, -12, -17, -25, -44, -32, -31]
g0_2@2 [-26, -44, -12, -17, -25, -44, -32, -31]
g0_3@2 [-26, -44, -12, -17, -25, -44, -32, -31]
g0_4@2 [-26, -44, -12, -17, -25, -44, -32, -31]
g0_5@2 [-26, -44, -12, -17, -25, -44, -32, -31]
g0_6@2 [-26, -44, -12, -17, -25, -44, -32, -31]
g0_7@2 [-26, -44, -12, -17, -25, -44, -32, -31]
g0_8@2 [None, -44, -12, -17, -25, -44, -32, -31]
g0_9@2 [-26, -44, -12, -17, -25, -44, -32, -31]
g0_10@2 [-26, -44, -12, -17, -25, -44, -32, -31]
g0_11@2 [None, -44, None, None, -25, None, None, None]
ref [[48266, 48300.0, False], [52393, 52445.0, False], [47282, 47296.0, False], [46137, 46157.0, False], [83821, 83854.0, False], [81912, 81957.0, False], [89488, 89522.0, False], [81368, 81401.0, False]]
