S1 11 {'FULL': ('порядок', 6, 6), 'FED-4': ('порядок', 6, 6), 'FED-40': ('порядок', 6, 6), 'FED-200': ('порядок', 6, 6), 'LIFE-1': ('порядок', 6, 6)}
S1 12 {'FULL': ('порядок', 6, 6), 'FED-4': ('порядок', 6, 6), 'FED-40': ('порядок', 6, 6), 'FED-200': ('порядок', 6, 6), 'LIFE-1': ('порядок', 6, 6)}
S1 13 {'FULL': ('порядок', 6, 6), 'FED-4': ('порядок', 6, 6), 'FED-40': ('порядок', 6, 6), 'FED-200': ('порядок', 6, 6), 'LIFE-1': ('порядок', 6, 6)}
S1 14 {'FULL': ('порядок', 6, 6), 'FED-4': ('порядок', 6, 6), 'FED-40': ('порядок', 6, 6), 'FED-200': ('порядок', 6, 7), 'LIFE-1': ('порядок', 6, 6)}
S1 15 {'FULL': ('порядок', 6, 6), 'FED-4': ('порядок', 6, 6), 'FED-40': ('порядок', 6, 6), 'FED-200': ('край', 6, 8), 'LIFE-1': ('порядок', 6, 6)}
S1 16 {'FULL': ('порядок', 6, 6), 'FED-4': ('порядок', 6, 6), 'FED-40': ('порядок', 6, 6), 'FED-200': ('порядок', 6, 6), 'LIFE-1': ('порядок', 6, 6)}
S1 17 {'FULL': ('порядок', 6, 6), 'FED-4': ('порядок', 6, 6), 'FED-40': ('порядок', 6, 6), 'FED-200': ('порядок', 6, 6), 'LIFE-1': ('порядок', 6, 6)}
S1 18 {'FULL': ('порядок', 6, 6), 'FED-4': ('порядок', 6, 6), 'FED-40': ('порядок', 6, 6), 'FED-200': ('порядок', 6, 6), 'LIFE-1': ('порядок', 6, 6)}
S1 19 {'FULL': ('порядок', 6, 6), 'FED-4': ('порядок', 6, 6), 'FED-40': ('порядок', 6, 6), 'FED-200': ('порядок', 6, 6), 'LIFE-1': ('порядок', 6, 6)}
S1 20 {'FULL': ('порядок', 6, 6), 'FED-4': ('порядок', 6, 6), 'FED-40': ('порядок', 6, 6), 'FED-200': ('порядок', 6, 7), 'LIFE-1': ('порядок', 6, 6)}
S2 11 {'FULL': ('порядок', 3, 3), 'FED-4': ('порядок', 3, 3), 'FED-40': ('порядок', 3, 3), 'FED-200': ('порядок', 3, 3), 'LIFE-1': ('хаос', 0, 0)}
S2 12 {'FULL': ('порядок', 3, 3), 'FED-4': ('порядок', 3, 3), 'FED-40': ('порядок', 3, 3), 'FED-200': ('порядок', 3, 3), 'LIFE-1': ('хаос', 0, 0)}
S2 13 {'FULL': ('порядок', 3, 3), 'FED-4': ('порядок', 3, 3), 'FED-40': ('порядок', 3, 3), 'FED-200': ('порядок', 3, 3), 'LIFE-1': ('хаос', 0, 0)}
S2 14 {'FULL': ('порядок', 3, 3), 'FED-4': ('порядок', 3, 3), 'FED-40': ('порядок', 3, 3), 'FED-200': ('порядок', 3, 3), 'LIFE-1': ('хаос', 0, 0)}
S2 15 {'FULL': ('порядок', 3, 3), 'FED-4': ('порядок', 3, 3), 'FED-40': ('порядок', 3, 3), 'FED-200': ('порядок', 3, 3), 'LIFE-1': ('хаос', 0, 0)}
S2 16 {'FULL': ('порядок', 3, 3), 'FED-4': ('порядок', 3, 3), 'FED-40': ('порядок', 3, 3), 'FED-200': ('порядок', 3, 3), 'LIFE-1': ('хаос', 0, 0)}
S2 17 {'FULL': ('порядок', 3, 3), 'FED-4': ('порядок', 3, 3), 'FED-40': ('порядок', 3, 3), 'FED-200': ('порядок', 3, 4), 'LIFE-1': ('хаос', 0, 0)}
S2 18 {'FULL': ('порядок', 3, 3), 'FED-4': ('порядок', 3, 3), 'FED-40': ('порядок', 3, 3), 'FED-200': ('порядок', 3, 3), 'LIFE-1': ('хаос', 0, 0)}
S2 19 {'FULL': ('порядок', 3, 3), 'FED-4': ('порядок', 3, 3), 'FED-40': ('порядок', 3, 3), 'FED-200': ('порядок', 3, 3), 'LIFE-1': ('хаос', 0, 0)}
S2 20 {'FULL': ('порядок', 3, 3), 'FED-4': ('порядок', 3, 3), 'FED-40': ('порядок', 3, 3), 'FED-200': ('порядок', 3, 3), 'LIFE-1': ('хаос', 0, 0)}
S3 11 {'FULL': ('край', 15, 31), 'FED-4': ('край', 15, 31), 'FED-40': ('край', 15, 31), 'FED-200': ('край', 15, 34), 'LIFE-1': ('хаос', 0, 0)}
S3 12 {'FULL': ('край', 15, 32), 'FED-4': ('край', 15, 33), 'FED-40': ('край', 15, 33), 'FED-200': ('край', 15, 33), 'LIFE-1': ('хаос', 0, 0)}
S3 13 {'FULL': ('край', 15, 32), 'FED-4': ('край', 15, 32), 'FED-40': ('край', 15, 31), 'FED-200': ('край', 15, 33), 'LIFE-1': ('хаос', 0, 0)}
S3 14 {'FULL': ('край', 15, 32), 'FED-4': ('край', 15, 33), 'FED-40': ('край', 15, 33), 'FED-200': ('край', 15, 34), 'LIFE-1': ('хаос', 0, 0)}
S3 15 {'FULL': ('край', 15, 32), 'FED-4': ('край', 15, 33), 'FED-40': ('край', 15, 33), 'FED-200': ('край', 15, 33), 'LIFE-1': ('хаос', 0, 0)}
S3 16 {'FULL': ('край', 15, 31), 'FED-4': ('край', 15, 31), 'FED-40': ('край', 15, 31), 'FED-200': ('край', 15, 31), 'LIFE-1': ('хаос', 0, 0)}
S3 17 {'FULL': ('край', 15, 32), 'FED-4': ('край', 15, 33), 'FED-40': ('край', 15, 33), 'FED-200': ('край', 15, 37), 'LIFE-1': ('хаос', 0, 0)}
S3 18 {'FULL': ('край', 15, 31), 'FED-4': ('край', 15, 31), 'FED-40': ('край', 15, 32), 'FED-200': ('край', 15, 33), 'LIFE-1': ('хаос', 0, 0)}
S3 19 {'FULL': ('край', 15, 31), 'FED-4': ('край', 15, 31), 'FED-40': ('край', 15, 31), 'FED-200': ('край', 15, 34), 'LIFE-1': ('хаос', 0, 0)}
S3 20 {'FULL': ('край', 15, 31), 'FED-4': ('край', 15, 31), 'FED-40': ('край', 15, 31), 'FED-200': ('край', 15, 31), 'LIFE-1': ('хаос', 0, 0)}
S4 11 {'FULL': ('хаос', 0, 0), 'FED-4': ('хаос', 0, 0), 'FED-40': ('хаос', 0, 0), 'FED-200': ('порядок', 3, 1), 'LIFE-1': ('хаос', 0, 0)}
S4 12 {'FULL': ('хаос', 0, 0), 'FED-4': ('хаос', 0, 0), 'FED-40': ('хаос', 0, 0), 'FED-200': ('порядок', 1, 2), 'LIFE-1': ('хаос', 0, 0)}
S4 13 {'FULL': ('хаос', 0, 1), 'FED-4': ('хаос', 0, 1), 'FED-40': ('хаос', 0, 1), 'FED-200': ('порядок', 1, 1), 'LIFE-1': ('хаос', 0, 0)}
S4 14 {'FULL': ('хаос', 0, 0), 'FED-4': ('хаос', 0, 0), 'FED-40': ('хаос', 0, 0), 'FED-200': ('порядок', 2, 0), 'LIFE-1': ('хаос', 0, 0)}
S4 15 {'FULL': ('порядок', 1, 1), 'FED-4': ('порядок', 1, 1), 'FED-40': ('порядок', 1, 1), 'FED-200': ('порядок', 2, 3), 'LIFE-1': ('хаос', 0, 0)}
S4 16 {'FULL': ('хаос', 0, 0), 'FED-4': ('хаос', 0, 0), 'FED-40': ('хаос', 0, 0), 'FED-200': ('порядок', 1, 0), 'LIFE-1': ('хаос', 0, 0)}
S4 17 {'FULL': ('хаос', 0, 0), 'FED-4': ('хаос', 0, 0), 'FED-40': ('хаос', 0, 0), 'FED-200': ('хаос', 0, 1), 'LIFE-1': ('хаос', 0, 0)}
S4 18 {'FULL': ('хаос', 0, 0), 'FED-4': ('хаос', 0, 0), 'FED-40': ('хаос', 0, 0), 'FED-200': ('хаос', 0, 1), 'LIFE-1': ('хаос', 0, 0)}
S4 19 {'FULL': ('хаос', 0, 0), 'FED-4': ('хаос', 0, 0), 'FED-40': ('хаос', 0, 0), 'FED-200': ('хаос', 0, 2), 'LIFE-1': ('хаос', 0, 0)}
S4 20 {'FULL': ('хаос', 0, 1), 'FED-4': ('хаос', 0, 1), 'FED-40': ('хаос', 0, 1), 'FED-200': ('порядок', 1, 1), 'LIFE-1': ('хаос', 0, 0)}
S5 11 {'FULL': ('хаос', 0, 0), 'FED-4': ('хаос', 0, 0), 'FED-40': ('хаос', 0, 0), 'FED-200': ('хаос', 0, 4), 'LIFE-1': ('хаос', 0, 0)}
S5 12 {'FULL': ('хаос', 0, 0), 'FED-4': ('хаос', 0, 0), 'FED-40': ('хаос', 0, 0), 'FED-200': ('хаос', 0, 1), 'LIFE-1': ('хаос', 0, 0)}
S5 13 {'FULL': ('хаос', 0, 0), 'FED-4': ('хаос', 0, 0), 'FED-40': ('хаос', 0, 0), 'FED-200': ('хаос', 0, 0), 'LIFE-1': ('хаос', 0, 0)}
S5 14 {'FULL': ('хаос', 0, 0), 'FED-4': ('хаос', 0, 0), 'FED-40': ('хаос', 0, 0), 'FED-200': ('порядок', 1, 0), 'LIFE-1': ('хаос', 0, 0)}
S5 15 {'FULL': ('хаос', 0, 0), 'FED-4': ('хаос', 0, 0), 'FED-40': ('хаос', 0, 0), 'FED-200': ('хаос', 0, 1), 'LIFE-1': ('хаос', 0, 0)}
S5 16 {'FULL': ('хаос', 0, 0), 'FED-4': ('хаос', 0, 0), 'FED-40': ('хаос', 0, 0), 'FED-200': ('порядок', 1, 2), 'LIFE-1': ('хаос', 0, 0)}
S5 17 {'FULL': ('хаос', 0, 0), 'FED-4': ('хаос', 0, 0), 'FED-40': ('хаос', 0, 0), 'FED-200': ('порядок', 1, 0), 'LIFE-1': ('хаос', 0, 0)}
S5 18 {'FULL': ('хаос', 0, 0), 'FED-4': ('хаос', 0, 0), 'FED-40': ('хаос', 0, 0), 'FED-200': ('хаос', 0, 0), 'LIFE-1': ('хаос', 0, 0)}
S5 19 {'FULL': ('хаос', 0, 0), 'FED-4': ('хаос', 0, 0), 'FED-40': ('хаос', 0, 0), 'FED-200': ('хаос', 0, 1), 'LIFE-1': ('хаос', 0, 0)}
S5 20 {'FULL': ('хаос', 0, 0), 'FED-4': ('хаос', 0, 0), 'FED-40': ('хаос', 0, 0), 'FED-200': ('порядок', 1, 1), 'LIFE-1': ('хаос', 0, 0)}
{
 "P0_max_dev": 2.178843216960047e-11,
 "P0_passed": true,
 "agree_with_FULL": {
  "FULL": 50,
  "FED-4": 50,
  "FED-40": 50,
  "FED-200": 39,
  "LIFE-1": 29
 },
 "correct_vs_truth": {
  "FULL": 49,
  "FED-4": 49,
  "FED-40": 49,
  "FED-200": 38,
  "LIFE-1": 30
 },
 "correct_by_system": {
  "FULL": {
   "S1": 10,
   "S2": 10,
   "S3": 10,
   "S4": 9,
   "S5": 10
  },
  "FED-4": {
   "S1": 10,
   "S2": 10,
   "S3": 10,
   "S4": 9,
   "S5": 10
  },
  "FED-40": {
   "S1": 10,
   "S2": 10,
   "S3": 10,
   "S4": 9,
   "S5": 10
  },
  "FED-200": {
   "S1": 9,
   "S2": 10,
   "S3": 10,
   "S4": 3,
   "S5": 6
  },
  "LIFE-1": {
   "S1": 10,
   "S2": 0,
   "S3": 0,
   "S4": 10,
   "S5": 10
  }
 },
 "P1": {
  "4": "✓",
  "40": "✓",
  "200": "разницы нет"
 },
 "P2": "подтверждено (одной жизни мало)",
 "LIFE1_verdicts": {
  "S1": [
   "порядок",
   "порядок",
   "порядок",
   "порядок",
   "порядок",
   "порядок",
   "порядок",
   "порядок",
   "порядок",
   "порядок"
  ],
  "S2": [
   "хаос",
   "хаос",
   "хаос",
   "хаос",
   "хаос",
   "хаос",
   "хаос",
   "хаос",
   "хаос",
   "хаос"
  ],
  "S3": [
   "хаос",
   "хаос",
   "хаос",
   "хаос",
   "хаос",
   "хаос",
   "хаос",
   "хаос",
   "хаос",
   "хаос"
  ],
  "S4": [
   "хаос",
   "хаос",
   "хаос",
   "хаос",
   "хаос",
   "хаос",
   "хаос",
   "хаос",
   "хаос",
   "хаос"
  ],
  "S5": [
   "хаос",
   "хаос",
   "хаос",
   "хаос",
   "хаос",
   "хаос",
   "хаос",
   "хаос",
   "хаос",
   "хаос"
  ]
 },
 "median_thr64": {
  "FULL": 0.21455000000000002,
  "FED-4": 0.2148,
  "FED-40": 0.2158,
  "FED-200": 0.19740000000000002,
  "LIFE-1": 0.2257
 }
}
