{
 "P1": {
  "wins": 23,
  "ties": 0,
  "losses": 37,
  "verdict": "опровергнуто",
  "median": -0.004407284768211924,
  "sign_p": 0.9740530520355393
 },
 "P2": {
  "wins": 24,
  "ties": 0,
  "losses": 36,
  "verdict": "опровергнуто",
  "median": -0.003966887417218526,
  "sign_p": 0.9537695094635381
 },
 "P3": {
  "wins": 29,
  "ties": 0,
  "losses": 31,
  "verdict": "опровергнуто",
  "median": -0.00035761589403973323,
  "sign_p": 0.6505582861899971
 },
 "P4_LIFE_vs_BASE": {
  "wins": 0,
  "ties": 0,
  "losses": 60,
  "verdict": "опровергнуто",
  "median": -0.16643708609271524,
  "sign_p": 1.0
 }
}
BASE {'T1': (0.08, 0.242, 0.312, 300.0), 'T2': (0.639, 0.867, 0.906, 300.0), 'T3': (0.203, 0.334, 0.438, 300.0)}
HGT {'T1': (0.012, 0.014, 0.062, 300.0), 'T2': (0.702, 0.996, 1.0, 300.0), 'T3': (0.198, 0.227, 0.375, 300.0)}
LIFE {'T1': (0.003, 0.0, 0.0, 50.0), 'T2': (0.538, 0.571, 0.625, 50.0), 'T3': (0.025, 0.016, 0.062, 50.0)}
TWO {'T1': (0.012, 0.019, 0.062, 300.0), 'T2': (0.968, 1.0, 1.0, 300.0), 'T3': (0.193, 0.215, 0.438, 300.0)}
SPLIT {'T1': (0.045, 0.497, 0.406, 300.0), 'T2': (0.956, 1.0, 1.0, 300.0), 'T3': (0.205, 0.349, 0.438, 300.0)}
