T1 HGT 0 правда 0.012 оценщик 0.0 n 300 5.6 с
T1 LIFE 0 правда 0.012 оценщик 0.062 n 50 0.6 с
T1 BASE 0 правда 0.019 оценщик 0.0 n 300 8.3 с
T1 TWO 0 правда 0.006 оценщик 0.0 n 300 12.1 с
T1 SPLIT 0 правда 1.0 оценщик 1.0 n 300 11.3 с
T2 HGT 0 правда 0.597 оценщик 0.562 n 300 8.5 с
T2 LIFE 0 правда 0.542 оценщик 0.688 n 50 0.6 с
T2 BASE 0 правда 1.0 оценщик 1.0 n 300 15.4 с
T2 TWO 0 правда 1.0 оценщик 1.0 n 300 14.1 с
T2 SPLIT 0 правда 0.608 оценщик 0.75 n 300 14.2 с
T3 BASE 0 правда 0.654 оценщик 0.688 n 300 8.9 с
T3 LIFE 0 правда 0.011 оценщик 0.062 n 50 0.6 с
T3 HGT 0 правда 0.662 оценщик 0.75 n 300 9.8 с
T3 TWO 0 правда 0.334 оценщик 0.562 n 300 10.9 с
T3 SPLIT 0 правда 0.313 оценщик 0.438 n 300 10.7 с
T1 BASE 1 правда 0.015 оценщик 0.0 n 300 8.6 с
T1 LIFE 1 правда 0.0 оценщик 0.0 n 50 0.5 с
T1 HGT 1 правда 0.503 оценщик 0.312 n 300 5.2 с
T1 TWO 1 правда 0.008 оценщик 0.0 n 300 10.2 с
T1 SPLIT 1 правда 0.011 оценщик 0.0 n 300 10.8 с
T2 HGT 1 правда 0.599 оценщик 0.688 n 300 5.4 с
T2 LIFE 1 правда 0.493 оценщик 0.688 n 50 0.6 с
T2 BASE 1 правда 0.576 оценщик 0.812 n 300 11.2 с
T2 TWO 1 правда 1.0 оценщик 1.0 n 300 12.8 с
T2 SPLIT 1 правда 0.599 оценщик 0.688 n 300 13.0 с
T3 BASE 1 правда 0.975 оценщик 1.0 n 300 8.7 с
T3 LIFE 1 правда 0.023 оценщик 0.062 n 50 0.5 с
T3 HGT 1 правда 0.676 оценщик 0.312 n 300 9.1 с
T3 TWO 1 правда 0.199 оценщик 0.25 n 300 10.7 с
T3 SPLIT 1 правда 0.466 оценщик 0.688 n 300 9.8 с
T1 BASE 2 правда 1.0 оценщик 1.0 n 300 6.6 с
T1 LIFE 2 правда 0.0 оценщик 0.0 n 50 0.5 с
T1 HGT 2 правда 0.009 оценщик 0.062 n 300 5.2 с
T1 TWO 2 правда 0.014 оценщик 0.0 n 300 10.1 с
T1 SPLIT 2 правда 0.512 оценщик 0.5 n 300 11.0 с
T2 HGT 2 правда 1.0 оценщик 1.0 n 300 10.9 с
T2 LIFE 2 правда 0.565 оценщик 0.5 n 63 0.7 с
T2 BASE 2 правда 1.0 оценщик 1.0 n 300 13.4 с
T2 SPLIT 2 правда 1.0 оценщик 1.0 n 300 12.1 с
T2 TWO 2 правда 1.0 оценщик 1.0 n 300 13.8 с
T3 HGT 2 правда 0.658 оценщик 0.75 n 300 7.4 с
T3 LIFE 2 правда 0.011 оценщик 0.125 n 50 0.5 с
T3 BASE 2 правда 0.209 оценщик 0.312 n 300 11.9 с
T3 SPLIT 2 правда 0.417 оценщик 0.5 n 300 9.7 с
T3 TWO 2 правда 0.652 оценщик 0.562 n 300 12.1 с
T1 HGT 3 правда 0.011 оценщик 0.062 n 300 5.6 с
T1 LIFE 3 правда 0.0 оценщик 0.0 n 50 0.8 с
T1 BASE 3 правда 0.012 оценщик 0.0 n 300 7.9 с
T1 TWO 3 правда 0.017 оценщик 0.0 n 300 10.1 с
T1 SPLIT 3 правда 0.511 оценщик 0.625 n 300 10.2 с
T2 HGT 3 правда 0.599 оценщик 0.5 n 300 9.1 с
T2 LIFE 3 правда 0.569 оценщик 0.75 n 50 0.7 с
T2 BASE 3 правда 1.0 оценщик 1.0 n 300 12.0 с
T2 SPLIT 3 правда 0.601 оценщик 0.438 n 300 11.1 с
T2 TWO 3 правда 1.0 оценщик 1.0 n 300 13.3 с
T3 BASE 3 правда 0.171 оценщик 0.438 n 300 8.7 с
T3 LIFE 3 правда 0.029 оценщик 0.062 n 50 0.6 с
T3 HGT 3 правда 0.199 оценщик 0.438 n 300 9.6 с
T3 SPLIT 3 правда 0.597 оценщик 0.438 n 300 10.1 с
T3 TWO 3 правда 0.707 оценщик 0.938 n 300 12.5 с
T1 BASE 4 правда 0.465 оценщик 0.562 n 300 8.7 с
T1 LIFE 4 правда 0.009 оценщик 0.062 n 50 0.6 с
T1 HGT 4 правда 1.0 оценщик 1.0 n 300 11.0 с
T1 TWO 4 правда 1.0 оценщик 1.0 n 300 13.6 с
T1 SPLIT 4 правда 0.527 оценщик 0.688 n 300 13.6 с
T2 BASE 4 правда 0.604 оценщик 0.688 n 300 9.3 с
T2 LIFE 4 правда 0.588 оценщик 0.625 n 166 1.0 с
T2 HGT 4 правда 1.0 оценщик 1.0 n 300 13.6 с
T2 TWO 4 правда 1.0 оценщик 1.0 n 300 11.8 с
T2 SPLIT 4 правда 1.0 оценщик 1.0 n 300 10.4 с
T3 BASE 4 правда 0.632 оценщик 0.688 n 300 10.5 с
T3 HGT 4 правда 0.199 оценщик 0.438 n 300 6.3 с
T3 LIFE 4 правда 0.008 оценщик 0.062 n 50 0.6 с
T3 SPLIT 4 правда 0.237 оценщик 0.375 n 300 8.7 с
T3 TWO 4 правда 0.197 оценщик 0.5 n 300 15.4 с
T1 BASE 5 правда 1.0 оценщик 1.0 n 300 5.8 с
T1 LIFE 5 правда 0.004 оценщик 0.062 n 50 0.6 с
T1 HGT 5 правда 0.016 оценщик 0.188 n 300 6.5 с
T1 TWO 5 правда 1.0 оценщик 1.0 n 300 11.7 с
T1 SPLIT 5 правда 0.014 оценщик 0.0 n 300 12.7 с
T2 BASE 5 правда 0.602 оценщик 0.75 n 300 16.3 с
T2 LIFE 5 правда 0.493 оценщик 0.562 n 50 0.6 с
T2 HGT 5 правда 1.0 оценщик 1.0 n 300 14.4 с
T2 SPLIT 5 правда 0.566 оценщик 0.625 n 300 11.1 с
T2 TWO 5 правда 1.0 оценщик 1.0 n 300 16.3 с
T3 BASE 5 правда 0.676 оценщик 0.688 n 300 7.7 с
T3 HGT 5 правда 0.226 оценщик 0.312 n 300 7.1 с
T3 LIFE 5 правда 0.019 оценщик 0.062 n 50 0.6 с
T3 SPLIT 5 правда 0.212 оценщик 0.312 n 300 11.2 с
T3 TWO 5 правда 0.703 оценщик 0.75 n 300 14.8 с
T1 BASE 6 правда 0.009 оценщик 0.0 n 300 6.5 с
T1 LIFE 6 правда 0.01 оценщик 0.125 n 50 0.6 с
T1 HGT 6 правда 0.011 оценщик 0.0 n 300 6.5 с
T1 TWO 6 правда 0.023 оценщик 0.062 n 300 12.4 с
T1 SPLIT 6 правда 0.507 оценщик 0.562 n 300 13.8 с
T2 BASE 6 правда 0.565 оценщик 0.688 n 300 11.0 с
T2 LIFE 6 правда 0.574 оценщик 0.625 n 50 0.6 с
T2 HGT 6 правда 1.0 оценщик 1.0 n 300 10.6 с
T2 SPLIT 6 правда 1.0 оценщик 1.0 n 300 14.5 с
T2 TWO 6 правда 1.0 оценщик 1.0 n 300 18.3 с
T3 HGT 6 правда 0.228 оценщик 0.188 n 300 7.2 с
T3 LIFE 6 правда 0.012 оценщик 0.062 n 50 0.5 с
T3 BASE 6 правда 0.204 оценщик 0.25 n 300 14.6 с
T3 TWO 6 правда 0.04 оценщик 0.125 n 300 14.6 с
T1 BASE 7 правда 1.0 оценщик 1.0 n 300 7.6 с
T3 SPLIT 6 правда 0.213 оценщик 0.25 n 300 16.9 с
T1 LIFE 7 правда 0.0 оценщик 0.0 n 50 0.5 с
T1 HGT 7 правда 0.013 оценщик 0.0 n 300 5.6 с
T1 TWO 7 правда 0.028 оценщик 0.0 n 300 10.5 с
T1 SPLIT 7 правда 0.019 оценщик 0.062 n 300 10.6 с
T2 BASE 7 правда 0.601 оценщик 0.438 n 300 8.7 с
T2 LIFE 7 правда 0.584 оценщик 0.438 n 109 0.8 с
T2 HGT 7 правда 1.0 оценщик 1.0 n 300 10.6 с
T2 TWO 7 правда 1.0 оценщик 1.0 n 300 18.3 с
T2 SPLIT 7 правда 1.0 оценщик 1.0 n 300 13.1 с
T3 HGT 7 правда 0.189 оценщик 0.375 n 300 6.9 с
T3 LIFE 7 правда 0.015 оценщик 0.062 n 50 0.6 с
T3 BASE 7 правда 0.621 оценщик 0.688 n 300 12.5 с
T3 TWO 7 правда 0.473 оценщик 0.438 n 300 15.7 с
T3 SPLIT 7 правда 0.226 оценщик 0.375 n 300 13.8 с
T1 HGT 8 правда 0.011 оценщик 0.0 n 300 5.9 с
T1 LIFE 8 правда 0.0 оценщик 0.0 n 50 0.5 с
T1 BASE 8 правда 0.017 оценщик 0.0 n 300 9.3 с
T1 TWO 8 правда 0.006 оценщик 0.0 n 300 10.8 с
T1 SPLIT 8 правда 0.498 оценщик 0.5 n 300 11.1 с
T2 HGT 8 правда 1.0 оценщик 1.0 n 300 10.7 с
T2 BASE 8 правда 1.0 оценщик 1.0 n 300 12.4 с
T2 LIFE 8 правда 0.556 оценщик 0.625 n 50 0.6 с
T2 TWO 8 правда 1.0 оценщик 1.0 n 300 10.9 с
T2 SPLIT 8 правда 0.518 оценщик 0.625 n 300 12.7 с
T3 BASE 8 правда 0.193 оценщик 0.188 n 300 10.2 с
T3 LIFE 8 правда 0.017 оценщик 0.062 n 50 0.5 с
T3 HGT 8 правда 0.685 оценщик 0.562 n 300 10.7 с
T3 TWO 8 правда 0.243 оценщик 0.5 n 300 13.5 с
T3 SPLIT 8 правда 0.22 оценщик 0.25 n 300 15.2 с
T1 BASE 9 правда 0.016 оценщик 0.062 n 300 7.4 с
T1 LIFE 9 правда 0.0 оценщик 0.0 n 50 0.6 с
T1 HGT 9 правда 0.015 оценщик 0.0 n 300 6.7 с
T1 TWO 9 правда 0.022 оценщик 0.062 n 300 10.2 с
T1 SPLIT 9 правда 1.0 оценщик 1.0 n 300 11.6 с
T2 HGT 9 правда 0.592 оценщик 0.875 n 300 10.3 с
T2 LIFE 9 правда 0.575 оценщик 0.625 n 65 0.7 с
T2 BASE 9 правда 1.0 оценщик 1.0 n 300 14.8 с
T2 SPLIT 9 правда 1.0 оценщик 1.0 n 300 9.7 с
T2 TWO 9 правда 1.0 оценщик 1.0 n 300 12.7 с
T3 BASE 9 правда 0.647 оценщик 0.625 n 300 8.1 с
T3 LIFE 9 правда 0.011 оценщик 0.062 n 50 0.5 с
T3 HGT 9 правда 0.337 оценщик 0.375 n 300 10.6 с
T3 TWO 9 правда 0.193 оценщик 0.438 n 300 10.8 с
T3 SPLIT 9 правда 0.172 оценщик 0.25 n 300 11.1 с
T1 BASE 10 правда 0.009 оценщик 0.0 n 300 7.7 с
T1 LIFE 10 правда 0.011 оценщик 0.062 n 50 0.5 с
T1 HGT 10 правда 0.009 оценщик 0.0 n 300 7.2 с
T1 TWO 10 правда 0.012 оценщик 0.062 n 300 11.8 с
T1 SPLIT 10 правда 0.013 оценщик 0.125 n 300 9.7 с
T2 BASE 10 правда 1.0 оценщик 1.0 n 300 13.8 с
T2 LIFE 10 правда 0.58 оценщик 0.688 n 50 0.6 с
T2 HGT 10 правда 1.0 оценщик 1.0 n 300 15.1 с
T2 TWO 10 правда 1.0 оценщик 1.0 n 300 11.5 с
T2 SPLIT 10 правда 1.0 оценщик 1.0 n 300 15.6 с
T3 BASE 10 правда 0.171 оценщик 0.188 n 300 7.9 с
T3 LIFE 10 правда 0.02 оценщик 0.062 n 50 0.8 с
T3 HGT 10 правда 0.234 оценщик 0.188 n 300 8.9 с
T3 SPLIT 10 правда 0.36 оценщик 0.25 n 300 10.4 с
T3 TWO 10 правда 0.677 оценщик 0.875 n 300 16.6 с
T1 HGT 11 правда 0.01 оценщик 0.062 n 300 5.8 с
T1 LIFE 11 правда 0.005 оценщик 0.062 n 50 0.6 с
T1 BASE 11 правда 0.012 оценщик 0.0 n 300 7.4 с
T1 SPLIT 11 правда 0.01 оценщик 0.0 n 300 9.7 с
T1 TWO 11 правда 0.014 оценщик 0.0 n 300 13.2 с
T2 BASE 11 правда 0.588 оценщик 0.688 n 300 7.8 с
T2 LIFE 11 правда 0.578 оценщик 0.625 n 50 0.5 с
T2 HGT 11 правда 0.576 оценщик 0.75 n 300 7.7 с
T2 SPLIT 11 правда 0.579 оценщик 0.75 n 300 8.8 с
T2 TWO 11 правда 1.0 оценщик 1.0 n 300 11.4 с
T3 HGT 11 правда 0.657 оценщик 0.688 n 300 8.5 с
T3 LIFE 11 правда 0.022 оценщик 0.062 n 50 0.6 с
T3 BASE 11 правда 0.412 оценщик 0.5 n 300 12.1 с
T3 SPLIT 11 правда 0.657 оценщик 0.562 n 300 10.5 с
T3 TWO 11 правда 0.388 оценщик 0.625 n 300 14.1 с
T1 HGT 12 правда 0.004 оценщик 0.062 n 300 4.8 с
T1 BASE 12 правда 0.003 оценщик 0.0 n 300 6.1 с
T1 LIFE 12 правда 0.006 оценщик 0.0 n 50 0.6 с
T1 TWO 12 правда 1.0 оценщик 1.0 n 300 13.0 с
T1 SPLIT 12 правда 0.51 оценщик 0.312 n 300 15.0 с
T2 BASE 12 правда 1.0 оценщик 1.0 n 300 12.2 с
T2 LIFE 12 правда 0.543 оценщик 0.375 n 69 0.7 с
T2 HGT 12 правда 1.0 оценщик 1.0 n 300 13.1 с
T2 TWO 12 правда 0.573 оценщик 0.438 n 300 14.5 с
T2 SPLIT 12 правда 1.0 оценщик 1.0 n 300 15.1 с
T3 BASE 12 правда 0.583 оценщик 0.625 n 300 9.2 с
T3 LIFE 12 правда 0.055 оценщик 0.062 n 50 0.6 с
T3 HGT 12 правда 0.198 оценщик 0.25 n 300 9.0 с
T3 SPLIT 12 правда 0.639 оценщик 0.562 n 300 12.9 с
T3 TWO 12 правда 0.074 оценщик 0.188 n 300 17.5 с
T1 BASE 13 правда 1.0 оценщик 1.0 n 300 9.1 с
T1 HGT 13 правда 1.0 оценщик 1.0 n 300 7.1 с
T1 LIFE 13 правда 0.0 оценщик 0.0 n 50 0.7 с
T1 TWO 13 правда 0.008 оценщик 0.0 n 300 9.6 с
T1 SPLIT 13 правда 0.017 оценщик 0.125 n 300 10.4 с
T2 BASE 13 правда 1.0 оценщик 1.0 n 300 11.8 с
T2 LIFE 13 правда 0.601 оценщик 0.5 n 50 0.5 с
T2 HGT 13 правда 1.0 оценщик 1.0 n 300 11.1 с
T2 SPLIT 13 правда 1.0 оценщик 1.0 n 300 9.9 с
T2 TWO 13 правда 1.0 оценщик 1.0 n 300 14.1 с
T3 BASE 13 правда 0.355 оценщик 0.438 n 300 7.0 с
T3 LIFE 13 правда 0.01 оценщик 0.0 n 50 0.5 с
T3 HGT 13 правда 0.213 оценщик 0.25 n 300 10.8 с
T3 TWO 13 правда 0.217 оценщик 0.188 n 300 18.5 с
T3 SPLIT 13 правда 0.656 оценщик 0.688 n 300 12.4 с
T1 BASE 14 правда 1.0 оценщик 1.0 n 300 5.5 с
T1 LIFE 14 правда 0.0 оценщик 0.0 n 50 0.6 с
T1 HGT 14 правда 0.014 оценщик 0.125 n 300 6.0 с
T1 SPLIT 14 правда 0.496 оценщик 0.5 n 300 8.2 с
T1 TWO 14 правда 0.022 оценщик 0.0 n 300 15.0 с
T2 BASE 14 правда 0.735 оценщик 0.625 n 300 10.9 с
T2 LIFE 14 правда 0.511 оценщик 0.625 n 50 0.6 с
T2 HGT 14 правда 0.925 оценщик 1.0 n 300 9.5 с
T2 TWO 14 правда 0.567 оценщик 0.688 n 300 12.4 с
T2 SPLIT 14 правда 1.0 оценщик 1.0 n 300 11.6 с
T3 BASE 14 правда 0.313 оценщик 0.438 n 300 8.8 с
T3 LIFE 14 правда 0.018 оценщик 0.062 n 50 0.6 с
T3 HGT 14 правда 0.184 оценщик 0.312 n 300 6.8 с
T3 TWO 14 правда 0.208 оценщик 0.25 n 300 13.8 с
T3 SPLIT 14 правда 0.186 оценщик 0.25 n 300 18.3 с
T1 BASE 15 правда 0.005 оценщик 0.0 n 300 7.9 с
T1 LIFE 15 правда 0.0 оценщик 0.0 n 50 0.7 с
T1 HGT 15 правда 1.0 оценщик 1.0 n 300 6.5 с
T1 TWO 15 правда 0.015 оценщик 0.062 n 300 11.0 с
T1 SPLIT 15 правда 1.0 оценщик 1.0 n 300 10.6 с
T2 BASE 15 правда 1.0 оценщик 1.0 n 300 11.0 с
T2 LIFE 15 правда 0.542 оценщик 0.438 n 50 0.6 с
T2 HGT 15 правда 0.555 оценщик 0.625 n 300 10.0 с
T2 SPLIT 15 правда 1.0 оценщик 1.0 n 300 11.3 с
T2 TWO 15 правда 1.0 оценщик 1.0 n 300 13.9 с
T3 HGT 15 правда 0.356 оценщик 0.5 n 300 6.7 с
T3 LIFE 15 правда 0.219 оценщик 0.438 n 50 0.6 с
T3 BASE 15 правда 0.219 оценщик 0.375 n 300 14.3 с
T3 TWO 15 правда 0.206 оценщик 0.062 n 300 12.8 с
T3 SPLIT 15 правда 0.203 оценщик 0.375 n 300 12.4 с
T1 BASE 16 правда 1.0 оценщик 1.0 n 300 7.3 с
T1 LIFE 16 правда 0.0 оценщик 0.0 n 50 0.5 с
T1 HGT 16 правда 0.515 оценщик 0.562 n 300 6.0 с
T1 TWO 16 правда 0.011 оценщик 0.125 n 300 11.1 с
T1 SPLIT 16 правда 0.01 оценщик 0.0 n 300 11.3 с
T2 BASE 16 правда 0.59 оценщик 0.812 n 300 8.7 с
T2 LIFE 16 правда 0.545 оценщик 0.438 n 50 0.7 с
T2 HGT 16 правда 0.992 оценщик 0.938 n 300 9.9 с
T2 TWO 16 правда 0.575 оценщик 0.75 n 300 12.7 с
T2 SPLIT 16 правда 1.0 оценщик 1.0 n 300 12.9 с
T3 BASE 16 правда 0.234 оценщик 0.375 n 300 7.9 с
T3 LIFE 16 правда 0.0 оценщик 0.0 n 50 0.6 с
T3 HGT 16 правда 0.173 оценщик 0.375 n 300 12.9 с
T3 TWO 16 правда 0.174 оценщик 0.438 n 300 15.1 с
T3 SPLIT 16 правда 0.561 оценщик 0.688 n 300 10.8 с
T1 BASE 17 правда 1.0 оценщик 1.0 n 300 7.4 с
T1 LIFE 17 правда 0.0 оценщик 0.0 n 50 0.5 с
T1 HGT 17 правда 0.021 оценщик 0.125 n 300 6.3 с
T1 TWO 17 правда 0.027 оценщик 0.062 n 300 11.9 с
T1 SPLIT 17 правда 0.511 оценщик 0.75 n 300 11.4 с
T2 HGT 17 правда 0.571 оценщик 0.562 n 300 10.3 с
T2 BASE 17 правда 0.65 оценщик 0.625 n 300 11.0 с
T2 LIFE 17 правда 0.572 оценщик 0.625 n 50 0.6 с
T2 TWO 17 правда 1.0 оценщик 1.0 n 300 11.3 с
T2 SPLIT 17 правда 1.0 оценщик 1.0 n 300 14.3 с
T3 BASE 17 правда 0.644 оценщик 0.688 n 300 9.1 с
T3 LIFE 17 правда 0.009 оценщик 0.125 n 50 0.5 с
T3 HGT 17 правда 0.339 оценщик 0.5 n 300 10.0 с
T3 TWO 17 правда 0.64 оценщик 0.688 n 300 12.4 с
T3 SPLIT 17 правда 0.338 оценщик 0.5 n 300 9.6 с
T1 HGT 18 правда 0.014 оценщик 0.0 n 300 8.7 с
T1 BASE 18 правда 1.0 оценщик 1.0 n 300 9.9 с
T1 LIFE 18 правда 0.0 оценщик 0.0 n 50 0.5 с
T1 SPLIT 18 правда 0.005 оценщик 0.0 n 300 9.2 с
T1 TWO 18 правда 1.0 оценщик 1.0 n 300 10.2 с
T2 BASE 18 правда 0.575 оценщик 0.562 n 300 12.9 с
T2 HGT 18 правда 0.605 оценщик 0.562 n 300 13.3 с
T2 LIFE 18 правда 0.581 оценщик 0.562 n 326 1.4 с
T2 SPLIT 18 правда 1.0 оценщик 1.0 n 300 10.8 с
T2 TWO 18 правда 0.642 оценщик 0.438 n 300 14.9 с
T3 BASE 18 правда 0.21 оценщик 0.188 n 300 11.8 с
T3 LIFE 18 правда 0.039 оценщик 0.062 n 50 0.6 с
T3 HGT 18 правда 0.213 оценщик 0.312 n 300 11.1 с
T3 SPLIT 18 правда 0.657 оценщик 0.688 n 300 9.7 с
T3 TWO 18 правда 0.213 оценщик 0.438 n 300 14.1 с
T1 HGT 19 правда 0.014 оценщик 0.062 n 300 5.2 с
T1 LIFE 19 правда 0.011 оценщик 0.062 n 50 0.5 с
T1 BASE 19 правда 1.0 оценщик 1.0 n 300 11.7 с
T1 TWO 19 правда 1.0 оценщик 1.0 n 300 11.1 с
T1 SPLIT 19 правда 0.017 оценщик 0.062 n 300 9.9 с
T2 BASE 19 правда 1.0 оценщик 1.0 n 300 9.1 с
T2 LIFE 19 правда 0.605 оценщик 0.688 n 50 0.6 с
T2 HGT 19 правда 1.0 оценщик 1.0 n 300 10.3 с
T2 SPLIT 19 правда 1.0 оценщик 1.0 n 300 9.4 с
T2 TWO 19 правда 1.0 оценщик 1.0 n 300 15.0 с
T3 BASE 19 правда 0.186 оценщик 0.438 n 300 7.8 с
T3 LIFE 19 правда 0.014 оценщик 0.062 n 50 0.6 с
T3 HGT 19 правда 0.175 оценщик 0.438 n 300 13.5 с
T3 TWO 19 правда 0.206 оценщик 0.188 n 300 12.1 с
T3 SPLIT 19 правда 0.66 оценщик 0.75 n 300 8.8 с
