pilot: 48 прогонов, задачи ['T1', 'T3', 'T4'], ветви ['AA32', 'FIXED32', 'ORACLE', 'RANDEVAL', 'SAME16', 'SAME32', 'SPLIT16+16', 'SPLIT8+8'], сиды 996–997 (2); gens=60, хеш кода 50ae664e0cc4; окно последних 30, ранний срез 11–30
A/A (AA32 против SAME32): ioi2_late: побед 2/6 (нич. 0), интервал нуля [1, 5], δ=0.3769; ign_late: побед 3/6 (нич. 0), интервал нуля [1, 5], δ=0.3549; abs_ct_late: побед 2/6 (нич. 0), интервал нуля [1, 5], δ=0.0239 → в норме
ВОРОТА первичной пары (SPLIT8+8 / SAME16): средняя знаковая C−T у SPLIT8+8 = 0.0077 ИД95 [-0.011, 0.0336] (содержит 0: True); у SAME16 = 0.0506 ИД95 [-0.0011, 0.1067] (выше 0: False) → НЕ ПРОЙДЕНЫ: ИД SAME содержит 0 — проклятия победителя не видно, H2 неинформативна
   без вырожденных: SPLIT8+8 n=4 средняя 0.0117 ИД95 [-0.0163, 0.0489]; SAME16 n=5 средняя 0.0567 ИД95 [-0.0057, 0.1213]; интервал A/A средней разности SAME32−AA32: [-0.0135, 0.0477]
   H1 (теорема, без порога): знаковая C−T SPLIT8+8 < SAME16: побед 4/6 (нич. 0), ближе к нулю в 4/6, медиана разности 0.0101 ИД95 [-0.0292, 0.1479]
ВОРОТА вторичной пары (отчитываются, не блокируют) (SPLIT16+16 / SAME32): средняя знаковая C−T у SPLIT16+16 = 0.0048 ИД95 [-0.0153, 0.0231] (содержит 0: True); у SAME32 = 0.0356 ИД95 [0.0042, 0.0682] (выше 0: True) → пройдены
   без вырожденных: SPLIT16+16 n=5 средняя 0.0046 ИД95 [-0.0218, 0.0258]; SAME32 n=5 средняя 0.0383 ИД95 [0.0007, 0.0781]; интервал A/A средней разности SAME32−AA32: [-0.0115, 0.0478]
   H1 (теорема, без порога): знаковая C−T SPLIT16+16 < SAME32: побед 4/6 (нич. 0), ближе к нулю в 3/6, медиана разности 0.0105 ИД95 [-0.0261, 0.108]
H2/H3: ворота не пройдены — не вскрыто
КРИТЕРИЙ ВДВОЕ SPLIT16+16 [abs_ct_late] T2–T5: медиана 0.0937 ИД95 [0.0678, 0.1257] против цели 0.0440 (½ базы здесь 0.0614 / EVO-05 0.044); пар ≤ ½ базы в паре 2/4; побед базы по незнанию 0/0 (порог None, тождественно (T совпадает по построению)) → не выполнен
КРИТЕРИЙ ВДВОЕ SPLIT8+8 [abs_ct_late] T2–T5: медиана 0.1101 ИД95 [0.036, 0.151] против цели 0.0440 (½ базы здесь 0.0614 / EVO-05 0.044); пар ≤ ½ базы в паре 1/4; побед базы по незнанию 0/3 (порог None, n мало) → не решено
КРИТЕРИЙ ВДВОЕ SAME32 [abs_ct_late] T2–T5: медиана 0.0827 ИД95 [0.0081, 0.1002] против цели 0.0440 (½ базы здесь 0.0614 / EVO-05 0.044); пар ≤ ½ базы в паре 1/4; побед базы по незнанию 1/4 (порог None, n мало) → не решено
КРИТЕРИЙ ВДВОЕ SPLIT16+16 [abs_pool_late] T2–T5: медиана 0.0624 ИД95 [0.0506, 0.0863] против цели 0.0440 (½ базы здесь 0.0614 / EVO-05 0.044); пар ≤ ½ базы в паре 2/4; побед базы по незнанию 0/0 (порог None, тождественно (T совпадает по построению)) → не выполнен
КРИТЕРИЙ ВДВОЕ SPLIT8+8 [abs_pool_late] T2–T5: медиана 0.0979 ИД95 [0.0111, 0.1139] против цели 0.0440 (½ базы здесь 0.0614 / EVO-05 0.044); пар ≤ ½ базы в паре 1/4; побед базы по незнанию 0/3 (порог None, n мало) → не решено
КРИТЕРИЙ ВДВОЕ SAME32 [abs_pool_late] T2–T5: медиана 0.0561 ИД95 [0.0089, 0.0959] против цели 0.0440 (½ базы здесь 0.0614 / EVO-05 0.044); пар ≤ ½ базы в паре 2/4; побед базы по незнанию 1/4 (порог None, n мало) → не решено
КРИТЕРИЙ ВДВОЕ SAME16 [abs_pool_late] T2–T5: медиана 0.0811 ИД95 [0.0174, 0.1635] против цели 0.0440 (½ базы здесь 0.0614 / EVO-05 0.044); пар ≤ ½ базы в паре 2/4; побед базы по незнанию 0/0 (порог None, тождественно (T совпадает по построению)) → описательно
вторичное: SPLIT16+16 vs SAME32 [ioi2_late]: побед 3, обратных 3, ничьих 0, порог 6/6 (α=0.05), p=1.0000, медиана разности -0.0263 ИД95 [-0.3725, 0.0319], δ=0.3769 → разницы нет, Холм нет
вторичное: SPLIT16+16 vs SAME32 [abs_ct_late]: побед 3, обратных 3, ничьих 0, порог 6/6 (α=0.05), p=1.0000, медиана разности -0.0035 ИД95 [-0.0832, 0.0297], δ=0.0239 → не решено, Холм нет
вторичное: SPLIT16+16 vs SAME32 [ioi]: побед 3, обратных 3, ничьих 0, порог 6/6 (α=0.05), p=1.0000, медиана разности 0.0016 ИД95 [-0.1886, 0.0483], δ=0.2127 → разницы нет, Холм нет
вторичное: SPLIT16+16 vs SAME32 [deception]: побед 4, обратных 2, ничьих 0, порог 6/6 (α=0.05), p=0.6875, медиана разности 0.0107 ИД95 [-0.0345, 0.0545], δ=0.0139 → не решено, Холм нет
вторичное: SAME32 vs SPLIT16+16 [ign_late]: побед 4, обратных 2, ничьих 0, порог 6/6 (α=0.05), p=0.6875, медиана разности 0.0026 ИД95 [-0.0029, 0.3099], δ=0.3549 → разницы нет, Холм нет
вторичное: SPLIT8+8 vs SAME16 [abs_ct_late]: побед 4, обратных 2, ничьих 0, порог 6/6 (α=0.05), p=0.6875, медиана разности 0.0231 ИД95 [-0.033, 0.0587], δ=0.0239 → не решено, Холм нет
вторичное: SPLIT8+8 vs SAME16 [ioi]: побед 4, обратных 2, ничьих 0, порог 6/6 (α=0.05), p=0.6875, медиана разности 0.0265 ИД95 [-0.2073, 0.1216], δ=0.2127 → разницы нет, Холм нет
вторичное: SPLIT8+8 vs SAME16 [deception]: побед 5, обратных 1, ничьих 0, порог 6/6 (α=0.05), p=0.2188, медиана разности 0.0162 ИД95 [-0.0223, 0.0624], δ=0.0139 → не решено, Холм нет
вторичное: SPLIT8+8 vs SAME16 [ioi2_late гладкие]: побед 1, обратных 1, ничьих 0, порог None/2 (α=0.05), p=1.0000, медиана разности -0.3587 ИД95 [-0.7315, 0.0141], δ=0.1055 → n мало, Холм нет
вторичное: SPLIT8+8 vs SAME16 [ioi2_late кусочные]: побед 3, обратных 1, ничьих 0, порог None/4 (α=0.05), p=0.6250, медиана разности 0.0446 ИД95 [-0.0574, 0.4347], δ=0.5185 → n мало, Холм нет
вторичное: SAME32 vs FIXED32 [abs_ct_late]: побед 3, обратных 3, ничьих 0, порог 6/6 (α=0.05), p=1.0000, медиана разности 0.0035 ИД95 [-0.0632, 0.0394], δ=0.0239 → не решено, Холм нет
вторичное: SAME32 vs FIXED32 [ioi2_late]: побед 3, обратных 3, ничьих 0, порог 6/6 (α=0.05), p=1.0000, медиана разности 0.0032 ИД95 [-0.078, 0.7029], δ=0.3769 → не решено, Холм нет
вторичное: SAME16 vs — [drift_ct (C−T поздн. минус 11–30 > 0)]: побед 2, обратных 4, ничьих 0, порог None/6 (α=0.025), p=0.6875, медиана разности -0.0065 ИД95 [-0.029, 0.0855], δ=— → n мало, Холм нет
вторичное: SAME32 vs — [drift_ct (C−T поздн. минус 11–30 > 0)]: побед 3, обратных 3, ничьих 0, порог None/6 (α=0.025), p=1.0000, медиана разности 0.0009 ИД95 [-0.0477, 0.0267], δ=— → n мало, Холм нет
пол/потолок ИОИ′ (медианы по всем прогонам): {'AA32': 0.578, 'FIXED32': 0.843, 'ORACLE': 0.471, 'RANDEVAL': 1.97, 'SAME16': 0.781, 'SAME32': 0.727, 'SPLIT16+16': 0.757, 'SPLIT8+8': 0.916} → упорядочены
чувствительность H2 (описательно): без пар с обеими вырожденными — 3 / 5 n мало ; без пар с любой пометкой — 3 / 4 n мало
чувствительность: помечено по ветвям {'AA32': {'degenerate': 1, 'no_pressure': 0}, 'FIXED32': {'degenerate': 2, 'no_pressure': 0}, 'ORACLE': {'degenerate': 1, 'no_pressure': 0}, 'RANDEVAL': {'degenerate': 6, 'no_pressure': 0}, 'SAME16': {'degenerate': 1, 'no_pressure': 0}, 'SAME32': {'degenerate': 1, 'no_pressure': 0}, 'SPLIT16+16': {'degenerate': 1, 'no_pressure': 0}, 'SPLIT8+8': {'degenerate': 2, 'no_pressure': 0}}
разложение SAME32 (описательно): |C−T| − |C_fresh−T|: медиана 0.0073 ИД95 [-0.0302, 0.017], |C_fresh−T| < |C−T| в 4/6 прогонов
TOUR T3/SAME32/s996/tour16 {'abs_ct_late': 0.105, 'signed_ct_late': 0.1, 'ign_late': 0.803, 'final_true': 0.196}
TOUR T3/SAME32/s996/tour2 {'abs_ct_late': 0.1, 'signed_ct_late': 0.1, 'ign_late': 0.812, 'final_true': 0.186}
TOUR T3/SAME32/s997/tour16 {'abs_ct_late': 0.087, 'signed_ct_late': 0.075, 'ign_late': 0.62, 'final_true': 0.41}
TOUR T3/SAME32/s997/tour2 {'abs_ct_late': 0.078, 'signed_ct_late': 0.075, 'ign_late': 0.807, 'final_true': 0.221}
TOUR T3/SPLIT16+16/s996/tour16 {'abs_ct_late': 0.066, 'signed_ct_late': 0.023, 'ign_late': 0.827, 'final_true': 0.194}
TOUR T3/SPLIT16+16/s996/tour2 {'abs_ct_late': 0.088, 'signed_ct_late': 0.047, 'ign_late': 0.822, 'final_true': 0.205}
TOUR T3/SPLIT16+16/s997/tour16 {'abs_ct_late': 0.109, 'signed_ct_late': -0.053, 'ign_late': 0.565, 'final_true': 0.453}
TOUR T3/SPLIT16+16/s997/tour2 {'abs_ct_late': 0.081, 'signed_ct_late': 0.003, 'ign_late': 0.739, 'final_true': 0.655}

медианы по (задача, ветвь), окно последних 30 поколений:
ячейка                      T      C  |C−T|     C−T    1−T   ИОИ′  |Cf−T| |Cpool−T| вырожд безДавл
T1/AA32                 0.334  0.356  0.024   0.022  0.666  0.690   0.017     0.024   1/2    0/2 
T1/FIXED32              0.016  0.074  0.058   0.058  0.984  1.042   0.022     0.058   2/2    0/2 
T1/ORACLE               0.514  0.514  0.000   0.000  0.486  0.486   0.019     0.000   1/2    0/2 
T1/RANDEVAL             0.001  0.996  0.995   0.995  0.999  1.995   0.001     0.995   2/2    0/2 
T1/SAME16               0.370  0.379  0.019   0.009  0.630  0.648   0.022     0.021   1/2    0/2 
T1/SAME32               0.438  0.451  0.019   0.013  0.562  0.581   0.011     0.019   1/2    0/2 
T1/SPLIT16+16           0.370  0.381  0.022   0.011  0.630  0.652   0.022     0.022   1/2    0/2 
T1/SPLIT8+8             0.009  0.008  0.016  -0.000  0.991  1.007   0.016     0.013   2/2    0/2 
T3/AA32                 0.546  0.585  0.088   0.039  0.454  0.542   0.093     0.053   0/2    0/2 
T3/FIXED32              0.212  0.266  0.054   0.054  0.789  0.843   0.080     0.054   0/2    0/2 
T3/ORACLE               0.385  0.385  0.000   0.000  0.615  0.615   0.100     0.000   0/2    0/2 
T3/RANDEVAL             0.013  0.997  0.984   0.984  0.987  1.970   0.020     0.984   2/2    0/2 
T3/SAME16               0.190  0.335  0.151   0.145  0.810  0.960   0.069     0.150   0/2    0/2 
T3/SAME32               0.188  0.282  0.098   0.094  0.812  0.911   0.082     0.096   0/2    0/2 
T3/SPLIT16+16           0.190  0.176  0.069  -0.014  0.810  0.879   0.069     0.060   0/2    0/2 
T3/SPLIT8+8             0.194  0.192  0.110  -0.003  0.806  0.916   0.110     0.098   0/2    0/2 
T4/AA32                 0.498  0.504  0.076   0.006  0.502  0.578   0.110     0.043   0/2    0/2 
T4/FIXED32              0.493  0.470  0.023  -0.023  0.507  0.530   0.119     0.023   0/2    0/2 
T4/ORACLE               0.567  0.567  0.000   0.000  0.433  0.433   0.122     0.000   0/2    0/2 
T4/RANDEVAL             0.052  0.997  0.945   0.945  0.948  1.893   0.036     0.945   2/2    0/2 
T4/SAME16               0.499  0.497  0.099  -0.002  0.501  0.600   0.122     0.022   0/2    0/2 
T4/SAME32               0.744  0.744  0.039  -0.000  0.256  0.295   0.069     0.013   0/2    0/2 
T4/SPLIT16+16           0.499  0.517  0.122   0.018  0.501  0.623   0.122     0.071   0/2    0/2 
T4/SPLIT8+8             0.682  0.708  0.094   0.026  0.318  0.411   0.094     0.062   0/2    0/2 
сводно T2–T5: {'AA32': {'abs_ct_late': 0.078, 'ign_late': 0.502, 'ioi2_late': 0.578, 'abs_pool_late': 0.043}, 'FIXED32': {'abs_ct_late': 0.028, 'ign_late': 0.651, 'ioi2_late': 0.679, 'abs_pool_late': 0.028}, 'ORACLE': {'abs_ct_late': 0.0, 'ign_late': 0.471, 'ioi2_late': 0.471, 'abs_pool_late': 0.0}, 'RANDEVAL': {'abs_ct_late': 0.97, 'ign_late': 0.973, 'ioi2_late': 1.942, 'abs_pool_late': 0.97}, 'SAME16': {'abs_ct_late': 0.123, 'ign_late': 0.663, 'ioi2_late': 0.781, 'abs_pool_late': 0.081}, 'SAME32': {'abs_ct_late': 0.083, 'ign_late': 0.644, 'ioi2_late': 0.727, 'abs_pool_late': 0.056}, 'SPLIT16+16': {'abs_ct_late': 0.094, 'ign_late': 0.663, 'ioi2_late': 0.757, 'abs_pool_late': 0.062}, 'SPLIT8+8': {'abs_ct_late': 0.11, 'ign_late': 0.661, 'ioi2_late': 0.792, 'abs_pool_late': 0.098}}
результат → pilot/pilot_results.json
