T1 AA32       s996  1.5 с
  g       0    10    20    30    40    50    60
  T    0.01  0.01  0.01  0.01  0.01  1.00  1.00
  C    0.03  0.03  0.00  0.03  0.03  1.00  1.00
  Cf   0.00  0.00  0.00  0.00  0.00  1.00  1.00
  age     0     0     1     0     0     8    18
T1 AA32       s997  1.8 с
  g       0    10    20    30    40    50    60
  T    0.00  0.01  0.01  0.01  0.01  0.02  0.01
  C    0.00  0.03  0.12  0.00  0.03  0.06  0.06
  Cf   0.00  0.00  0.00  0.00  0.00  0.00  0.00
  age     0     1     0     2     0     0     0
T1 FIXED32    s996  2.3 с
  g       0    10    20    30    40    50    60
  T    0.01  0.01  0.01  0.01  0.01  0.01  0.01
  C    0.03  0.03  0.03  0.03  0.06  0.06  0.06
  Cf   0.00  0.00  0.06  0.00  0.06  0.00  0.00
  age     0    10    20    30     1    11    21
T1 FIXED32    s997  3.0 с
  g       0    10    20    30    40    50    60
  T    0.00  0.01  0.02  0.02  0.02  0.02  0.02
  C    0.00  0.03  0.09  0.09  0.09  0.09  0.09
  Cf   0.00  0.00  0.06  0.00  0.06  0.00  0.00
  age     0     7     2    12    22    32    42
T1 ORACLE     s996  1.8 с
  g       0    10    20    30    40    50    60
  T    0.01  1.00  1.00  1.00  1.00  1.00  1.00
  C    0.01  1.00  1.00  1.00  1.00  1.00  1.00
  Cf   0.00  1.00  1.00  1.00  1.00  1.00  1.00
  age     0     1    11    21    31    41    51
T1 ORACLE     s997  2.9 с
  g       0    10    20    30    40    50    60
  T    0.01  0.02  0.02  0.03  0.03  0.03  0.03
  C    0.01  0.02  0.02  0.03  0.03  0.03  0.03
  Cf   0.00  0.06  0.00  0.00  0.06  0.00  0.00
  age     0     2    12     6     8    18    28
T1 RANDEVAL   s996  0.7 с
  g       0    10    20    30    40    50    60
  T    0.00  0.00  0.00  0.00  0.00  0.00  0.01
  C    1.00  1.00  1.00  1.00  1.00  1.00  0.99
  Cf   0.00  0.00  0.00  0.00  0.00  0.00  0.00
  age     0     0     0     0     0     0     0
T1 RANDEVAL   s997  0.6 с
  g       0    10    20    30    40    50    60
  T    0.00  0.00  0.00  0.00  0.01  0.00  0.00
  C    0.99  1.00  1.00  1.00  0.99  1.00  1.00
  Cf   0.00  0.00  0.00  0.00  0.00  0.00  0.00
  age     0     0     0     0     0     0     0
T1 SAME16     s996  1.5 с
  g       0    10    20    30    40    50    60
  T    0.00  0.01  0.01  0.01  0.48  1.00  1.00
  C    0.00  0.12  0.06  0.06  0.44  1.00  1.00
  Cf   0.00  0.00  0.06  0.00  0.62  1.00  1.00
  age     0     0     0     0     3     9    19
T1 SAME16     s997  1.8 с
  g       0    10    20    30    40    50    60
  T    0.00  0.01  0.00  0.01  0.01  0.01  0.01
  C    0.00  0.00  0.06  0.00  0.06  0.00  0.00
  Cf   0.00  0.00  0.06  0.00  0.00  0.00  0.00
  age     0     1     5     2     0     1     3
T1 SAME32     s996  1.7 с
  g       0    10    20    30    40    50    60
  T    0.00  0.00  0.01  0.04  1.00  1.00  1.00
  C    0.03  0.03  0.06  0.09  1.00  1.00  1.00
  Cf   0.00  0.00  0.06  0.06  1.00  1.00  1.00
  age     0     0     0     0     1    11    21
T1 SAME32     s997  1.4 с
  g       0    10    20    30    40    50    60
  T    0.00  0.01  0.01  0.01  0.01  0.01  0.01
  C    0.00  0.06  0.03  0.03  0.03  0.06  0.00
  Cf   0.00  0.00  0.00  0.00  0.00  0.00  0.00
  age     0     0     1     0     2     0     1
T1 SPLIT16+16 s996  1.5 с
  g       0    10    20    30    40    50    60
  T    0.00  0.01  0.01  0.01  0.48  1.00  1.00
  C    0.00  0.00  0.06  0.00  0.62  1.00  1.00
  Cf   0.00  0.00  0.06  0.00  0.62  1.00  1.00
  age     0     0     0     0     3     9    19
T1 SPLIT16+16 s997  1.8 с
  g       0    10    20    30    40    50    60
  T    0.00  0.01  0.00  0.01  0.01  0.01  0.01
  C    0.00  0.00  0.06  0.00  0.00  0.00  0.00
  Cf   0.00  0.00  0.06  0.00  0.00  0.00  0.00
  age     0     1     5     2     0     1     3
T1 SPLIT8+8   s996  1.7 с
  g       0    10    20    30    40    50    60
  T    0.00  0.01  0.01  0.01  0.01  0.01  0.01
  C    0.00  0.00  0.00  0.00  0.00  0.00  0.00
  Cf   0.00  0.00  0.00  0.00  0.00  0.00  0.00
  age     0     6     0     2     1     1     0
T1 SPLIT8+8   s997  1.5 с
  g       0    10    20    30    40    50    60
  T    0.00  0.01  0.01  0.01  0.01  0.01  0.00
  C    0.00  0.00  0.00  0.00  0.12  0.00  0.00
  Cf   0.00  0.00  0.00  0.00  0.12  0.00  0.00
  age     0     1     3     0    10     1     4
T3 AA32       s996  1.8 с
  g       0    10    20    30    40    50    60
  T    0.01  0.20  0.20  0.19  0.26  0.66  0.66
  C    0.06  0.25  0.38  0.38  0.47  0.78  0.72
  Cf   0.00  0.25  0.31  0.31  0.19  0.62  0.62
  age     0     3     0     0     0     4     6
T3 AA32       s997  2.2 с
  g       0    10    20    30    40    50    60
  T    0.02  0.20  0.65  0.65  0.65  0.65  0.65
  C    0.09  0.31  0.69  0.56  0.72  0.47  0.81
  Cf   0.00  0.12  0.50  0.50  0.75  0.75  0.56
  age     0     0     4    14    24    34    44
T3 FIXED32    s996  2.1 с
  g       0    10    20    30    40    50    60
  T    0.12  0.20  0.20  0.20  0.20  0.20  0.20
  C    0.09  0.28  0.28  0.28  0.28  0.28  0.28
  Cf   0.00  0.31  0.19  0.19  0.38  0.25  0.44
  age     0     6    16    26    36    46    56
T3 FIXED32    s997  2.2 с
  g       0    10    20    30    40    50    60
  T    0.17  0.23  0.23  0.23  0.23  0.23  0.23
  C    0.19  0.25  0.25  0.25  0.25  0.25  0.25
  Cf   0.00  0.19  0.19  0.06  0.06  0.12  0.44
  age     0     5    15    25    35    45    55
T3 ORACLE     s996  3.4 с
  g       0    10    20    30    40    50    60
  T    0.12  0.23  0.23  0.23  0.23  0.23  0.23
  C    0.12  0.23  0.23  0.23  0.23  0.23  0.23
  Cf   0.00  0.25  0.31  0.19  0.06  0.12  0.12
  age     0     1    11     0    10    20    30
T3 ORACLE     s997  3.6 с
  g       0    10    20    30    40    50    60
  T    0.17  0.25  0.42  0.43  0.43  0.66  0.68
  C    0.17  0.25  0.42  0.43  0.43  0.66  0.68
  Cf   0.00  0.12  0.50  0.25  0.56  0.69  0.88
  age     0     0     0     6    16     1     7
T3 RANDEVAL   s996  0.5 с
  g       0    10    20    30    40    50    60
  T    0.00  0.01  0.00  0.01  0.00  0.01  0.01
  C    0.99  1.00  1.00  1.00  1.00  1.00  1.00
  Cf   0.00  0.00  0.00  0.00  0.00  0.00  0.00
  age     0     0     0     0     0     0     0
T3 RANDEVAL   s997  0.6 с
  g       0    10    20    30    40    50    60
  T    0.02  0.02  0.02  0.01  0.02  0.01  0.00
  C    1.00  1.00  1.00  0.99  1.00  1.00  0.99
  Cf   0.00  0.00  0.00  0.06  0.00  0.00  0.00
  age     0     0     0     0     0     0     0
T3 SAME16     s996  1.7 с
  g       0    10    20    30    40    50    60
  T    0.04  0.20  0.20  0.20  0.19  0.21  0.19
  C    0.12  0.38  0.31  0.25  0.38  0.44  0.31
  Cf   0.00  0.25  0.19  0.19  0.31  0.19  0.31
  age     0     0     2     3     0     0     0
T3 SAME16     s997  1.8 с
  g       0    10    20    30    40    50    60
  T    0.05  0.21  0.10  0.19  0.22  0.18  0.20
  C    0.12  0.38  0.19  0.25  0.31  0.31  0.38
  Cf   0.00  0.19  0.06  0.19  0.25  0.06  0.25
  age     0     0     0     1     0     1     0
T3 SAME32     s996  2.5 с
  g       0    10    20    30    40    50    60
  T    0.12  0.19  0.19  0.17  0.19  0.18  0.20
  C    0.12  0.22  0.28  0.25  0.41  0.25  0.28
  Cf   0.00  0.25  0.31  0.06  0.38  0.12  0.44
  age     0     0     2     1     1     0     0
T3 SAME32     s996 tour16  3.0 с
  g       0    10    20    30    40    50    60
  T    0.12  0.20  0.19  0.21  0.19  0.20  0.20
  C    0.12  0.22  0.28  0.22  0.41  0.22  0.28
  Cf   0.00  0.19  0.31  0.25  0.38  0.38  0.06
  age     0     1     1     0     1     1     0
T3 SAME32     s996 tour2  1.7 с
  g       0    10    20    30    40    50    60
  T    0.12  0.19  0.19  0.18  0.18  0.19  0.19
  C    0.12  0.22  0.38  0.28  0.44  0.25  0.31
  Cf   0.00  0.25  0.38  0.19  0.38  0.19  0.12
  age     0     0     1     0     0     1     0
T3 SAME32     s997  1.7 с
  g       0    10    20    30    40    50    60
  T    0.05  0.23  0.20  0.22  0.22  0.19  0.19
  C    0.09  0.31  0.25  0.28  0.31  0.12  0.19
  Cf   0.00  0.12  0.25  0.12  0.25  0.19  0.06
  age     0     1     0     0     0     0     0
T3 SAME32     s997 tour16  2.2 с
  g       0    10    20    30    40    50    60
  T    0.05  0.19  0.41  0.42  0.41  0.42  0.41
  C    0.09  0.25  0.44  0.44  0.50  0.44  0.44
  Cf   0.00  0.25  0.38  0.25  0.25  0.25  0.62
  age     0     0     0     2     3     0     0
T3 SAME32     s997 tour2  1.9 с
  g       0    10    20    30    40    50    60
  T    0.05  0.19  0.19  0.21  0.20  0.19  0.22
  C    0.09  0.25  0.19  0.22  0.28  0.28  0.25
  Cf   0.00  0.25  0.12  0.06  0.19  0.31  0.56
  age     0     0     1     2     0     0     0
T3 SPLIT16+16 s996  2.0 с
  g       0    10    20    30    40    50    60
  T    0.04  0.20  0.20  0.20  0.19  0.21  0.19
  C    0.00  0.25  0.19  0.19  0.31  0.19  0.31
  Cf   0.00  0.25  0.19  0.19  0.31  0.19  0.31
  age     0     0     2     3     0     0     0
T3 SPLIT16+16 s996 tour16  2.4 с
  g       0    10    20    30    40    50    60
  T    0.04  0.19  0.24  0.20  0.21  0.20  0.19
  C    0.00  0.38  0.06  0.19  0.31  0.25  0.12
  Cf   0.00  0.38  0.06  0.19  0.31  0.25  0.12
  age     0     0     1     0     1     0     0
T3 SPLIT16+16 s996 tour2  1.5 с
  g       0    10    20    30    40    50    60
  T    0.04  0.12  0.12  0.09  0.19  0.20  0.20
  C    0.00  0.25  0.12  0.06  0.31  0.25  0.44
  Cf   0.00  0.25  0.12  0.06  0.31  0.25  0.44
  age     0     1     0     0     2     0     0
T3 SPLIT16+16 s997  1.8 с
  g       0    10    20    30    40    50    60
  T    0.05  0.21  0.10  0.19  0.22  0.18  0.20
  C    0.00  0.19  0.06  0.19  0.25  0.06  0.25
  Cf   0.00  0.19  0.06  0.19  0.25  0.06  0.25
  age     0     0     0     1     0     1     0
T3 SPLIT16+16 s997 tour16  3.2 с
  g       0    10    20    30    40    50    60
  T    0.05  0.22  0.46  0.43  0.47  0.42  0.45
  C    0.00  0.25  0.31  0.31  0.12  0.25  0.56
  Cf   0.00  0.25  0.31  0.31  0.12  0.25  0.56
  age     0     0     0     0     0     2     0
T3 SPLIT16+16 s997 tour2  1.5 с
  g       0    10    20    30    40    50    60
  T    0.05  0.19  0.10  0.20  0.19  0.22  0.66
  C    0.00  0.25  0.06  0.25  0.19  0.19  0.88
  Cf   0.00  0.25  0.06  0.25  0.19  0.19  0.88
  age     0     9     0     0     2     0     0
T3 SPLIT8+8   s996  1.4 с
  g       0    10    20    30    40    50    60
  T    0.08  0.19  0.19  0.20  0.18  0.20  0.17
  C    0.00  0.12  0.25  0.50  0.12  0.25  0.12
  Cf   0.00  0.12  0.25  0.50  0.12  0.25  0.12
  age     0     0     0     0     0     1     0
T3 SPLIT8+8   s997  1.9 с
  g       0    10    20    30    40    50    60
  T    0.01  0.14  0.02  0.23  0.22  0.19  0.19
  C    0.00  0.12  0.00  0.12  0.12  0.25  0.50
  Cf   0.00  0.12  0.00  0.12  0.12  0.25  0.50
  age     0     0     0     1     0     0     1
T4 AA32       s996  1.9 с
  g       0    10    20    30    40    50    60
  T    0.06  0.52  0.52  0.52  0.52  0.53  0.52
  C    0.28  0.53  0.66  0.59  0.62  0.56  0.53
  Cf   0.12  0.62  0.38  0.62  0.62  0.38  0.50
  age     0     9     0     4     9     3     2
T4 AA32       s997  2.9 с
  g       0    10    20    30    40    50    60
  T    0.25  0.47  0.47  0.48  0.47  0.48  0.48
  C    0.41  0.44  0.53  0.41  0.34  0.41  0.50
  Cf   0.25  0.50  0.50  0.44  0.50  0.44  0.44
  age     0     0     2     3     8     1     5
T4 FIXED32    s996  1.7 с
  g       0    10    20    30    40    50    60
  T    0.09  0.52  0.52  0.52  0.52  0.52  0.52
  C    0.16  0.50  0.50  0.50  0.50  0.50  0.50
  Cf   0.06  0.75  0.56  0.31  0.38  0.25  0.50
  age     0     9    19    29    39    49    59
T4 FIXED32    s997  2.0 с
  g       0    10    20    30    40    50    60
  T    0.24  0.47  0.47  0.47  0.47  0.47  0.48
  C    0.22  0.44  0.44  0.44  0.44  0.44  0.47
  Cf   0.25  0.88  0.69  0.44  0.69  0.38  0.44
  age     0     7    17    27    37    47     2
T4 ORACLE     s996  2.1 с
  g       0    10    20    30    40    50    60
  T    0.16  0.52  0.52  0.52  0.52  0.52  0.52
  C    0.16  0.52  0.52  0.52  0.52  0.52  0.52
  Cf   0.06  0.75  0.56  0.44  0.38  0.25  0.50
  age     0     2    12    22     9    19    29
T4 ORACLE     s997  2.9 с
  g       0    10    20    30    40    50    60
  T    0.24  0.53  0.61  0.61  0.61  0.61  0.62
  C    0.24  0.53  0.61  0.61  0.61  0.61  0.62
  Cf   0.12  0.12  0.56  0.69  0.38  0.62  0.62
  age     0     1     5    15    25     0     7
T4 RANDEVAL   s996  0.6 с
  g       0    10    20    30    40    50    60
  T    0.08  0.00  0.08  0.00  0.11  0.01  0.03
  C    1.00  0.99  1.00  1.00  1.00  1.00  0.99
  Cf   0.00  0.00  0.06  0.00  0.06  0.00  0.00
  age     0     0     0     0     0     0     0
T4 RANDEVAL   s997  0.7 с
  g       0    10    20    30    40    50    60
  T    0.00  0.08  0.07  0.09  0.07  0.07  0.00
  C    0.99  0.99  0.99  1.00  1.00  0.99  0.99
  Cf   0.00  0.12  0.25  0.00  0.00  0.19  0.00
  age     0     0     0     0     0     0     0
T4 SAME16     s996  2.5 с
  g       0    10    20    30    40    50    60
  T    0.16  0.52  0.52  0.52  0.52  0.52  0.52
  C    0.25  0.62  0.62  0.44  0.56  0.62  0.56
  Cf   0.06  0.75  0.56  0.31  0.38  0.25  0.50
  age     0     7    17    27    37     7     0
T4 SAME16     s997  2.5 с
  g       0    10    20    30    40    50    60
  T    0.24  0.47  0.47  0.48  0.48  0.48  0.48
  C    0.31  0.56  0.38  0.44  0.50  0.38  0.69
  Cf   0.25  0.88  0.69  0.44  0.69  0.38  0.44
  age     0     9    19     7    17    27    37
T4 SAME32     s996  1.8 с
  g       0    10    20    30    40    50    60
  T    0.16  0.52  0.52  0.52  0.52  0.52  0.52
  C    0.22  0.53  0.53  0.47  0.62  0.47  0.50
  Cf   0.06  0.75  0.56  0.31  0.38  0.25  0.50
  age     0     4     0    10     1    11    21
T4 SAME32     s997  2.9 с
  g       0    10    20    30    40    50    60
  T    0.24  0.47  0.57  0.74  1.00  1.00  1.00
  C    0.31  0.47  0.56  0.81  1.00  1.00  1.00
  Cf   0.25  0.88  0.75  0.75  1.00  1.00  1.00
  age     0     2     2     1     5    15    25
T4 SPLIT16+16 s996  2.4 с
  g       0    10    20    30    40    50    60
  T    0.16  0.52  0.52  0.52  0.52  0.52  0.52
  C    0.06  0.75  0.56  0.31  0.38  0.25  0.50
  Cf   0.06  0.75  0.56  0.31  0.38  0.25  0.50
  age     0     7    17    27    37     7     0
T4 SPLIT16+16 s997  2.6 с
  g       0    10    20    30    40    50    60
  T    0.24  0.47  0.47  0.48  0.48  0.48  0.48
  C    0.25  0.88  0.69  0.44  0.69  0.38  0.44
  Cf   0.25  0.88  0.69  0.44  0.69  0.38  0.44
  age     0     9    19     7    17    27    37
T4 SPLIT8+8   s996  2.1 с
  g       0    10    20    30    40    50    60
  T    0.08  0.49  0.52  0.52  0.99  1.00  1.00
  C    0.12  0.50  0.75  0.50  1.00  1.00  1.00
  Cf   0.12  0.50  0.75  0.50  1.00  1.00  1.00
  age     0     3     7    17     2     2    12
T4 SPLIT8+8   s997  2.2 с
  g       0    10    20    30    40    50    60
  T    0.07  0.47  0.48  0.48  0.48  0.48  0.48
  C    0.00  0.38  0.88  0.50  0.75  0.38  0.50
  Cf   0.00  0.38  0.88  0.50  0.75  0.38  0.50
  age     0     6     2    12    22    32    42
