== 2026-09-27 15:21:05 старт EVO-06 (pilot), P=3, GENS=60
python 3.11.15 numpy 2.4.6
код 196f78bee456
T1 SPLIT16+16 996 ИОИ 0.649 |C−T| поздн. 0.025 C−T 0.016 незн. 0.268 итог 1.0 labels 1952 1.5 с
T1 SAME32 996 ИОИ 0.591 |C−T| поздн. 0.01 C−T 0.004 незн. 0.133 итог 1.0 labels 1952 1.7 с
T1 FIXED32 996 ИОИ 1.024 |C−T| поздн. 0.043 C−T 0.043 незн. 0.989 итог 0.012 labels 32 2.5 с
T1 SAME16 996 ИОИ 0.654 |C−T| поздн. 0.008 C−T -0.003 незн. 0.268 итог 1.0 labels 976 1.4 с
T1 AA32 996 ИОИ 0.696 |C−T| поздн. 0.011 C−T 0.011 незн. 0.346 итог 1.0 labels 1952 1.7 с
T1 RANDEVAL 996 ИОИ 1.995 |C−T| поздн. 0.995 C−T 0.995 незн. 1.0 итог 0.009 labels 0 0.5 с
T1 SPLIT8+8 996 ИОИ 0.999 |C−T| поздн. 0.017 C−T -0.001 незн. 0.991 итог 0.009 labels 976 1.6 с
T1 ORACLE 996 ИОИ 0.145 |C−T| поздн. 0.0 C−T 0.0 незн. 0.0 итог 1.0 labels 1000 2.0 с
T3 FIXED32 996 ИОИ 0.886 |C−T| поздн. 0.084 C−T 0.084 незн. 0.803 итог 0.197 labels 32 2.3 с
T3 SAME32 996 ИОИ 0.899 |C−T| поздн. 0.1 C−T 0.099 незн. 0.813 итог 0.197 labels 1952 2.5 с
T3 SPLIT16+16 996 ИОИ 0.849 |C−T| поздн. 0.068 C−T 0.012 незн. 0.814 итог 0.188 labels 1952 2.1 с
T3 AA32 996 ИОИ 0.797 |C−T| поздн. 0.099 C−T 0.082 незн. 0.558 итог 0.663 labels 1952 1.6 с
T3 RANDEVAL 996 ИОИ 1.972 |C−T| поздн. 0.984 C−T 0.984 незн. 0.986 итог 0.014 labels 0 0.5 с
T3 SAME16 996 ИОИ 0.932 |C−T| поздн. 0.16 C−T 0.16 незн. 0.814 итог 0.188 labels 976 1.9 с
T3 SPLIT8+8 996 ИОИ 0.882 |C−T| поздн. 0.11 C−T 0.009 незн. 0.809 итог 0.169 labels 976 1.4 с
T4 SAME32 996 ИОИ 0.539 |C−T| поздн. 0.069 C−T -0.001 незн. 0.477 итог 0.523 labels 1952 1.3 с
T4 FIXED32 996 ИОИ 0.493 |C−T| поздн. 0.015 C−T -0.015 незн. 0.485 итог 0.515 labels 32 2.0 с
T3 ORACLE 996 ИОИ 0.768 |C−T| поздн. 0.0 C−T 0.0 незн. 0.765 итог 0.235 labels 1000 3.5 с
T4 SPLIT16+16 996 ИОИ 0.547 |C−T| поздн. 0.126 C−T -0.006 незн. 0.482 итог 0.517 labels 1952 2.3 с
T4 AA32 996 ИОИ 0.524 |C−T| поздн. 0.078 C−T -0.018 незн. 0.479 итог 0.516 labels 1952 2.2 с
T4 RANDEVAL 996 ИОИ 1.902 |C−T| поздн. 0.934 C−T 0.934 незн. 0.937 итог 0.032 labels 0 0.6 с
T4 SAME16 996 ИОИ 0.555 |C−T| поздн. 0.104 C−T -0.018 незн. 0.482 итог 0.517 labels 976 2.1 с
T4 SPLIT8+8 996 ИОИ 0.362 |C−T| поздн. 0.036 C−T -0.018 незн. 0.115 итог 1.0 labels 976 2.0 с
T4 ORACLE 996 ИОИ 0.495 |C−T| поздн. 0.0 C−T 0.0 незн. 0.477 итог 0.523 labels 1000 2.2 с
T3 SAME32 996 ИОИ 0.915 |C−T| поздн. 0.1 C−T 0.1 незн. 0.812 итог 0.186 labels 1952 2.0 с
T3 SPLIT16+16 996 ИОИ 0.909 |C−T| поздн. 0.088 C−T 0.047 незн. 0.822 итог 0.205 labels 1952 1.5 с
T3 SPLIT16+16 996 ИОИ 0.858 |C−T| поздн. 0.066 C−T 0.023 незн. 0.827 итог 0.194 labels 1952 2.3 с
T3 SAME32 996 ИОИ 0.893 |C−T| поздн. 0.105 C−T 0.1 незн. 0.803 итог 0.196 labels 1952 2.9 с
T1 FIXED32 997 ИОИ 1.042 |C−T| поздн. 0.073 C−T 0.073 незн. 0.979 итог 0.021 labels 32 2.6 с
T1 AA32 997 ИОИ 1.019 |C−T| поздн. 0.036 C−T 0.033 незн. 0.987 итог 0.008 labels 1952 1.3 с
T1 SAME32 997 ИОИ 1.014 |C−T| поздн. 0.028 C−T 0.022 незн. 0.992 итог 0.006 labels 1952 1.7 с
T1 SPLIT16+16 997 ИОИ 1.003 |C−T| поздн. 0.019 C−T 0.006 незн. 0.991 итог 0.014 labels 1952 1.7 с
T1 RANDEVAL 997 ИОИ 1.996 |C−T| поздн. 0.996 C−T 0.996 незн. 0.999 итог 0.0 labels 0 0.7 с
T1 SPLIT8+8 997 ИОИ 0.998 |C−T| поздн. 0.015 C−T 0.0 незн. 0.992 итог 0.004 labels 976 1.4 с
T1 SAME16 997 ИОИ 1.015 |C−T| поздн. 0.03 C−T 0.02 незн. 0.991 итог 0.014 labels 976 2.0 с
T3 FIXED32 997 ИОИ 0.801 |C−T| поздн. 0.024 C−T 0.024 незн. 0.774 итог 0.226 labels 32 2.1 с
T3 SAME32 997 ИОИ 0.893 |C−T| поздн. 0.096 C−T 0.088 незн. 0.811 итог 0.189 labels 1952 1.9 с
T1 ORACLE 997 ИОИ 0.977 |C−T| поздн. 0.0 C−T 0.0 незн. 0.971 итог 0.029 labels 1000 2.9 с
T3 SPLIT16+16 997 ИОИ 0.848 |C−T| поздн. 0.07 C−T -0.04 незн. 0.806 итог 0.204 labels 1952 1.5 с
T3 SAME16 997 ИОИ 0.927 |C−T| поздн. 0.142 C−T 0.131 незн. 0.806 итог 0.204 labels 976 1.9 с
T3 AA32 997 ИОИ 0.536 |C−T| поздн. 0.077 C−T -0.005 незн. 0.349 итог 0.651 labels 1952 2.1 с
T3 RANDEVAL 997 ИОИ 1.972 |C−T| поздн. 0.983 C−T 0.983 незн. 0.987 итог 0.0 labels 0 0.7 с
T3 SPLIT8+8 997 ИОИ 0.891 |C−T| поздн. 0.11 C−T -0.015 незн. 0.802 итог 0.194 labels 976 1.9 с
T4 FIXED32 997 ИОИ 0.539 |C−T| поздн. 0.031 C−T -0.031 незн. 0.528 итог 0.479 labels 32 2.2 с
T3 ORACLE 997 ИОИ 0.567 |C−T| поздн. 0.0 C−T 0.0 незн. 0.465 итог 0.678 labels 1000 3.4 с
T4 SAME32 997 ИОИ 0.299 |C−T| поздн. 0.008 C−T 0.001 незн. 0.035 итог 1.0 labels 1952 2.8 с
T4 SPLIT16+16 997 ИОИ 0.618 |C−T| поздн. 0.118 C−T 0.041 незн. 0.52 итог 0.48 labels 1952 2.7 с
T4 AA32 997 ИОИ 0.585 |C−T| поздн. 0.074 C−T 0.029 незн. 0.525 итог 0.48 labels 1952 2.8 с
T4 SAME16 997 ИОИ 0.588 |C−T| поздн. 0.094 C−T 0.014 незн. 0.52 итог 0.48 labels 976 2.2 с
T4 RANDEVAL 997 ИОИ 1.922 |C−T| поздн. 0.956 C−T 0.956 незн. 0.959 итог 0.004 labels 0 0.5 с
T4 SPLIT8+8 997 ИОИ 0.657 |C−T| поздн. 0.151 C−T 0.07 незн. 0.52 итог 0.48 labels 976 1.9 с
T3 SAME32 997 ИОИ 0.897 |C−T| поздн. 0.078 C−T 0.075 незн. 0.807 итог 0.221 labels 1952 2.0 с
T4 ORACLE 997 ИОИ 0.418 |C−T| поздн. 0.0 C−T 0.0 незн. 0.388 итог 0.619 labels 1000 2.6 с
T3 SPLIT16+16 997 ИОИ 0.818 |C−T| поздн. 0.081 C−T 0.003 незн. 0.739 итог 0.655 labels 1952 1.6 с
T3 SAME32 997 ИОИ 0.738 |C−T| поздн. 0.087 C−T 0.075 незн. 0.62 итог 0.41 labels 1952 2.0 с
T3 SPLIT16+16 997 ИОИ 0.665 |C−T| поздн. 0.109 C−T -0.053 незн. 0.565 итог 0.453 labels 1952 2.7 с
== 2026-09-27 15:21:44 EVO-06 (pilot) готово: 56 файлов
== 2026-09-27 15:55:16 старт EVO-06 (pilot), P=3, GENS=60
python 3.11.15 numpy 2.4.6
код 50ae664e0cc4
T1 SPLIT16+16 996 ИОИ 0.649 |C−T| поздн. 0.025 C−T 0.016 незн. 0.268 итог 1.0 labels 1952 1.5 с
T1 SAME32 996 ИОИ 0.591 |C−T| поздн. 0.01 C−T 0.004 незн. 0.133 итог 1.0 labels 1952 1.7 с
T1 FIXED32 996 ИОИ 1.024 |C−T| поздн. 0.043 C−T 0.043 незн. 0.989 итог 0.012 labels 32 2.3 с
T1 AA32 996 ИОИ 0.696 |C−T| поздн. 0.011 C−T 0.011 незн. 0.346 итог 1.0 labels 1952 1.5 с
T1 SAME16 996 ИОИ 0.654 |C−T| поздн. 0.008 C−T -0.003 незн. 0.268 итог 1.0 labels 976 1.5 с
T1 RANDEVAL 996 ИОИ 1.995 |C−T| поздн. 0.995 C−T 0.995 незн. 1.0 итог 0.009 labels 0 0.7 с
T1 SPLIT8+8 996 ИОИ 0.999 |C−T| поздн. 0.017 C−T -0.001 незн. 0.991 итог 0.009 labels 976 1.7 с
T1 ORACLE 996 ИОИ 0.145 |C−T| поздн. 0.0 C−T 0.0 незн. 0.0 итог 1.0 labels 1000 1.8 с
T3 FIXED32 996 ИОИ 0.886 |C−T| поздн. 0.084 C−T 0.084 незн. 0.803 итог 0.197 labels 32 2.1 с
T3 SAME32 996 ИОИ 0.899 |C−T| поздн. 0.1 C−T 0.099 незн. 0.813 итог 0.197 labels 1952 2.5 с
T3 SPLIT16+16 996 ИОИ 0.849 |C−T| поздн. 0.068 C−T 0.012 незн. 0.814 итог 0.188 labels 1952 2.0 с
T3 AA32 996 ИОИ 0.797 |C−T| поздн. 0.099 C−T 0.082 незн. 0.558 итог 0.663 labels 1952 1.8 с
T3 SAME16 996 ИОИ 0.932 |C−T| поздн. 0.16 C−T 0.16 незн. 0.814 итог 0.188 labels 976 1.7 с
T3 RANDEVAL 996 ИОИ 1.972 |C−T| поздн. 0.984 C−T 0.984 незн. 0.986 итог 0.014 labels 0 0.5 с
T3 SPLIT8+8 996 ИОИ 0.882 |C−T| поздн. 0.11 C−T 0.009 незн. 0.809 итог 0.169 labels 976 1.4 с
T4 FIXED32 996 ИОИ 0.493 |C−T| поздн. 0.015 C−T -0.015 незн. 0.485 итог 0.515 labels 32 1.7 с
T4 SAME32 996 ИОИ 0.539 |C−T| поздн. 0.069 C−T -0.001 незн. 0.477 итог 0.523 labels 1952 1.8 с
T3 ORACLE 996 ИОИ 0.768 |C−T| поздн. 0.0 C−T 0.0 незн. 0.765 итог 0.235 labels 1000 3.4 с
T4 AA32 996 ИОИ 0.524 |C−T| поздн. 0.078 C−T -0.018 незн. 0.479 итог 0.516 labels 1952 1.9 с
T4 SPLIT16+16 996 ИОИ 0.547 |C−T| поздн. 0.126 C−T -0.006 незн. 0.482 итог 0.517 labels 1952 2.4 с
T4 RANDEVAL 996 ИОИ 1.902 |C−T| поздн. 0.934 C−T 0.934 незн. 0.937 итог 0.032 labels 0 0.6 с
T4 SAME16 996 ИОИ 0.555 |C−T| поздн. 0.104 C−T -0.018 незн. 0.482 итог 0.517 labels 976 2.5 с
T4 SPLIT8+8 996 ИОИ 0.362 |C−T| поздн. 0.036 C−T -0.018 незн. 0.115 итог 1.0 labels 976 2.1 с
T4 ORACLE 996 ИОИ 0.495 |C−T| поздн. 0.0 C−T 0.0 незн. 0.477 итог 0.523 labels 1000 2.1 с
T3 SAME32 996 ИОИ 0.915 |C−T| поздн. 0.1 C−T 0.1 незн. 0.812 итог 0.186 labels 1952 1.7 с
T3 SPLIT16+16 996 ИОИ 0.909 |C−T| поздн. 0.088 C−T 0.047 незн. 0.822 итог 0.205 labels 1952 1.5 с
T3 SPLIT16+16 996 ИОИ 0.858 |C−T| поздн. 0.066 C−T 0.023 незн. 0.827 итог 0.194 labels 1952 2.4 с
T3 SAME32 996 ИОИ 0.893 |C−T| поздн. 0.105 C−T 0.1 незн. 0.803 итог 0.196 labels 1952 3.0 с
T1 FIXED32 997 ИОИ 1.042 |C−T| поздн. 0.073 C−T 0.073 незн. 0.979 итог 0.021 labels 32 3.0 с
T1 SAME32 997 ИОИ 1.014 |C−T| поздн. 0.028 C−T 0.022 незн. 0.992 итог 0.006 labels 1952 1.4 с
T1 SPLIT16+16 997 ИОИ 1.003 |C−T| поздн. 0.019 C−T 0.006 незн. 0.991 итог 0.014 labels 1952 1.8 с
T1 AA32 997 ИОИ 1.019 |C−T| поздн. 0.036 C−T 0.033 незн. 0.987 итог 0.008 labels 1952 1.8 с
T1 SAME16 997 ИОИ 1.015 |C−T| поздн. 0.03 C−T 0.02 незн. 0.991 итог 0.014 labels 976 1.8 с
T1 RANDEVAL 997 ИОИ 1.996 |C−T| поздн. 0.996 C−T 0.996 незн. 0.999 итог 0.0 labels 0 0.6 с
T1 SPLIT8+8 997 ИОИ 0.998 |C−T| поздн. 0.015 C−T 0.0 незн. 0.992 итог 0.004 labels 976 1.5 с
T3 SAME32 997 ИОИ 0.893 |C−T| поздн. 0.096 C−T 0.088 незн. 0.811 итог 0.189 labels 1952 1.7 с
T3 FIXED32 997 ИОИ 0.801 |C−T| поздн. 0.024 C−T 0.024 незн. 0.774 итог 0.226 labels 32 2.2 с
T1 ORACLE 997 ИОИ 0.977 |C−T| поздн. 0.0 C−T 0.0 незн. 0.971 итог 0.029 labels 1000 2.9 с
T3 SPLIT16+16 997 ИОИ 0.848 |C−T| поздн. 0.07 C−T -0.04 незн. 0.806 итог 0.204 labels 1952 1.8 с
T3 AA32 997 ИОИ 0.536 |C−T| поздн. 0.077 C−T -0.005 незн. 0.349 итог 0.651 labels 1952 2.2 с
T3 SAME16 997 ИОИ 0.927 |C−T| поздн. 0.142 C−T 0.131 незн. 0.806 итог 0.204 labels 976 1.8 с
T3 RANDEVAL 997 ИОИ 1.972 |C−T| поздн. 0.983 C−T 0.983 незн. 0.987 итог 0.0 labels 0 0.6 с
T3 SPLIT8+8 997 ИОИ 0.891 |C−T| поздн. 0.11 C−T -0.015 незн. 0.802 итог 0.194 labels 976 1.9 с
T4 FIXED32 997 ИОИ 0.539 |C−T| поздн. 0.031 C−T -0.031 незн. 0.528 итог 0.479 labels 32 2.0 с
T3 ORACLE 997 ИОИ 0.567 |C−T| поздн. 0.0 C−T 0.0 незн. 0.465 итог 0.678 labels 1000 3.6 с
T4 SAME32 997 ИОИ 0.299 |C−T| поздн. 0.008 C−T 0.001 незн. 0.035 итог 1.0 labels 1952 2.9 с
T4 SPLIT16+16 997 ИОИ 0.618 |C−T| поздн. 0.118 C−T 0.041 незн. 0.52 итог 0.48 labels 1952 2.6 с
T4 SAME16 997 ИОИ 0.588 |C−T| поздн. 0.094 C−T 0.014 незн. 0.52 итог 0.48 labels 976 2.5 с
T4 AA32 997 ИОИ 0.585 |C−T| поздн. 0.074 C−T 0.029 незн. 0.525 итог 0.48 labels 1952 2.9 с
T4 RANDEVAL 997 ИОИ 1.922 |C−T| поздн. 0.956 C−T 0.956 незн. 0.959 итог 0.004 labels 0 0.7 с
T4 SPLIT8+8 997 ИОИ 0.657 |C−T| поздн. 0.151 C−T 0.07 незн. 0.52 итог 0.48 labels 976 2.2 с
T3 SPLIT16+16 997 ИОИ 0.818 |C−T| поздн. 0.081 C−T 0.003 незн. 0.739 итог 0.655 labels 1952 1.5 с
T3 SAME32 997 ИОИ 0.897 |C−T| поздн. 0.078 C−T 0.075 незн. 0.807 итог 0.221 labels 1952 1.9 с
T4 ORACLE 997 ИОИ 0.418 |C−T| поздн. 0.0 C−T 0.0 незн. 0.388 итог 0.619 labels 1000 2.9 с
T3 SAME32 997 ИОИ 0.738 |C−T| поздн. 0.087 C−T 0.075 незн. 0.62 итог 0.41 labels 1952 2.2 с
T3 SPLIT16+16 997 ИОИ 0.665 |C−T| поздн. 0.109 C−T -0.053 незн. 0.565 итог 0.453 labels 1952 3.2 с
== 2026-09-27 15:55:56 EVO-06 (pilot) готово: 56 файлов
