A0 11 0 1.8023 1.213 3.4
A0 11 100 1.7933 1.2208 15.2
A0 11 200 1.7868 1.2164 27.3
A0 11 300 1.776 1.218 39.4
A0 11 400 1.7546 1.2198 51.7
A0 11 500 1.7454 1.2217 64.5
A0 11 600 1.7459 1.2161 76.9
A0 11 700 1.7292 1.2202 89.8
A0 11 800 1.732 1.2295 102.8
A0 11 900 1.7314 1.2173 115.6
A0 11 1000 1.7115 1.2231 128.0
A0 11 1100 1.7128 1.2183 140.4
A0 11 1200 1.7106 1.219 152.8
A0 11 1300 1.73 1.2186 164.6
A0 11 1400 1.7121 1.2174 177.2
A0 11 1500 1.7206 1.2284 189.5
A0 11 1600 1.715 1.2191 202.2
A0 11 1700 1.7192 1.222 214.2
A0 11 1800 1.7184 1.2165 226.9
A0 11 1900 1.725 1.2171 239.5
done 251.9
