A0 12 0 1.8037 1.219 3.6
A0 12 100 1.7883 1.2203 16.6
A0 12 200 1.784 1.2231 28.3
A0 12 300 1.7694 1.2173 40.1
A0 12 400 1.762 1.2252 52.0
A0 12 500 1.7283 1.2194 64.7
A0 12 600 1.7246 1.2201 77.3
A0 12 700 1.7267 1.2166 89.6
A0 12 800 1.7292 1.2187 101.8
A0 12 900 1.7207 1.2156 114.6
A0 12 1000 1.7215 1.2208 126.8
A0 12 1100 1.7058 1.2246 139.6
A0 12 1200 1.7233 1.2221 151.8
A0 12 1300 1.7267 1.2141 164.8
A0 12 1400 1.7233 1.2147 177.6
A0 12 1500 1.7157 1.2209 190.1
A0 12 1600 1.7237 1.2163 202.2
A0 12 1700 1.7279 1.219 214.6
A0 12 1800 1.7154 1.2189 226.6
A0 12 1900 1.717 1.2124 239.1
done 251.5
