A0 10 0 1.7995 1.2209 3.6
A0 10 100 1.7925 1.2191 15.6
A0 10 200 1.7873 1.2164 27.7
A0 10 300 1.7805 1.2177 40.3
A0 10 400 1.7637 1.226 53.2
A0 10 500 1.7372 1.2113 65.6
A0 10 600 1.7302 1.2208 77.4
A0 10 700 1.7276 1.2198 89.2
A0 10 800 1.7186 1.2198 101.6
A0 10 900 1.7101 1.2234 114.1
A0 10 1000 1.71 1.2174 126.3
A0 10 1100 1.7151 1.2234 139.3
A0 10 1200 1.7146 1.2194 151.8
A0 10 1300 1.7058 1.2246 164.1
A0 10 1400 1.72 1.2118 176.8
A0 10 1500 1.731 1.2251 189.3
A0 10 1600 1.7171 1.2182 204.3
A0 10 1700 1.7221 1.2184 216.9
A0 10 1800 1.7197 1.2248 229.8
A0 10 1900 1.7255 1.216 242.0
done 254.1
