ctrl 0 0.281 world
AA 11 0 1.8023 1.213 4.8
AA 11 100 1.7936 1.0082 17.3
AA 11 200 1.7875 1.009 29.5
ctrl 250 0.261 world
AA 11 300 1.7726 1.0059 42.3
AA 11 400 1.7516 1.008 54.7
ctrl 500 0.891 world
AA 11 500 1.7449 1.0083 67.0
AA 11 600 1.7474 1.0044 79.4
AA 11 700 1.7363 1.0073 91.9
ctrl 750 0.959 self
AA 11 800 1.7314 0.983 105.0
AA 11 900 1.7299 0.9944 117.1
ctrl 1000 0.963 self
AA 11 1000 1.7128 0.9627 130.2
AA 11 1100 1.7136 0.9733 142.5
AA 11 1200 1.7115 0.9568 154.8
ctrl 1250 0.958 self
AA 11 1300 1.7287 0.993 167.5
AA 11 1400 1.7124 0.974 180.5
ctrl 1500 0.97 self
AA 11 1500 1.7195 0.9592 195.9
AA 11 1600 1.7108 0.9827 210.5
AA 11 1700 1.7187 0.9645 224.8
ctrl 1750 0.959 self
AA 11 1800 1.7183 0.9671 247.1
AA 11 1900 1.7228 0.9614 259.7
ctrl 2000 0.964 self
done 272.2
