ctrl 0 0.291 world
AA 12 0 1.8037 1.219 4.5
AA 12 100 1.7891 1.0045 16.6
AA 12 200 1.7849 1.0083 29.0
ctrl 250 0.118 world
AA 12 300 1.7744 1.0047 41.6
AA 12 400 1.7616 1.0073 53.9
ctrl 500 0.841 world
AA 12 500 1.7479 1.0058 66.5
AA 12 600 1.7388 1.0 79.3
AA 12 700 1.7382 1.0033 92.4
ctrl 750 0.95 world
AA 12 800 1.732 1.0031 106.1
AA 12 900 1.7277 1.0014 119.6
ctrl 1000 0.961 self
AA 12 1000 1.7242 0.9795 133.3
AA 12 1100 1.7096 0.9564 146.2
AA 12 1200 1.7241 0.9802 159.1
ctrl 1250 0.963 self
AA 12 1300 1.7286 0.9811 172.7
AA 12 1400 1.7246 0.9756 185.5
ctrl 1500 0.97 self
AA 12 1500 1.7164 0.9737 198.9
AA 12 1600 1.7241 0.9588 212.0
AA 12 1700 1.7284 0.9706 225.1
ctrl 1750 0.971 self
AA 12 1800 1.7152 0.9583 239.1
AA 12 1900 1.7174 0.9832 252.0
ctrl 2000 0.972 self
done 260.2
