ctrl 0 0.428 world
AA 10 0 1.7995 1.2209 4.2
AA 10 100 1.7918 1.007 16.0
AA 10 200 1.7878 1.0123 28.3
ctrl 250 0.18 world
AA 10 300 1.7749 1.0064 40.8
AA 10 400 1.7635 1.0053 53.2
ctrl 500 0.388 world
AA 10 500 1.7471 1.0052 65.6
AA 10 600 1.7444 1.0072 78.3
AA 10 700 1.7309 1.0037 90.9
ctrl 750 0.946 world
AA 10 800 1.7211 1.0006 103.2
AA 10 900 1.7128 1.0024 115.4
ctrl 1000 0.969 self
AA 10 1000 1.7112 0.9653 128.3
AA 10 1100 1.7166 0.9544 140.4
AA 10 1200 1.7136 0.968 152.1
ctrl 1250 0.976 self
AA 10 1300 1.7036 0.9743 165.1
AA 10 1400 1.7191 0.976 177.4
ctrl 1500 0.973 self
AA 10 1500 1.7314 0.974 190.0
AA 10 1600 1.7172 0.9634 202.4
AA 10 1700 1.7229 0.9793 215.5
ctrl 1750 0.965 self
AA 10 1800 1.719 0.9641 228.7
AA 10 1900 1.7247 0.9595 241.2
ctrl 2000 0.959 self
done 254.0
