AS 10 0 1.7995 2.4895 3.2
AS 10 100 1.7921 1.0234 15.9
AS 10 200 1.7872 1.0272 28.3
AS 10 300 1.7728 1.0264 41.0
AS 10 400 1.7661 1.0172 53.2
AS 10 500 1.75 0.9922 65.9
AS 10 600 1.7483 1.0023 77.9
AS 10 700 1.7409 0.9843 90.1
AS 10 800 1.7336 0.9755 102.8
AS 10 900 1.7181 0.9779 115.3
AS 10 1000 1.7134 0.9595 128.2
AS 10 1100 1.7142 0.9467 141.1
AS 10 1200 1.7139 0.9654 154.1
AS 10 1300 1.7044 0.9727 166.8
AS 10 1400 1.7205 0.9778 179.4
AS 10 1500 1.7332 0.9781 191.7
AS 10 1600 1.7177 0.961 204.1
AS 10 1700 1.724 0.9771 216.0
AS 10 1800 1.7186 0.965 228.1
AS 10 1900 1.7252 0.96 240.2
done 252.4
