AS 12 0 1.8037 2.5007 3.4
AS 12 100 1.7902 1.0229 15.7
AS 12 200 1.7873 1.0166 28.3
AS 12 300 1.777 1.0114 41.1
AS 12 400 1.7679 1.0457 53.5
AS 12 500 1.7529 1.0109 66.3
AS 12 600 1.7424 0.9695 79.0
AS 12 700 1.7345 0.9869 91.6
AS 12 800 1.7289 0.96 105.0
AS 12 900 1.7273 0.9689 118.3
AS 12 1000 1.7215 0.9756 131.6
AS 12 1100 1.7093 0.9536 144.6
AS 12 1200 1.7263 0.9784 157.6
AS 12 1300 1.7291 0.977 170.5
AS 12 1400 1.7233 0.9723 183.4
AS 12 1500 1.7163 0.973 196.5
AS 12 1600 1.7233 0.9568 209.4
AS 12 1700 1.7274 0.9718 222.5
AS 12 1800 1.7136 0.9595 235.5
AS 12 1900 1.7173 0.9822 248.6
done 261.3
