AS 11 0 1.8023 2.3553 3.3
AS 11 100 1.7956 1.0327 15.5
AS 11 200 1.7897 1.0148 28.3
AS 11 300 1.7715 1.0064 40.5
AS 11 400 1.7548 1.0093 52.7
AS 11 500 1.7477 1.0052 65.1
AS 11 600 1.7488 0.9903 77.7
AS 11 700 1.7427 0.9894 89.5
AS 11 800 1.7475 0.9854 102.0
AS 11 900 1.7414 0.9942 114.8
AS 11 1000 1.731 0.968 127.4
AS 11 1100 1.7177 0.9685 140.0
AS 11 1200 1.7158 0.9611 152.3
AS 11 1300 1.7346 0.9973 164.5
AS 11 1400 1.717 0.9703 176.7
AS 11 1500 1.7228 0.9571 190.4
AS 11 1600 1.7158 0.9811 204.8
AS 11 1700 1.7206 0.9658 219.6
AS 11 1800 1.7187 0.9701 234.9
AS 11 1900 1.7252 0.9633 255.1
done 267.7
