AW 10 0 1.7995 1.2209 3.7
AW 10 100 1.7918 1.007 15.6
AW 10 200 1.7878 1.0123 28.1
AW 10 300 1.7749 1.0064 40.9
AW 10 400 1.7635 1.0053 52.9
AW 10 500 1.7471 1.0052 65.4
AW 10 600 1.7444 1.0072 78.2
AW 10 700 1.7309 1.0037 90.8
AW 10 800 1.7211 1.0006 103.1
AW 10 900 1.7128 1.0024 115.1
AW 10 1000 1.7112 0.9941 127.9
AW 10 1100 1.7173 0.9936 140.8
AW 10 1200 1.7134 0.9996 153.2
AW 10 1300 1.704 1.0 165.8
AW 10 1400 1.7192 1.0006 178.4
AW 10 1500 1.7311 1.0007 190.9
AW 10 1600 1.7169 0.9972 205.8
AW 10 1700 1.7231 1.0028 218.0
AW 10 1800 1.719 0.9997 230.4
AW 10 1900 1.725 0.9979 242.7
done 255.2
