AW 11 0 1.8023 1.213 3.6
AW 11 100 1.7936 1.0082 16.0
AW 11 200 1.7875 1.009 28.6
AW 11 300 1.7726 1.0059 41.0
AW 11 400 1.7516 1.008 53.5
AW 11 500 1.7449 1.0083 65.8
AW 11 600 1.7474 1.0044 78.0
AW 11 700 1.7363 1.0073 89.8
AW 11 800 1.7317 1.005 102.2
AW 11 900 1.7291 1.0062 114.4
AW 11 1000 1.7117 0.9999 127.0
AW 11 1100 1.7118 0.996 139.4
AW 11 1200 1.7104 0.9939 152.4
AW 11 1300 1.7286 1.0087 165.3
AW 11 1400 1.7115 1.0 178.5
AW 11 1500 1.7197 1.0008 190.9
AW 11 1600 1.7118 1.0037 203.5
AW 11 1700 1.7189 0.9982 216.3
AW 11 1800 1.718 0.9984 228.4
AW 11 1900 1.7231 0.9944 240.7
done 252.9
