AW 12 0 1.8037 1.219 3.5
AW 12 100 1.7891 1.0045 16.2
AW 12 200 1.7849 1.0083 28.9
AW 12 300 1.7744 1.0047 41.5
AW 12 400 1.7616 1.0073 53.6
AW 12 500 1.7479 1.0058 65.6
AW 12 600 1.7388 1.0 77.8
AW 12 700 1.7382 1.0033 90.2
AW 12 800 1.732 1.0031 102.3
AW 12 900 1.7277 1.0014 114.7
AW 12 1000 1.7242 1.0047 127.0
AW 12 1100 1.7093 0.9935 139.8
AW 12 1200 1.7226 1.0019 152.0
AW 12 1300 1.7289 1.0046 163.8
AW 12 1400 1.724 0.9965 175.9
AW 12 1500 1.7167 1.0013 188.5
AW 12 1600 1.7246 0.9942 200.7
AW 12 1700 1.7284 0.9975 213.1
AW 12 1800 1.7147 0.9958 225.6
AW 12 1900 1.7175 1.0017 237.6
done 250.1
