T1 MIRROR_25 34 ИОИ 1.566 правда 0.029 n None 7.7 с
T1 MIRROR_0 34 ИОИ 1.56 правда 0.019 n None 11.0 с
T1 MIRROR_50 34 ИОИ 1.535 правда 0.024 n None 6.9 с
T1 LIFE2 34 ИОИ 1.026 правда 0.011 n 300 1.5 с
T1 MIRROR_100 34 ИОИ 0.822 правда 0.483 n None 7.2 с
T1 TWO 34 ИОИ 0.238 правда 1.0 n 300 10.1 с
T2 BASE 34 ИОИ 0.053 правда 1.0 n 300 11.1 с
T2 MIRROR_0 34 ИОИ 1.023 правда 0.487 n None 10.4 с
T2 MIRROR_25 34 ИОИ 0.129 правда 1.0 n None 7.4 с
T2 MIRROR_50 34 ИОИ 0.301 правда 1.0 n None 7.4 с
T2 MIRROR_100 34 ИОИ 0.094 правда 1.0 n None 11.6 с
T2 LIFE2 34 ИОИ 0.538 правда 0.582 n 300 4.6 с
T3 BASE 34 ИОИ 0.916 правда 0.395 n 300 9.0 с
T2 TWO 34 ИОИ 0.444 правда 1.0 n 300 12.3 с
T3 MIRROR_25 34 ИОИ 1.602 правда 0.042 n None 5.1 с
T3 MIRROR_0 34 ИОИ 1.714 правда 0.061 n None 10.7 с
T3 MIRROR_50 34 ИОИ 1.572 правда 0.068 n None 7.3 с
T3 LIFE2 34 ИОИ 0.934 правда 0.198 n 300 2.3 с
T3 MIRROR_100 34 ИОИ 1.42 правда 0.069 n None 9.2 с
T4 BASE 34 ИОИ 0.358 правда 0.911 n 300 8.5 с
T3 TWO 34 ИОИ 0.963 правда 0.16 n 300 12.4 с
T4 TWO 34 ИОИ 0.055 правда 1.0 n 300 11.1 с
T5 BASE 34 ИОИ 0.114 правда 0.987 n 300 10.3 с
T6 BASE 34 ИОИ 0.157 правда 1.0 n 300 6.9 с
T5 TWO 34 ИОИ 0.145 правда 1.0 n 300 11.4 с
T6 TWO 34 ИОИ 1.009 правда 0.015 n 300 8.6 с
T1 BASE 35 ИОИ 1.021 правда 0.011 n 300 5.0 с
T1 MIRROR_25 35 ИОИ 0.095 правда 1.0 n None 8.4 с
T1 MIRROR_0 35 ИОИ 1.618 правда 0.035 n None 10.5 с
T1 MIRROR_50 35 ИОИ 1.491 правда 0.043 n None 7.0 с
T1 LIFE2 35 ИОИ 1.017 правда 0.0 n 300 1.4 с
T1 MIRROR_100 35 ИОИ 0.085 правда 1.0 n None 7.0 с
T1 TWO 35 ИОИ 1.014 правда 0.016 n 300 10.8 с
T2 BASE 35 ИОИ 0.416 правда 1.0 n 300 10.8 с
T2 MIRROR_0 35 ИОИ 0.979 правда 0.509 n None 7.6 с
T2 MIRROR_25 35 ИОИ 0.049 правда 1.0 n None 9.9 с
T2 MIRROR_50 35 ИОИ 0.025 правда 1.0 n None 10.7 с
T2 MIRROR_100 35 ИОИ 0.206 правда 1.0 n None 11.0 с
T2 LIFE2 35 ИОИ 0.514 правда 0.569 n 300 3.2 с
T3 BASE 35 ИОИ 0.606 правда 0.687 n 300 7.4 с
T2 TWO 35 ИОИ 0.03 правда 1.0 n 300 13.8 с
T3 MIRROR_0 35 ИОИ 1.714 правда 0.07 n None 6.4 с
T3 MIRROR_25 35 ИОИ 1.647 правда 0.039 n None 6.6 с
T3 MIRROR_50 35 ИОИ 1.424 правда 0.247 n None 9.2 с
T3 LIFE2 35 ИОИ 1.056 правда 0.021 n 300 2.4 с
T3 MIRROR_100 35 ИОИ 1.418 правда 0.055 n None 9.2 с
T4 BASE 35 ИОИ 0.471 правда 0.655 n 300 8.8 с
T3 TWO 35 ИОИ 0.859 правда 0.234 n 300 16.0 с
T5 BASE 35 ИОИ 0.52 правда 0.559 n 300 5.8 с
T4 TWO 35 ИОИ 0.088 правда 1.0 n 300 13.8 с
T5 TWO 35 ИОИ 0.115 правда 0.998 n 300 10.3 с
T6 BASE 35 ИОИ 0.007 правда 1.0 n 300 6.1 с
T1 BASE 36 ИОИ 1.008 правда 0.012 n 300 6.6 с
T6 TWO 35 ИОИ 0.044 правда 1.0 n 300 9.4 с
T1 MIRROR_0 36 ИОИ 1.615 правда 0.032 n None 11.0 с
T1 MIRROR_25 36 ИОИ 1.57 правда 0.031 n None 9.4 с
T1 MIRROR_100 36 ИОИ 1.409 правда 0.024 n None 7.6 с
T1 LIFE2 36 ИОИ 1.023 правда 0.0 n 300 1.3 с
T1 MIRROR_50 36 ИОИ 1.512 правда 0.041 n None 13.7 с
T1 TWO 36 ИОИ 0.26 правда 1.0 n 300 8.6 с
T2 BASE 36 ИОИ 0.043 правда 1.0 n 300 9.9 с
T2 MIRROR_0 36 ИОИ 0.954 правда 0.522 n None 9.3 с
T2 MIRROR_25 36 ИОИ 0.114 правда 1.0 n None 10.1 с
T2 MIRROR_50 36 ИОИ 0.103 правда 1.0 n None 10.3 с
T2 LIFE2 36 ИОИ 0.566 правда 0.575 n 300 2.5 с
T2 MIRROR_100 36 ИОИ 0.075 правда 1.0 n None 11.1 с
T3 BASE 36 ИОИ 0.99 правда 0.179 n 300 8.3 с
T2 TWO 36 ИОИ 0.504 правда 0.629 n 300 13.4 с
T3 MIRROR_0 36 ИОИ 1.716 правда 0.047 n None 11.3 с
T3 MIRROR_25 36 ИОИ 1.614 правда 0.06 n None 11.1 с
T3 MIRROR_50 36 ИОИ 1.491 правда 0.075 n None 7.6 с
T3 MIRROR_100 36 ИОИ 1.42 правда 0.028 n None 6.9 с
T3 LIFE2 36 ИОИ 1.057 правда 0.011 n 300 2.3 с
T4 BASE 36 ИОИ 0.528 правда 0.52 n 300 6.2 с
T3 TWO 36 ИОИ 0.865 правда 0.644 n 300 9.7 с
T5 BASE 36 ИОИ 0.585 правда 0.473 n 300 7.3 с
T4 TWO 36 ИОИ 0.032 правда 1.0 n 300 11.0 с
T6 BASE 36 ИОИ 0.081 правда 1.0 n 300 9.2 с
T5 TWO 36 ИОИ 0.097 правда 1.0 n 300 13.8 с
T1 BASE 37 ИОИ 1.017 правда 0.007 n 300 5.7 с
T6 TWO 36 ИОИ 0.043 правда 1.0 n 300 8.8 с
T1 MIRROR_0 37 ИОИ 1.0 правда 0.0 n None 3.9 с
T1 MIRROR_25 37 ИОИ 1.576 правда 0.024 n None 9.5 с
T1 MIRROR_50 37 ИОИ 1.501 правда 0.019 n None 9.1 с
T1 LIFE2 37 ИОИ 1.029 правда 0.0 n 300 2.5 с
T1 MIRROR_100 37 ИОИ 1.406 правда 0.016 n None 8.4 с
T1 TWO 37 ИОИ 0.273 правда 1.0 n 300 8.2 с
T2 BASE 37 ИОИ 0.458 правда 0.602 n 300 8.5 с
T2 MIRROR_0 37 ИОИ 1.041 правда 0.475 n None 8.3 с
T2 MIRROR_25 37 ИОИ 0.763 правда 0.605 n None 6.2 с
T2 MIRROR_50 37 ИОИ 0.367 правда 1.0 n None 6.2 с
T2 MIRROR_100 37 ИОИ 0.606 правда 0.614 n None 7.1 с
T2 LIFE2 37 ИОИ 0.463 правда 0.591 n 300 2.9 с
T3 BASE 37 ИОИ 0.745 правда 0.589 n 300 7.4 с
T2 TWO 37 ИОИ 0.031 правда 1.0 n 300 11.8 с
T3 MIRROR_0 37 ИОИ 1.565 правда 0.062 n None 8.5 с
T3 MIRROR_25 37 ИОИ 1.593 правда 0.064 n None 6.1 с
T3 MIRROR_100 37 ИОИ 1.245 правда 0.21 n None 5.0 с
T3 MIRROR_50 37 ИОИ 1.499 правда 0.119 n None 7.9 с
T3 LIFE2 37 ИОИ 1.045 правда 0.028 n 300 2.4 с
T3 TWO 37 ИОИ 0.977 правда 0.174 n 300 8.8 с
T4 BASE 37 ИОИ 0.531 правда 1.0 n 300 12.2 с
T4 TWO 37 ИОИ 0.156 правда 1.0 n 300 9.9 с
T5 BASE 37 ИОИ 0.333 правда 0.986 n 300 8.7 с
T6 BASE 37 ИОИ 1.01 правда 0.019 n 300 5.0 с
T5 TWO 37 ИОИ 0.213 правда 0.991 n 300 12.2 с
T1 BASE 38 ИОИ 0.806 правда 1.0 n 300 5.6 с
T6 TWO 37 ИОИ 0.094 правда 1.0 n 300 10.1 с
T1 MIRROR_25 38 ИОИ 0.176 правда 1.0 n None 7.4 с
T1 MIRROR_0 38 ИОИ 1.627 правда 0.02 n None 9.5 с
T1 MIRROR_50 38 ИОИ 1.537 правда 0.015 n None 7.1 с
T1 LIFE2 38 ИОИ 1.024 правда 0.003 n 300 2.0 с
T1 MIRROR_100 38 ИОИ 1.369 правда 0.017 n None 9.6 с
T1 TWO 38 ИОИ 1.023 правда 0.016 n 300 8.2 с
T2 BASE 38 ИОИ 0.563 правда 0.564 n 300 8.0 с
T2 MIRROR_0 38 ИОИ 0.838 правда 0.591 n None 9.1 с
T2 MIRROR_25 38 ИОИ 0.591 правда 1.0 n None 8.6 с
T2 MIRROR_50 38 ИОИ 0.344 правда 1.0 n None 9.3 с
T2 MIRROR_100 38 ИОИ 0.666 правда 0.583 n None 8.6 с
T2 LIFE2 38 ИОИ 0.531 правда 0.556 n 300 3.7 с
T3 BASE 38 ИОИ 0.589 правда 0.67 n 300 6.5 с
T2 TWO 38 ИОИ 0.017 правда 1.0 n 300 14.7 с
T3 MIRROR_0 38 ИОИ 1.744 правда 0.056 n None 7.6 с
T3 MIRROR_25 38 ИОИ 1.559 правда 0.048 n None 9.5 с
T3 MIRROR_50 38 ИОИ 1.546 правда 0.058 n None 9.6 с
T3 LIFE2 38 ИОИ 0.956 правда 0.209 n 300 2.1 с
T3 MIRROR_100 38 ИОИ 1.418 правда 0.065 n None 7.8 с
T3 TWO 38 ИОИ 0.954 правда 0.209 n 300 10.5 с
T4 BASE 38 ИОИ 0.539 правда 0.516 n 300 9.2 с
T4 TWO 38 ИОИ 0.542 правда 0.516 n 300 9.3 с
T5 BASE 38 ИОИ 0.594 правда 0.47 n 300 8.4 с
T6 BASE 38 ИОИ 0.83 правда 1.0 n 300 4.9 с
T5 TWO 38 ИОИ 0.482 правда 0.734 n 300 13.9 с
T6 TWO 38 ИОИ 0.881 правда 1.0 n 300 9.2 с
T1 BASE 39 ИОИ 1.014 правда 0.004 n 300 5.2 с
T1 MIRROR_0 39 ИОИ 0.079 правда 1.0 n None 5.3 с
T1 MIRROR_25 39 ИОИ 0.216 правда 1.0 n None 8.1 с
T1 MIRROR_50 39 ИОИ 1.538 правда 0.03 n None 8.4 с
T1 LIFE2 39 ИОИ 0.435 правда 1.0 n 300 2.8 с
T1 MIRROR_100 39 ИОИ 1.387 правда 0.018 n None 4.6 с
T1 TWO 39 ИОИ 1.016 правда 0.012 n 300 9.1 с
T2 BASE 39 ИОИ 0.016 правда 1.0 n 300 10.5 с
T2 MIRROR_0 39 ИОИ 0.672 правда 1.0 n None 8.1 с
T2 MIRROR_25 39 ИОИ 0.04 правда 1.0 n None 10.8 с
T2 MIRROR_50 39 ИОИ 0.033 правда 1.0 n None 10.1 с
T2 LIFE2 39 ИОИ 0.472 правда 0.513 n 300 2.9 с
T2 MIRROR_100 39 ИОИ 0.023 правда 1.0 n None 9.1 с
T3 BASE 39 ИОИ 0.979 правда 0.214 n 300 7.2 с
T2 TWO 39 ИОИ 0.087 правда 1.0 n 300 16.0 с
T3 MIRROR_0 39 ИОИ 1.704 правда 0.059 n None 10.3 с
T3 MIRROR_25 39 ИОИ 1.608 правда 0.05 n None 10.6 с
T3 MIRROR_50 39 ИОИ 1.531 правда 0.032 n None 9.2 с
T3 LIFE2 39 ИОИ 1.051 правда 0.013 n 300 2.2 с
T3 MIRROR_100 39 ИОИ 1.225 правда 0.201 n None 8.3 с
T3 TWO 39 ИОИ 0.944 правда 0.19 n 300 9.6 с
T4 BASE 39 ИОИ 0.563 правда 0.499 n 300 7.0 с
T4 TWO 39 ИОИ 0.447 правда 1.0 n 300 9.2 с
T5 BASE 39 ИОИ 0.61 правда 0.446 n 300 11.1 с
T5 TWO 39 ИОИ 0.094 правда 1.0 n 300 9.7 с
T6 BASE 39 ИОИ 0.252 правда 1.0 n 300 6.1 с
T6 TWO 39 ИОИ 0.008 правда 1.0 n 300 9.2 с
EVO-03 готово 09:04:07
AUTO-08 диагностика готово 09:08:29
T1 LIFE2 40 ИОИ 1.019 правда 0.01 ср. численность 300 2.2 с
T1 PULSE10 40 ИОИ 1.014 правда 0.019 ср. численность 314 2.5 с
T1 BASE 40 ИОИ 0.414 правда 1.0 ср. численность 300 6.9 с
T1 PULSE3 40 ИОИ 1.033 правда 0.013 ср. численность 302 2.1 с
T2 LIFE2 40 ИОИ 0.559 правда 0.553 ср. численность 300 3.6 с
T2 PULSE10 40 ИОИ 0.537 правда 0.553 ср. численность 314 3.1 с
T2 BASE 40 ИОИ 0.052 правда 1.0 ср. численность 300 9.2 с
T2 PULSE3 40 ИОИ 0.532 правда 0.551 ср. численность 302 2.9 с
T3 LIFE2 40 ИОИ 1.07 правда 0.049 ср. численность 300 2.5 с
T3 BASE 40 ИОИ 0.983 правда 0.196 ср. численность 300 5.5 с
T3 PULSE10 40 ИОИ 0.993 правда 0.186 ср. численность 314 2.2 с
T3 PULSE3 40 ИОИ 1.042 правда 0.064 ср. численность 302 2.7 с
T4 LIFE2 40 ИОИ 0.545 правда 0.565 ср. численность 300 2.9 с
T4 PULSE10 40 ИОИ 0.518 правда 0.748 ср. численность 314 3.4 с
T4 BASE 40 ИОИ 0.553 правда 0.515 ср. численность 300 9.5 с
T4 PULSE3 40 ИОИ 0.528 правда 0.522 ср. численность 302 3.8 с
T5 LIFE2 40 ИОИ 0.583 правда 0.46 ср. численность 300 1.1 с
T5 PULSE10 40 ИОИ 0.584 правда 0.46 ср. численность 314 1.6 с
T5 BASE 40 ИОИ 0.39 правда 1.0 ср. численность 300 7.5 с
T5 PULSE3 40 ИОИ 0.58 правда 0.46 ср. численность 302 1.4 с
T6 LIFE2 40 ИОИ 0.942 правда 0.497 ср. численность 300 2.8 с
T6 PULSE10 40 ИОИ 1.002 правда 0.021 ср. численность 314 2.7 с
T6 BASE 40 ИОИ 0.321 правда 1.0 ср. численность 300 6.8 с
T6 PULSE3 40 ИОИ 1.002 правда 0.021 ср. численность 302 2.8 с
T1 LIFE2 41 ИОИ 0.771 правда 1.0 ср. численность 300 2.2 с
T1 BASE 41 ИОИ 1.018 правда 0.012 ср. численность 300 6.9 с
T1 PULSE10 41 ИОИ 1.021 правда 0.012 ср. численность 314 2.4 с
T1 PULSE3 41 ИОИ 1.019 правда 0.006 ср. численность 302 2.4 с
T2 LIFE2 41 ИОИ 0.522 правда 0.587 ср. численность 300 1.9 с
T2 PULSE10 41 ИОИ 0.493 правда 0.593 ср. численность 314 3.2 с
T2 BASE 41 ИОИ 0.366 правда 0.8 ср. численность 300 9.6 с
T2 PULSE3 41 ИОИ 0.033 правда 1.0 ср. численность 302 4.6 с
T3 LIFE2 41 ИОИ 0.955 правда 0.2 ср. численность 300 2.4 с
T3 BASE 41 ИОИ 0.912 правда 0.199 ср. численность 300 6.3 с
T3 PULSE10 41 ИОИ 1.02 правда 0.171 ср. численность 314 2.1 с
T3 PULSE3 41 ИОИ 0.916 правда 0.463 ср. численность 302 2.7 с
T4 LIFE2 41 ИОИ 0.921 правда 0.153 ср. численность 300 3.3 с
T4 BASE 41 ИОИ 0.576 правда 0.498 ср. численность 300 6.1 с
T4 PULSE10 41 ИОИ 0.774 правда 0.494 ср. численность 314 2.3 с
T4 PULSE3 41 ИОИ 0.584 правда 0.494 ср. численность 302 2.0 с
T5 LIFE2 41 ИОИ 0.609 правда 0.448 ср. численность 300 4.2 с
T5 BASE 41 ИОИ 0.619 правда 0.432 ср. численность 300 9.4 с
T5 PULSE10 41 ИОИ 0.615 правда 0.448 ср. численность 314 5.4 с
T5 PULSE3 41 ИОИ 0.617 правда 0.447 ср. численность 302 5.2 с
T6 BASE 41 ИОИ 0.386 правда 1.0 ср. численность 300 6.0 с
T6 LIFE2 41 ИОИ 1.017 правда 0.014 ср. численность 300 2.6 с
T6 PULSE10 41 ИОИ 0.521 правда 1.0 ср. численность 314 2.5 с
T6 PULSE3 41 ИОИ 0.12 правда 1.0 ср. численность 302 4.0 с
T1 LIFE2 42 ИОИ 1.022 правда 0.01 ср. численность 300 1.7 с
T1 PULSE10 42 ИОИ 1.01 правда 0.022 ср. численность 314 1.4 с
T1 BASE 42 ИОИ 0.201 правда 1.0 ср. численность 300 7.6 с
T1 PULSE3 42 ИОИ 1.013 правда 0.014 ср. численность 302 4.2 с
T2 LIFE2 42 ИОИ 0.53 правда 0.567 ср. численность 300 5.5 с
T2 BASE 42 ИОИ 0.232 правда 1.0 ср. численность 300 10.4 с
T2 PULSE10 42 ИОИ 0.532 правда 0.562 ср. численность 314 6.5 с
T2 PULSE3 42 ИОИ 0.525 правда 0.555 ср. численность 302 4.0 с
T3 LIFE2 42 ИОИ 1.002 правда 0.19 ср. численность 300 2.2 с
T3 PULSE10 42 ИОИ 1.049 правда 0.059 ср. численность 314 4.4 с
T3 BASE 42 ИОИ 0.944 правда 0.208 ср. численность 300 8.3 с
T3 PULSE3 42 ИОИ 0.938 правда 0.198 ср. численность 302 4.3 с
T4 LIFE2 42 ИОИ 0.57 правда 0.516 ср. численность 300 2.5 с
T4 PULSE10 42 ИОИ 0.604 правда 0.514 ср. численность 314 3.0 с
T4 BASE 42 ИОИ 0.54 правда 0.501 ср. численность 300 9.0 с
T4 PULSE3 42 ИОИ 0.559 правда 0.514 ср. численность 302 2.2 с
T5 LIFE2 42 ИОИ 0.63 правда 0.459 ср. численность 300 2.3 с
T5 BASE 42 ИОИ 0.58 правда 0.461 ср. численность 300 6.8 с
T5 PULSE10 42 ИОИ 0.648 правда 0.467 ср. численность 314 2.6 с
T5 PULSE3 42 ИОИ 0.629 правда 0.459 ср. численность 302 1.5 с
T6 LIFE2 42 ИОИ 1.015 правда 0.002 ср. численность 300 2.9 с
T6 BASE 42 ИОИ 0.757 правда 0.479 ср. численность 300 6.2 с
T6 PULSE10 42 ИОИ 1.003 правда 0.013 ср. численность 314 3.1 с
T6 PULSE3 42 ИОИ 0.844 правда 0.487 ср. численность 302 4.8 с
T1 LIFE2 43 ИОИ 1.028 правда 0.008 ср. численность 300 2.2 с
T1 BASE 43 ИОИ 0.306 правда 1.0 ср. численность 300 7.3 с
T1 PULSE10 43 ИОИ 1.013 правда 0.009 ср. численность 314 3.9 с
T1 PULSE3 43 ИОИ 1.017 правда 0.016 ср. численность 302 3.0 с
T2 LIFE2 43 ИОИ 0.546 правда 0.541 ср. численность 300 4.2 с
T2 PULSE10 43 ИОИ 0.516 правда 0.621 ср. численность 314 4.0 с
T2 BASE 43 ИОИ 0.111 правда 1.0 ср. численность 300 9.4 с
T2 PULSE3 43 ИОИ 0.563 правда 0.552 ср. численность 302 4.5 с
T3 LIFE2 43 ИОИ 1.058 правда 0.018 ср. численность 300 2.4 с
T3 BASE 43 ИОИ 0.499 правда 0.664 ср. численность 300 7.3 с
T3 PULSE10 43 ИОИ 1.002 правда 0.16 ср. численность 314 2.7 с
T3 PULSE3 43 ИОИ 1.005 правда 0.192 ср. численность 302 3.1 с
T4 LIFE2 43 ИОИ 0.638 правда 0.495 ср. численность 300 3.1 с
T4 BASE 43 ИОИ 0.544 правда 0.522 ср. численность 300 6.1 с
T4 PULSE10 43 ИОИ 0.603 правда 0.512 ср. численность 314 2.3 с
T4 PULSE3 43 ИОИ 0.604 правда 0.512 ср. численность 302 1.9 с
T5 LIFE2 43 ИОИ 0.822 правда 0.468 ср. численность 300 2.2 с
T5 BASE 43 ИОИ 0.559 правда 0.538 ср. численность 300 5.7 с
T5 PULSE10 43 ИОИ 0.939 правда 0.468 ср. численность 314 2.3 с
T5 PULSE3 43 ИОИ 0.653 правда 0.473 ср. численность 302 3.8 с
T6 BASE 43 ИОИ 0.249 правда 1.0 ср. численность 300 6.1 с
T6 LIFE2 43 ИОИ 1.024 правда 0.008 ср. численность 300 2.8 с
T6 PULSE10 43 ИОИ 0.234 правда 1.0 ср. численность 314 2.8 с
T6 PULSE3 43 ИОИ 0.681 правда 1.0 ср. численность 302 2.9 с
T1 LIFE2 44 ИОИ 1.022 правда 0.0 ср. численность 300 2.7 с
T1 BASE 44 ИОИ 0.061 правда 1.0 ср. численность 300 5.0 с
T1 PULSE10 44 ИОИ 1.01 правда 0.018 ср. численность 314 2.5 с
T1 PULSE3 44 ИОИ 1.015 правда 0.009 ср. численность 302 2.5 с
T2 LIFE2 44 ИОИ 0.574 правда 0.471 ср. численность 300 2.3 с
T2 BASE 44 ИОИ 0.042 правда 1.0 ср. численность 300 7.7 с
T2 PULSE10 44 ИОИ 0.127 правда 0.976 ср. численность 314 6.4 с
T2 PULSE3 44 ИОИ 0.232 правда 0.989 ср. численность 302 5.0 с
T3 LIFE2 44 ИОИ 1.03 правда 0.157 ср. численность 300 3.0 с
T3 BASE 44 ИОИ 0.778 правда 0.441 ср. численность 300 5.9 с
T3 PULSE10 44 ИОИ 0.942 правда 0.179 ср. численность 314 3.5 с
T3 PULSE3 44 ИОИ 0.965 правда 0.324 ср. численность 302 2.8 с
T4 LIFE2 44 ИОИ 0.77 правда 0.54 ср. численность 300 3.1 с
T4 PULSE10 44 ИОИ 0.52 правда 0.54 ср. численность 314 2.3 с
T4 BASE 44 ИОИ 0.569 правда 0.55 ср. численность 300 7.1 с
T4 PULSE3 44 ИОИ 0.524 правда 0.54 ср. численность 302 3.9 с
T5 LIFE2 44 ИОИ 0.617 правда 0.48 ср. численность 300 3.4 с
T5 BASE 44 ИОИ 0.567 правда 0.486 ср. численность 300 5.9 с
T5 PULSE10 44 ИОИ 0.558 правда 0.486 ср. численность 314 3.2 с
T5 PULSE3 44 ИОИ 0.56 правда 0.483 ср. численность 302 3.5 с
T6 LIFE2 44 ИОИ 1.01 правда 0.018 ср. численность 300 2.8 с
T6 BASE 44 ИОИ 0.805 правда 1.0 ср. численность 300 5.0 с
T6 PULSE10 44 ИОИ 1.006 правда 0.027 ср. численность 314 2.9 с
T6 PULSE3 44 ИОИ 0.256 правда 1.0 ср. численность 302 3.7 с
T1 LIFE2 45 ИОИ 1.027 правда 0.006 ср. численность 300 2.5 с
T1 BASE 45 ИОИ 0.489 правда 1.0 ср. численность 300 5.5 с
T1 PULSE10 45 ИОИ 1.025 правда 0.002 ср. численность 314 4.1 с
T1 PULSE3 45 ИОИ 1.031 правда 0.005 ср. численность 302 4.9 с
T2 LIFE2 45 ИОИ 0.503 правда 0.597 ср. численность 300 3.1 с
T2 PULSE10 45 ИОИ 0.499 правда 0.576 ср. численность 314 3.6 с
T2 BASE 45 ИОИ 0.137 правда 1.0 ср. численность 300 9.3 с
T2 PULSE3 45 ИОИ 0.496 правда 0.609 ср. численность 302 4.0 с
T3 LIFE2 45 ИОИ 0.966 правда 0.203 ср. численность 300 1.9 с
T3 BASE 45 ИОИ 0.942 правда 0.245 ср. численность 300 7.4 с
T3 PULSE10 45 ИОИ 0.946 правда 0.212 ср. численность 314 3.0 с
T3 PULSE3 45 ИОИ 0.859 правда 0.226 ср. численность 302 2.7 с
T4 LIFE2 45 ИОИ 0.581 правда 0.561 ср. численность 300 3.4 с
T4 BASE 45 ИОИ 0.581 правда 0.485 ср. численность 300 7.3 с
T4 PULSE10 45 ИОИ 0.604 правда 0.478 ср. численность 314 1.9 с
T4 PULSE3 45 ИОИ 0.606 правда 0.522 ср. численность 302 1.8 с
T5 LIFE2 45 ИОИ 1.067 правда 0.03 ср. численность 300 2.6 с
T5 PULSE10 45 ИОИ 1.004 правда 0.092 ср. численность 314 4.6 с
T5 BASE 45 ИОИ 0.647 правда 0.449 ср. численность 300 8.9 с
T5 PULSE3 45 ИОИ 0.612 правда 0.554 ср. численность 302 2.5 с
T6 LIFE2 45 ИОИ 1.006 правда 0.008 ср. численность 300 2.9 с
T6 BASE 45 ИОИ 0.08 правда 1.0 ср. численность 300 6.2 с
T6 PULSE10 45 ИОИ 0.37 правда 1.0 ср. численность 314 2.8 с
T6 PULSE3 45 ИОИ 0.06 правда 1.0 ср. численность 302 4.4 с
T1 LIFE2 46 ИОИ 1.026 правда 0.012 ср. численность 300 2.5 с
T1 BASE 46 ИОИ 0.874 правда 0.988 ср. численность 300 5.4 с
T1 PULSE10 46 ИОИ 0.914 правда 0.492 ср. численность 314 4.2 с
T1 PULSE3 46 ИОИ 1.009 правда 0.011 ср. численность 302 4.1 с
T2 LIFE2 46 ИОИ 0.507 правда 0.585 ср. численность 300 2.6 с
T2 PULSE10 46 ИОИ 0.491 правда 0.592 ср. численность 314 2.9 с
T2 PULSE3 46 ИОИ 0.492 правда 0.565 ср. численность 302 3.0 с
T2 BASE 46 ИОИ 0.031 правда 1.0 ср. численность 300 12.6 с
T3 LIFE2 46 ИОИ 1.05 правда 0.198 ср. численность 300 2.9 с
T3 PULSE10 46 ИОИ 1.055 правда 0.072 ср. численность 314 2.9 с
T3 BASE 46 ИОИ 0.368 правда 0.983 ср. численность 300 9.5 с
T3 PULSE3 46 ИОИ 0.98 правда 0.172 ср. численность 302 3.6 с
T4 LIFE2 46 ИОИ 0.693 правда 0.492 ср. численность 300 2.8 с
T4 BASE 46 ИОИ 0.569 правда 0.497 ср. численность 300 7.6 с
T4 PULSE10 46 ИОИ 0.562 правда 0.498 ср. численность 314 5.2 с
T4 PULSE3 46 ИОИ 0.56 правда 0.496 ср. численность 302 5.4 с
T5 LIFE2 46 ИОИ 0.615 правда 0.443 ср. численность 300 2.7 с
T5 PULSE10 46 ИОИ 0.611 правда 0.449 ср. численность 314 2.7 с
T5 BASE 46 ИОИ 0.566 правда 0.957 ср. численность 300 7.8 с
T5 PULSE3 46 ИОИ 0.597 правда 0.449 ср. численность 302 3.3 с
T6 LIFE2 46 ИОИ 0.029 правда 0.983 ср. численность 300 3.5 с
T6 BASE 46 ИОИ 0.015 правда 1.0 ср. численность 300 8.7 с
T6 PULSE10 46 ИОИ 0.824 правда 1.0 ср. численность 314 2.6 с
T6 PULSE3 46 ИОИ 0.125 правда 1.0 ср. численность 302 4.2 с
T1 LIFE2 47 ИОИ 1.027 правда 0.009 ср. численность 300 2.2 с
T1 BASE 47 ИОИ 0.161 правда 1.0 ср. численность 300 6.8 с
T1 PULSE3 47 ИОИ 0.704 правда 0.511 ср. численность 302 2.1 с
T1 PULSE10 47 ИОИ 1.027 правда 0.013 ср. численность 314 3.0 с
T2 LIFE2 47 ИОИ 0.572 правда 0.551 ср. численность 300 2.7 с
T2 PULSE10 47 ИОИ 0.526 правда 0.559 ср. численность 314 2.5 с
T2 PULSE3 47 ИОИ 0.521 правда 0.555 ср. численность 302 2.7 с
T2 BASE 47 ИОИ 0.082 правда 1.0 ср. численность 300 11.2 с
T3 LIFE2 47 ИОИ 1.039 правда 0.045 ср. численность 300 2.3 с
T3 PULSE10 47 ИОИ 0.933 правда 0.205 ср. численность 314 2.0 с
T3 BASE 47 ИОИ 0.715 правда 0.464 ср. численность 300 8.6 с
T3 PULSE3 47 ИОИ 1.02 правда 0.09 ср. численность 302 3.7 с
T4 LIFE2 47 ИОИ 0.652 правда 0.496 ср. численность 300 2.5 с
T4 BASE 47 ИОИ 0.545 правда 0.524 ср. численность 300 5.9 с
T4 PULSE10 47 ИОИ 0.818 правда 0.521 ср. численность 314 2.8 с
T4 PULSE3 47 ИОИ 0.547 правда 0.527 ср. численность 302 4.4 с
T5 LIFE2 47 ИОИ 1.024 правда 0.08 ср. численность 300 3.3 с
T5 PULSE10 47 ИОИ 0.684 правда 0.527 ср. численность 314 1.9 с
T5 BASE 47 ИОИ 0.595 правда 0.478 ср. численность 300 8.9 с
T5 PULSE3 47 ИОИ 0.612 правда 0.473 ср. численность 302 1.5 с
T6 LIFE2 47 ИОИ 1.012 правда 0.014 ср. численность 300 2.4 с
T6 BASE 47 ИОИ 0.16 правда 1.0 ср. численность 300 5.4 с
T6 PULSE10 47 ИОИ 1.009 правда 0.009 ср. численность 314 3.1 с
T6 PULSE3 47 ИОИ 1.008 правда 0.023 ср. численность 302 3.8 с
T1 BASE 48 ИОИ 1.014 правда 0.01 ср. численность 300 4.4 с
T1 LIFE2 48 ИОИ 1.022 правда 0.02 ср. численность 300 2.9 с
T1 PULSE10 48 ИОИ 1.011 правда 0.023 ср. численность 314 3.5 с
T1 PULSE3 48 ИОИ 1.011 правда 0.012 ср. численность 302 2.9 с
T2 LIFE2 48 ИОИ 0.54 правда 0.562 ср. численность 300 4.8 с
T2 PULSE10 48 ИОИ 0.527 правда 0.562 ср. численность 314 4.9 с
T2 BASE 48 ИОИ 0.061 правда 1.0 ср. численность 300 11.5 с
T2 PULSE3 48 ИОИ 0.521 правда 0.567 ср. численность 302 5.0 с
T3 LIFE2 48 ИОИ 0.99 правда 0.108 ср. численность 300 2.5 с
T3 BASE 48 ИОИ 0.985 правда 0.18 ср. численность 300 7.1 с
T3 PULSE10 48 ИОИ 0.875 правда 0.226 ср. численность 314 3.7 с
T3 PULSE3 48 ИОИ 0.946 правда 0.136 ср. численность 302 3.9 с
T4 LIFE2 48 ИОИ 0.68 правда 0.516 ср. численность 300 2.5 с
T4 PULSE10 48 ИОИ 0.601 правда 0.509 ср. численность 314 2.0 с
T4 BASE 48 ИОИ 0.542 правда 0.514 ср. численность 300 7.0 с
T4 PULSE3 48 ИОИ 0.592 правда 0.509 ср. численность 302 2.4 с
T5 LIFE2 48 ИОИ 0.634 правда 0.45 ср. численность 300 2.5 с
T5 PULSE10 48 ИОИ 0.651 правда 0.45 ср. численность 314 3.3 с
T5 BASE 48 ИОИ 0.63 правда 0.468 ср. численность 300 9.7 с
T5 PULSE3 48 ИОИ 0.618 правда 0.45 ср. численность 302 4.0 с
T6 LIFE2 48 ИОИ 1.009 правда 0.007 ср. численность 300 2.4 с
T6 BASE 48 ИОИ 0.399 правда 1.0 ср. численность 300 6.8 с
T6 PULSE10 48 ИОИ 1.001 правда 0.017 ср. численность 314 3.3 с
T6 PULSE3 48 ИОИ 1.009 правда 0.029 ср. численность 302 4.3 с
T1 LIFE2 49 ИОИ 1.025 правда 0.009 ср. численность 300 2.3 с
T1 BASE 49 ИОИ 0.223 правда 1.0 ср. численность 300 7.4 с
T1 PULSE10 49 ИОИ 1.033 правда 0.008 ср. численность 314 3.8 с
T1 PULSE3 49 ИОИ 1.025 правда 0.015 ср. численность 302 3.3 с
T2 LIFE2 49 ИОИ 0.521 правда 0.595 ср. численность 300 3.2 с
T2 PULSE10 49 ИОИ 0.46 правда 0.595 ср. численность 314 3.8 с
T2 BASE 49 ИОИ 0.467 правда 0.595 ср. численность 300 7.9 с
T2 PULSE3 49 ИОИ 0.475 правда 0.594 ср. численность 302 3.3 с
T3 LIFE2 49 ИОИ 1.058 правда 0.007 ср. численность 300 2.2 с
T3 BASE 49 ИОИ 0.785 правда 0.47 ср. численность 300 6.9 с
T3 PULSE10 49 ИОИ 1.055 правда 0.049 ср. численность 314 3.1 с
T3 PULSE3 49 ИОИ 0.915 правда 0.183 ср. численность 302 3.7 с
T4 LIFE2 49 ИОИ 0.612 правда 0.479 ср. численность 300 2.3 с
T4 PULSE10 49 ИОИ 0.599 правда 0.479 ср. численность 314 2.3 с
T4 PULSE3 49 ИОИ 0.597 правда 0.483 ср. численность 302 2.5 с
T4 BASE 49 ИОИ 0.594 правда 0.483 ср. численность 300 10.3 с
T5 LIFE2 49 ИОИ 0.765 правда 0.434 ср. численность 300 2.4 с
T5 BASE 49 ИОИ 0.519 правда 0.566 ср. численность 300 6.9 с
T5 PULSE10 49 ИОИ 0.628 правда 0.434 ср. численность 314 3.7 с
T5 PULSE3 49 ИОИ 0.616 правда 0.438 ср. численность 302 4.1 с
T6 BASE 49 ИОИ 0.259 правда 1.0 ср. численность 300 6.5 с
T6 LIFE2 49 ИОИ 1.015 правда 0.015 ср. численность 300 2.9 с
T6 PULSE3 49 ИОИ 1.002 правда 0.02 ср. численность 302 2.4 с
T6 PULSE10 49 ИОИ 1.011 правда 0.014 ср. численность 314 3.4 с
T1 LIFE2 50 ИОИ 1.032 правда 0.007 ср. численность 300 2.4 с
T1 PULSE10 50 ИОИ 1.023 правда 0.008 ср. численность 314 2.5 с
T1 BASE 50 ИОИ 1.026 правда 0.007 ср. численность 300 6.3 с
T1 PULSE3 50 ИОИ 1.015 правда 0.008 ср. численность 302 4.5 с
T2 LIFE2 50 ИОИ 0.563 правда 0.519 ср. численность 300 3.3 с
T2 BASE 50 ИОИ 0.04 правда 1.0 ср. численность 300 11.4 с
T2 PULSE10 50 ИОИ 0.539 правда 0.585 ср. численность 314 4.3 с
T2 PULSE3 50 ИОИ 0.248 правда 1.0 ср. численность 302 5.1 с
T3 BASE 50 ИОИ 0.948 правда 0.193 ср. численность 300 5.8 с
T3 LIFE2 50 ИОИ 1.055 правда 0.063 ср. численность 300 2.2 с
T3 PULSE10 50 ИОИ 1.028 правда 0.176 ср. численность 314 3.1 с
T3 PULSE3 50 ИОИ 0.868 правда 0.405 ср. численность 302 2.6 с
T4 LIFE2 50 ИОИ 0.602 правда 0.481 ср. численность 300 3.2 с
T4 BASE 50 ИОИ 0.27 правда 1.0 ср. численность 300 6.3 с
T4 PULSE10 50 ИОИ 0.612 правда 0.486 ср. численность 314 2.5 с
T4 PULSE3 50 ИОИ 0.586 правда 0.486 ср. численность 302 2.4 с
T5 LIFE2 50 ИОИ 0.552 правда 0.566 ср. численность 300 1.7 с
T5 BASE 50 ИОИ 0.482 правда 0.566 ср. численность 300 6.4 с
T5 PULSE10 50 ИОИ 0.502 правда 0.566 ср. численность 314 2.3 с
T5 PULSE3 50 ИОИ 0.487 правда 0.566 ср. численность 302 2.1 с
T6 LIFE2 50 ИОИ 1.015 правда 0.016 ср. численность 300 2.7 с
T6 PULSE10 50 ИОИ 1.008 правда 0.04 ср. численность 314 3.1 с
T6 BASE 50 ИОИ 0.676 правда 0.499 ср. численность 300 8.4 с
T6 PULSE3 50 ИОИ 0.383 правда 1.0 ср. численность 302 3.2 с
T1 LIFE2 51 ИОИ 1.02 правда 0.009 ср. численность 300 2.2 с
T1 BASE 51 ИОИ 0.4 правда 1.0 ср. численность 300 6.6 с
T1 PULSE10 51 ИОИ 1.004 правда 0.028 ср. численность 314 2.0 с
T1 PULSE3 51 ИОИ 1.012 правда 0.002 ср. численность 302 2.6 с
T2 LIFE2 51 ИОИ 0.557 правда 0.571 ср. численность 300 2.7 с
T2 BASE 51 ИОИ 0.291 правда 1.0 ср. численность 300 6.9 с
T2 PULSE10 51 ИОИ 0.534 правда 0.572 ср. численность 314 3.2 с
T2 PULSE3 51 ИОИ 0.512 правда 0.581 ср. численность 302 4.2 с
T3 LIFE2 51 ИОИ 1.042 правда 0.048 ср. численность 300 2.5 с
T3 BASE 51 ИОИ 0.956 правда 0.166 ср. численность 300 5.6 с
T3 PULSE10 51 ИОИ 0.93 правда 0.197 ср. численность 314 2.3 с
T3 PULSE3 51 ИОИ 0.726 правда 0.665 ср. численность 302 3.8 с
T4 LIFE2 51 ИОИ 0.602 правда 0.475 ср. численность 300 3.4 с
T4 BASE 51 ИОИ 0.534 правда 0.523 ср. численность 300 6.4 с
T4 PULSE10 51 ИОИ 0.586 правда 0.518 ср. численность 314 3.4 с
T4 PULSE3 51 ИОИ 0.576 правда 0.52 ср. численность 302 2.8 с
T5 LIFE2 51 ИОИ 0.81 правда 0.463 ср. численность 300 2.6 с
T5 PULSE10 51 ИОИ 0.591 правда 0.454 ср. численность 314 3.7 с
T5 BASE 51 ИОИ 0.536 правда 0.566 ср. численность 300 7.7 с
T5 PULSE3 51 ИОИ 0.578 правда 0.519 ср. численность 302 4.3 с
T6 BASE 51 ИОИ 0.679 правда 1.0 ср. численность 300 5.1 с
T6 LIFE2 51 ИОИ 1.009 правда 0.009 ср. численность 300 2.4 с
T6 PULSE10 51 ИОИ 1.01 правда 0.029 ср. численность 314 3.6 с
T6 PULSE3 51 ИОИ 0.699 правда 0.534 ср. численность 302 3.9 с
T1 LIFE2 52 ИОИ 1.029 правда 0.007 ср. численность 300 1.7 с
T1 PULSE10 52 ИОИ 1.025 правда 0.011 ср. численность 314 1.8 с
T1 BASE 52 ИОИ 0.155 правда 1.0 ср. численность 300 8.0 с
T1 PULSE3 52 ИОИ 1.014 правда 0.008 ср. численность 302 3.6 с
T2 LIFE2 52 ИОИ 0.469 правда 0.575 ср. численность 300 3.0 с
T2 BASE 52 ИОИ 0.427 правда 0.623 ср. численность 300 7.6 с
T2 PULSE10 52 ИОИ 0.464 правда 0.604 ср. численность 314 3.6 с
T2 PULSE3 52 ИОИ 0.45 правда 0.597 ср. численность 302 3.7 с
T3 LIFE2 52 ИОИ 1.057 правда 0.068 ср. численность 300 2.9 с
T3 PULSE10 52 ИОИ 0.989 правда 0.205 ср. численность 314 2.8 с
T3 BASE 52 ИОИ 0.628 правда 1.0 ср. численность 300 9.8 с
T3 PULSE3 52 ИОИ 0.938 правда 0.209 ср. численность 302 2.8 с
T4 LIFE2 52 ИОИ 0.804 правда 0.476 ср. численность 300 4.1 с
T4 BASE 52 ИОИ 0.578 правда 0.484 ср. численность 300 8.2 с
T4 PULSE10 52 ИОИ 0.593 правда 0.524 ср. численность 314 3.6 с
T4 PULSE3 52 ИОИ 0.601 правда 0.524 ср. численность 302 3.2 с
T5 LIFE2 52 ИОИ 0.735 правда 0.429 ср. численность 300 3.7 с
T5 PULSE10 52 ИОИ 0.633 правда 0.429 ср. численность 314 1.5 с
T5 PULSE3 52 ИОИ 0.629 правда 0.429 ср. численность 302 1.4 с
T5 BASE 52 ИОИ 0.399 правда 1.0 ср. численность 300 8.7 с
T6 LIFE2 52 ИОИ 1.009 правда 0.018 ср. численность 300 2.6 с
T6 PULSE10 52 ИОИ 1.006 правда 0.026 ср. численность 314 2.9 с
T6 BASE 52 ИОИ 0.211 правда 1.0 ср. численность 300 7.5 с
T6 PULSE3 52 ИОИ 0.914 правда 1.0 ср. численность 302 3.2 с
T1 LIFE2 53 ИОИ 1.027 правда 0.007 ср. численность 300 3.1 с
T1 BASE 53 ИОИ 0.581 правда 1.0 ср. численность 300 6.3 с
T1 PULSE10 53 ИОИ 1.02 правда 0.01 ср. численность 314 1.2 с
T1 PULSE3 53 ИОИ 1.018 правда 0.006 ср. численность 302 1.3 с
T2 LIFE2 53 ИОИ 0.55 правда 0.584 ср. численность 300 4.0 с
T2 PULSE10 53 ИОИ 0.53 правда 0.565 ср. численность 314 3.1 с
T2 BASE 53 ИОИ 0.439 правда 0.983 ср. численность 300 9.4 с
T2 PULSE3 53 ИОИ 0.54 правда 0.577 ср. численность 302 3.2 с
T3 LIFE2 53 ИОИ 0.984 правда 0.115 ср. численность 300 2.5 с
T3 BASE 53 ИОИ 0.898 правда 0.205 ср. численность 300 7.5 с
T3 PULSE10 53 ИОИ 0.947 правда 0.163 ср. численность 314 3.1 с
T3 PULSE3 53 ИОИ 0.918 правда 0.163 ср. численность 302 3.0 с
T4 LIFE2 53 ИОИ 0.739 правда 0.501 ср. численность 300 2.3 с
T4 PULSE10 53 ИОИ 0.551 правда 0.501 ср. численность 314 3.6 с
T4 BASE 53 ИОИ 0.195 правда 1.0 ср. численность 300 11.4 с
T4 PULSE3 53 ИОИ 0.554 правда 0.501 ср. численность 302 3.1 с
T5 LIFE2 53 ИОИ 1.035 правда 0.034 ср. численность 300 1.5 с
T5 PULSE10 53 ИОИ 1.045 правда 0.142 ср. численность 314 2.4 с
T5 PULSE3 53 ИОИ 0.894 правда 0.553 ср. численность 302 2.7 с
T5 BASE 53 ИОИ 0.612 правда 0.456 ср. численность 300 11.0 с
T6 BASE 53 ИОИ 1.013 правда 0.004 ср. численность 300 4.7 с
T6 LIFE2 53 ИОИ 1.01 правда 0.014 ср. численность 300 2.5 с
T6 PULSE10 53 ИОИ 1.005 правда 0.005 ср. численность 314 2.8 с
T6 PULSE3 53 ИОИ 0.36 правда 1.0 ср. численность 302 3.2 с
T1 LIFE2 54 ИОИ 1.02 правда 0.009 ср. численность 300 1.8 с
T1 BASE 54 ИОИ 1.021 правда 0.013 ср. численность 300 5.2 с
T1 PULSE10 54 ИОИ 1.012 правда 0.013 ср. численность 314 3.9 с
T1 PULSE3 54 ИОИ 1.011 правда 0.011 ср. численность 302 3.0 с
T2 LIFE2 54 ИОИ 0.563 правда 0.563 ср. численность 300 3.6 с
T2 BASE 54 ИОИ 0.522 правда 0.583 ср. численность 300 6.1 с
T2 PULSE10 54 ИОИ 0.53 правда 0.578 ср. численность 314 4.5 с
T2 PULSE3 54 ИОИ 0.526 правда 0.581 ср. численность 302 4.1 с
T3 LIFE2 54 ИОИ 1.057 правда 0.009 ср. численность 300 2.2 с
T3 PULSE10 54 ИОИ 0.881 правда 0.447 ср. численность 314 2.5 с
T3 BASE 54 ИОИ 0.886 правда 0.211 ср. численность 300 10.6 с
T3 PULSE3 54 ИОИ 1.04 правда 0.087 ср. численность 302 4.8 с
T4 LIFE2 54 ИОИ 0.585 правда 0.477 ср. численность 300 3.3 с
T4 PULSE10 54 ИОИ 0.747 правда 0.498 ср. численность 314 4.3 с
T4 BASE 54 ИОИ 0.137 правда 1.0 ср. численность 300 10.3 с
T4 PULSE3 54 ИОИ 0.574 правда 0.499 ср. численность 302 3.1 с
T5 LIFE2 54 ИОИ 0.876 правда 0.461 ср. численность 300 1.5 с
T5 PULSE10 54 ИОИ 0.81 правда 0.466 ср. численность 314 2.7 с
T5 BASE 54 ИОИ 0.64 правда 0.457 ср. численность 300 6.3 с
T5 PULSE3 54 ИОИ 0.602 правда 0.461 ср. численность 302 4.5 с
T6 LIFE2 54 ИОИ 0.033 правда 1.0 ср. численность 300 2.4 с
T6 BASE 54 ИОИ 0.033 правда 1.0 ср. численность 300 8.7 с
T6 PULSE10 54 ИОИ 1.001 правда 0.023 ср. численность 314 2.9 с
T6 PULSE3 54 ИОИ 0.757 правда 1.0 ср. численность 302 3.2 с
T1 LIFE2 55 ИОИ 1.023 правда 0.001 ср. численность 300 2.2 с
T1 PULSE10 55 ИОИ 1.018 правда 0.006 ср. численность 314 2.4 с
T1 BASE 55 ИОИ 0.606 правда 1.0 ср. численность 300 7.4 с
T1 PULSE3 55 ИОИ 1.022 правда 0.006 ср. численность 302 2.3 с
T2 LIFE2 55 ИОИ 0.509 правда 0.571 ср. численность 300 2.3 с
T2 BASE 55 ИОИ 0.246 правда 1.0 ср. численность 300 7.4 с
T2 PULSE10 55 ИОИ 0.504 правда 0.578 ср. численность 314 2.7 с
T2 PULSE3 55 ИОИ 0.501 правда 0.583 ср. численность 302 3.0 с
T3 LIFE2 55 ИОИ 1.055 правда 0.084 ср. численность 300 2.5 с
T3 BASE 55 ИОИ 0.772 правда 0.509 ср. численность 300 5.9 с
T3 PULSE10 55 ИОИ 0.996 правда 0.184 ср. численность 314 2.3 с
T3 PULSE3 55 ИОИ 0.942 правда 0.212 ср. численность 302 4.3 с
T4 LIFE2 55 ИОИ 0.666 правда 0.504 ср. численность 300 2.2 с
T4 BASE 55 ИОИ 0.566 правда 0.509 ср. численность 300 6.7 с
T4 PULSE10 55 ИОИ 0.493 правда 0.989 ср. численность 314 2.7 с
T4 PULSE3 55 ИОИ 0.527 правда 0.58 ср. численность 302 2.8 с
T5 LIFE2 55 ИОИ 0.941 правда 0.475 ср. численность 300 1.5 с
T5 BASE 55 ИОИ 0.581 правда 0.48 ср. численность 300 6.4 с
T5 PULSE10 55 ИОИ 0.563 правда 0.481 ср. численность 314 4.3 с
T5 PULSE3 55 ИОИ 0.568 правда 0.481 ср. численность 302 4.7 с
T6 LIFE2 55 ИОИ 1.016 правда 0.001 ср. численность 300 2.4 с
T6 BASE 55 ИОИ 0.323 правда 1.0 ср. численность 300 7.5 с
T6 PULSE10 55 ИОИ 0.917 правда 0.499 ср. численность 314 3.0 с
T6 PULSE3 55 ИОИ 0.103 правда 1.0 ср. численность 302 5.2 с
T1 BASE 56 ИОИ 0.325 правда 1.0 ср. численность 300 6.0 с
T1 LIFE2 56 ИОИ 1.026 правда 0.004 ср. численность 300 3.0 с
T1 PULSE10 56 ИОИ 1.018 правда 0.01 ср. численность 314 2.9 с
T1 PULSE3 56 ИОИ 0.806 правда 0.343 ср. численность 302 3.5 с
T2 LIFE2 56 ИОИ 0.562 правда 0.499 ср. численность 300 2.9 с
T2 BASE 56 ИОИ 0.491 правда 0.654 ср. численность 300 6.8 с
T2 PULSE10 56 ИОИ 0.528 правда 0.563 ср. численность 314 2.7 с
T2 PULSE3 56 ИОИ 0.545 правда 0.554 ср. численность 302 3.2 с
T3 LIFE2 56 ИОИ 1.054 правда 0.018 ср. численность 300 2.6 с
T3 BASE 56 ИОИ 0.906 правда 0.206 ср. численность 300 5.6 с
T3 PULSE10 56 ИОИ 0.952 правда 0.138 ср. численность 314 4.0 с
T3 PULSE3 56 ИОИ 0.931 правда 0.198 ср. численность 302 3.9 с
T4 LIFE2 56 ИОИ 0.596 правда 0.504 ср. численность 300 3.0 с
T4 PULSE10 56 ИОИ 0.618 правда 0.584 ср. численность 314 3.5 с
T4 BASE 56 ИОИ 0.558 правда 0.507 ср. численность 300 7.7 с
T4 PULSE3 56 ИОИ 0.558 правда 0.578 ср. численность 302 4.3 с
T5 LIFE2 56 ИОИ 0.815 правда 0.462 ср. численность 300 1.8 с
T5 PULSE10 56 ИОИ 0.537 правда 0.538 ср. численность 314 4.5 с
T5 BASE 56 ИОИ 0.129 правда 1.0 ср. численность 300 10.7 с
T5 PULSE3 56 ИОИ 0.532 правда 0.538 ср. численность 302 5.2 с
T6 BASE 56 ИОИ 0.035 правда 1.0 ср. численность 300 7.0 с
T6 LIFE2 56 ИОИ 1.028 правда 0.006 ср. численность 300 2.6 с
T6 PULSE10 56 ИОИ 0.396 правда 1.0 ср. численность 314 3.5 с
T6 PULSE3 56 ИОИ 1.009 правда 0.01 ср. численность 302 4.6 с
T1 LIFE2 57 ИОИ 1.019 правда 0.01 ср. численность 300 1.7 с
T1 PULSE10 57 ИОИ 1.018 правда 0.011 ср. численность 314 1.7 с
T1 BASE 57 ИОИ 0.958 правда 0.266 ср. численность 300 5.4 с
T1 PULSE3 57 ИОИ 0.869 правда 0.501 ср. численность 302 2.3 с
T2 LIFE2 57 ИОИ 0.553 правда 0.534 ср. численность 300 2.3 с
T2 PULSE10 57 ИОИ 0.518 правда 0.571 ср. численность 314 2.5 с
T2 BASE 57 ИОИ 0.489 правда 0.716 ср. численность 300 8.9 с
T2 PULSE3 57 ИОИ 0.273 правда 0.976 ср. численность 302 3.4 с
T3 LIFE2 57 ИОИ 1.041 правда 0.032 ср. численность 300 2.2 с
T3 PULSE10 57 ИОИ 0.991 правда 0.206 ср. численность 314 2.5 с
T3 BASE 57 ИОИ 0.794 правда 0.524 ср. численность 300 6.7 с
T3 PULSE3 57 ИОИ 0.914 правда 0.195 ср. численность 302 2.8 с
T4 LIFE2 57 ИОИ 0.747 правда 0.479 ср. численность 300 3.1 с
T4 PULSE10 57 ИОИ 0.582 правда 0.512 ср. численность 314 2.1 с
T4 BASE 57 ИОИ 0.471 правда 0.995 ср. численность 300 8.9 с
T4 PULSE3 57 ИОИ 0.582 правда 0.512 ср. численность 302 2.6 с
T5 LIFE2 57 ИОИ 0.605 правда 0.449 ср. численность 300 5.0 с
T5 PULSE10 57 ИОИ 0.552 правда 0.551 ср. численность 314 2.4 с
T5 BASE 57 ИОИ 0.598 правда 0.462 ср. численность 300 10.4 с
T5 PULSE3 57 ИОИ 0.533 правда 0.551 ср. численность 302 2.3 с
T6 LIFE2 57 ИОИ 1.012 правда 0.022 ср. численность 300 2.4 с
T6 PULSE10 57 ИОИ 0.935 правда 1.0 ср. численность 314 2.6 с
T6 BASE 57 ИОИ 0.087 правда 1.0 ср. численность 300 7.1 с
T6 PULSE3 57 ИОИ 0.344 правда 1.0 ср. численность 302 3.3 с
T1 BASE 58 ИОИ 1.014 правда 0.009 ср. численность 300 6.1 с
T1 LIFE2 58 ИОИ 1.035 правда 0.006 ср. численность 300 3.4 с
T1 PULSE10 58 ИОИ 1.031 правда 0.01 ср. численность 314 2.3 с
T1 PULSE3 58 ИОИ 1.026 правда 0.008 ср. численность 302 3.2 с
T2 LIFE2 58 ИОИ 0.229 правда 0.984 ср. численность 300 3.1 с
T2 PULSE10 58 ИОИ 0.576 правда 0.567 ср. численность 314 3.0 с
T2 BASE 58 ИОИ 0.025 правда 1.0 ср. численность 300 7.6 с
T2 PULSE3 58 ИОИ 0.288 правда 1.0 ср. численность 302 3.2 с
T3 BASE 58 ИОИ 0.877 правда 0.292 ср. численность 300 5.2 с
T3 LIFE2 58 ИОИ 1.021 правда 0.215 ср. численность 300 2.3 с
T3 PULSE10 58 ИОИ 0.888 правда 0.202 ср. численность 314 2.4 с
T3 PULSE3 58 ИОИ 0.875 правда 0.217 ср. численность 302 2.8 с
T4 LIFE2 58 ИОИ 0.517 правда 0.535 ср. численность 300 2.8 с
T4 PULSE10 58 ИОИ 0.504 правда 0.535 ср. численность 314 2.3 с
T4 BASE 58 ИОИ 0.503 правда 0.542 ср. численность 300 7.4 с
T4 PULSE3 58 ИОИ 0.518 правда 0.537 ср. численность 302 2.8 с
T5 LIFE2 58 ИОИ 0.612 правда 0.489 ср. численность 300 1.9 с
T5 BASE 58 ИОИ 0.575 правда 0.49 ср. численность 300 6.5 с
T5 PULSE10 58 ИОИ 0.662 правда 0.489 ср. численность 314 3.5 с
T5 PULSE3 58 ИОИ 0.609 правда 0.511 ср. численность 302 2.1 с
T6 LIFE2 58 ИОИ 1.023 правда 0.009 ср. численность 300 2.5 с
T6 BASE 58 ИОИ 0.234 правда 1.0 ср. численность 300 6.7 с
T6 PULSE10 58 ИОИ 1.023 правда 0.022 ср. численность 314 3.0 с
T6 PULSE3 58 ИОИ 0.778 правда 1.0 ср. численность 302 3.7 с
T1 LIFE2 59 ИОИ 1.025 правда 0.007 ср. численность 300 2.5 с
T1 BASE 59 ИОИ 0.22 правда 1.0 ср. численность 300 6.8 с
T1 PULSE10 59 ИОИ 1.021 правда 0.013 ср. численность 314 2.0 с
T1 PULSE3 59 ИОИ 1.019 правда 0.013 ср. численность 302 1.7 с
T2 LIFE2 59 ИОИ 0.559 правда 0.572 ср. численность 300 2.9 с
T2 PULSE10 59 ИОИ 0.504 правда 0.583 ср. численность 314 4.5 с
T2 BASE 59 ИОИ 0.024 правда 1.0 ср. численность 300 10.4 с
T2 PULSE3 59 ИОИ 0.022 правда 1.0 ср. численность 302 4.9 с
T3 LIFE2 59 ИОИ 0.956 правда 0.183 ср. численность 300 2.8 с
T3 PULSE10 59 ИОИ 1.031 правда 0.12 ср. численность 314 2.8 с
T3 BASE 59 ИОИ 0.395 правда 1.0 ср. численность 300 8.9 с
T3 PULSE3 59 ИОИ 1.035 правда 0.081 ср. численность 302 4.1 с
T4 LIFE2 59 ИОИ 0.613 правда 0.485 ср. численность 300 2.2 с
T4 BASE 59 ИОИ 0.548 правда 0.511 ср. численность 300 6.9 с
T4 PULSE10 59 ИОИ 0.652 правда 0.497 ср. численность 314 3.1 с
T4 PULSE3 59 ИОИ 0.602 правда 0.587 ср. численность 302 3.9 с
T5 LIFE2 59 ИОИ 0.733 правда 0.456 ср. численность 300 1.9 с
T5 PULSE10 59 ИОИ 0.706 правда 0.454 ср. численность 314 2.3 с
T5 PULSE3 59 ИОИ 0.662 правда 0.454 ср. численность 302 1.5 с
T5 BASE 59 ИОИ 0.057 правда 1.0 ср. численность 300 11.9 с
T6 BASE 59 ИОИ 0.28 правда 1.0 ср. численность 300 5.4 с
T6 LIFE2 59 ИОИ 1.019 правда 0.011 ср. численность 300 2.1 с
T6 PULSE10 59 ИОИ 1.008 правда 0.013 ср. численность 314 3.1 с
T6 PULSE3 59 ИОИ 0.852 правда 0.511 ср. численность 302 2.5 с
EVO-04 готово 09:25:43
T1 R80 60 ИОИ 0.225 незн 0.22 самообман 0.005 итог 1.0 ошибка головы None у «среднего» None 5.5 с
T1 BASE 60 ИОИ 0.348 незн 0.333 самообман 0.015 итог 1.0 ошибка головы None у «среднего» None 6.0 с
T1 HEAD 60 ИОИ 0.995 незн 0.993 самообман 0.002 итог 0.009 ошибка головы 0.003 у «среднего» 0.004 2.2 с
T1 HEAD_LCB 60 ИОИ 0.997 незн 0.994 самообман 0.003 итог 0.008 ошибка головы 0.004 у «среднего» 0.005 3.8 с
T2 BASE 60 ИОИ 0.066 незн 0.054 самообман 0.012 итог 1.0 ошибка головы None у «среднего» None 7.8 с
T2 HEAD 60 ИОИ 0.469 незн 0.449 самообман 0.02 итог 0.563 ошибка головы 0.037 у «среднего» 0.151 5.9 с
T2 R80 60 ИОИ 0.09 незн 0.081 самообман 0.009 итог 1.0 ошибка головы None у «среднего» None 11.7 с
T2 HEAD_LCB 60 ИОИ 0.48 незн 0.457 самообман 0.023 итог 0.56 ошибка головы 0.043 у «среднего» 0.182 6.1 с
T3 BASE 60 ИОИ 0.865 незн 0.769 самообман 0.096 итог 0.208 ошибка головы None у «среднего» None 7.3 с
T3 R80 60 ИОИ 0.921 незн 0.895 самообман 0.026 итог 0.122 ошибка головы None у «среднего» None 11.0 с
T3 HEAD_LCB 60 ИОИ 0.873 незн 0.845 самообман 0.029 итог 0.187 ошибка головы 0.028 у «среднего» 0.069 4.9 с
T3 HEAD 60 ИОИ 0.897 незн 0.875 самообман 0.021 итог 0.195 ошибка головы 0.025 у «среднего» 0.042 15.8 с
T4 BASE 60 ИОИ 0.543 незн 0.493 самообман 0.05 итог 0.516 ошибка головы None у «среднего» None 6.6 с
T4 R80 60 ИОИ 0.509 незн 0.489 самообман 0.02 итог 0.516 ошибка головы None у «среднего» None 6.6 с
T4 HEAD 60 ИОИ 0.546 незн 0.519 самообман 0.027 итог 0.509 ошибка головы 0.048 у «среднего» 0.159 4.7 с
T4 HEAD_LCB 60 ИОИ 0.531 незн 0.506 самообман 0.025 итог 0.509 ошибка головы 0.051 у «среднего» 0.191 4.8 с
T5 BASE 60 ИОИ 0.583 незн 0.533 самообман 0.05 итог 0.478 ошибка головы None у «среднего» None 7.2 с
T5 R80 60 ИОИ 0.545 незн 0.53 самообман 0.014 итог 0.492 ошибка головы None у «среднего» None 9.5 с
T5 HEAD_LCB 60 ИОИ 0.567 незн 0.549 самообман 0.018 итог 0.472 ошибка головы 0.043 у «среднего» 0.158 6.1 с
T6 BASE 60 ИОИ 0.17 незн 0.164 самообман 0.006 итог 1.0 ошибка головы None у «среднего» None 6.1 с
T6 R80 60 ИОИ 0.782 незн 0.773 самообман 0.009 итог 1.0 ошибка головы None у «среднего» None 8.6 с
T6 HEAD 60 ИОИ 0.454 незн 0.45 самообман 0.004 итог 1.0 ошибка головы 0.007 у «среднего» 0.254 5.7 с
T5 HEAD 60 ИОИ 0.592 незн 0.572 самообман 0.019 итог 0.472 ошибка головы 0.039 у «среднего» 0.1 32.6 с
T1 BASE 61 ИОИ 0.47 незн 0.437 самообман 0.033 итог 1.0 ошибка головы None у «среднего» None 6.3 с
T6 HEAD_LCB 60 ИОИ 0.996 незн 0.991 самообман 0.005 итог 0.01 ошибка головы 0.005 у «среднего» 0.003 10.6 с
T1 R80 61 ИОИ 1.0 незн 0.983 самообман 0.017 итог 0.027 ошибка головы None у «среднего» None 10.0 с
T1 HEAD_LCB 61 ИОИ 0.26 незн 0.254 самообман 0.006 итог 1.0 ошибка головы 0.013 у «среднего» 0.265 9.9 с
T1 HEAD 61 ИОИ 0.999 незн 0.994 самообман 0.005 итог 0.0 ошибка головы 0.005 у «среднего» 0.006 20.2 с
T2 BASE 61 ИОИ 0.47 незн 0.414 самообман 0.056 итог 0.602 ошибка головы None у «среднего» None 7.7 с
T2 R80 61 ИОИ 0.417 незн 0.397 самообман 0.02 итог 0.612 ошибка головы None у «среднего» None 6.1 с
T2 HEAD_LCB 61 ИОИ 0.25 незн 0.238 самообман 0.013 итог 1.0 ошибка головы 0.042 у «среднего» 0.179 9.8 с
T3 BASE 61 ИОИ 0.933 незн 0.801 самообман 0.132 итог 0.358 ошибка головы None у «среднего» None 4.8 с
T2 HEAD 61 ИОИ 0.454 незн 0.429 самообман 0.025 итог 0.581 ошибка головы 0.038 у «среднего» 0.105 21.9 с
T3 R80 61 ИОИ 0.488 незн 0.451 самообман 0.038 итог 0.736 ошибка головы None у «среднего» None 8.3 с
T3 HEAD 61 ИОИ 0.835 незн 0.815 самообман 0.02 итог 0.184 ошибка головы 0.037 у «среднего» 0.071 4.7 с
T3 HEAD_LCB 61 ИОИ 0.662 незн 0.626 самообман 0.036 итог 0.653 ошибка головы 0.042 у «среднего» 0.157 7.4 с
T4 BASE 61 ИОИ 0.157 незн 0.12 самообман 0.037 итог 0.989 ошибка головы None у «среднего» None 8.4 с
T4 R80 61 ИОИ 0.389 незн 0.353 самообман 0.036 итог 0.827 ошибка головы None у «среднего» None 9.0 с
T4 HEAD_LCB 61 ИОИ 0.555 незн 0.523 самообман 0.032 итог 0.263 ошибка головы 0.044 у «среднего» 0.14 4.9 с
T4 HEAD 61 ИОИ 0.564 незн 0.528 самообман 0.036 итог 0.237 ошибка головы 0.04 у «среднего» 0.101 18.7 с
T5 BASE 61 ИОИ 0.609 незн 0.551 самообман 0.058 итог 0.454 ошибка головы None у «среднего» None 12.9 с
T5 R80 61 ИОИ 0.099 незн 0.093 самообман 0.007 итог 1.0 ошибка головы None у «среднего» None 9.5 с
T5 HEAD 61 ИОИ 0.596 незн 0.563 самообман 0.033 итог 0.449 ошибка головы 0.035 у «среднего» 0.116 8.6 с
T6 BASE 61 ИОИ 0.494 незн 0.481 самообман 0.013 итог 1.0 ошибка головы None у «среднего» None 4.6 с
T5 HEAD_LCB 61 ИОИ 0.586 незн 0.56 самообман 0.026 итог 0.443 ошибка головы 0.031 у «среднего» 0.108 8.5 с
T6 HEAD 61 ИОИ 0.993 незн 0.989 самообман 0.004 итог 0.017 ошибка головы 0.007 у «среднего» 0.007 4.0 с
T6 R80 61 ИОИ 0.979 незн 0.974 самообман 0.006 итог 0.027 ошибка головы None у «среднего» None 5.9 с
T1 BASE 62 ИОИ 0.742 незн 0.722 самообман 0.02 итог 1.0 ошибка головы None у «среднего» None 8.5 с
T6 HEAD_LCB 61 ИОИ 0.996 незн 0.991 самообман 0.005 итог 0.017 ошибка головы 0.007 у «среднего» 0.007 11.5 с
T1 HEAD 62 ИОИ 0.993 незн 0.991 самообман 0.002 итог 0.012 ошибка головы 0.004 у «среднего» 0.006 4.7 с
T1 R80 62 ИОИ 0.99 незн 0.979 самообман 0.011 итог 0.034 ошибка головы None у «среднего» None 7.7 с
T1 HEAD_LCB 62 ИОИ 0.99 незн 0.989 самообман 0.0 итог 0.012 ошибка головы 0.004 у «среднего» 0.005 3.5 с
T2 BASE 62 ИОИ 0.441 незн 0.373 самообман 0.068 итог 0.649 ошибка головы None у «среднего» None 7.8 с
T2 R80 62 ИОИ 0.29 незн 0.266 самообман 0.024 итог 0.789 ошибка головы None у «среднего» None 9.2 с
T2 HEAD_LCB 62 ИОИ 0.458 незн 0.434 самообман 0.024 итог 0.562 ошибка головы 0.039 у «среднего» 0.142 6.9 с
T3 BASE 62 ИОИ 0.901 незн 0.806 самообман 0.095 итог 0.221 ошибка головы None у «среднего» None 8.3 с
T2 HEAD 62 ИОИ 0.46 незн 0.431 самообман 0.03 итог 0.491 ошибка головы 0.035 у «среднего» 0.085 23.1 с
T3 R80 62 ИОИ 0.463 незн 0.425 самообман 0.037 итог 0.951 ошибка головы None у «среднего» None 9.0 с
T3 HEAD_LCB 62 ИОИ 0.84 незн 0.824 самообман 0.016 итог 0.184 ошибка головы 0.03 у «среднего» 0.076 5.0 с
T3 HEAD 62 ИОИ 0.473 незн 0.449 самообман 0.024 итог 0.688 ошибка головы 0.063 у «среднего» 0.227 11.2 с
T4 R80 62 ИОИ 0.513 незн 0.489 самообман 0.024 итог 0.51 ошибка головы None у «среднего» None 5.8 с
T4 BASE 62 ИОИ 0.405 незн 0.371 самообман 0.035 итог 1.0 ошибка головы None у «среднего» None 7.7 с
T4 HEAD_LCB 62 ИОИ 0.524 незн 0.504 самообман 0.021 итог 0.509 ошибка головы 0.05 у «среднего» 0.161 4.8 с
T4 HEAD 62 ИОИ 0.531 незн 0.502 самообман 0.029 итог 0.49 ошибка головы 0.049 у «среднего» 0.131 9.7 с
T5 BASE 62 ИОИ 0.521 незн 0.459 самообман 0.062 итог 0.577 ошибка головы None у «среднего» None 5.0 с
T5 HEAD 62 ИОИ 0.615 незн 0.591 самообман 0.023 итог 0.5 ошибка головы 0.037 у «среднего» 0.14 9.6 с
T5 R80 62 ИОИ 0.846 незн 0.807 самообман 0.038 итог 0.183 ошибка головы None у «среднего» None 12.1 с
T5 HEAD_LCB 62 ИОИ 0.637 незн 0.602 самообман 0.036 итог 0.458 ошибка головы 0.033 у «среднего» 0.191 4.2 с
T6 BASE 62 ИОИ 0.553 незн 0.539 самообман 0.014 итог 1.0 ошибка головы None у «среднего» None 4.8 с
T6 HEAD 62 ИОИ 0.99 незн 0.987 самообман 0.003 итог 0.018 ошибка головы 0.007 у «среднего» 0.008 3.9 с
T6 R80 62 ИОИ 0.454 незн 0.437 самообман 0.018 итог 0.67 ошибка головы None у «среднего» None 7.3 с
T6 HEAD_LCB 62 ИОИ 0.991 незн 0.989 самообман 0.002 итог 0.018 ошибка головы 0.006 у «среднего» 0.007 3.3 с
T1 BASE 63 ИОИ 1.02 незн 0.99 самообман 0.03 итог 0.007 ошибка головы None у «среднего» None 5.7 с
T1 R80 63 ИОИ 1.001 незн 0.985 самообман 0.016 итог 0.018 ошибка головы None у «среднего» None 7.4 с
T1 HEAD 63 ИОИ 0.996 незн 0.993 самообман 0.003 итог 0.0 ошибка головы 0.003 у «среднего» 0.004 5.0 с
T1 HEAD_LCB 63 ИОИ 0.429 незн 0.404 самообман 0.025 итог 1.0 ошибка головы 0.03 у «среднего» 0.286 5.4 с
T2 BASE 63 ИОИ 0.02 незн 0.017 самообман 0.003 итог 1.0 ошибка головы None у «среднего» None 10.7 с
T2 R80 63 ИОИ 0.403 незн 0.367 самообман 0.035 итог 0.716 ошибка головы None у «среднего» None 8.2 с
T2 HEAD_LCB 63 ИОИ 0.524 незн 0.497 самообман 0.027 итог 0.073 ошибка головы 0.045 у «среднего» 0.112 6.8 с
T2 HEAD 63 ИОИ 0.523 незн 0.495 самообман 0.028 итог 0.073 ошибка головы 0.045 у «среднего» 0.108 10.4 с
T3 BASE 63 ИОИ 0.829 незн 0.782 самообман 0.047 итог 0.239 ошибка головы None у «среднего» None 11.0 с
T3 R80 63 ИОИ 0.803 незн 0.785 самообман 0.018 итог 0.236 ошибка головы None у «среднего» None 10.2 с
T3 HEAD 63 ИОИ 0.827 незн 0.81 самообман 0.017 итог 0.191 ошибка головы 0.035 у «среднего» 0.059 19.6 с
T3 HEAD_LCB 63 ИОИ 0.819 незн 0.806 самообман 0.013 итог 0.165 ошибка головы 0.032 у «среднего» 0.05 20.4 с
T4 BASE 63 ИОИ 0.025 незн 0.022 самообман 0.003 итог 1.0 ошибка головы None у «среднего» None 13.4 с
T4 R80 63 ИОИ 0.018 незн 0.016 самообман 0.001 итог 1.0 ошибка головы None у «среднего» None 13.4 с
T4 HEAD_LCB 63 ИОИ 0.026 незн 0.024 самообман 0.003 итог 1.0 ошибка головы 0.031 у «среднего» 0.236 6.8 с
T4 HEAD 63 ИОИ 0.037 незн 0.032 самообман 0.005 итог 0.977 ошибка головы 0.032 у «среднего» 0.22 8.8 с
T5 BASE 63 ИОИ 0.624 незн 0.559 самообман 0.065 итог 0.452 ошибка головы None у «среднего» None 6.9 с
T5 R80 63 ИОИ 0.577 незн 0.547 самообман 0.031 итог 0.462 ошибка головы None у «среднего» None 10.1 с
T5 HEAD_LCB 63 ИОИ 0.61 незн 0.579 самообман 0.031 итог 0.449 ошибка головы 0.038 у «среднего» 0.136 5.6 с
T6 BASE 63 ИОИ 1.011 незн 0.988 самообман 0.023 итог 0.036 ошибка головы None у «среднего» None 4.7 с
T5 HEAD 63 ИОИ 0.608 незн 0.576 самообман 0.031 итог 0.449 ошибка головы 0.043 у «среднего» 0.114 15.2 с
T6 R80 63 ИОИ 0.389 незн 0.384 самообман 0.005 итог 1.0 ошибка головы None у «среднего» None 7.2 с
T6 HEAD 63 ИОИ 0.997 незн 0.99 самообман 0.007 итог 0.011 ошибка головы 0.006 у «среднего» 0.003 9.8 с
T6 HEAD_LCB 63 ИОИ 0.995 незн 0.991 самообман 0.005 итог 0.007 ошибка головы 0.005 у «среднего» 0.003 9.3 с
T1 BASE 64 ИОИ 0.155 незн 0.15 самообман 0.004 итог 1.0 ошибка головы None у «среднего» None 6.6 с
T1 R80 64 ИОИ 0.097 незн 0.096 самообман 0.001 итог 1.0 ошибка головы None у «среднего» None 5.9 с
T1 HEAD_LCB 64 ИОИ 0.995 незн 0.994 самообман 0.001 итог 0.006 ошибка головы 0.003 у «среднего» 0.003 2.4 с
T1 HEAD 64 ИОИ 0.997 незн 0.994 самообман 0.003 итог 0.011 ошибка головы 0.004 у «среднего» 0.004 7.6 с
T2 BASE 64 ИОИ 0.567 незн 0.45 самообман 0.117 итог 0.537 ошибка головы None у «среднего» None 7.1 с
T2 R80 64 ИОИ 0.502 незн 0.434 самообман 0.068 итог 0.575 ошибка головы None у «среднего» None 9.1 с
T2 HEAD_LCB 64 ИОИ 0.527 незн 0.466 самообман 0.061 итог 0.535 ошибка головы 0.055 у «среднего» 0.068 12.3 с
T2 HEAD 64 ИОИ 0.531 незн 0.472 самообман 0.058 итог 0.515 ошибка головы 0.056 у «среднего» 0.084 14.6 с
T3 BASE 64 ИОИ 0.89 незн 0.82 самообман 0.07 итог 0.217 ошибка головы None у «среднего» None 7.3 с
T3 R80 64 ИОИ 0.807 незн 0.77 самообман 0.037 итог 0.252 ошибка головы None у «среднего» None 8.6 с
T3 HEAD 64 ИОИ 0.916 незн 0.904 самообман 0.013 итог 0.202 ошибка головы 0.023 у «среднего» 0.048 3.4 с
T3 HEAD_LCB 64 ИОИ 0.858 незн 0.839 самообман 0.019 итог 0.203 ошибка головы 0.028 у «среднего» 0.067 4.4 с
T4 BASE 64 ИОИ 0.505 незн 0.463 самообман 0.042 итог 0.544 ошибка головы None у «среднего» None 9.3 с
T4 R80 64 ИОИ 0.048 незн 0.045 самообман 0.004 итог 1.0 ошибка головы None у «среднего» None 12.0 с
T4 HEAD 64 ИОИ 0.493 незн 0.484 самообман 0.009 итог 0.544 ошибка головы 0.056 у «среднего» 0.181 5.7 с
T4 HEAD_LCB 64 ИОИ 0.497 незн 0.488 самообман 0.009 итог 0.544 ошибка головы 0.057 у «среднего» 0.191 5.2 с
T5 BASE 64 ИОИ 0.541 незн 0.502 самообман 0.04 итог 0.496 ошибка головы None у «среднего» None 6.5 с
T5 HEAD 64 ИОИ 0.525 незн 0.513 самообман 0.012 итог 0.496 ошибка головы 0.051 у «среднего» 0.176 5.1 с
T5 R80 64 ИОИ 0.243 незн 0.224 самообман 0.019 итог 0.945 ошибка головы None у «среднего» None 9.1 с
T5 HEAD_LCB 64 ИОИ 0.522 незн 0.512 самообман 0.011 итог 0.497 ошибка головы 0.051 у «среднего» 0.176 5.1 с
T6 BASE 64 ИОИ 0.26 незн 0.254 самообман 0.006 итог 1.0 ошибка головы None у «среднего» None 6.1 с
T6 R80 64 ИОИ 0.069 незн 0.068 самообман 0.001 итог 1.0 ошибка головы None у «среднего» None 9.4 с
T6 HEAD 64 ИОИ 0.992 незн 0.985 самообман 0.006 итог 0.016 ошибка головы 0.006 у «среднего» 0.004 14.2 с
T1 BASE 65 ИОИ 0.576 незн 0.557 самообман 0.019 итог 1.0 ошибка головы None у «среднего» None 7.8 с
T6 HEAD_LCB 64 ИОИ 0.994 незн 0.988 самообман 0.005 итог 0.016 ошибка головы 0.006 у «среднего» 0.005 15.7 с
T1 R80 65 ИОИ 1.008 незн 0.993 самообман 0.015 итог 0.007 ошибка головы None у «среднего» None 7.8 с
T1 HEAD_LCB 65 ИОИ 1.003 незн 0.998 самообман 0.005 итог 0.006 ошибка головы 0.004 у «среднего» 0.003 4.6 с
T1 HEAD 65 ИОИ 1.001 незн 0.997 самообман 0.003 итог 0.001 ошибка головы 0.002 у «среднего» 0.002 17.5 с
T2 BASE 65 ИОИ 0.018 незн 0.014 самообман 0.003 итог 1.0 ошибка головы None у «среднего» None 12.5 с
T2 R80 65 ИОИ 0.013 незн 0.012 самообман 0.001 итог 1.0 ошибка головы None у «среднего» None 13.6 с
T2 HEAD 65 ИОИ 0.447 незн 0.432 самообман 0.015 итог 0.373 ошибка головы 0.06 у «среднего» 0.134 17.7 с
T2 HEAD_LCB 65 ИОИ 0.482 незн 0.461 самообман 0.021 итог 0.298 ошибка головы 0.066 у «среднего» 0.139 12.9 с
T3 BASE 65 ИОИ 0.862 незн 0.737 самообман 0.125 итог 0.682 ошибка головы None у «среднего» None 7.1 с
T3 R80 65 ИОИ 0.616 незн 0.576 самообман 0.04 итог 0.515 ошибка головы None у «среднего» None 6.6 с
T3 HEAD 65 ИОИ 0.846 незн 0.831 самообман 0.015 итог 0.194 ошибка головы 0.031 у «среднего» 0.075 4.8 с
T3 HEAD_LCB 65 ИОИ 0.83 незн 0.809 самообман 0.021 итог 0.201 ошибка головы 0.031 у «среднего» 0.076 5.9 с
T4 BASE 65 ИОИ 0.641 незн 0.55 самообман 0.092 итог 0.456 ошибка головы None у «среднего» None 7.4 с
T4 R80 65 ИОИ 0.617 незн 0.553 самообман 0.064 итог 0.456 ошибка головы None у «среднего» None 9.5 с
T4 HEAD 65 ИОИ 0.536 незн 0.487 самообман 0.05 итог 0.946 ошибка головы 0.062 у «среднего» 0.189 5.5 с
T4 HEAD_LCB 65 ИОИ 0.623 незн 0.568 самообман 0.054 итог 0.434 ошибка головы 0.058 у «среднего» 0.157 4.6 с
T5 BASE 65 ИОИ 0.191 незн 0.169 самообман 0.022 итог 1.0 ошибка головы None у «среднего» None 8.2 с
T5 R80 65 ИОИ 0.024 незн 0.023 самообман 0.001 итог 1.0 ошибка головы None у «среднего» None 10.4 с
T5 HEAD_LCB 65 ИОИ 0.66 незн 0.6 самообман 0.06 итог 0.418 ошибка головы 0.049 у «среднего» 0.14 4.7 с
T6 BASE 65 ИОИ 0.402 незн 0.39 самообман 0.011 итог 1.0 ошибка головы None у «среднего» None 6.0 с
T5 HEAD 65 ИОИ 0.663 незн 0.597 самообман 0.066 итог 0.418 ошибка головы 0.057 у «среднего» 0.079 16.5 с
T6 HEAD 65 ИОИ 0.723 незн 0.718 самообман 0.005 итог 1.0 ошибка головы 0.007 у «среднего» 0.133 8.5 с
T6 R80 65 ИОИ 0.946 незн 0.931 самообман 0.015 итог 1.0 ошибка головы None у «среднего» None 9.1 с
T6 HEAD_LCB 65 ИОИ 1.001 незн 0.996 самообман 0.004 итог 0.0 ошибка головы 0.004 у «среднего» 0.003 5.8 с
T1 BASE 66 ИОИ 0.12 незн 0.115 самообман 0.004 итог 1.0 ошибка головы None у «среднего» None 6.8 с
T1 R80 66 ИОИ 0.247 незн 0.243 самообман 0.005 итог 1.0 ошибка головы None у «среднего» None 7.9 с
T1 HEAD 66 ИОИ 1.001 незн 0.997 самообман 0.004 итог 0.007 ошибка головы 0.004 у «среднего» 0.003 11.4 с
T1 HEAD_LCB 66 ИОИ 0.998 незн 0.996 самообман 0.003 итог 0.007 ошибка головы 0.003 у «среднего» 0.003 5.7 с
T2 BASE 66 ИОИ 0.193 незн 0.146 самообман 0.047 итог 0.867 ошибка головы None у «среднего» None 7.9 с
T2 R80 66 ИОИ 0.306 незн 0.277 самообман 0.029 итог 1.0 ошибка головы None у «среднего» None 11.7 с
T2 HEAD 66 ИОИ 0.465 незн 0.439 самообман 0.026 итог 0.577 ошибка головы 0.039 у «среднего» 0.175 6.5 с
T2 HEAD_LCB 66 ИОИ 0.023 незн 0.017 самообман 0.005 итог 1.0 ошибка головы 0.035 у «среднего» 0.229 6.5 с
T3 BASE 66 ИОИ 0.569 незн 0.481 самообман 0.087 итог 1.0 ошибка головы None у «среднего» None 5.6 с
T3 R80 66 ИОИ 0.816 незн 0.787 самообман 0.029 итог 0.23 ошибка головы None у «среднего» None 7.7 с
T3 HEAD_LCB 66 ИОИ 0.832 незн 0.82 самообман 0.012 итог 0.184 ошибка головы 0.031 у «среднего» 0.081 4.9 с
T3 HEAD 66 ИОИ 0.614 незн 0.56 самообман 0.054 итог 0.345 ошибка головы 0.059 у «среднего» 0.146 14.0 с
T4 BASE 66 ИОИ 0.321 незн 0.257 самообман 0.064 итог 1.0 ошибка головы None у «среднего» None 9.9 с
T4 R80 66 ИОИ 0.514 незн 0.494 самообман 0.02 итог 0.516 ошибка головы None у «среднего» None 12.9 с
T4 HEAD 66 ИОИ 0.545 незн 0.519 самообман 0.027 итог 0.504 ошибка головы 0.032 у «среднего» 0.149 5.7 с
T5 BASE 66 ИОИ 0.522 незн 0.466 самообман 0.056 итог 0.534 ошибка головы None у «среднего» None 6.8 с
T4 HEAD_LCB 66 ИОИ 0.534 незн 0.504 самообман 0.03 итог 0.57 ошибка головы 0.034 у «среднего» 0.172 8.1 с
T5 HEAD 66 ИОИ 0.503 незн 0.474 самообман 0.029 итог 0.534 ошибка головы 0.028 у «среднего» 0.239 4.9 с
T5 R80 66 ИОИ 0.548 незн 0.525 самообман 0.022 итог 0.471 ошибка головы None у «среднего» None 8.8 с
T5 HEAD_LCB 66 ИОИ 0.501 незн 0.471 самообман 0.029 итог 0.534 ошибка головы 0.026 у «среднего» 0.259 4.3 с
T6 BASE 66 ИОИ 0.047 незн 0.046 самообман 0.0 итог 1.0 ошибка головы None у «среднего» None 4.9 с
T6 R80 66 ИОИ 1.001 незн 0.985 самообман 0.015 итог 0.016 ошибка головы None у «среднего» None 5.5 с
T6 HEAD 66 ИОИ 1.003 незн 0.995 самообман 0.008 итог 0.008 ошибка головы 0.006 у «среднего» 0.004 4.1 с
T1 BASE 67 ИОИ 1.013 незн 0.987 самообман 0.026 итог 0.01 ошибка головы None у «среднего» None 5.8 с
T6 HEAD_LCB 66 ИОИ 1.003 незн 0.996 самообман 0.006 итог 0.008 ошибка головы 0.005 у «среднего» 0.004 10.5 с
T1 HEAD 67 ИОИ 0.99 незн 0.989 самообман 0.002 итог 0.017 ошибка головы 0.004 у «среднего» 0.005 2.3 с
T1 R80 67 ИОИ 0.135 незн 0.134 самообман 0.001 итог 1.0 ошибка головы None у «среднего» None 6.8 с
T1 HEAD_LCB 67 ИОИ 0.989 незн 0.988 самообман 0.001 итог 0.017 ошибка головы 0.004 у «среднего» 0.005 2.4 с
T2 R80 67 ИОИ 0.079 незн 0.069 самообман 0.01 итог 1.0 ошибка головы None у «среднего» None 8.2 с
T2 BASE 67 ИОИ 0.192 незн 0.141 самообман 0.052 итог 1.0 ошибка головы None у «среднего» None 12.0 с
T2 HEAD 67 ИОИ 0.473 незн 0.442 самообман 0.03 итог 0.539 ошибка головы 0.043 у «среднего» 0.164 4.6 с
T2 HEAD_LCB 67 ИОИ 0.503 незн 0.458 самообман 0.045 итог 0.528 ошибка головы 0.046 у «среднего» 0.11 7.1 с
T3 BASE 67 ИОИ 0.662 незн 0.568 самообман 0.093 итог 0.68 ошибка головы None у «среднего» None 6.3 с
T3 R80 67 ИОИ 0.478 незн 0.456 самообман 0.022 итог 0.685 ошибка головы None у «среднего» None 8.5 с
T3 HEAD 67 ИОИ 0.846 незн 0.83 самообман 0.016 итог 0.191 ошибка головы 0.029 у «среднего» 0.069 8.0 с
T3 HEAD_LCB 67 ИОИ 0.85 незн 0.836 самообман 0.014 итог 0.204 ошибка головы 0.027 у «среднего» 0.062 5.7 с
T4 BASE 67 ИОИ 0.532 незн 0.484 самообман 0.048 итог 0.516 ошибка головы None у «среднего» None 6.2 с
T4 R80 67 ИОИ 0.432 незн 0.392 самообман 0.04 итог 0.83 ошибка головы None у «среднего» None 7.7 с
T4 HEAD 67 ИОИ 0.44 незн 0.417 самообман 0.023 итог 1.0 ошибка головы 0.055 у «среднего» 0.189 8.1 с
T4 HEAD_LCB 67 ИОИ 0.421 незн 0.403 самообман 0.018 итог 0.957 ошибка головы 0.051 у «среднего» 0.216 6.9 с
T5 BASE 67 ИОИ 0.272 незн 0.23 самообман 0.042 итог 0.987 ошибка головы None у «среднего» None 10.1 с
T5 R80 67 ИОИ 0.287 незн 0.272 самообман 0.015 итог 1.0 ошибка головы None у «среднего» None 10.1 с
T5 HEAD 67 ИОИ 0.589 незн 0.555 самообман 0.034 итог 0.458 ошибка головы 0.039 у «среднего» 0.117 6.7 с
T6 BASE 67 ИОИ 0.717 незн 0.703 самообман 0.014 итог 1.0 ошибка головы None у «среднего» None 4.6 с
T6 R80 67 ИОИ 0.978 незн 0.969 самообман 0.01 итог 0.027 ошибка головы None у «среднего» None 7.3 с
T6 HEAD 67 ИОИ 0.988 незн 0.984 самообман 0.004 итог 0.024 ошибка головы 0.005 у «среднего» 0.006 5.2 с
T6 HEAD_LCB 67 ИОИ 0.987 незн 0.984 самообман 0.003 итог 0.019 ошибка головы 0.005 у «среднего» 0.006 4.8 с
T1 BASE 68 ИОИ 1.027 незн 0.993 самообман 0.034 итог 0.01 ошибка головы None у «среднего» None 6.4 с
T1 R80 68 ИОИ 1.001 незн 0.986 самообман 0.014 итог 0.018 ошибка головы None у «среднего» None 9.0 с
T1 HEAD 68 ИОИ 0.867 незн 0.863 самообман 0.004 итог 1.0 ошибка головы 0.005 у «среднего» 0.073 4.7 с
T5 HEAD_LCB 67 ИОИ 0.568 незн 0.542 самообман 0.026 итог 0.458 ошибка головы 0.035 у «среднего» 0.057 44.7 с
T1 HEAD_LCB 68 ИОИ 0.996 незн 0.993 самообман 0.002 итог 0.0 ошибка головы 0.003 у «среднего» 0.003 2.3 с
T2 BASE 68 ИОИ 0.167 незн 0.124 самообман 0.043 итог 1.0 ошибка головы None у «среднего» None 8.3 с
T2 R80 68 ИОИ 0.062 незн 0.056 самообман 0.006 итог 1.0 ошибка головы None у «среднего» None 9.1 с
T2 HEAD 68 ИОИ 0.481 незн 0.445 самообман 0.037 итог 0.57 ошибка головы 0.045 у «среднего» 0.095 9.3 с
T3 BASE 68 ИОИ 0.445 незн 0.38 самообман 0.066 итог 0.695 ошибка головы None у «среднего» None 7.8 с
T3 R80 68 ИОИ 0.509 незн 0.482 самообман 0.027 итог 0.689 ошибка головы None у «среднего» None 8.5 с
T2 HEAD_LCB 68 ИОИ 0.513 незн 0.46 самообман 0.054 итог 0.555 ошибка головы 0.05 у «среднего» 0.06 28.0 с
T3 HEAD 68 ИОИ 0.85 незн 0.824 самообман 0.026 итог 0.188 ошибка головы 0.032 у «среднего» 0.065 4.7 с
T3 HEAD_LCB 68 ИОИ 0.774 незн 0.746 самообман 0.028 итог 0.688 ошибка головы 0.047 у «среднего» 0.096 5.3 с
T4 BASE 68 ИОИ 0.551 незн 0.498 самообман 0.053 итог 0.509 ошибка головы None у «среднего» None 6.9 с
T4 HEAD 68 ИОИ 0.532 незн 0.508 самообман 0.023 итог 0.354 ошибка головы 0.045 у «среднего» 0.166 4.6 с
T4 R80 68 ИОИ 0.236 незн 0.223 самообман 0.013 итог 1.0 ошибка головы None у «среднего» None 9.8 с
T4 HEAD_LCB 68 ИОИ 0.534 незн 0.509 самообман 0.025 итог 0.425 ошибка головы 0.05 у «среднего» 0.159 5.1 с
T5 BASE 68 ИОИ 0.36 незн 0.319 самообман 0.041 итог 0.994 ошибка головы None у «среднего» None 8.0 с
T5 R80 68 ИОИ 0.554 незн 0.532 самообман 0.022 итог 0.472 ошибка головы None у «среднего» None 9.0 с
T5 HEAD 68 ИОИ 0.594 незн 0.56 самообман 0.034 итог 0.461 ошибка головы 0.039 у «среднего» 0.151 6.7 с
T6 BASE 68 ИОИ 0.791 незн 0.77 самообман 0.021 итог 1.0 ошибка головы None у «среднего» None 5.6 с
T5 HEAD_LCB 68 ИОИ 0.578 незн 0.55 самообман 0.028 итог 0.461 ошибка головы 0.037 у «среднего» 0.114 9.7 с
T6 HEAD 68 ИОИ 0.112 незн 0.112 самообман 0.0 итог 1.0 ошибка головы 0.004 у «среднего» 0.351 4.4 с
T6 R80 68 ИОИ 0.42 незн 0.414 самообман 0.006 итог 1.0 ошибка головы None у «среднего» None 9.6 с
T6 HEAD_LCB 68 ИОИ 0.994 незн 0.989 самообман 0.004 итог 0.013 ошибка головы 0.004 у «среднего» 0.003 5.3 с
T1 BASE 69 ИОИ 0.293 незн 0.285 самообман 0.008 итог 1.0 ошибка головы None у «среднего» None 6.8 с
T1 R80 69 ИОИ 0.997 незн 0.984 самообман 0.013 итог 0.024 ошибка головы None у «среднего» None 7.8 с
T1 HEAD 69 ИОИ 0.991 незн 0.99 самообман 0.001 итог 0.011 ошибка головы 0.004 у «среднего» 0.004 2.3 с
T1 HEAD_LCB 69 ИОИ 0.991 незн 0.99 самообман 0.001 итог 0.011 ошибка головы 0.003 у «среднего» 0.005 3.7 с
T2 BASE 69 ИОИ 0.328 незн 0.265 самообман 0.063 итог 0.91 ошибка головы None у «среднего» None 8.4 с
T2 R80 69 ИОИ 0.049 незн 0.049 самообман 0.001 итог 1.0 ошибка головы None у «среднего» None 9.6 с
T2 HEAD 69 ИОИ 0.504 незн 0.484 самообман 0.02 итог 0.527 ошибка головы 0.045 у «среднего» 0.152 5.7 с
T2 HEAD_LCB 69 ИОИ 0.441 незн 0.423 самообман 0.018 итог 0.605 ошибка головы 0.045 у «среднего» 0.195 5.9 с
T3 BASE 69 ИОИ 0.733 незн 0.637 самообман 0.096 итог 0.473 ошибка головы None у «среднего» None 5.4 с
T3 HEAD 69 ИОИ 0.881 незн 0.867 самообман 0.013 итог 0.423 ошибка головы 0.024 у «среднего» 0.056 4.6 с
T3 R80 69 ИОИ 0.836 незн 0.768 самообман 0.069 итог 0.381 ошибка головы None у «среднего» None 7.3 с
T4 BASE 69 ИОИ 0.581 незн 0.526 самообман 0.056 итог 0.494 ошибка головы None у «среднего» None 8.5 с
T3 HEAD_LCB 69 ИОИ 0.873 незн 0.859 самообман 0.014 итог 0.156 ошибка головы 0.028 у «среднего» 0.051 13.9 с
T4 HEAD 69 ИОИ 0.591 незн 0.547 самообман 0.044 итог 0.48 ошибка головы 0.052 у «среднего» 0.154 5.3 с
T4 R80 69 ИОИ 0.553 незн 0.516 самообман 0.037 итог 0.494 ошибка головы None у «среднего» None 9.7 с
T4 HEAD_LCB 69 ИОИ 0.576 незн 0.536 самообман 0.04 итог 0.52 ошибка головы 0.05 у «среднего» 0.152 5.1 с
T5 BASE 69 ИОИ 0.636 незн 0.573 самообман 0.063 итог 0.434 ошибка головы None у «среднего» None 8.0 с
T5 R80 69 ИОИ 0.609 незн 0.568 самообман 0.041 итог 0.435 ошибка головы None у «среднего» None 6.4 с
T5 HEAD 69 ИОИ 0.639 незн 0.592 самообман 0.047 итог 0.419 ошибка головы 0.037 у «среднего» 0.202 4.3 с
T6 BASE 69 ИОИ 0.262 незн 0.254 самообман 0.008 итог 1.0 ошибка головы None у «среднего» None 5.7 с
T5 HEAD_LCB 69 ИОИ 0.642 незн 0.591 самообман 0.051 итог 0.419 ошибка головы 0.047 у «среднего» 0.145 7.4 с
T6 R80 69 ИОИ 0.05 незн 0.049 самообман 0.001 итог 1.0 ошибка головы None у «среднего» None 6.2 с
T6 HEAD 69 ИОИ 0.269 незн 0.268 самообман 0.001 итог 1.0 ошибка головы 0.007 у «среднего» 0.299 5.9 с
T1 BASE 70 ИОИ 0.047 незн 0.046 самообман 0.001 итог 1.0 ошибка головы None у «среднего» None 6.7 с
T6 HEAD_LCB 69 ИОИ 0.148 незн 0.146 самообман 0.002 итог 1.0 ошибка головы 0.009 у «среднего» 0.291 8.7 с
T1 HEAD 70 ИОИ 0.994 незн 0.993 самообман 0.001 итог 0.009 ошибка головы 0.003 у «среднего» 0.003 2.3 с
T1 HEAD_LCB 70 ИОИ 0.994 незн 0.993 самообман 0.001 итог 0.009 ошибка головы 0.002 у «среднего» 0.003 2.2 с
T1 R80 70 ИОИ 0.931 незн 0.919 самообман 0.012 итог 1.0 ошибка головы None у «среднего» None 11.0 с
T2 BASE 70 ИОИ 0.092 незн 0.071 самообман 0.021 итог 1.0 ошибка головы None у «среднего» None 10.8 с
T2 R80 70 ИОИ 0.074 незн 0.066 самообман 0.008 итог 1.0 ошибка головы None у «среднего» None 10.1 с
T2 HEAD 70 ИОИ 0.03 незн 0.025 самообман 0.005 итог 1.0 ошибка головы 0.037 у «среднего» 0.255 6.7 с
T3 BASE 70 ИОИ 0.957 незн 0.811 самообман 0.146 итог 0.2 ошибка головы None у «среднего» None 5.5 с
T2 HEAD_LCB 70 ИОИ 0.232 незн 0.219 самообман 0.013 итог 1.0 ошибка головы 0.036 у «среднего» 0.198 9.1 с
T3 HEAD 70 ИОИ 0.836 незн 0.817 самообман 0.019 итог 0.2 ошибка головы 0.031 у «среднего» 0.073 4.7 с
T3 R80 70 ИОИ 0.854 незн 0.799 самообман 0.054 итог 0.191 ошибка головы None у «среднего» None 8.3 с
T3 HEAD_LCB 70 ИОИ 0.835 незн 0.813 самообман 0.022 итог 0.21 ошибка головы 0.037 у «среднего» 0.084 4.3 с
T4 BASE 70 ИОИ 0.139 незн 0.123 самообман 0.015 итог 1.0 ошибка головы None у «среднего» None 8.8 с
T4 R80 70 ИОИ 0.514 незн 0.491 самообман 0.023 итог 0.513 ошибка головы None у «среднего» None 9.1 с
T4 HEAD 70 ИОИ 0.533 незн 0.515 самообман 0.018 итог 0.506 ошибка головы 0.055 у «среднего» 0.183 4.9 с
T4 HEAD_LCB 70 ИОИ 0.525 незн 0.507 самообман 0.018 итог 0.5 ошибка головы 0.053 у «среднего» 0.185 5.1 с
T5 BASE 70 ИОИ 0.52 незн 0.464 самообман 0.057 итог 0.54 ошибка головы None у «среднего» None 6.7 с
T5 R80 70 ИОИ 0.489 незн 0.46 самообман 0.028 итог 0.54 ошибка головы None у «среднего» None 8.4 с
T5 HEAD 70 ИОИ 0.503 незн 0.471 самообман 0.032 итог 0.54 ошибка головы 0.033 у «среднего» 0.215 6.6 с
T5 HEAD_LCB 70 ИОИ 0.493 незн 0.468 самообман 0.025 итог 0.54 ошибка головы 0.027 у «среднего» 0.263 4.4 с
T6 BASE 70 ИОИ 0.281 незн 0.274 самообман 0.007 итог 1.0 ошибка головы None у «среднего» None 5.6 с
T6 R80 70 ИОИ 0.265 незн 0.262 самообман 0.003 итог 1.0 ошибка головы None у «среднего» None 6.0 с
T6 HEAD 70 ИОИ 0.989 незн 0.985 самообман 0.003 итог 0.017 ошибка головы 0.005 у «среднего» 0.005 5.8 с
T6 HEAD_LCB 70 ИОИ 0.989 незн 0.987 самообман 0.002 итог 0.017 ошибка головы 0.005 у «среднего» 0.005 5.8 с
T1 BASE 71 ИОИ 1.02 незн 0.992 самообман 0.028 итог 0.004 ошибка головы None у «среднего» None 6.7 с
T1 HEAD 71 ИОИ 1.0 незн 0.995 самообман 0.005 итог 0.005 ошибка головы 0.004 у «среднего» 0.004 4.2 с
T1 R80 71 ИОИ 0.997 незн 0.987 самообман 0.01 итог 0.014 ошибка головы None у «среднего» None 10.2 с
T1 HEAD_LCB 71 ИОИ 0.996 незн 0.993 самообман 0.003 итог 0.004 ошибка головы 0.003 у «среднего» 0.004 2.4 с
T2 BASE 71 ИОИ 0.469 незн 0.402 самообман 0.067 итог 0.607 ошибка головы None у «среднего» None 9.7 с
T2 R80 71 ИОИ 0.44 незн 0.407 самообман 0.033 итог 0.602 ошибка головы None у «среднего» None 8.9 с
T2 HEAD 71 ИОИ 0.44 незн 0.425 самообман 0.016 итог 0.589 ошибка головы 0.038 у «среднего» 0.178 7.9 с
T2 HEAD_LCB 71 ИОИ 0.454 незн 0.432 самообман 0.022 итог 0.52 ошибка головы 0.039 у «среднего» 0.148 8.1 с
T3 BASE 71 ИОИ 0.796 незн 0.678 самообман 0.118 итог 0.69 ошибка головы None у «среднего» None 6.7 с
T3 R80 71 ИОИ 0.862 незн 0.815 самообман 0.046 итог 0.19 ошибка головы None у «среднего» None 6.5 с
T3 HEAD_LCB 71 ИОИ 0.851 незн 0.832 самообман 0.019 итог 0.185 ошибка головы 0.028 у «среднего» 0.079 5.2 с
T4 BASE 71 ИОИ 0.08 незн 0.073 самообман 0.007 итог 1.0 ошибка головы None у «среднего» None 10.8 с
T4 R80 71 ИОИ 0.069 незн 0.063 самообман 0.006 итог 1.0 ошибка головы None у «среднего» None 10.2 с
T3 HEAD 71 ИОИ 0.85 незн 0.822 самообман 0.028 итог 0.195 ошибка головы 0.03 у «среднего» 0.037 30.8 с
T4 HEAD 71 ИОИ 0.544 незн 0.522 самообман 0.022 итог 0.482 ошибка головы 0.045 у «среднего» 0.18 4.6 с
T4 HEAD_LCB 71 ИОИ 0.559 незн 0.532 самообман 0.027 итог 0.49 ошибка головы 0.044 у «среднего» 0.183 5.4 с
T5 BASE 71 ИОИ 0.595 незн 0.543 самообман 0.052 итог 0.461 ошибка головы None у «среднего» None 7.7 с
T5 R80 71 ИОИ 0.563 незн 0.541 самообман 0.022 итог 0.466 ошибка головы None у «среднего» None 6.9 с
T5 HEAD 71 ИОИ 0.582 незн 0.556 самообман 0.026 итог 0.456 ошибка головы 0.035 у «среднего» 0.21 5.4 с
T5 HEAD_LCB 71 ИОИ 0.57 незн 0.548 самообман 0.022 итог 0.456 ошибка головы 0.034 у «среднего» 0.21 5.4 с
T6 BASE 71 ИОИ 0.214 незн 0.21 самообман 0.004 итог 1.0 ошибка головы None у «среднего» None 5.9 с
T6 HEAD 71 ИОИ 0.996 незн 0.99 самообман 0.006 итог 0.013 ошибка головы 0.005 у «среднего» 0.004 4.4 с
T6 R80 71 ИОИ 0.192 незн 0.19 самообман 0.002 итог 1.0 ошибка головы None у «среднего» None 7.2 с
T6 HEAD_LCB 71 ИОИ 0.994 незн 0.989 самообман 0.004 итог 0.013 ошибка головы 0.005 у «среднего» 0.003 8.4 с
T1 BASE 72 ИОИ 0.276 незн 0.255 самообман 0.021 итог 1.0 ошибка головы None у «среднего» None 8.2 с
T1 HEAD 72 ИОИ 0.999 незн 0.996 самообман 0.003 итог 0.0 ошибка головы 0.003 у «среднего» 0.003 4.8 с
T1 R80 72 ИОИ 0.095 незн 0.094 самообман 0.002 итог 1.0 ошибка головы None у «среднего» None 9.5 с
T1 HEAD_LCB 72 ИОИ 0.046 незн 0.046 самообман 0.0 итог 1.0 ошибка головы 0.006 у «среднего» 0.338 6.9 с
T2 BASE 72 ИОИ 0.025 незн 0.02 самообман 0.005 итог 1.0 ошибка головы None у «среднего» None 10.8 с
T2 R80 72 ИОИ 0.016 незн 0.015 самообман 0.001 итог 1.0 ошибка головы None у «среднего» None 11.1 с
T2 HEAD_LCB 72 ИОИ 0.036 незн 0.03 самообман 0.006 итог 0.985 ошибка головы 0.027 у «среднего» 0.226 6.9 с
T2 HEAD 72 ИОИ 0.033 незн 0.027 самообман 0.006 итог 0.996 ошибка головы 0.024 у «среднего» 0.17 14.4 с
T3 R80 72 ИОИ 0.223 незн 0.212 самообман 0.012 итог 0.992 ошибка головы None у «среднего» None 6.3 с
T3 BASE 72 ИОИ 0.863 незн 0.752 самообман 0.112 итог 0.258 ошибка головы None у «среднего» None 13.0 с
T3 HEAD 72 ИОИ 0.843 незн 0.816 самообман 0.027 итог 0.147 ошибка головы 0.029 у «среднего» 0.039 36.3 с
T3 HEAD_LCB 72 ИОИ 0.856 незн 0.823 самообман 0.033 итог 0.198 ошибка головы 0.031 у «среднего» 0.04 40.8 с
T4 BASE 72 ИОИ 0.554 незн 0.494 самообман 0.059 итог 0.51 ошибка головы None у «среднего» None 8.2 с
T4 HEAD 72 ИОИ 0.534 незн 0.507 самообман 0.027 итог 0.504 ошибка головы 0.053 у «среднего» 0.191 5.0 с
T4 R80 72 ИОИ 0.514 незн 0.487 самообман 0.027 итог 0.519 ошибка головы None у «среднего» None 6.9 с
T4 HEAD_LCB 72 ИОИ 0.537 незн 0.508 самообман 0.029 итог 0.517 ошибка головы 0.052 у «среднего» 0.162 5.3 с
T5 BASE 72 ИОИ 0.598 незн 0.541 самообман 0.056 итог 0.473 ошибка головы None у «среднего» None 7.6 с
T5 HEAD 72 ИОИ 0.556 незн 0.529 самообман 0.027 итог 0.466 ошибка головы 0.035 у «среднего» 0.181 4.5 с
T5 R80 72 ИОИ 0.558 незн 0.535 самообман 0.023 итог 0.473 ошибка головы None у «среднего» None 7.1 с
T5 HEAD_LCB 72 ИОИ 0.578 незн 0.559 самообман 0.019 итог 0.466 ошибка головы 0.035 у «среднего» 0.222 4.1 с
T6 BASE 72 ИОИ 0.103 незн 0.102 самообман 0.001 итог 1.0 ошибка головы None у «среднего» None 6.3 с
T6 R80 72 ИОИ 0.99 незн 0.978 самообман 0.011 итог 0.019 ошибка головы None у «среднего» None 6.0 с
T6 HEAD_LCB 72 ИОИ 1.0 незн 0.994 самообман 0.006 итог 0.009 ошибка головы 0.005 у «среднего» 0.004 4.9 с
T6 HEAD 72 ИОИ 1.003 незн 0.994 самообман 0.01 итог 0.009 ошибка головы 0.008 у «среднего» 0.005 9.6 с
T1 BASE 73 ИОИ 1.022 незн 0.989 самообман 0.033 итог 0.006 ошибка головы None у «среднего» None 5.2 с
T1 R80 73 ИОИ 0.997 незн 0.985 самообман 0.012 итог 0.025 ошибка головы None у «среднего» None 9.7 с
T1 HEAD 73 ИОИ 0.639 незн 0.614 самообман 0.025 итог 1.0 ошибка головы 0.035 у «среднего» 0.164 8.1 с
T1 HEAD_LCB 73 ИОИ 0.993 незн 0.992 самообман 0.001 итог 0.006 ошибка головы 0.004 у «среднего» 0.004 2.9 с
T2 BASE 73 ИОИ 0.129 незн 0.11 самообман 0.019 итог 1.0 ошибка головы None у «среднего» None 6.6 с
T2 R80 73 ИОИ 0.426 незн 0.403 самообман 0.022 итог 0.611 ошибка головы None у «среднего» None 7.4 с
T2 HEAD_LCB 73 ИОИ 0.437 незн 0.419 самообман 0.018 итог 0.596 ошибка головы 0.046 у «среднего» 0.227 4.9 с
T3 BASE 73 ИОИ 0.894 незн 0.82 самообман 0.074 итог 0.224 ошибка головы None у «среднего» None 10.7 с
T2 HEAD 73 ИОИ 0.467 незн 0.434 самообман 0.033 итог 0.497 ошибка головы 0.04 у «среднего» 0.109 22.2 с
T3 R80 73 ИОИ 0.801 незн 0.774 самообман 0.028 итог 0.294 ошибка головы None у «среднего» None 7.4 с
T3 HEAD 73 ИОИ 0.825 незн 0.811 самообман 0.014 итог 0.204 ошибка головы 0.032 у «среднего» 0.08 4.6 с
T4 BASE 73 ИОИ 0.091 незн 0.081 самообман 0.01 итог 1.0 ошибка головы None у «среднего» None 9.4 с
T4 R80 73 ИОИ 0.36 незн 0.342 самообман 0.018 итог 1.0 ошибка головы None у «среднего» None 7.9 с
T4 HEAD 73 ИОИ 0.527 незн 0.508 самообман 0.02 итог 0.497 ошибка головы 0.046 у «среднего» 0.189 4.8 с
T4 HEAD_LCB 73 ИОИ 0.536 незн 0.512 самообман 0.024 итог 0.504 ошибка головы 0.042 у «среднего» 0.161 5.1 с
T3 HEAD_LCB 73 ИОИ 0.852 незн 0.827 самообман 0.025 итог 0.195 ошибка головы 0.027 у «среднего» 0.046 35.9 с
T5 BASE 73 ИОИ 0.629 незн 0.577 самообман 0.051 итог 0.445 ошибка головы None у «среднего» None 7.3 с
T5 HEAD 73 ИОИ 0.623 незн 0.581 самообман 0.042 итог 0.445 ошибка головы 0.04 у «среднего» 0.144 5.1 с
T5 R80 73 ИОИ 0.585 незн 0.546 самообман 0.039 итог 0.462 ошибка головы None у «среднего» None 8.0 с
T6 BASE 73 ИОИ 0.12 незн 0.118 самообман 0.002 итог 1.0 ошибка головы None у «среднего» None 6.2 с
T6 R80 73 ИОИ 0.114 незн 0.111 самообман 0.003 итог 1.0 ошибка головы None у «среднего» None 6.6 с
T5 HEAD_LCB 73 ИОИ 0.7 незн 0.636 самообман 0.064 итог 0.439 ошибка головы 0.052 у «среднего» 0.103 20.0 с
T6 HEAD 73 ИОИ 0.09 незн 0.089 самообман 0.001 итог 1.0 ошибка головы 0.005 у «среднего» 0.267 12.0 с
T6 HEAD_LCB 73 ИОИ 0.984 незн 0.983 самообман 0.001 итог 0.021 ошибка головы 0.008 у «среднего» 0.009 6.2 с
T1 BASE 74 ИОИ 0.146 незн 0.139 самообман 0.007 итог 1.0 ошибка головы None у «среднего» None 6.6 с
T1 R80 74 ИОИ 0.986 незн 0.979 самообман 0.006 итог 0.023 ошибка головы None у «среднего» None 9.5 с
T1 HEAD 74 ИОИ 0.177 незн 0.173 самообман 0.004 итог 1.0 ошибка головы 0.007 у «среднего» 0.327 6.2 с
T1 HEAD_LCB 74 ИОИ 0.996 незн 0.993 самообман 0.002 итог 0.011 ошибка головы 0.004 у «среднего» 0.006 3.8 с
T2 BASE 74 ИОИ 0.461 незн 0.403 самообман 0.058 итог 0.698 ошибка головы None у «среднего» None 6.9 с
T2 HEAD 74 ИОИ 0.426 незн 0.414 самообман 0.012 итог 0.605 ошибка головы 0.04 у «среднего» 0.161 5.6 с
T2 R80 74 ИОИ 0.225 незн 0.212 самообман 0.013 итог 1.0 ошибка головы None у «среднего» None 12.5 с
T2 HEAD_LCB 74 ИОИ 0.428 незн 0.417 самообман 0.011 итог 0.587 ошибка головы 0.043 у «среднего» 0.208 4.8 с
T3 BASE 74 ИОИ 1.005 незн 0.881 самообман 0.124 итог 0.17 ошибка головы None у «среднего» None 6.3 с
T3 R80 74 ИОИ 0.799 незн 0.748 самообман 0.051 итог 0.378 ошибка головы None у «среднего» None 6.9 с
T3 HEAD 74 ИОИ 0.774 незн 0.757 самообман 0.017 итог 0.667 ошибка головы 0.042 у «среднего» 0.108 5.1 с
T4 BASE 74 ИОИ 0.159 незн 0.134 самообман 0.025 итог 1.0 ошибка головы None у «среднего» None 9.3 с
T4 R80 74 ИОИ 0.565 незн 0.525 самообман 0.04 итог 0.484 ошибка головы None у «среднего» None 7.5 с
T4 HEAD 74 ИОИ 0.594 незн 0.549 самообман 0.045 итог 0.467 ошибка головы 0.042 у «среднего» 0.095 8.7 с
T3 HEAD_LCB 74 ИОИ 0.854 незн 0.84 самообман 0.014 итог 0.216 ошибка головы 0.026 у «среднего» 0.056 29.4 с
T5 BASE 74 ИОИ 0.216 незн 0.19 самообман 0.026 итог 1.0 ошибка головы None у «среднего» None 11.0 с
T4 HEAD_LCB 74 ИОИ 0.612 незн 0.566 самообман 0.046 итог 0.467 ошибка головы 0.046 у «среднего» 0.075 20.5 с
T5 R80 74 ИОИ 0.624 незн 0.572 самообман 0.052 итог 0.586 ошибка головы None у «среднего» None 9.1 с
T5 HEAD 74 ИОИ 0.665 незн 0.609 самообман 0.056 итог 0.414 ошибка головы 0.045 у «среднего» 0.126 7.0 с
T5 HEAD_LCB 74 ИОИ 0.671 незн 0.614 самообман 0.057 итог 0.418 ошибка головы 0.041 у «среднего» 0.138 5.0 с
T6 BASE 74 ИОИ 0.232 незн 0.229 самообман 0.003 итог 1.0 ошибка головы None у «среднего» None 6.2 с
T6 R80 74 ИОИ 0.026 незн 0.026 самообман 0.0 итог 1.0 ошибка головы None у «среднего» None 6.8 с
T6 HEAD 74 ИОИ 0.984 незн 0.982 самообман 0.001 итог 0.02 ошибка головы 0.006 у «среднего» 0.006 5.1 с
T6 HEAD_LCB 74 ИОИ 0.989 незн 0.986 самообман 0.003 итог 0.02 ошибка головы 0.007 у «среднего» 0.007 7.1 с
T1 BASE 75 ИОИ 0.542 незн 0.519 самообман 0.024 итог 1.0 ошибка головы None у «среднего» None 4.6 с
T1 HEAD 75 ИОИ 0.993 незн 0.991 самообман 0.002 итог 0.007 ошибка головы 0.003 у «среднего» 0.004 2.1 с
T1 HEAD_LCB 75 ИОИ 0.995 незн 0.993 самообман 0.002 итог 0.007 ошибка головы 0.003 у «среднего» 0.004 2.3 с
T1 R80 75 ИОИ 0.215 незн 0.207 самообман 0.008 итог 1.0 ошибка головы None у «среднего» None 6.0 с
T2 BASE 75 ИОИ 0.506 незн 0.417 самообман 0.089 итог 0.573 ошибка головы None у «среднего» None 8.2 с
T2 R80 75 ИОИ 0.351 незн 0.336 самообман 0.015 итог 0.696 ошибка головы None у «среднего» None 8.5 с
T2 HEAD 75 ИОИ 0.422 незн 0.412 самообман 0.01 итог 0.619 ошибка головы 0.049 у «среднего» 0.192 4.8 с
T2 HEAD_LCB 75 ИОИ 0.455 незн 0.434 самообман 0.021 итог 0.596 ошибка головы 0.057 у «среднего» 0.198 5.0 с
T3 BASE 75 ИОИ 0.976 незн 0.843 самообман 0.133 итог 0.138 ошибка головы None у «среднего» None 5.9 с
T3 R80 75 ИОИ 0.674 незн 0.643 самообман 0.032 итог 0.653 ошибка головы None у «среднего» None 7.5 с
T3 HEAD_LCB 75 ИОИ 0.848 незн 0.831 самообман 0.017 итог 0.197 ошибка головы 0.026 у «среднего» 0.076 4.5 с
T3 HEAD 75 ИОИ 0.55 незн 0.529 самообман 0.021 итог 0.653 ошибка головы 0.039 у «среднего» 0.16 13.8 с
T4 BASE 75 ИОИ 0.574 незн 0.513 самообман 0.061 итог 0.495 ошибка головы None у «среднего» None 7.2 с
T4 HEAD 75 ИОИ 0.551 незн 0.519 самообман 0.031 итог 0.488 ошибка головы 0.055 у «среднего» 0.174 4.9 с
T4 R80 75 ИОИ 0.534 незн 0.504 самообман 0.03 итог 0.5 ошибка головы None у «среднего» None 7.4 с
T4 HEAD_LCB 75 ИОИ 0.55 незн 0.522 самообман 0.028 итог 0.488 ошибка головы 0.054 у «среднего» 0.168 5.0 с
T5 BASE 75 ИОИ 0.596 незн 0.553 самообман 0.043 итог 0.451 ошибка головы None у «среднего» None 5.7 с
T5 R80 75 ИОИ 0.482 незн 0.457 самообман 0.025 итог 0.552 ошибка головы None у «среднего» None 6.8 с
T5 HEAD 75 ИОИ 0.623 незн 0.58 самообман 0.044 итог 0.448 ошибка головы 0.044 у «среднего» 0.182 4.8 с
T5 HEAD_LCB 75 ИОИ 0.601 незн 0.569 самообман 0.032 итог 0.448 ошибка головы 0.037 у «среднего» 0.192 4.0 с
T6 BASE 75 ИОИ 0.269 незн 0.26 самообман 0.009 итог 1.0 ошибка головы None у «среднего» None 7.6 с
T6 R80 75 ИОИ 0.99 незн 0.976 самообман 0.014 итог 0.029 ошибка головы None у «среднего» None 9.5 с
T6 HEAD_LCB 75 ИОИ 0.998 незн 0.993 самообман 0.005 итог 0.015 ошибка головы 0.006 у «среднего» 0.006 6.9 с
T1 BASE 76 ИОИ 1.017 незн 0.988 самообман 0.029 итог 0.016 ошибка головы None у «среднего» None 5.4 с
T6 HEAD 75 ИОИ 0.999 незн 0.992 самообман 0.007 итог 0.015 ошибка головы 0.006 у «среднего» 0.006 20.5 с
T1 R80 76 ИОИ 0.936 незн 0.929 самообман 0.007 итог 1.0 ошибка головы None у «среднего» None 7.2 с
T1 HEAD 76 ИОИ 0.993 незн 0.99 самообман 0.002 итог 0.016 ошибка головы 0.004 у «среднего» 0.005 4.9 с
T1 HEAD_LCB 76 ИОИ 0.277 незн 0.276 самообман 0.001 итог 1.0 ошибка головы 0.008 у «среднего» 0.358 5.5 с
T2 BASE 76 ИОИ 0.466 незн 0.406 самообман 0.06 итог 0.622 ошибка головы None у «среднего» None 8.1 с
T2 R80 76 ИОИ 0.386 незн 0.362 самообман 0.024 итог 1.0 ошибка головы None у «среднего» None 6.5 с
T2 HEAD_LCB 76 ИОИ 0.467 незн 0.441 самообман 0.026 итог 0.568 ошибка головы 0.038 у «среднего» 0.128 14.1 с
T2 HEAD 76 ИОИ 0.466 незн 0.441 самообман 0.025 итог 0.575 ошибка головы 0.036 у «среднего» 0.12 19.2 с
T3 R80 76 ИОИ 0.515 незн 0.483 самообман 0.032 итог 0.99 ошибка головы None у «среднего» None 6.2 с
T3 BASE 76 ИОИ 0.922 незн 0.788 самообман 0.134 итог 0.318 ошибка головы None у «среднего» None 8.0 с
T3 HEAD 76 ИОИ 0.822 незн 0.798 самообман 0.025 итог 0.431 ошибка головы 0.04 у «среднего» 0.09 7.8 с
T4 BASE 76 ИОИ 0.49 незн 0.397 самообман 0.094 итог 0.646 ошибка головы None у «среднего» None 9.9 с
T3 HEAD_LCB 76 ИОИ 0.974 незн 0.962 самообман 0.012 итог 0.051 ошибка головы 0.013 у «среднего» 0.012 23.7 с
T4 R80 76 ИОИ 0.446 незн 0.422 самообман 0.023 итог 1.0 ошибка головы None у «среднего» None 7.1 с
T4 HEAD_LCB 76 ИОИ 0.041 незн 0.034 самообман 0.007 итог 1.0 ошибка головы 0.019 у «среднего» 0.185 10.7 с
T5 BASE 76 ИОИ 0.599 незн 0.548 самообман 0.051 итог 0.466 ошибка головы None у «среднего» None 6.1 с
T4 HEAD 76 ИОИ 0.035 незн 0.028 самообман 0.007 итог 1.0 ошибка головы 0.014 у «среднего» 0.145 18.1 с
T5 R80 76 ИОИ 0.539 незн 0.514 самообман 0.024 итог 0.54 ошибка головы None у «среднего» None 8.7 с
T5 HEAD_LCB 76 ИОИ 0.59 незн 0.56 самообман 0.029 итог 0.454 ошибка головы 0.04 у «среднего» 0.152 5.0 с
T5 HEAD 76 ИОИ 0.604 незн 0.568 самообман 0.037 итог 0.454 ошибка головы 0.044 у «среднего» 0.146 15.9 с
T6 BASE 76 ИОИ 0.358 незн 0.352 самообман 0.007 итог 1.0 ошибка головы None у «среднего» None 5.5 с
T6 R80 76 ИОИ 0.165 незн 0.162 самообман 0.002 итог 1.0 ошибка головы None у «среднего» None 5.3 с
T6 HEAD_LCB 76 ИОИ 0.991 незн 0.988 самообман 0.003 итог 0.016 ошибка головы 0.006 у «среднего» 0.007 3.4 с
T6 HEAD 76 ИОИ 0.516 незн 0.511 самообман 0.005 итог 1.0 ошибка головы 0.009 у «среднего» 0.227 5.6 с
T1 BASE 77 ИОИ 1.018 незн 0.988 самообман 0.03 итог 0.021 ошибка головы None у «среднего» None 6.1 с
T1 R80 77 ИОИ 0.121 незн 0.117 самообман 0.004 итог 1.0 ошибка головы None у «среднего» None 6.6 с
T1 HEAD 77 ИОИ 0.993 незн 0.992 самообман 0.002 итог 0.012 ошибка головы 0.004 у «среднего» 0.005 5.0 с
T1 HEAD_LCB 77 ИОИ 0.995 незн 0.993 самообман 0.002 итог 0.005 ошибка головы 0.004 у «среднего» 0.004 5.1 с
T2 R80 77 ИОИ 0.453 незн 0.42 самообман 0.033 итог 0.595 ошибка головы None у «среднего» None 4.7 с
T2 BASE 77 ИОИ 0.504 незн 0.429 самообман 0.075 итог 0.595 ошибка головы None у «среднего» None 5.9 с
T2 HEAD 77 ИОИ 0.472 незн 0.446 самообман 0.026 итог 0.568 ошибка головы 0.046 у «среднего» 0.202 5.1 с
T2 HEAD_LCB 77 ИОИ 0.486 незн 0.455 самообман 0.032 итог 0.558 ошибка головы 0.049 у «среднего» 0.213 5.2 с
T3 BASE 77 ИОИ 0.918 незн 0.826 самообман 0.093 итог 0.199 ошибка головы None у «среднего» None 5.5 с
T3 R80 77 ИОИ 0.911 незн 0.862 самообман 0.049 итог 0.16 ошибка головы None у «среднего» None 5.6 с
T3 HEAD 77 ИОИ 0.87 незн 0.835 самообман 0.034 итог 0.108 ошибка головы 0.03 у «среднего» 0.039 38.1 с
T4 BASE 77 ИОИ 0.531 незн 0.486 самообман 0.045 итог 0.517 ошибка головы None у «среднего» None 7.2 с
T3 HEAD_LCB 77 ИОИ 0.924 незн 0.908 самообман 0.016 итог 0.11 ошибка головы 0.018 у «среднего» 0.023 51.6 с
T4 R80 77 ИОИ 0.5 незн 0.483 самообман 0.016 итог 0.522 ошибка головы None у «среднего» None 7.3 с
T4 HEAD 77 ИОИ 0.525 незн 0.508 самообман 0.017 итог 0.496 ошибка головы 0.054 у «среднего» 0.197 4.3 с
T4 HEAD_LCB 77 ИОИ 0.535 незн 0.515 самообман 0.02 итог 0.487 ошибка головы 0.055 у «среднего» 0.197 4.9 с
T5 BASE 77 ИОИ 0.632 незн 0.573 самообман 0.059 итог 0.465 ошибка головы None у «среднего» None 5.9 с
T5 R80 77 ИОИ 0.097 незн 0.093 самообман 0.004 итог 1.0 ошибка головы None у «среднего» None 6.2 с
T5 HEAD_LCB 77 ИОИ 0.592 незн 0.566 самообман 0.026 итог 0.459 ошибка головы 0.03 у «среднего» 0.221 4.4 с
T6 BASE 77 ИОИ 0.469 незн 0.458 самообман 0.011 итог 1.0 ошибка головы None у «среднего» None 4.4 с
T5 HEAD 77 ИОИ 0.565 незн 0.526 самообман 0.039 итог 0.541 ошибка головы 0.04 у «среднего» 0.181 11.2 с
T6 HEAD 77 ИОИ 0.99 незн 0.986 самообман 0.004 итог 0.015 ошибка головы 0.004 у «среднего» 0.004 5.7 с
T6 R80 77 ИОИ 0.279 незн 0.274 самообман 0.005 итог 1.0 ошибка головы None у «среднего» None 6.9 с
T1 BASE 78 ИОИ 0.61 незн 0.591 самообман 0.019 итог 1.0 ошибка головы None у «среднего» None 4.5 с
T6 HEAD_LCB 77 ИОИ 0.99 незн 0.986 самообман 0.004 итог 0.015 ошибка головы 0.004 у «среднего» 0.003 6.0 с
T1 HEAD 78 ИОИ 0.992 незн 0.991 самообман 0.001 итог 0.01 ошибка головы 0.003 у «среднего» 0.004 2.2 с
T1 R80 78 ИОИ 0.181 незн 0.177 самообман 0.004 итог 1.0 ошибка головы None у «среднего» None 6.6 с
T1 HEAD_LCB 78 ИОИ 0.998 незн 0.995 самообман 0.003 итог 0.009 ошибка головы 0.004 у «среднего» 0.005 11.8 с
T2 BASE 78 ИОИ 0.047 незн 0.035 самообман 0.012 итог 1.0 ошибка головы None у «среднего» None 9.2 с
T2 R80 78 ИОИ 0.464 незн 0.417 самообман 0.047 итог 0.604 ошибка головы None у «среднего» None 10.9 с
T2 HEAD 78 ИОИ 0.487 незн 0.449 самообман 0.038 итог 0.496 ошибка головы 0.041 у «среднего» 0.075 23.9 с
T3 BASE 78 ИОИ 0.913 незн 0.813 самообман 0.1 итог 0.228 ошибка головы None у «среднего» None 6.0 с
T2 HEAD_LCB 78 ИОИ 0.124 незн 0.102 самообман 0.022 итог 0.945 ошибка головы 0.049 у «среднего» 0.2 23.6 с
T3 R80 78 ИОИ 0.834 незн 0.791 самообман 0.043 итог 0.223 ошибка головы None у «среднего» None 10.4 с
T3 HEAD_LCB 78 ИОИ 0.816 незн 0.803 самообман 0.013 итог 0.232 ошибка головы 0.037 у «среднего» 0.077 5.7 с
T4 BASE 78 ИОИ 0.553 незн 0.494 самообман 0.058 итог 0.506 ошибка головы None у «среднего» None 6.7 с
T4 R80 78 ИОИ 0.511 незн 0.487 самообман 0.024 итог 0.51 ошибка головы None у «среднего» None 10.0 с
T4 HEAD 78 ИОИ 0.541 незн 0.518 самообман 0.023 итог 0.508 ошибка головы 0.052 у «среднего» 0.17 5.9 с
T4 HEAD_LCB 78 ИОИ 0.528 незн 0.508 самообман 0.021 итог 0.5 ошибка головы 0.045 у «среднего» 0.156 4.9 с
T3 HEAD 78 ИОИ 0.851 незн 0.824 самообман 0.027 итог 0.187 ошибка головы 0.033 у «среднего» 0.051 43.5 с
T5 BASE 78 ИОИ 0.537 незн 0.482 самообман 0.055 итог 0.531 ошибка головы None у «среднего» None 6.0 с
T5 R80 78 ИОИ 0.548 незн 0.533 самообман 0.014 итог 0.481 ошибка головы None у «среднего» None 7.0 с
T5 HEAD 78 ИОИ 0.519 незн 0.491 самообман 0.028 итог 0.531 ошибка головы 0.03 у «среднего» 0.234 5.4 с
T5 HEAD_LCB 78 ИОИ 0.527 незн 0.509 самообман 0.018 итог 0.492 ошибка головы 0.028 у «среднего» 0.228 6.1 с
T6 BASE 78 ИОИ 0.015 незн 0.013 самообман 0.002 итог 1.0 ошибка головы None у «среднего» None 6.6 с
T6 R80 78 ИОИ 0.017 незн 0.017 самообман 0.001 итог 1.0 ошибка головы None у «среднего» None 4.9 с
T6 HEAD 78 ИОИ 0.018 незн 0.017 самообман 0.001 итог 1.0 ошибка головы 0.013 у «среднего» 0.38 6.9 с
T6 HEAD_LCB 78 ИОИ 0.047 незн 0.043 самообман 0.003 итог 1.0 ошибка головы 0.016 у «среднего» 0.446 5.3 с
T1 BASE 79 ИОИ 0.027 незн 0.026 самообман 0.001 итог 1.0 ошибка головы None у «среднего» None 5.9 с
T1 HEAD 79 ИОИ 0.989 незн 0.988 самообман 0.001 итог 0.0 ошибка головы 0.004 у «среднего» 0.005 2.7 с
T1 R80 79 ИОИ 0.985 незн 0.977 самообман 0.008 итог 0.034 ошибка головы None у «среднего» None 8.4 с
T1 HEAD_LCB 79 ИОИ 0.991 незн 0.989 самообман 0.002 итог 0.0 ошибка головы 0.006 у «среднего» 0.007 8.9 с
T2 BASE 79 ИОИ 0.061 незн 0.047 самообман 0.014 итог 1.0 ошибка головы None у «среднего» None 10.6 с
T2 R80 79 ИОИ 0.319 незн 0.29 самообман 0.029 итог 1.0 ошибка головы None у «среднего» None 8.6 с
T2 HEAD 79 ИОИ 0.323 незн 0.306 самообман 0.017 итог 1.0 ошибка головы 0.046 у «среднего» 0.168 12.6 с
T3 BASE 79 ИОИ 0.918 незн 0.829 самообман 0.09 итог 0.217 ошибка головы None у «среднего» None 6.5 с
T2 HEAD_LCB 79 ИОИ 0.459 незн 0.433 самообман 0.026 итог 0.591 ошибка головы 0.038 у «среднего» 0.107 16.6 с
T3 HEAD 79 ИОИ 0.899 незн 0.883 самообман 0.016 итог 0.209 ошибка головы 0.027 у «среднего» 0.056 4.7 с
T3 R80 79 ИОИ 0.827 незн 0.795 самообман 0.032 итог 0.217 ошибка головы None у «среднего» None 8.6 с
T4 BASE 79 ИОИ 0.555 незн 0.5 самообман 0.055 итог 0.507 ошибка головы None у «среднего» None 7.0 с
T3 HEAD_LCB 79 ИОИ 0.929 незн 0.917 самообман 0.011 итог 0.209 ошибка головы 0.018 у «среднего» 0.037 12.3 с
T4 HEAD 79 ИОИ 0.535 незн 0.511 самообман 0.024 итог 0.494 ошибка головы 0.045 у «среднего» 0.176 4.6 с
T4 R80 79 ИОИ 0.031 незн 0.028 самообман 0.002 итог 1.0 ошибка головы None у «среднего» None 12.7 с
T4 HEAD_LCB 79 ИОИ 0.537 незн 0.512 самообман 0.026 итог 0.494 ошибка головы 0.045 у «среднего» 0.15 5.6 с
T5 BASE 79 ИОИ 0.621 незн 0.563 самообман 0.058 итог 0.446 ошибка головы None у «среднего» None 7.1 с
T5 HEAD 79 ИОИ 0.672 незн 0.635 самообман 0.037 итог 0.438 ошибка головы 0.038 у «среднего» 0.142 4.6 с
T5 R80 79 ИОИ 0.202 незн 0.186 самообман 0.016 итог 0.965 ошибка головы None у «среднего» None 13.0 с
T6 BASE 79 ИОИ 0.887 незн 0.867 самообман 0.02 итог 1.0 ошибка головы None у «среднего» None 4.7 с
T5 HEAD_LCB 79 ИОИ 0.62 незн 0.58 самообман 0.039 итог 0.438 ошибка головы 0.042 у «среднего» 0.114 8.6 с
T6 R80 79 ИОИ 0.215 незн 0.214 самообман 0.002 итог 1.0 ошибка головы None у «среднего» None 7.0 с
T6 HEAD 79 ИОИ 0.484 незн 0.483 самообман 0.002 итог 1.0 ошибка головы 0.007 у «среднего» 0.202 7.8 с
T6 HEAD_LCB 79 ИОИ 0.99 незн 0.986 самообман 0.004 итог 0.0 ошибка головы 0.005 у «среднего» 0.005 6.4 с
EVO-05 готово 10:00:00
