== 2026-09-26_EVO-01
  T1 COEVO16   ИОИ 1.065 = незнание 0.977 + самообман 0.108
  T1 FIXED16   ИОИ 1.045 = незнание 0.991 + самообман 0.065
  T1 MIRROR16  ИОИ 1.571 = незнание 0.980 + самообман 0.596
  T1 ORACLE    ИОИ 0.843 = незнание 0.843 + самообман 0.000
  T1 RANDOM16  ИОИ 0.946 = незнание 0.920 + самообман 0.024
  T1 RANDOM64  ИОИ 0.992 = незнание 0.979 + самообман 0.011
  T2 COEVO16   ИОИ 0.959 = незнание 0.482 + самообман 0.476
  T2 FIXED16   ИОИ 0.429 = незнание 0.324 + самообман 0.103
  T2 MIRROR16  ИОИ 0.141 = незнание 0.078 + самообман 0.063
  T2 ORACLE    ИОИ 0.261 = незнание 0.261 + самообман 0.000
  T2 RANDOM16  ИОИ 0.451 = незнание 0.361 + самообман 0.072
  T2 RANDOM64  ИОИ 0.155 = незнание 0.139 + самообман 0.016
  T3 COEVO16   ИОИ 1.376 = незнание 0.802 + самообман 0.579
  T3 FIXED16   ИОИ 1.087 = незнание 0.861 + самообман 0.238
  T3 MIRROR16  ИОИ 1.576 = незнание 0.948 + самообман 0.630
  T3 ORACLE    ИОИ 0.723 = незнание 0.723 + самообман 0.000
  T3 RANDOM16  ИОИ 0.884 = незнание 0.797 + самообман 0.096
  T3 RANDOM64  ИОИ 0.709 = незнание 0.664 + самообман 0.044
== 2026-09-26_EVO-02
  T1 BASE      ИОИ 0.946 = незнание 0.920 + самообман 0.024
  T1 HGT       ИОИ 1.015 = незнание 0.988 + самообман 0.027
  T1 LIFE      ИОИ 1.013 = незнание 0.997 + самообман 0.017
  T1 SPLIT     ИОИ 0.984 = незнание 0.955 + самообман 0.030
  T1 TWO       ИОИ 1.014 = незнание 0.988 + самообман 0.027
  T2 BASE      ИОИ 0.451 = незнание 0.361 + самообман 0.072
  T2 HGT       ИОИ 0.364 = незнание 0.298 + самообман 0.061
  T2 LIFE      ИОИ 0.532 = незнание 0.462 + самообман 0.073
  T2 SPLIT     ИОИ 0.054 = незнание 0.044 + самообман 0.010
  T2 TWO       ИОИ 0.042 = незнание 0.032 + самообман 0.010
  T3 BASE      ИОИ 0.884 = незнание 0.797 + самообман 0.096
  T3 HGT       ИОИ 0.917 = незнание 0.802 + самообман 0.099
  T3 LIFE      ИОИ 1.031 = незнание 0.975 + самообман 0.053
  T3 SPLIT     ИОИ 0.928 = незнание 0.795 + самообман 0.106
  T3 TWO       ИОИ 0.896 = незнание 0.807 + самообман 0.099
