{
 "PP1": {
  "wins": 94,
  "ties": 0,
  "verdict": "подтверждено",
  "median_gain": 0.01536589403973515,
  "sign_p": 1.569821663814921e-10
 },
 "PP2": {
  "wins": 17,
  "ties": 0,
  "verdict": "опровергнуто",
  "median_gain": -0.19751986754966883,
  "sign_p": 1.0
 },
 "PP3": {
  "wins": 83,
  "ties": 0,
  "verdict": "подтверждено",
  "median_gain": 0.009067880794701999,
  "sign_p": 1.621579722709271e-05
 }
}
T1/BASE      ИОИ 0.451 незнание 0.438 самообман 0.014 итог 1.000 n 300
T1/LIFE2     ИОИ 1.025 незнание 0.994 самообман 0.030 итог 0.009 n 300
T1/PULSE10   ИОИ 1.018 незнание 0.990 самообман 0.029 итог 0.011 n 314
T1/PULSE3    ИОИ 1.015 незнание 0.990 самообман 0.029 итог 0.011 n 302
T2/BASE      ИОИ 0.184 незнание 0.151 самообман 0.029 итог 1.000 n 300
T2/LIFE2     ИОИ 0.548 незнание 0.446 самообман 0.086 итог 0.569 n 300
T2/PULSE10   ИОИ 0.522 незнание 0.435 самообман 0.080 итог 0.577 n 314
T2/PULSE3    ИОИ 0.499 незнание 0.422 самообман 0.077 итог 0.582 n 302
T3/BASE      ИОИ 0.881 незнание 0.796 самообман 0.093 итог 0.268 n 300
T3/LIFE2     ИОИ 1.042 незнание 0.956 самообман 0.086 итог 0.076 n 300
T3/PULSE10   ИОИ 0.990 незнание 0.883 самообман 0.087 итог 0.181 n 314
T3/PULSE3    ИОИ 0.938 незнание 0.830 самообман 0.096 итог 0.197 n 302
T4/BASE      ИОИ 0.546 незнание 0.495 самообман 0.056 итог 0.514 n 300
T4/LIFE2     ИОИ 0.625 незнание 0.560 самообман 0.073 итог 0.495 n 300
T4/PULSE10   ИОИ 0.600 незнание 0.532 самообман 0.056 итог 0.512 n 314
T4/PULSE3    ИОИ 0.575 незнание 0.507 самообман 0.060 итог 0.517 n 302
T5/BASE      ИОИ 0.571 незнание 0.532 самообман 0.047 итог 0.488 n 300
T5/LIFE2     ИОИ 0.734 незнание 0.672 самообман 0.062 итог 0.458 n 300
T5/PULSE10   ИОИ 0.630 незнание 0.569 самообман 0.059 итог 0.463 n 314
T5/PULSE3    ИОИ 0.610 незнание 0.555 самообман 0.052 итог 0.473 n 302
T6/BASE      ИОИ 0.270 незнание 0.261 самообман 0.008 итог 1.000 n 300
T6/LIFE2     ИОИ 1.012 незнание 0.989 самообман 0.024 итог 0.014 n 300
T6/PULSE10   ИОИ 1.003 незнание 0.979 самообман 0.020 итог 0.026 n 314
T6/PULSE3    ИОИ 0.728 незнание 0.705 самообман 0.016 итог 1.000 n 302
