2 0 {'step': 0, 'nll': 1.8042, 'excess': 0.0917, 'rho1': 0.6104, 'rho2': 0.3416, 'rho3': 0.2203, 'thr': 0.067, 'r2_psu': -0.0014, 'r2_pca': -0.0002, 'r2_probe': -0.0017} 7
2 250 {'step': 250, 'nll': 1.7831, 'excess': 0.0705, 'rho1': 0.8918, 'rho2': 0.7088, 'rho3': 0.4728, 'thr': 0.0783, 'r2_psu': 0.0044, 'r2_pca': 0.0006, 'r2_probe': 0.1604} 13
2 500 {'step': 500, 'nll': 1.7465, 'excess': 0.034, 'rho1': 0.6609, 'rho2': 0.3156, 'rho3': 0.2191, 'thr': 0.0681, 'r2_psu': 0.023, 'r2_pca': -0.0001, 'r2_probe': 0.326} 19
2 750 {'step': 750, 'nll': 1.7401, 'excess': 0.0275, 'rho1': 0.4766, 'rho2': 0.2139, 'rho3': 0.1805, 'thr': 0.0623, 'r2_psu': 0.0563, 'r2_pca': -0.0001, 'r2_probe': 0.4737} 25
2 1000 {'step': 1000, 'nll': 1.7269, 'excess': 0.0143, 'rho1': 0.4105, 'rho2': 0.2068, 'rho3': 0.1502, 'thr': 0.058, 'r2_psu': 0.3433, 'r2_pca': 0.003, 'r2_probe': 0.6777} 30
2 1250 {'step': 1250, 'nll': 1.7236, 'excess': 0.011, 'rho1': 0.2346, 'rho2': 0.1793, 'rho3': 0.1088, 'thr': 0.0607, 'r2_psu': 0.4112, 'r2_pca': 0.0016, 'r2_probe': 0.7185} 36
2 1500 {'step': 1500, 'nll': 1.7196, 'excess': 0.007, 'rho1': 0.3864, 'rho2': 0.1344, 'rho3': 0.0969, 'thr': 0.0579, 'r2_psu': 0.473, 'r2_pca': 0.0024, 'r2_probe': 0.781} 42
2 1750 {'step': 1750, 'nll': 1.7196, 'excess': 0.007, 'rho1': 0.411, 'rho2': 0.1271, 'rho3': 0.1042, 'thr': 0.0581, 'r2_psu': 0.4414, 'r2_pca': 0.0006, 'r2_probe': 0.8242} 49
2 2000 {'step': 2000, 'nll': 1.7189, 'excess': 0.0063, 'rho1': 0.4075, 'rho2': 0.1049, 'rho3': 0.0981, 'thr': 0.0567, 'r2_psu': 0.6185, 'r2_pca': 0.0014, 'r2_probe': 0.8176} 54
2 2250 {'step': 2250, 'nll': 1.7179, 'excess': 0.0054, 'rho1': 0.4023, 'rho2': 0.1402, 'rho3': 0.0616, 'thr': 0.0568, 'r2_psu': 0.6039, 'r2_pca': 0.0, 'r2_probe': 0.8262} 59
2 2500 {'step': 2500, 'nll': 1.7177, 'excess': 0.0052, 'rho1': 0.362, 'rho2': 0.1181, 'rho3': 0.0796, 'thr': 0.0579, 'r2_psu': 0.5669, 'r2_pca': 0.002, 'r2_probe': 0.8323} 65
2 2750 {'step': 2750, 'nll': 1.7172, 'excess': 0.0046, 'rho1': 0.6345, 'rho2': 0.1878, 'rho3': 0.1002, 'thr': 0.0628, 'r2_psu': 0.4677, 'r2_pca': 0.0008, 'r2_probe': 0.8426} 71
2 3000 {'step': 3000, 'nll': 1.7177, 'excess': 0.0051, 'rho1': 0.5761, 'rho2': 0.1336, 'rho3': 0.0876, 'thr': 0.0597, 'r2_psu': 0.4755, 'r2_pca': 0.0006, 'r2_probe': 0.8373} 77
2 3250 {'step': 3250, 'nll': 1.7172, 'excess': 0.0047, 'rho1': 0.5611, 'rho2': 0.1145, 'rho3': 0.0626, 'thr': 0.0594, 'r2_psu': 0.7312, 'r2_pca': 0.0016, 'r2_probe': 0.8601} 82
2 3500 {'step': 3500, 'nll': 1.7164, 'excess': 0.0038, 'rho1': 0.5919, 'rho2': 0.2157, 'rho3': 0.0843, 'thr': 0.0598, 'r2_psu': 0.6652, 'r2_pca': 0.0004, 'r2_probe': 0.8601} 89
2 3750 {'step': 3750, 'nll': 1.7167, 'excess': 0.0041, 'rho1': 0.3922, 'rho2': 0.1231, 'rho3': 0.0814, 'thr': 0.0586, 'r2_psu': 0.6978, 'r2_pca': 0.0006, 'r2_probe': 0.8589} 95
2 4000 {'step': 4000, 'nll': 1.7163, 'excess': 0.0037, 'rho1': 0.3301, 'rho2': 0.1183, 'rho3': 0.0681, 'thr': 0.0596, 'r2_psu': 0.698, 'r2_pca': -0.0, 'r2_probe': 0.8728} 101
2 4250 {'step': 4250, 'nll': 1.7159, 'excess': 0.0033, 'rho1': 0.1852, 'rho2': 0.1252, 'rho3': 0.066, 'thr': 0.0578, 'r2_psu': 0.435, 'r2_pca': 0.0025, 'r2_probe': 0.8689} 106
2 4500 {'step': 4500, 'nll': 1.7156, 'excess': 0.003, 'rho1': 0.442, 'rho2': 0.1406, 'rho3': 0.1059, 'thr': 0.0628, 'r2_psu': 0.6438, 'r2_pca': 0.0001, 'r2_probe': 0.8782} 112
2 4750 {'step': 4750, 'nll': 1.7156, 'excess': 0.003, 'rho1': 0.5366, 'rho2': 0.1122, 'rho3': 0.0639, 'thr': 0.0631, 'r2_psu': 0.5827, 'r2_pca': 0.0004, 'r2_probe': 0.8646} 118
2 5000 {'step': 5000, 'nll': 1.7154, 'excess': 0.0028, 'rho1': 0.4225, 'rho2': 0.189, 'rho3': 0.0781, 'thr': 0.0613, 'r2_psu': 0.7488, 'r2_pca': 0.0012, 'r2_probe': 0.8752} 124
2 5250 {'step': 5250, 'nll': 1.7154, 'excess': 0.0028, 'rho1': 0.5916, 'rho2': 0.1212, 'rho3': 0.0712, 'thr': 0.0616, 'r2_psu': 0.5454, 'r2_pca': 0.001, 'r2_probe': 0.8645} 129
2 5500 {'step': 5500, 'nll': 1.7152, 'excess': 0.0026, 'rho1': 0.614, 'rho2': 0.146, 'rho3': 0.072, 'thr': 0.0614, 'r2_psu': 0.6335, 'r2_pca': 0.0011, 'r2_probe': 0.8711} 135
2 5750 {'step': 5750, 'nll': 1.7148, 'excess': 0.0022, 'rho1': 0.5443, 'rho2': 0.1908, 'rho3': 0.0743, 'thr': 0.0602, 'r2_psu': 0.753, 'r2_pca': 0.0004, 'r2_probe': 0.8677} 141
2 6000 {'step': 6000, 'nll': 1.7148, 'excess': 0.0023, 'rho1': 0.2349, 'rho2': 0.1323, 'rho3': 0.0646, 'thr': 0.0593, 'r2_psu': 0.6283, 'r2_pca': -0.0, 'r2_probe': 0.864} 147
2 6250 {'step': 6250, 'nll': 1.7147, 'excess': 0.0022, 'rho1': 0.4577, 'rho2': 0.2027, 'rho3': 0.0684, 'thr': 0.0593, 'r2_psu': 0.7773, 'r2_pca': 0.0002, 'r2_probe': 0.8752} 152
2 6500 {'step': 6500, 'nll': 1.7145, 'excess': 0.0019, 'rho1': 0.2631, 'rho2': 0.2156, 'rho3': 0.0854, 'thr': 0.059, 'r2_psu': 0.7298, 'r2_pca': 0.0005, 'r2_probe': 0.8694} 159
2 6750 {'step': 6750, 'nll': 1.7145, 'excess': 0.002, 'rho1': 0.3971, 'rho2': 0.1626, 'rho3': 0.1068, 'thr': 0.0611, 'r2_psu': 0.6604, 'r2_pca': 0.0002, 'r2_probe': 0.8732} 164
2 7000 {'step': 7000, 'nll': 1.7145, 'excess': 0.0019, 'rho1': 0.292, 'rho2': 0.1156, 'rho3': 0.0837, 'thr': 0.0583, 'r2_psu': 0.7457, 'r2_pca': -0.0, 'r2_probe': 0.8702} 170
2 7250 {'step': 7250, 'nll': 1.7145, 'excess': 0.0019, 'rho1': 0.5017, 'rho2': 0.1613, 'rho3': 0.0681, 'thr': 0.0607, 'r2_psu': 0.8011, 'r2_pca': 0.0002, 'r2_probe': 0.8691} 176
2 7500 {'step': 7500, 'nll': 1.7144, 'excess': 0.0018, 'rho1': 0.4953, 'rho2': 0.1684, 'rho3': 0.0622, 'thr': 0.0585, 'r2_psu': 0.7835, 'r2_pca': -0.0001, 'r2_probe': 0.874} 182
2 7750 {'step': 7750, 'nll': 1.7143, 'excess': 0.0017, 'rho1': 0.3708, 'rho2': 0.0898, 'rho3': 0.0652, 'thr': 0.0607, 'r2_psu': 0.671, 'r2_pca': 0.0001, 'r2_probe': 0.8702} 188
2 8000 {'step': 8000, 'nll': 1.7142, 'excess': 0.0017, 'rho1': 0.6265, 'rho2': 0.2101, 'rho3': 0.0629, 'thr': 0.0633, 'r2_psu': 0.8055, 'r2_pca': 0.0006, 'r2_probe': 0.8769} 195
base {'PSU': 0.8054860118529514, '_rho': [0.6273483005995868, 0.2050861962609242, 0.0798467392923879, 0.06976783656785208, 0.06480514922441767, 0.062374056735376625], 'PCA': 0.0005741128363169201, 'kmeans3': 0.002791754518423617, 'DMD': 0.33733807770329693, '_dmd_lams': [0.8566799995645303, 0.6387874395225062, 0.6288658338611641, 0.6288658338611641], '_dmd_rank': 18, 'SVDCE_a': 0.5225287921236683, 'SVDCE_b': 0.8315379640533646, '_svdce_sv': [0.5842563205822382, 0.5172937810672366, 0.05453567650180941, 0.04185899207455217], 'probe64': 0.8768611881835762, 'PSU_world': 0.040779377201321965}
reparam {'PSU': 0.7925180406876515, '_rho': [0.6246677270822864, 0.20263348920681984, 0.07489203652079006, 0.06499191044471594, 0.06111602361069261, 0.058028853833389044], 'PCA': 0.002179714722562509, 'kmeans3': 0.0008602537255734122, 'DMD': 0.07174246587859101, '_dmd_lams': [0.5465180201838102, 0.5233794664898566, 0.5056248787985568, 0.5056248787985568], '_dmd_rank': 11, 'SVDCE_a': 0.6886072423119605, 'SVDCE_b': 0.702872657945558, '_svdce_sv': [0.5396041027332202, 0.42293513708006075, 0.061397055794820875, 0.05007200136223838], 'probe64': 0.8768611881835772, 'PSU_world': 0.04745286339051291}
tau [{'tau': 1, 'rho': [0.9019, 0.851, 0.7598, 0.695, 0.6353, 0.5063, 0.42, 0.3819, 0.3195, 0.2925], 'thr': 0.05067097509142631, 'detectable': 19, 'gap_at': 5, 'vamp2_top2': 0.3927294434127957}, {'tau': 2, 'rho': [0.8848, 0.6882, 0.5734, 0.4095, 0.3198, 0.3158, 0.302, 0.2825, 0.2274, 0.1498], 'thr': 0.05200019693347122, 'detectable': 16, 'gap_at': 9, 'vamp2_top2': 0.5596829248542023}, {'tau': 4, 'rho': [0.8445, 0.3425, 0.2388, 0.2202, 0.2157, 0.1913, 0.1807, 0.1425, 0.1222, 0.1101], 'thr': 0.056391617446587515, 'detectable': 10, 'gap_at': 1, 'vamp2_top2': 0.7429326507873516}, {'tau': 8, 'rho': [0.7679, 0.2779, 0.1278, 0.0924, 0.0721, 0.0663, 0.0572, 0.0497, 0.0474, 0.0426], 'thr': 0.05592138894202548, 'detectable': 7, 'gap_at': 1, 'vamp2_top2': 0.9173354065484015}, {'tau': 16, 'rho': [0.6265, 0.2101, 0.0629, 0.0552, 0.0492, 0.0484, 0.0448, 0.0412, 0.0406, 0.038], 'thr': 0.0657954884394893, 'detectable': 2, 'gap_at': 2, 'vamp2_top2': 0.9206537448640842}, {'tau': 24, 'rho': [0.5082, 0.1574, 0.0633, 0.0616, 0.0567, 0.0523, 0.05, 0.0486, 0.0474, 0.0448], 'thr': 0.07368937816975343, 'detectable': 2, 'gap_at': 1, 'vamp2_top2': 0.8534626859990188}]
P6 {'n': 5, 'hits': 0, 'rho2': 0.9997972083188996, 'thr': 0.9999000950634175}
P6 {'n': 10, 'hits': 0, 'rho2': 0.8692493638474801, 'thr': 0.9362145410091645}
P6 {'n': 20, 'hits': 0, 'rho2': 0.6594950908769869, 'thr': 0.7542026778398006}
P6 {'n': 50, 'hits': 0, 'rho2': 0.45268160794043794, 'thr': 0.5269764806575219}
P6 {'n': 100, 'hits': 0, 'rho2': 0.35261223767784156, 'thr': 0.39716446751437295}
P6 {'n': 200, 'hits': 3, 'rho2': 0.281502612858218, 'thr': 0.27832019868483815}
P6 {'n': 400, 'hits': 5, 'rho2': 0.2347983687210276, 'thr': 0.19898126983615733}
P6 {'n': 800, 'hits': 5, 'rho2': 0.23835129235629063, 'thr': 0.1387155859499598}
P6 {'n': 1600, 'hits': 5, 'rho2': 0.2169153215022385, 'thr': 0.0964469327365236}
P6 {'n': 3200, 'hits': 5, 'rho2': 0.21250647853866628, 'thr': 0.07178692477220898}
closure {'level_from_level': 0.2965029400553153, 'level_from_micro': 0.3074097249667963}
done 365
