0 0 {'step': 0, 'nll': 1.8017, 'excess': 0.0892, 'rho1': 0.6836, 'rho2': 0.5785, 'rho3': 0.1414, 'thr': 0.0671, 'r2_psu': -0.0002, 'r2_pca': -0.0003, 'r2_probe': -0.0044} 9
0 250 {'step': 250, 'nll': 1.7848, 'excess': 0.0722, 'rho1': 0.9459, 'rho2': 0.6297, 'rho3': 0.5013, 'thr': 0.081, 'r2_psu': 0.0048, 'r2_pca': 0.0086, 'r2_probe': 0.177} 18
0 500 {'step': 500, 'nll': 1.7477, 'excess': 0.0352, 'rho1': 0.4662, 'rho2': 0.3575, 'rho3': 0.2929, 'thr': 0.0681, 'r2_psu': 0.0063, 'r2_pca': 0.0013, 'r2_probe': 0.3498} 24
0 750 {'step': 750, 'nll': 1.7386, 'excess': 0.0261, 'rho1': 0.4677, 'rho2': 0.1906, 'rho3': 0.1546, 'thr': 0.0656, 'r2_psu': 0.0808, 'r2_pca': 0.001, 'r2_probe': 0.4358} 30
0 1000 {'step': 1000, 'nll': 1.729, 'excess': 0.0164, 'rho1': 0.1955, 'rho2': 0.1056, 'rho3': 0.0904, 'thr': 0.0581, 'r2_psu': 0.0788, 'r2_pca': 0.0006, 'r2_probe': 0.5661} 37
0 1250 {'step': 1250, 'nll': 1.7245, 'excess': 0.0119, 'rho1': 0.2011, 'rho2': 0.1225, 'rho3': 0.0942, 'thr': 0.0563, 'r2_psu': 0.2338, 'r2_pca': 0.0004, 'r2_probe': 0.6098} 44
0 1500 {'step': 1500, 'nll': 1.7201, 'excess': 0.0075, 'rho1': 0.2709, 'rho2': 0.1247, 'rho3': 0.0954, 'thr': 0.0599, 'r2_psu': 0.1643, 'r2_pca': 0.0009, 'r2_probe': 0.5721} 51
0 1750 {'step': 1750, 'nll': 1.7185, 'excess': 0.0059, 'rho1': 0.1856, 'rho2': 0.1099, 'rho3': 0.0691, 'thr': 0.0558, 'r2_psu': 0.3753, 'r2_pca': 0.0024, 'r2_probe': 0.6126} 57
0 2000 {'step': 2000, 'nll': 1.7178, 'excess': 0.0053, 'rho1': 0.1427, 'rho2': 0.088, 'rho3': 0.0726, 'thr': 0.0551, 'r2_psu': 0.2117, 'r2_pca': 0.0017, 'r2_probe': 0.638} 63
0 2250 {'step': 2250, 'nll': 1.7169, 'excess': 0.0044, 'rho1': 0.15, 'rho2': 0.0891, 'rho3': 0.0741, 'thr': 0.0542, 'r2_psu': 0.0494, 'r2_pca': 0.0013, 'r2_probe': 0.6565} 70
0 2500 {'step': 2500, 'nll': 1.7169, 'excess': 0.0043, 'rho1': 0.1665, 'rho2': 0.1154, 'rho3': 0.0838, 'thr': 0.0541, 'r2_psu': 0.1784, 'r2_pca': -0.0002, 'r2_probe': 0.644} 78
0 2750 {'step': 2750, 'nll': 1.7166, 'excess': 0.0041, 'rho1': 0.2381, 'rho2': 0.1264, 'rho3': 0.0647, 'thr': 0.0561, 'r2_psu': 0.1593, 'r2_pca': 0.0007, 'r2_probe': 0.6244} 85
0 3000 {'step': 3000, 'nll': 1.7167, 'excess': 0.0041, 'rho1': 0.17, 'rho2': 0.116, 'rho3': 0.0623, 'thr': 0.0553, 'r2_psu': 0.2479, 'r2_pca': 0.0008, 'r2_probe': 0.6541} 93
0 3250 {'step': 3250, 'nll': 1.7158, 'excess': 0.0033, 'rho1': 0.1671, 'rho2': 0.0876, 'rho3': 0.0619, 'thr': 0.0546, 'r2_psu': 0.2437, 'r2_pca': -0.0001, 'r2_probe': 0.6472} 101
0 3500 {'step': 3500, 'nll': 1.7159, 'excess': 0.0033, 'rho1': 0.241, 'rho2': 0.1434, 'rho3': 0.0756, 'thr': 0.055, 'r2_psu': 0.3135, 'r2_pca': 0.0001, 'r2_probe': 0.6682} 108
0 3750 {'step': 3750, 'nll': 1.7157, 'excess': 0.0032, 'rho1': 0.1545, 'rho2': 0.0839, 'rho3': 0.0591, 'thr': 0.0537, 'r2_psu': 0.163, 'r2_pca': 0.0, 'r2_probe': 0.6428} 116
0 4000 {'step': 4000, 'nll': 1.7158, 'excess': 0.0032, 'rho1': 0.1172, 'rho2': 0.0802, 'rho3': 0.0728, 'thr': 0.0567, 'r2_psu': 0.3007, 'r2_pca': 0.0005, 'r2_probe': 0.6644} 125
0 4250 {'step': 4250, 'nll': 1.7157, 'excess': 0.0031, 'rho1': 0.1861, 'rho2': 0.0865, 'rho3': 0.0532, 'thr': 0.0543, 'r2_psu': 0.1965, 'r2_pca': 0.0006, 'r2_probe': 0.6875} 132
0 4500 {'step': 4500, 'nll': 1.7153, 'excess': 0.0027, 'rho1': 0.1329, 'rho2': 0.0962, 'rho3': 0.0575, 'thr': 0.0562, 'r2_psu': 0.3844, 'r2_pca': 0.0, 'r2_probe': 0.6803} 139
0 4750 {'step': 4750, 'nll': 1.715, 'excess': 0.0024, 'rho1': 0.1699, 'rho2': 0.1296, 'rho3': 0.0641, 'thr': 0.0529, 'r2_psu': 0.3215, 'r2_pca': 0.0003, 'r2_probe': 0.6867} 149
0 5000 {'step': 5000, 'nll': 1.7151, 'excess': 0.0025, 'rho1': 0.1526, 'rho2': 0.0803, 'rho3': 0.0591, 'thr': 0.0558, 'r2_psu': 0.3101, 'r2_pca': -0.0001, 'r2_probe': 0.692} 157
0 5250 {'step': 5250, 'nll': 1.7152, 'excess': 0.0026, 'rho1': 0.3001, 'rho2': 0.0945, 'rho3': 0.0655, 'thr': 0.0552, 'r2_psu': 0.2287, 'r2_pca': 0.0004, 'r2_probe': 0.6635} 164
0 5500 {'step': 5500, 'nll': 1.7149, 'excess': 0.0023, 'rho1': 0.2953, 'rho2': 0.0875, 'rho3': 0.0655, 'thr': 0.0562, 'r2_psu': 0.1704, 'r2_pca': 0.0, 'r2_probe': 0.6974} 172
0 5750 {'step': 5750, 'nll': 1.715, 'excess': 0.0024, 'rho1': 0.1435, 'rho2': 0.1247, 'rho3': 0.0672, 'thr': 0.0558, 'r2_psu': 0.3073, 'r2_pca': 0.0, 'r2_probe': 0.6888} 182
0 6000 {'step': 6000, 'nll': 1.7146, 'excess': 0.002, 'rho1': 0.1536, 'rho2': 0.0844, 'rho3': 0.0599, 'thr': 0.0534, 'r2_psu': 0.4682, 'r2_pca': -0.0001, 'r2_probe': 0.7039} 188
0 6250 {'step': 6250, 'nll': 1.7146, 'excess': 0.002, 'rho1': 0.1914, 'rho2': 0.1053, 'rho3': 0.069, 'thr': 0.0523, 'r2_psu': 0.0911, 'r2_pca': 0.0002, 'r2_probe': 0.6986} 195
0 6500 {'step': 6500, 'nll': 1.7146, 'excess': 0.0021, 'rho1': 0.099, 'rho2': 0.0906, 'rho3': 0.0656, 'thr': 0.0529, 'r2_psu': 0.1433, 'r2_pca': 0.0002, 'r2_probe': 0.7017} 201
0 6750 {'step': 6750, 'nll': 1.7144, 'excess': 0.0018, 'rho1': 0.1505, 'rho2': 0.1098, 'rho3': 0.0772, 'thr': 0.0581, 'r2_psu': 0.3232, 'r2_pca': 0.0004, 'r2_probe': 0.7017} 208
0 7000 {'step': 7000, 'nll': 1.7144, 'excess': 0.0019, 'rho1': 0.1676, 'rho2': 0.0788, 'rho3': 0.0622, 'thr': 0.0557, 'r2_psu': 0.1296, 'r2_pca': -0.0001, 'r2_probe': 0.7033} 215
0 7250 {'step': 7250, 'nll': 1.7144, 'excess': 0.0018, 'rho1': 0.1784, 'rho2': 0.0985, 'rho3': 0.0743, 'thr': 0.0544, 'r2_psu': 0.3336, 'r2_pca': 0.0, 'r2_probe': 0.7054} 221
0 7500 {'step': 7500, 'nll': 1.7144, 'excess': 0.0018, 'rho1': 0.1991, 'rho2': 0.1326, 'rho3': 0.0596, 'thr': 0.0542, 'r2_psu': 0.3987, 'r2_pca': 0.0001, 'r2_probe': 0.6963} 229
0 7750 {'step': 7750, 'nll': 1.7142, 'excess': 0.0016, 'rho1': 0.1854, 'rho2': 0.0941, 'rho3': 0.0656, 'thr': 0.0557, 'r2_psu': 0.2683, 'r2_pca': -0.0001, 'r2_probe': 0.701} 236
0 8000 {'step': 8000, 'nll': 1.7141, 'excess': 0.0016, 'rho1': 0.2208, 'rho2': 0.087, 'rho3': 0.0647, 'thr': 0.0554, 'r2_psu': 0.3436, 'r2_pca': 0.0001, 'r2_probe': 0.7081} 243
base {'PSU': 0.34362860293516917, '_rho': [0.23773742163562592, 0.08615835209631925, 0.07616573321824861, 0.06500069464627266, 0.061449736153173305, 0.05737489510003376], 'PCA': 8.541562095698563e-05, 'kmeans3': -0.00018538230952058754, 'DMD': 0.0002569615907346279, '_dmd_lams': [0.6179566277457142, 0.6145668734629215, 0.6145668734629215, 0.5915517899715081], '_dmd_rank': 14, 'SVDCE_a': 0.09878671969221442, 'SVDCE_b': 0.17545349850309222, '_svdce_sv': [0.1295007199169503, 0.1175002447274503, 0.08455684013667775, 0.0443837887031693], 'probe64': 0.7081497249793217, 'PSU_world': 0.015601851770446262}
reparam {'PSU': 0.259461212876381, '_rho': [0.23118573412905252, 0.0799787432281619, 0.07190512662224396, 0.060173924618392716, 0.05839348124108525, 0.05432144840968005], 'PCA': 0.0009743100612689126, 'kmeans3': 0.0039012126701801764, 'DMD': 0.009482907195638934, '_dmd_lams': [0.5474387012829047, 0.5474387012829047, 0.41108887413523887, 0.41108887413523887], '_dmd_rank': 10, 'SVDCE_a': 0.2796964192049177, 'SVDCE_b': 0.4009354025511769, '_svdce_sv': [0.2718159723062981, 0.2223418931896238, 0.06943657648476813, 0.041210623744786026], 'probe64': 0.7081497249793074, 'PSU_world': 0.022348973958977503}
tau [{'tau': 1, 'rho': [0.8702, 0.8266, 0.7465, 0.7128, 0.5985, 0.4717, 0.4026, 0.3791, 0.3364, 0.2867], 'thr': 0.04561071272337494, 'detectable': 18, 'gap_at': 5, 'vamp2_top2': 0.3812754948608108}, {'tau': 2, 'rho': [0.7933, 0.7377, 0.5479, 0.4522, 0.3368, 0.3314, 0.2856, 0.2762, 0.1533, 0.129], 'thr': 0.04545715480679989, 'detectable': 16, 'gap_at': 8, 'vamp2_top2': 0.5437691866023375}, {'tau': 4, 'rho': [0.4432, 0.242, 0.238, 0.2265, 0.2021, 0.1881, 0.1548, 0.1336, 0.1023, 0.0564], 'thr': 0.0464563535539825, 'detectable': 11, 'gap_at': 1, 'vamp2_top2': 0.4969791223111861}, {'tau': 8, 'rho': [0.3584, 0.1398, 0.1133, 0.0781, 0.0674, 0.0551, 0.049, 0.0478, 0.0427, 0.0344], 'thr': 0.04944569784551576, 'detectable': 6, 'gap_at': 1, 'vamp2_top2': 0.7521706101394833}, {'tau': 16, 'rho': [0.2208, 0.087, 0.0647, 0.0488, 0.0483, 0.0452, 0.0435, 0.0398, 0.0385, 0.0373], 'thr': 0.05766912145049842, 'detectable': 3, 'gap_at': 1, 'vamp2_top2': 0.6167878237758213}, {'tau': 24, 'rho': [0.1447, 0.0771, 0.0628, 0.0611, 0.0532, 0.0506, 0.0495, 0.0487, 0.0456, 0.0454], 'thr': 0.06589118116306214, 'detectable': 2, 'gap_at': 1, 'vamp2_top2': 0.36269237393034276}]
P6 {'n': 5, 'hits': 0, 'rho2': 0.9996597203588504, 'thr': 0.9998461040864157}
P6 {'n': 10, 'hits': 0, 'rho2': 0.8410739251531894, 'thr': 0.9025094733594603}
P6 {'n': 20, 'hits': 0, 'rho2': 0.627841080656843, 'thr': 0.7194780742898497}
P6 {'n': 50, 'hits': 0, 'rho2': 0.41965974244733584, 'thr': 0.48361268054926576}
P6 {'n': 100, 'hits': 0, 'rho2': 0.307818692767211, 'thr': 0.34649137105388716}
P6 {'n': 200, 'hits': 1, 'rho2': 0.23373400863902577, 'thr': 0.24733534722897949}
P6 {'n': 400, 'hits': 2, 'rho2': 0.17002399631408746, 'thr': 0.17445801442994008}
P6 {'n': 800, 'hits': 3, 'rho2': 0.12681217926184885, 'thr': 0.12662735769691585}
P6 {'n': 1600, 'hits': 3, 'rho2': 0.09763403656269762, 'thr': 0.08851515818809694}
P6 {'n': 3200, 'hits': 5, 'rho2': 0.08995234134727279, 'thr': 0.061996924853885374}
closure {'level_from_level': 0.087382793044118, 'level_from_micro': 0.11305612432601297}
done 477
