1 0 {'step': 0, 'nll': 1.8021, 'excess': 0.0895, 'rho1': 0.6581, 'rho2': 0.3783, 'rho3': 0.2001, 'thr': 0.0677, 'r2_psu': -0.0007, 'r2_pca': -0.0003, 'r2_probe': -0.0043} 11
1 250 {'step': 250, 'nll': 1.7832, 'excess': 0.0706, 'rho1': 0.9124, 'rho2': 0.7051, 'rho3': 0.4897, 'thr': 0.0798, 'r2_psu': 0.009, 'r2_pca': 0.0059, 'r2_probe': 0.1624} 26
1 500 {'step': 500, 'nll': 1.7473, 'excess': 0.0347, 'rho1': 0.485, 'rho2': 0.2584, 'rho3': 0.1887, 'thr': 0.0669, 'r2_psu': 0.0254, 'r2_pca': -0.0002, 'r2_probe': 0.3386} 36
1 750 {'step': 750, 'nll': 1.7408, 'excess': 0.0282, 'rho1': 0.3009, 'rho2': 0.224, 'rho3': 0.1958, 'thr': 0.0663, 'r2_psu': 0.0637, 'r2_pca': 0.0013, 'r2_probe': 0.4386} 48
1 1000 {'step': 1000, 'nll': 1.7242, 'excess': 0.0116, 'rho1': 0.4053, 'rho2': 0.2185, 'rho3': 0.1377, 'thr': 0.0658, 'r2_psu': 0.1822, 'r2_pca': 0.001, 'r2_probe': 0.6028} 62
1 1250 {'step': 1250, 'nll': 1.721, 'excess': 0.0084, 'rho1': 0.258, 'rho2': 0.139, 'rho3': 0.1119, 'thr': 0.0582, 'r2_psu': 0.1296, 'r2_pca': 0.0005, 'r2_probe': 0.6362} 80
1 1500 {'step': 1500, 'nll': 1.7199, 'excess': 0.0073, 'rho1': 0.2802, 'rho2': 0.1088, 'rho3': 0.0962, 'thr': 0.0568, 'r2_psu': 0.0877, 'r2_pca': 0.0004, 'r2_probe': 0.6559} 89
1 1750 {'step': 1750, 'nll': 1.7186, 'excess': 0.006, 'rho1': 0.2071, 'rho2': 0.1656, 'rho3': 0.099, 'thr': 0.0579, 'r2_psu': 0.0321, 'r2_pca': 0.0004, 'r2_probe': 0.6114} 99
1 2000 {'step': 2000, 'nll': 1.7176, 'excess': 0.005, 'rho1': 0.142, 'rho2': 0.1112, 'rho3': 0.0738, 'thr': 0.0557, 'r2_psu': 0.2198, 'r2_pca': 0.0021, 'r2_probe': 0.609} 110
1 2250 {'step': 2250, 'nll': 1.7172, 'excess': 0.0046, 'rho1': 0.2475, 'rho2': 0.1129, 'rho3': 0.0707, 'thr': 0.0582, 'r2_psu': 0.3249, 'r2_pca': 0.0007, 'r2_probe': 0.6204} 122
1 2500 {'step': 2500, 'nll': 1.7171, 'excess': 0.0046, 'rho1': 0.3084, 'rho2': 0.1925, 'rho3': 0.1102, 'thr': 0.0566, 'r2_psu': 0.1117, 'r2_pca': 0.0002, 'r2_probe': 0.6014} 133
1 2750 {'step': 2750, 'nll': 1.7169, 'excess': 0.0043, 'rho1': 0.2459, 'rho2': 0.0994, 'rho3': 0.0715, 'thr': 0.0585, 'r2_psu': 0.2225, 'r2_pca': 0.0001, 'r2_probe': 0.5984} 142
1 3000 {'step': 3000, 'nll': 1.717, 'excess': 0.0044, 'rho1': 0.1097, 'rho2': 0.0829, 'rho3': 0.0567, 'thr': 0.0571, 'r2_psu': 0.2218, 'r2_pca': 0.0002, 'r2_probe': 0.606} 151
1 3250 {'step': 3250, 'nll': 1.7164, 'excess': 0.0038, 'rho1': 0.1768, 'rho2': 0.0957, 'rho3': 0.0743, 'thr': 0.0557, 'r2_psu': 0.2591, 'r2_pca': 0.0002, 'r2_probe': 0.5826} 161
1 3500 {'step': 3500, 'nll': 1.7162, 'excess': 0.0036, 'rho1': 0.0983, 'rho2': 0.0767, 'rho3': 0.0595, 'thr': 0.0551, 'r2_psu': 0.0475, 'r2_pca': 0.001, 'r2_probe': 0.5885} 171
1 3750 {'step': 3750, 'nll': 1.7155, 'excess': 0.0029, 'rho1': 0.1813, 'rho2': 0.09, 'rho3': 0.0682, 'thr': 0.0564, 'r2_psu': 0.2158, 'r2_pca': 0.0003, 'r2_probe': 0.6069} 180
1 4000 {'step': 4000, 'nll': 1.7157, 'excess': 0.0032, 'rho1': 0.0907, 'rho2': 0.0695, 'rho3': 0.0596, 'thr': 0.0553, 'r2_psu': 0.0617, 'r2_pca': 0.0013, 'r2_probe': 0.5772} 190
1 4250 {'step': 4250, 'nll': 1.7154, 'excess': 0.0028, 'rho1': 0.1764, 'rho2': 0.0913, 'rho3': 0.0676, 'thr': 0.0568, 'r2_psu': 0.1944, 'r2_pca': 0.0014, 'r2_probe': 0.5967} 200
1 4500 {'step': 4500, 'nll': 1.7153, 'excess': 0.0028, 'rho1': 0.1377, 'rho2': 0.0754, 'rho3': 0.0651, 'thr': 0.0538, 'r2_psu': 0.147, 'r2_pca': -0.0, 'r2_probe': 0.599} 208
1 4750 {'step': 4750, 'nll': 1.7153, 'excess': 0.0027, 'rho1': 0.169, 'rho2': 0.0713, 'rho3': 0.0632, 'thr': 0.0548, 'r2_psu': 0.2523, 'r2_pca': 0.0015, 'r2_probe': 0.5924} 218
1 5000 {'step': 5000, 'nll': 1.7149, 'excess': 0.0023, 'rho1': 0.1183, 'rho2': 0.1002, 'rho3': 0.0591, 'thr': 0.0524, 'r2_psu': 0.1384, 'r2_pca': 0.0002, 'r2_probe': 0.604} 233
1 5250 {'step': 5250, 'nll': 1.715, 'excess': 0.0025, 'rho1': 0.2047, 'rho2': 0.0944, 'rho3': 0.0626, 'thr': 0.0538, 'r2_psu': 0.1328, 'r2_pca': 0.0008, 'r2_probe': 0.5926} 243
1 5500 {'step': 5500, 'nll': 1.7149, 'excess': 0.0024, 'rho1': 0.0864, 'rho2': 0.0636, 'rho3': 0.0552, 'thr': 0.0528, 'r2_psu': 0.0835, 'r2_pca': 0.0004, 'r2_probe': 0.5881} 253
1 5750 {'step': 5750, 'nll': 1.715, 'excess': 0.0024, 'rho1': 0.1252, 'rho2': 0.0971, 'rho3': 0.0684, 'thr': 0.054, 'r2_psu': 0.2893, 'r2_pca': 0.0011, 'r2_probe': 0.5797} 264
1 6000 {'step': 6000, 'nll': 1.7148, 'excess': 0.0023, 'rho1': 0.2001, 'rho2': 0.0925, 'rho3': 0.0695, 'thr': 0.0537, 'r2_psu': 0.1741, 'r2_pca': 0.0007, 'r2_probe': 0.5947} 278
1 6250 {'step': 6250, 'nll': 1.7147, 'excess': 0.0021, 'rho1': 0.1538, 'rho2': 0.0837, 'rho3': 0.0562, 'thr': 0.0543, 'r2_psu': 0.2356, 'r2_pca': 0.0006, 'r2_probe': 0.6086} 293
1 6500 {'step': 6500, 'nll': 1.7144, 'excess': 0.0019, 'rho1': 0.1232, 'rho2': 0.0935, 'rho3': 0.0597, 'thr': 0.0536, 'r2_psu': 0.1722, 'r2_pca': 0.0003, 'r2_probe': 0.5979} 306
1 6750 {'step': 6750, 'nll': 1.7145, 'excess': 0.0019, 'rho1': 0.1094, 'rho2': 0.0841, 'rho3': 0.0598, 'thr': 0.0538, 'r2_psu': 0.1344, 'r2_pca': 0.0003, 'r2_probe': 0.5943} 317
1 7000 {'step': 7000, 'nll': 1.7144, 'excess': 0.0018, 'rho1': 0.1276, 'rho2': 0.0764, 'rho3': 0.0622, 'thr': 0.0561, 'r2_psu': 0.1725, 'r2_pca': 0.0001, 'r2_probe': 0.6066} 331
1 7250 {'step': 7250, 'nll': 1.7145, 'excess': 0.0019, 'rho1': 0.1845, 'rho2': 0.1064, 'rho3': 0.0617, 'thr': 0.0554, 'r2_psu': 0.1965, 'r2_pca': 0.0001, 'r2_probe': 0.6184} 343
1 7500 {'step': 7500, 'nll': 1.7144, 'excess': 0.0018, 'rho1': 0.1695, 'rho2': 0.1012, 'rho3': 0.0646, 'thr': 0.0569, 'r2_psu': 0.215, 'r2_pca': 0.0001, 'r2_probe': 0.6084} 353
1 7750 {'step': 7750, 'nll': 1.7143, 'excess': 0.0017, 'rho1': 0.1627, 'rho2': 0.0811, 'rho3': 0.0596, 'thr': 0.0573, 'r2_psu': 0.0855, 'r2_pca': 0.0001, 'r2_probe': 0.5858} 363
1 8000 {'step': 8000, 'nll': 1.7142, 'excess': 0.0017, 'rho1': 0.2017, 'rho2': 0.078, 'rho3': 0.0629, 'thr': 0.0563, 'r2_psu': 0.1729, 'r2_pca': 0.0001, 'r2_probe': 0.5975} 377
base {'PSU': 0.17293007436778496, '_rho': [0.21750162977345777, 0.08397164340116166, 0.08122428879195322, 0.06999055156015595, 0.06569818507401651, 0.06206160997727524], 'PCA': 0.00014351735555440115, 'kmeans3': -0.00015269335783729687, 'DMD': 0.0020883102277473586, '_dmd_lams': [0.6010630878695333, 0.6010630878695333, 0.5505210646208483, 0.5505210646208483], '_dmd_rank': 14, 'SVDCE_a': 0.5317808643287156, 'SVDCE_b': 0.5805813951922094, '_svdce_sv': [0.4188372706739853, 0.3061042494547353, 0.07967762359708655, 0.04105463723893809], 'probe64': 0.597532018869553, 'PSU_world': 0.0226839224607972}
reparam {'PSU': 0.11149460229546038, '_rho': [0.21347202745753363, 0.07690074594949275, 0.07582555446724172, 0.06278390835172196, 0.06025925150164385, 0.05851531783699805], 'PCA': 0.0004421276067682056, 'kmeans3': 0.0005256629631994469, 'DMD': 0.0007962309810197743, '_dmd_lams': [0.5815700300019471, 0.5815700300019471, 0.41490689632188754, 0.2351144144535784], '_dmd_rank': 9, 'SVDCE_a': 0.18171225393834578, 'SVDCE_b': 0.22170797040558876, '_svdce_sv': [0.22364903502050498, 0.1297120378864047, 0.0993064502004972, 0.04344954351906455], 'probe64': 0.5975320188695499, 'PSU_world': 0.020093671954578673}
tau [{'tau': 1, 'rho': [0.896, 0.8756, 0.7851, 0.7305, 0.6113, 0.5012, 0.4352, 0.4093, 0.3572, 0.2834], 'thr': 0.046141427937978735, 'detectable': 21, 'gap_at': 9, 'vamp2_top2': 0.38362062445738626}, {'tau': 2, 'rho': [0.8735, 0.7303, 0.5131, 0.3512, 0.3329, 0.3058, 0.2968, 0.294, 0.1669, 0.1333], 'thr': 0.04619430977994502, 'detectable': 17, 'gap_at': 8, 'vamp2_top2': 0.5949777258670162}, {'tau': 4, 'rho': [0.4716, 0.2529, 0.2341, 0.2205, 0.2095, 0.1852, 0.162, 0.149, 0.1048, 0.0826], 'thr': 0.04768798590644123, 'detectable': 14, 'gap_at': 1, 'vamp2_top2': 0.5110343337889751}, {'tau': 8, 'rho': [0.3781, 0.1465, 0.0916, 0.0859, 0.0785, 0.0688, 0.0638, 0.0563, 0.0492, 0.0472], 'thr': 0.04999221564592263, 'detectable': 8, 'gap_at': 1, 'vamp2_top2': 0.7486138997023448}, {'tau': 16, 'rho': [0.2017, 0.078, 0.0629, 0.053, 0.0486, 0.0443, 0.0426, 0.041, 0.0399, 0.0375], 'thr': 0.05570471459751833, 'detectable': 3, 'gap_at': 1, 'vamp2_top2': 0.5644321449065257}, {'tau': 24, 'rho': [0.1181, 0.0688, 0.0641, 0.0564, 0.0538, 0.0514, 0.0477, 0.0472, 0.0455, 0.0439], 'thr': 0.06754418783777436, 'detectable': 2, 'gap_at': 1, 'vamp2_top2': 0.28817739490669797}]
P6 {'n': 5, 'hits': 0, 'rho2': 0.999625553980809, 'thr': 0.9998641402804337}
P6 {'n': 10, 'hits': 0, 'rho2': 0.8531995675226366, 'thr': 0.9016338163436044}
P6 {'n': 20, 'hits': 0, 'rho2': 0.6378993832925841, 'thr': 0.71711908115624}
P6 {'n': 50, 'hits': 0, 'rho2': 0.4148639367516497, 'thr': 0.480227860345764}
P6 {'n': 100, 'hits': 0, 'rho2': 0.2996627638289038, 'thr': 0.3495071290343953}
P6 {'n': 200, 'hits': 0, 'rho2': 0.21913339000742954, 'thr': 0.2532375969868362}
P6 {'n': 400, 'hits': 1, 'rho2': 0.16584336893420512, 'thr': 0.17846981650825336}
P6 {'n': 800, 'hits': 0, 'rho2': 0.11685311375662129, 'thr': 0.12422975589374514}
P6 {'n': 1600, 'hits': 4, 'rho2': 0.0927488893689219, 'thr': 0.09097305914397363}
P6 {'n': 3200, 'hits': 5, 'rho2': 0.08214310945217732, 'thr': 0.06145062764326692}
closure {'level_from_level': 0.03705187572445512, 'level_from_micro': 0.04757312315123319}
done 693
