main S1 N_long(L16)= 6 N(L64)= 6 G= 0 -> порядок | истина: порядок | thr 0.154/0.218 rho16 [1.0, 1.0, 0.9997, 0.999, 0.9577, 0.9429, 0.0865, 0.0671]
main S2 N_long(L16)= 3 N(L64)= 3 G= 0 -> порядок | истина: порядок | thr 0.185/0.242 rho16 [1.0, 0.9998, 0.9996, 0.083, 0.077, 0.069, 0.0574, 0.0499]
main S3 N_long(L16)= 15 N(L64)= 32 G= 17 -> край | истина: край | thr 0.277/0.320 rho16 [1.0, 0.9997, 0.9995, 0.9942, 0.9928, 0.9879, 0.9827, 0.9095]
main S4 N_long(L16)= 0 N(L64)= 0 G= 0 -> хаос | истина: хаос | thr 0.108/0.211 rho16 [0.0898, 0.0811, 0.0751, 0.0718, 0.0665, 0.0612, 0.0533, 0.043]
main S5 N_long(L16)= 0 N(L64)= 1 G= 1 -> хаос | истина: хаос | thr 0.107/0.209 rho16 [0.0947, 0.0744, 0.0718, 0.063, 0.0593, 0.0566, 0.05, 0.0423]
B3 S1 N_long(L16)= 6 N(L64)= 6 G= 0 -> порядок | истина: порядок | thr 0.150/0.218 rho16 [0.9979, 0.9979, 0.9784, 0.9241, 0.3263, 0.2152, 0.0864, 0.0672]
B3 S2 N_long(L16)= 3 N(L64)= 3 G= 0 -> порядок | истина: порядок | thr 0.180/0.244 rho16 [0.9992, 0.98, 0.9579, 0.083, 0.0769, 0.069, 0.0573, 0.0499]
B3 S3 N_long(L16)= 9 N(L64)= 13 G= 4 -> край | истина: край | thr 0.225/0.284 rho16 [0.9991, 0.9888, 0.973, 0.8497, 0.8086, 0.609, 0.4713, 0.2605]
B3 S4 N_long(L16)= 0 N(L64)= 0 G= 0 -> хаос | истина: хаос | thr 0.107/0.211 rho16 [0.0893, 0.0802, 0.0753, 0.0733, 0.0703, 0.0611, 0.0529, 0.043]
B3 S5 N_long(L16)= 0 N(L64)= 0 G= 0 -> хаос | истина: хаос | thr 0.109/0.212 rho16 [0.1025, 0.0857, 0.0756, 0.0708, 0.0661, 0.0513, 0.0492, 0.0455]
short tau=1 S1 N= 6 thr 0.142 [1.0, 0.9999, 0.9985, 0.9983, 0.9602, 0.9414, 0.0691, 0.0558]
short tau=1 S2 N= 3 thr 0.178 [1.0, 0.9998, 0.9996, 0.0761, 0.0677, 0.0624, 0.0582, 0.0444]
short tau=1 S3 N= 15 thr 0.287 [1.0, 0.9997, 0.9995, 0.9941, 0.9926, 0.9861, 0.9823, 0.9073]
short tau=1 S4 N= 0 thr 0.110 [0.0937, 0.0807, 0.0789, 0.0709, 0.0633, 0.0524, 0.0445, 0.0424]
short tau=1 S5 N= 5 thr 0.110 [0.9856, 0.3757, 0.1897, 0.1291, 0.1132, 0.0998, 0.0737, 0.0629]
B2 S1 nseq 100 N= 6 thr 0.435
B2 S1 nseq 1600 N= 6 thr 0.107
B2 S2 nseq 100 N= 3 thr 0.485
B2 S2 nseq 1600 N= 3 thr 0.124
B2 S3 nseq 100 N= 25 thr 0.600
B2 S3 nseq 1600 N= 40 thr 0.153
B1 True B2 True B3 True KILL False
