Collecting optax
  Downloading optax-0.2.8-py3-none-any.whl.metadata (7.9 kB)
Collecting jax[cpu]
  Downloading jax-0.10.2-py3-none-any.whl.metadata (13 kB)
Collecting jaxlib<=0.10.2,>=0.10.1 (from jax[cpu])
  Downloading jaxlib-0.10.2-cp311-cp311-manylinux_2_27_x86_64.whl.metadata (1.3 kB)
Collecting ml_dtypes>=0.5.0 (from jax[cpu])
  Downloading ml_dtypes-0.6.0-cp311-cp311-manylinux_2_27_x86_64.manylinux_2_28_x86_64.whl.metadata (8.8 kB)
Requirement already satisfied: numpy>=2.0 in /usr/local/lib/python3.11/dist-packages (from jax[cpu]) (2.4.4)
Collecting opt_einsum (from jax[cpu])
  Downloading opt_einsum-3.4.0-py3-none-any.whl.metadata (6.3 kB)
Requirement already satisfied: scipy>=1.14 in /usr/local/lib/python3.11/dist-packages (from jax[cpu]) (1.17.1)
Requirement already satisfied: absl-py>=0.7.1 in /usr/local/lib/python3.11/dist-packages (from optax) (2.4.0)
Downloading optax-0.2.8-py3-none-any.whl (402 kB)
   ━━━━━━━━━━━━━━━━━━━━━━━━━━━━━━━━━━━━━━━━ 403.0/403.0 kB 81.3 MB/s eta 0:00:00
Downloading jax-0.10.2-py3-none-any.whl (3.2 MB)
   ━━━━━━━━━━━━━━━━━━━━━━━━━━━━━━━━━━━━━━━━ 3.2/3.2 MB 145.3 MB/s eta 0:00:00
Downloading jaxlib-0.10.2-cp311-cp311-manylinux_2_27_x86_64.whl (85.4 MB)
   ━━━━━━━━━━━━━━━━━━━━━━━━━━━━━━━━━━━━━━━━ 85.4/85.4 MB 44.8 MB/s eta 0:00:00
Downloading ml_dtypes-0.6.0-cp311-cp311-manylinux_2_27_x86_64.manylinux_2_28_x86_64.whl (412 kB)
   ━━━━━━━━━━━━━━━━━━━━━━━━━━━━━━━━━━━━━━━━ 412.0/412.0 kB 92.2 MB/s eta 0:00:00
Downloading opt_einsum-3.4.0-py3-none-any.whl (71 kB)
   ━━━━━━━━━━━━━━━━━━━━━━━━━━━━━━━━━━━━━━━━ 71.9/71.9 kB 24.5 MB/s eta 0:00:00
Installing collected packages: opt_einsum, ml_dtypes, jaxlib, jax, optax
Successfully installed jax-0.10.2 jaxlib-0.10.2 ml_dtypes-0.6.0 opt_einsum-3.4.0 optax-0.2.8
WARNING: Running pip as the 'root' user can result in broken permissions and conflicting behaviour with the system package manager. It is recommended to use a virtual environment instead: https://pip.pypa.io/warnings/venv
