0 1.8059 2.8
100 1.7906 15.2
200 1.7831 27.6
300 1.7831 39.6
400 1.7605 51.5
500 1.7429 63.4
600 1.7478 75.5
700 1.7229 87.4
800 1.7321 99.5
900 1.7227 111.6
1000 1.7317 123.9
1100 1.7276 136.0
1200 1.7271 147.9
1300 1.7208 159.9
1400 1.718 171.8
1500 1.7198 183.6
1600 1.7238 195.7
1700 1.7286 207.7
1800 1.7265 219.8
1900 1.7135 231.8
2000 1.7238 243.8
2100 1.7321 255.8
2200 1.7075 268.2
2300 1.72 280.1
2400 1.7192 292.2
2500 1.7169 304.5
2600 1.7195 316.7
2700 1.7046 328.7
2800 1.724 340.8
2900 1.7221 352.8
3000 1.7183 364.7
3100 1.7154 376.8
3200 1.7199 388.9
3300 1.7085 401.1
3400 1.7249 413.4
3500 1.7241 425.3
3600 1.7254 437.3
3700 1.7256 449.3
3800 1.7193 461.4
3900 1.6955 473.6
4000 1.7226 485.3
4100 1.716 497.4
4200 1.7146 509.4
4300 1.7173 521.5
4400 1.719 533.3
4500 1.7143 545.2
4600 1.7136 557.1
4700 1.7092 569.1
4800 1.7091 588.4
4900 1.6987 612.5
5000 1.7165 637.3
5100 1.7199 659.7
5200 1.7155 683.1
5300 1.7285 707.8
5400 1.721 732.4
5500 1.722 756.6
5600 1.7137 781.5
5700 1.6977 806.0
5800 1.7125 830.5
5900 1.7162 855.0
6000 1.708 879.5
6100 1.7146 902.2
6200 1.7139 926.5
6300 1.7125 950.8
6400 1.7095 975.7
6500 1.7102 996.8
6600 1.7176 1009.1
6700 1.701 1021.1
6800 1.7078 1033.0
6900 1.7139 1045.1
7000 1.7228 1057.2
7100 1.7123 1069.6
7200 1.7265 1081.8
7300 1.7193 1093.9
7400 1.7108 1105.7
7500 1.7236 1117.5
7600 1.7145 1129.7
7700 1.7158 1141.9
7800 1.7267 1154.1
7900 1.7276 1166.3
done 1178.219622373581
