0 1.8024 2.9
100 1.7895 22.2
200 1.7872 34.0
300 1.7717 46.1
400 1.758 62.5
500 1.7444 78.3
600 1.7362 96.5
700 1.7473 108.7
800 1.7347 121.1
900 1.7231 133.3
1000 1.7231 145.1
1100 1.712 157.6
1200 1.7248 169.5
1300 1.7183 187.4
1400 1.7321 199.8
1500 1.7123 216.1
1600 1.7359 227.9
1700 1.7239 244.5
1800 1.708 267.2
1900 1.7178 289.2
2000 1.718 309.1
2100 1.7189 332.3
2200 1.7176 353.8
2300 1.7245 371.6
2400 1.7167 395.0
2500 1.7236 417.8
2600 1.7183 441.1
2700 1.7016 463.8
2800 1.7185 486.0
2900 1.7258 509.2
3000 1.7228 532.5
3100 1.7084 554.5
3200 1.7203 577.6
3300 1.7179 600.4
3400 1.7197 623.7
3500 1.7154 647.2
3600 1.712 664.5
3700 1.7086 688.1
3800 1.7278 711.8
3900 1.72 735.3
4000 1.7139 757.3
4100 1.7258 777.7
4200 1.7056 799.0
4300 1.7128 822.7
4400 1.7131 840.7
4500 1.7128 860.6
4600 1.7269 880.5
4700 1.7121 892.5
4800 1.7059 904.4
4900 1.7092 916.5
5000 1.7105 928.6
5100 1.715 940.7
5200 1.6986 952.7
5300 1.7161 964.8
5400 1.7257 977.1
5500 1.7184 989.2
5600 1.7241 1001.3
5700 1.7204 1013.4
5800 1.7093 1036.9
5900 1.6936 1049.1
6000 1.729 1061.0
6100 1.7269 1073.1
6200 1.7061 1085.1
6300 1.7203 1097.1
6400 1.7191 1109.3
6500 1.7151 1124.9
6600 1.7203 1144.4
6700 1.7071 1168.0
6800 1.7303 1184.8
6900 1.7056 1196.8
7000 1.714 1208.8
7100 1.7128 1220.9
7200 1.7051 1232.8
7300 1.7167 1244.8
7400 1.7077 1256.7
7500 1.7214 1268.7
7600 1.7107 1280.6
7700 1.719 1292.8
7800 1.7251 1305.1
7900 1.7268 1317.1
done 1330.0330214500427
