0 1.8031 2.1
100 1.7927 14.4
200 1.7914 28.5
300 1.7689 40.8
400 1.761 52.8
500 1.74 64.9
600 1.7421 78.6
700 1.7428 93.0
800 1.731 107.7
900 1.7277 122.1
1000 1.7333 137.4
1100 1.723 152.9
1200 1.7216 167.3
1300 1.7274 182.3
1400 1.7331 196.3
1500 1.7311 209.0
1600 1.7211 221.2
1700 1.718 233.9
1800 1.7167 245.9
1900 1.7156 258.7
2000 1.7279 270.7
2100 1.7229 282.8
2200 1.7171 294.8
2300 1.7289 306.9
2400 1.7149 318.7
2500 1.7358 330.5
2600 1.7054 344.8
2700 1.7263 357.3
2800 1.7086 369.5
2900 1.7138 382.8
3000 1.7131 402.8
3100 1.7266 423.4
3200 1.7141 441.3
3300 1.7052 459.2
3400 1.7223 476.6
3500 1.6937 495.8
3600 1.7107 514.3
3700 1.7133 532.1
3800 1.7169 550.7
3900 1.7185 569.5
4000 1.714 588.8
4100 1.7249 605.8
4200 1.7167 624.8
4300 1.7296 643.9
4400 1.7176 664.5
4500 1.7199 684.1
4600 1.7307 701.7
4700 1.6993 717.1
4800 1.7204 734.8
4900 1.7155 754.5
5000 1.7064 776.5
5100 1.7182 800.8
5200 1.7297 825.6
5300 1.7277 845.5
5400 1.7174 865.6
5500 1.7121 882.0
5600 1.7151 899.7
5700 1.7165 917.1
5800 1.712 934.5
5900 1.7207 952.5
6000 1.7177 970.9
6100 1.7139 986.8
6200 1.7081 1004.7
6300 1.7161 1021.7
6400 1.7053 1040.0
6500 1.7185 1058.6
6600 1.718 1076.7
6700 1.7091 1092.4
6800 1.7242 1108.0
6900 1.7199 1125.0
7000 1.7172 1143.0
7100 1.7194 1160.8
7200 1.7085 1179.0
7300 1.6981 1191.2
7400 1.7156 1203.1
7500 1.7098 1215.1
7600 1.6994 1226.9
7700 1.7196 1238.8
7800 1.7192 1250.8
7900 1.7223 1262.6
done 1274.4676446914673
