0 1.8042 2.9
100 1.7924 14.9
200 1.7862 27.0
300 1.7797 39.1
400 1.7573 51.2
500 1.7634 63.4
600 1.7333 75.6
700 1.729 87.9
800 1.7238 99.9
900 1.7242 112.0
1000 1.7319 124.0
1100 1.7316 136.0
1200 1.7173 148.0
1300 1.7051 160.1
1400 1.719 172.0
1500 1.7208 183.8
1600 1.7085 195.5
1700 1.7209 207.4
1800 1.7035 219.2
1900 1.716 231.0
2000 1.7242 242.9
2100 1.7165 264.1
2200 1.7284 288.5
2300 1.714 313.3
2400 1.7252 334.9
2500 1.7117 359.0
2600 1.7428 383.7
2700 1.7215 408.2
2800 1.7232 432.2
2900 1.705 456.9
3000 1.7285 481.3
3100 1.712 506.0
3200 1.7138 530.5
3300 1.7136 555.0
3400 1.7158 577.8
3500 1.7188 602.3
3600 1.716 626.2
3700 1.7011 651.1
3800 1.7203 670.1
3900 1.7146 682.4
4000 1.7306 694.5
4100 1.7114 706.4
4200 1.7105 718.3
4300 1.7259 730.2
4400 1.7063 742.4
4500 1.7144 754.8
4600 1.7194 766.9
4700 1.7191 779.1
4800 1.7314 791.3
4900 1.7126 803.3
5000 1.7146 815.1
5100 1.7156 827.1
5200 1.7295 839.3
5300 1.7209 851.4
5400 1.719 863.8
5500 1.7132 875.6
5600 1.7125 888.2
5700 1.7162 900.3
5800 1.7199 913.4
5900 1.7212 926.4
6000 1.7087 939.6
6100 1.6928 951.8
6200 1.7267 964.9
6300 1.7144 977.1
6400 1.7211 990.6
6500 1.7184 1004.0
6600 1.7152 1016.7
6700 1.7132 1029.1
6800 1.7099 1041.6
6900 1.7138 1054.6
7000 1.7203 1066.6
7100 1.7172 1078.7
7200 1.7106 1091.4
7300 1.7289 1103.5
7400 1.7242 1116.6
7500 1.7261 1130.9
7600 1.7157 1145.0
7700 1.7142 1158.8
7800 1.7187 1172.9
7900 1.7115 1187.2
done 1199.2745633125305
