0 1.8022 4.7
100 1.7905 23.8
200 1.7896 41.4
300 1.7799 61.8
400 1.7576 80.2
500 1.7509 94.7
600 1.7352 112.7
700 1.7368 128.7
800 1.7471 146.6
900 1.7232 161.4
1000 1.7144 175.4
1100 1.7162 193.7
1200 1.7296 211.3
1300 1.7083 228.9
1400 1.708 246.1
1500 1.7123 264.7
1600 1.7308 281.9
1700 1.7169 301.5
1800 1.7167 320.5
1900 1.7156 338.5
2000 1.7014 357.8
2100 1.7058 381.7
2200 1.7173 403.5
2300 1.7136 427.5
2400 1.7144 447.4
2500 1.724 465.1
2600 1.7204 479.8
2700 1.7155 498.9
2800 1.7239 516.9
2900 1.7325 535.4
3000 1.721 552.6
3100 1.7153 570.6
3200 1.7126 589.1
3300 1.7214 607.9
3400 1.7259 627.3
3500 1.7087 645.4
3600 1.7099 662.3
3700 1.7038 676.2
3800 1.7172 693.9
3900 1.7257 712.3
4000 1.7064 729.6
4100 1.7201 745.2
4200 1.7072 763.3
4300 1.7176 780.9
4400 1.7267 795.5
4500 1.7173 807.4
4600 1.7098 819.4
4700 1.7181 831.6
4800 1.7243 843.4
4900 1.72 855.4
5000 1.703 867.3
5100 1.716 879.1
5200 1.7149 889.4
5300 1.7133 897.3
5400 1.7207 909.5
5500 1.7148 922.1
5600 1.7025 934.2
5700 1.7129 946.2
5800 1.7081 958.2
5900 1.7194 970.3
6000 1.7113 982.2
6100 1.7283 994.3
6200 1.7153 1006.5
6300 1.7203 1018.5
6400 1.7197 1030.6
6500 1.7204 1042.8
6600 1.7143 1054.7
6700 1.7196 1066.8
6800 1.731 1078.5
6900 1.7089 1090.4
7000 1.7005 1102.2
7100 1.7037 1114.2
7200 1.7127 1126.2
7300 1.7198 1138.1
7400 1.7092 1150.1
7500 1.7245 1162.2
7600 1.7185 1174.3
7700 1.7183 1186.4
7800 1.7151 1198.5
7900 1.7137 1210.7
done 1222.736294746399
