0 1.8013 2.9
100 1.7904 22.2
200 1.7865 34.0
300 1.7852 45.8
400 1.7599 62.3
500 1.7342 78.2
600 1.7418 96.3
700 1.7436 108.7
800 1.7317 121.3
900 1.7362 133.7
1000 1.7286 145.5
1100 1.723 157.6
1200 1.7154 169.9
1300 1.7275 188.7
1400 1.7074 201.1
1500 1.7244 217.0
1600 1.7116 228.7
1700 1.7088 245.7
1800 1.7209 268.5
1900 1.7292 290.7
2000 1.7242 311.2
2100 1.7087 334.6
2200 1.7365 355.9
2300 1.7098 374.5
2400 1.7079 398.0
2500 1.7104 420.8
2600 1.7215 443.9
2700 1.7215 465.7
2800 1.7157 489.0
2900 1.7003 512.2
3000 1.7072 535.6
3100 1.72 557.4
3200 1.7039 580.4
3300 1.7205 603.8
3400 1.7095 627.3
3500 1.731 649.7
3600 1.7123 668.9
3700 1.7173 692.6
3800 1.714 716.2
3900 1.7134 738.5
4000 1.7079 761.5
4100 1.7258 782.2
4200 1.7115 803.9
4300 1.715 827.3
4400 1.727 843.3
4500 1.7169 865.2
4600 1.7086 883.0
4700 1.7241 895.0
4800 1.7128 907.0
4900 1.7111 918.8
5000 1.7066 930.8
5100 1.7066 943.0
5200 1.736 955.0
5300 1.7121 967.0
5400 1.7192 979.2
5500 1.728 991.4
5600 1.7152 1003.9
5700 1.7203 1018.0
5800 1.7078 1039.7
5900 1.7206 1051.7
6000 1.7322 1063.5
6100 1.729 1075.8
6200 1.715 1087.9
6300 1.7007 1099.8
6400 1.7221 1111.9
6500 1.714 1130.3
6600 1.7199 1149.2
6700 1.7241 1172.4
6800 1.7152 1187.0
6900 1.7056 1199.2
7000 1.7098 1211.3
7100 1.7182 1223.2
7200 1.7092 1235.3
7300 1.7162 1247.3
7400 1.7232 1259.4
7500 1.7081 1271.1
7600 1.7147 1283.3
7700 1.7207 1295.6
7800 1.732 1307.7
7900 1.7154 1320.2
done 1332.334909439087
