110 {'A0': 1.5451, 'N1': 1.543, 'N1024': 1.5449, 'N4096': 1.545, 'F1024': 1.5249, 'F4096': 1.5288}
111 {'A0': 1.5382, 'N1': 1.5343, 'N1024': 1.5352, 'N4096': 1.5354, 'F1024': 1.5309, 'F4096': 1.5452}
112 {'A0': 1.5379, 'N1': 1.5405, 'N1024': 1.5401, 'N4096': 1.5401, 'F1024': 1.5125, 'F4096': 1.5258}
113 {'A0': 1.5511, 'N1': 1.5513, 'N1024': 1.55, 'N4096': 1.5533, 'F1024': 1.5342, 'F4096': 1.5285}
114 {'A0': 1.5447, 'N1': 1.5439, 'N1024': 1.5447, 'N4096': 1.5447, 'F1024': 1.5228, 'F4096': 1.5276}
115 {'A0': 1.5445, 'N1': 1.5474, 'N1024': 1.5449, 'N4096': 1.5447, 'F1024': 1.5376, 'F4096': 1.5366}
116 {'A0': 1.5548, 'N1': 1.5583, 'N1024': 1.5543, 'N4096': 1.5582, 'F1024': 1.5211, 'F4096': 1.5314}
117 {'A0': 1.5471, 'N1': 1.5504, 'N1024': 1.545, 'N4096': 1.5455, 'F1024': 1.5368, 'F4096': 1.517}
118 {'A0': 1.542, 'N1': 1.541, 'N1024': 1.5378, 'N4096': 1.541, 'F1024': 1.5264, 'F4096': 1.5202}
119 {'A0': 1.5475, 'N1': 1.5473, 'N1024': 1.5468, 'N4096': 1.5469, 'F1024': 1.536, 'F4096': 1.5335}
120 {'A0': 1.5546, 'N1': 1.553, 'N1024': 1.5545, 'N4096': 1.554, 'F1024': 1.5335, 'F4096': 1.5244}
121 {'A0': 1.5522, 'N1': 1.5499, 'N1024': 1.5525, 'N4096': 1.552, 'F1024': 1.5362, 'F4096': 1.5339}
{
 "P1": {
  "n_better": 8,
  "verdict": "разницы нет",
  "median": 0.00016632298234109388,
  "sign_p": 0.19384765625
 },
 "P2": {
  "n_better": 6,
  "verdict": "опровергнуто",
  "median": -0.0003379934676683849,
  "sign_p": 0.61279296875
 },
 "P3": {
  "n_better": 11,
  "verdict": "подтверждено",
  "median": 0.01763568371526847,
  "sign_p": 0.003173828125
 },
 "P4": {
  "A0": {
   "median": 1.5461097550273721,
   "vs_A0": null
  },
  "N1": {
   "median": 1.5473595791769514,
   "vs_A0": {
    "n_better": 7,
    "verdict": "опровергнуто",
    "median": 0.0005182922215261065,
    "sign_p": 0.38720703125
   }
  },
  "N1024": {
   "median": 1.5449621065387062,
   "vs_A0": {
    "n_better": 9,
    "verdict": "разницы нет",
    "median": 0.0003611301596812,
    "sign_p": 0.072998046875
   }
  },
  "N4096": {
   "median": 1.5452173634028954,
   "vs_A0": {
    "n_better": 8,
    "verdict": "разницы нет",
    "median": 0.00016632298234109388,
    "sign_p": 0.19384765625
   }
  },
  "F1024": {
   "median": 1.5322149657725561,
   "vs_A0": {
    "n_better": 12,
    "verdict": "подтверждено",
    "median": 0.016450474967486528,
    "sign_p": 0.000244140625
   }
  },
  "F4096": {
   "median": 1.5286883057560248,
   "vs_A0": {
    "n_better": 11,
    "verdict": "подтверждено",
    "median": 0.017780394868474048,
    "sign_p": 0.003173828125
   }
  }
 }
}
