A0 24 0 1.7998 1.2239 2.3
A0 24 100 1.7903 1.2171 10.4
A0 24 200 1.7937 1.223 18.5
A0 24 300 1.7708 1.2204 26.7
A0 24 400 1.7623 1.2233 34.9
A0 24 500 1.7325 1.2149 43.1
A0 24 600 1.7376 1.2169 51.3
A0 24 700 1.7425 1.2172 59.9
A0 24 800 1.7317 1.2187 68.2
A0 24 900 1.7254 1.2232 76.6
A0 24 1000 1.7181 1.2204 84.7
A0 24 1100 1.7237 1.2208 93.0
A0 24 1200 1.7176 1.2182 101.1
A0 24 1300 1.725 1.2179 109.4
A0 24 1400 1.7059 1.218 117.6
A0 24 1500 1.7204 1.2113 125.8
A0 24 1600 1.7112 1.2183 133.9
A0 24 1700 1.7083 1.2168 142.0
A0 24 1800 1.7121 1.2188 150.2
A0 24 1900 1.7166 1.2233 158.4
done 166.6
