A0 20 0 1.797 1.2154 3.1
A0 20 100 1.7921 1.2206 11.3
A0 20 200 1.7869 1.2194 19.2
A0 20 300 1.7711 1.2171 27.4
A0 20 400 1.7483 1.2194 35.7
A0 20 500 1.7501 1.216 43.9
A0 20 600 1.7457 1.2208 52.2
A0 20 700 1.7499 1.223 60.3
A0 20 800 1.7365 1.2228 68.5
A0 20 900 1.7232 1.2252 76.6
A0 20 1000 1.7305 1.2171 84.6
A0 20 1100 1.7327 1.2201 93.0
A0 20 1200 1.7246 1.2119 101.2
A0 20 1300 1.7326 1.2254 109.7
A0 20 1400 1.7119 1.2169 118.2
A0 20 1500 1.7159 1.223 126.6
A0 20 1600 1.715 1.2148 134.8
A0 20 1700 1.714 1.2185 142.9
A0 20 1800 1.7262 1.2178 151.3
A0 20 1900 1.7115 1.2131 159.9
done 168.0
