A0 28 0 1.7976 1.22 2.4
A0 28 100 1.7892 1.2237 11.0
A0 28 200 1.7891 1.2201 19.8
A0 28 300 1.7708 1.2175 28.3
A0 28 400 1.7477 1.2197 36.8
A0 28 500 1.7541 1.2217 45.6
A0 28 600 1.7207 1.2159 54.2
A0 28 700 1.7355 1.22 62.6
A0 28 800 1.7213 1.22 70.9
A0 28 900 1.7253 1.2192 79.4
A0 28 1000 1.7192 1.2144 88.3
A0 28 1100 1.7319 1.221 96.9
A0 28 1200 1.7259 1.2171 105.6
A0 28 1300 1.7172 1.2221 114.1
A0 28 1400 1.7266 1.2223 122.6
A0 28 1500 1.7206 1.2177 131.4
A0 28 1600 1.726 1.2201 140.1
A0 28 1700 1.7089 1.2148 148.7
A0 28 1800 1.7346 1.2229 157.2
A0 28 1900 1.7363 1.2232 166.2
done 174.7
