A0 25 0 1.8012 1.2193 2.4
A0 25 100 1.7918 1.2189 10.6
A0 25 200 1.7829 1.2195 18.8
A0 25 300 1.7694 1.222 27.1
A0 25 400 1.7455 1.2221 35.1
A0 25 500 1.7385 1.218 43.2
A0 25 600 1.7192 1.2183 51.4
A0 25 700 1.7156 1.2228 59.4
A0 25 800 1.7241 1.2217 67.9
A0 25 900 1.7295 1.2272 76.1
A0 25 1000 1.708 1.2172 84.5
A0 25 1100 1.7207 1.2164 92.7
A0 25 1200 1.7399 1.2236 101.1
A0 25 1300 1.7147 1.2193 109.5
A0 25 1400 1.7269 1.2162 118.0
A0 25 1500 1.7274 1.2144 126.3
A0 25 1600 1.7125 1.2237 134.6
A0 25 1700 1.7183 1.2227 143.0
A0 25 1800 1.7166 1.2135 151.3
A0 25 1900 1.7201 1.22 159.4
done 168.1
