A0 29 0 1.801 1.2226 2.3
A0 29 100 1.7919 1.2171 10.7
A0 29 200 1.7801 1.2084 19.6
A0 29 300 1.7727 1.2255 28.2
A0 29 400 1.7531 1.2191 36.5
A0 29 500 1.7589 1.2229 44.7
A0 29 600 1.7413 1.2114 53.2
A0 29 700 1.73 1.2154 61.7
A0 29 800 1.7414 1.2251 69.9
A0 29 900 1.7333 1.2174 78.5
A0 29 1000 1.7268 1.2217 86.7
A0 29 1100 1.73 1.2136 94.8
A0 29 1200 1.7269 1.2222 102.9
A0 29 1300 1.7138 1.2172 111.5
A0 29 1400 1.7174 1.2124 119.8
A0 29 1500 1.7058 1.219 128.1
A0 29 1600 1.7144 1.2232 136.5
A0 29 1700 1.7229 1.2194 145.0
A0 29 1800 1.7257 1.2208 153.4
A0 29 1900 1.7085 1.2199 161.6
done 170.1
