A0 27 0 1.8083 1.2168 2.4
A0 27 100 1.7897 1.2178 10.9
A0 27 200 1.784 1.2152 19.2
A0 27 300 1.773 1.2162 27.6
A0 27 400 1.748 1.224 35.8
A0 27 500 1.746 1.2183 44.4
A0 27 600 1.7366 1.22 52.8
A0 27 700 1.7452 1.2199 61.1
A0 27 800 1.7274 1.2159 69.8
A0 27 900 1.7268 1.2219 78.3
A0 27 1000 1.7211 1.2152 86.5
A0 27 1100 1.7279 1.2239 94.6
A0 27 1200 1.7097 1.2077 102.9
A0 27 1300 1.7058 1.2199 110.8
A0 27 1400 1.7197 1.2167 119.0
A0 27 1500 1.7013 1.2156 127.2
A0 27 1600 1.7326 1.2215 135.5
A0 27 1700 1.7253 1.2185 143.8
A0 27 1800 1.7191 1.2206 152.0
A0 27 1900 1.7125 1.222 160.2
done 168.4
