A0 21 0 1.8037 1.2184 2.4
A0 21 100 1.7885 1.223 10.9
A0 21 200 1.7809 1.2137 19.2
A0 21 300 1.7794 1.2224 27.3
A0 21 400 1.7484 1.2235 35.5
A0 21 500 1.7554 1.2165 43.8
A0 21 600 1.7393 1.2154 52.0
A0 21 700 1.7338 1.2133 60.4
A0 21 800 1.7365 1.2217 68.6
A0 21 900 1.718 1.2138 76.7
A0 21 1000 1.7114 1.216 84.8
A0 21 1100 1.7146 1.2234 92.8
A0 21 1200 1.7137 1.2164 101.1
A0 21 1300 1.7278 1.2196 109.5
A0 21 1400 1.7258 1.2237 117.9
A0 21 1500 1.7194 1.2226 126.0
A0 21 1600 1.7244 1.2194 134.6
A0 21 1700 1.714 1.218 142.8
A0 21 1800 1.7259 1.2212 151.3
A0 21 1900 1.7356 1.2199 159.6
done 167.7
