A0 23 0 1.7994 1.2203 2.4
A0 23 100 1.7905 1.2203 10.5
A0 23 200 1.7865 1.2232 18.7
A0 23 300 1.7704 1.2126 26.6
A0 23 400 1.7502 1.2197 34.9
A0 23 500 1.7543 1.2145 43.2
A0 23 600 1.7528 1.2217 51.6
A0 23 700 1.7367 1.2244 59.6
A0 23 800 1.7255 1.2176 67.6
A0 23 900 1.7265 1.2185 75.6
A0 23 1000 1.7149 1.2172 83.6
A0 23 1100 1.73 1.2289 91.9
A0 23 1200 1.7068 1.2217 99.7
A0 23 1300 1.7248 1.2221 108.1
A0 23 1400 1.7055 1.2216 116.2
A0 23 1500 1.721 1.2162 124.5
A0 23 1600 1.7221 1.2133 132.7
A0 23 1700 1.7126 1.2205 140.8
A0 23 1800 1.7158 1.218 148.9
A0 23 1900 1.7121 1.2141 156.9
done 165.1
