A0 26 0 1.8018 1.2217 2.4
A0 26 100 1.7911 1.2188 10.6
A0 26 200 1.7866 1.2187 18.9
A0 26 300 1.7672 1.2236 27.2
A0 26 400 1.751 1.2189 35.6
A0 26 500 1.7531 1.2216 43.8
A0 26 600 1.7369 1.2206 52.0
A0 26 700 1.7291 1.2105 60.6
A0 26 800 1.7285 1.2231 68.9
A0 26 900 1.7257 1.2264 77.2
A0 26 1000 1.7244 1.2156 85.5
A0 26 1100 1.7258 1.216 93.5
A0 26 1200 1.7311 1.2224 101.5
A0 26 1300 1.7218 1.2122 109.8
A0 26 1400 1.7127 1.2238 117.9
A0 26 1500 1.7247 1.2242 126.0
A0 26 1600 1.6967 1.2189 134.0
A0 26 1700 1.7092 1.2126 142.1
A0 26 1800 1.7135 1.2222 150.5
A0 26 1900 1.7154 1.2198 158.6
done 166.7
