A0 22 0 1.808 1.2191 2.3
A0 22 100 1.7922 1.2207 10.5
A0 22 200 1.7815 1.2222 18.8
A0 22 300 1.7725 1.2236 27.2
A0 22 400 1.7415 1.2119 35.3
A0 22 500 1.754 1.225 43.4
A0 22 600 1.7441 1.2213 51.9
A0 22 700 1.7417 1.2137 60.1
A0 22 800 1.7502 1.2224 68.3
A0 22 900 1.742 1.2234 76.4
A0 22 1000 1.7365 1.222 84.8
A0 22 1100 1.74 1.2198 93.1
A0 22 1200 1.7179 1.2126 101.4
A0 22 1300 1.7305 1.2185 109.8
A0 22 1400 1.7092 1.2127 117.9
A0 22 1500 1.7201 1.2186 125.8
A0 22 1600 1.726 1.2271 134.1
A0 22 1700 1.7317 1.2248 142.7
A0 22 1800 1.7236 1.2208 151.1
A0 22 1900 1.7016 1.2188 159.4
done 167.4
