AW 29 0 1.801 1.2226 2.4
AW 29 100 1.7931 1.0052 10.8
AW 29 200 1.7838 1.0064 19.8
AW 29 300 1.7664 1.0062 28.6
AW 29 400 1.7469 1.0111 36.9
AW 29 500 1.7581 1.0073 45.2
AW 29 600 1.74 1.0014 53.5
AW 29 700 1.7351 1.0052 62.1
AW 29 800 1.7421 1.0056 70.5
AW 29 900 1.7336 0.9992 78.9
AW 29 1000 1.7264 0.9985 87.1
AW 29 1100 1.7264 1.002 95.3
AW 29 1200 1.7242 0.9994 103.3
AW 29 1300 1.714 1.0 111.9
AW 29 1400 1.7169 1.0005 120.1
AW 29 1500 1.701 0.9932 128.4
AW 29 1600 1.7139 0.9962 136.8
AW 29 1700 1.7195 1.0027 145.2
AW 29 1800 1.7212 1.005 153.6
AW 29 1900 1.7075 0.9955 162.0
done 170.4
