AW 25 0 1.8012 1.2193 2.4
AW 25 100 1.7923 1.0074 10.5
AW 25 200 1.7826 1.006 18.6
AW 25 300 1.7691 1.0061 26.8
AW 25 400 1.7496 1.0061 34.8
AW 25 500 1.7385 1.0082 42.9
AW 25 600 1.7175 1.0008 51.0
AW 25 700 1.7162 0.9987 59.0
AW 25 800 1.7217 1.0009 67.3
AW 25 900 1.7301 1.0019 75.7
AW 25 1000 1.7095 1.0001 84.1
AW 25 1100 1.7192 1.0019 92.3
AW 25 1200 1.7407 1.0043 100.7
AW 25 1300 1.7138 0.998 109.1
AW 25 1400 1.7277 0.9969 117.5
AW 25 1500 1.7269 1.0009 126.0
AW 25 1600 1.7119 0.9916 134.3
AW 25 1700 1.7175 1.0044 142.7
AW 25 1800 1.7161 0.9949 151.0
AW 25 1900 1.7189 1.0007 159.2
done 168.1
