AW 21 0 1.8037 1.2184 2.4
AW 21 100 1.7889 1.008 11.0
AW 21 200 1.7804 1.0047 19.2
AW 21 300 1.78 1.009 27.3
AW 21 400 1.7508 1.0048 35.3
AW 21 500 1.755 1.0082 43.7
AW 21 600 1.7399 1.0058 51.8
AW 21 700 1.7372 1.0032 60.1
AW 21 800 1.7374 1.0005 68.2
AW 21 900 1.7202 1.0009 76.3
AW 21 1000 1.7104 1.0011 84.3
AW 21 1100 1.714 1.0019 92.6
AW 21 1200 1.712 1.0006 101.0
AW 21 1300 1.7287 1.0008 109.5
AW 21 1400 1.7234 0.9988 117.7
AW 21 1500 1.7182 0.9971 125.6
AW 21 1600 1.7211 1.001 134.0
AW 21 1700 1.7104 1.0012 142.3
AW 21 1800 1.7239 0.9954 150.7
AW 21 1900 1.7341 0.9999 158.7
done 167.1
