AW 20 0 1.797 1.2154 3.1
AW 20 100 1.7929 1.0059 11.6
AW 20 200 1.7866 1.0079 19.7
AW 20 300 1.7726 1.0086 27.9
AW 20 400 1.7468 1.0096 36.4
AW 20 500 1.7504 1.0041 44.5
AW 20 600 1.7456 1.0046 52.8
AW 20 700 1.7484 0.9991 61.0
AW 20 800 1.7335 1.0015 69.2
AW 20 900 1.7209 0.9938 77.1
AW 20 1000 1.7287 0.9995 85.1
AW 20 1100 1.7316 1.0022 93.4
AW 20 1200 1.7232 0.9984 101.6
AW 20 1300 1.7329 0.9962 110.1
AW 20 1400 1.7116 0.9931 118.7
AW 20 1500 1.7151 1.0 127.1
AW 20 1600 1.7134 0.9932 135.3
AW 20 1700 1.7127 0.9949 143.5
AW 20 1800 1.7238 0.9999 151.9
AW 20 1900 1.7094 1.0001 160.3
done 168.4
