AW 28 0 1.7976 1.22 2.3
AW 28 100 1.79 1.0043 11.2
AW 28 200 1.7902 1.0138 19.9
AW 28 300 1.7676 1.0067 28.4
AW 28 400 1.7476 1.008 37.1
AW 28 500 1.7523 1.0103 45.9
AW 28 600 1.7187 1.0024 54.4
AW 28 700 1.7272 0.999 62.8
AW 28 800 1.7193 1.0 71.2
AW 28 900 1.724 0.9965 79.6
AW 28 1000 1.7203 0.9924 88.3
AW 28 1100 1.7291 1.0017 97.1
AW 28 1200 1.7257 1.0046 105.7
AW 28 1300 1.7161 1.0024 114.3
AW 28 1400 1.7243 0.9998 122.9
AW 28 1500 1.7182 0.9957 131.7
AW 28 1600 1.725 0.9958 140.3
AW 28 1700 1.7079 0.9963 148.9
AW 28 1800 1.7354 1.0007 157.2
AW 28 1900 1.736 0.9999 166.1
done 174.6
