AW 26 0 1.8018 1.2217 2.4
AW 26 100 1.7906 1.0047 10.7
AW 26 200 1.7872 1.0068 19.2
AW 26 300 1.7716 1.0059 27.4
AW 26 400 1.7517 1.0055 35.9
AW 26 500 1.7495 1.0051 44.2
AW 26 600 1.7362 1.0007 52.4
AW 26 700 1.727 1.0003 60.9
AW 26 800 1.7326 1.0055 69.1
AW 26 900 1.7369 1.0051 77.2
AW 26 1000 1.7346 0.999 85.4
AW 26 1100 1.7309 1.0071 93.6
AW 26 1200 1.7363 1.0043 101.8
AW 26 1300 1.7248 0.9971 110.0
AW 26 1400 1.7165 1.0024 118.2
AW 26 1500 1.7263 0.9994 126.3
AW 26 1600 1.7005 0.9957 134.4
AW 26 1700 1.71 0.9954 142.6
AW 26 1800 1.7168 0.9921 151.0
AW 26 1900 1.7162 0.9937 159.0
done 167.0
