AW 24 0 1.7998 1.2239 2.4
AW 24 100 1.791 1.007 10.4
AW 24 200 1.7941 1.0071 18.4
AW 24 300 1.7676 1.007 26.5
AW 24 400 1.7598 1.0074 34.8
AW 24 500 1.7181 1.0046 43.0
AW 24 600 1.7268 1.0076 51.2
AW 24 700 1.7351 1.0017 59.7
AW 24 800 1.725 1.0025 67.9
AW 24 900 1.7232 1.0009 76.3
AW 24 1000 1.7143 1.0034 84.4
AW 24 1100 1.7205 1.0069 92.8
AW 24 1200 1.7145 0.9946 101.0
AW 24 1300 1.7234 1.0034 109.4
AW 24 1400 1.7055 0.994 117.6
AW 24 1500 1.7182 1.0008 126.0
AW 24 1600 1.711 0.9941 134.2
AW 24 1700 1.7084 0.9984 142.3
AW 24 1800 1.7095 0.9925 150.4
AW 24 1900 1.716 0.9986 158.6
done 166.7
