AW 22 0 1.808 1.2191 2.4
AW 22 100 1.7919 1.0093 10.6
AW 22 200 1.7817 1.0042 18.9
AW 22 300 1.7657 1.0066 27.2
AW 22 400 1.7414 1.0046 35.2
AW 22 500 1.7548 1.01 43.3
AW 22 600 1.7454 1.0036 51.8
AW 22 700 1.7447 1.0021 59.9
AW 22 800 1.7506 1.0056 68.0
AW 22 900 1.742 1.001 76.1
AW 22 1000 1.7404 1.0024 84.7
AW 22 1100 1.7471 0.9982 92.9
AW 22 1200 1.7236 0.991 101.2
AW 22 1300 1.7358 1.0057 109.4
AW 22 1400 1.7177 0.9986 117.7
AW 22 1500 1.7227 0.9997 125.6
AW 22 1600 1.7301 1.0023 134.0
AW 22 1700 1.7368 1.0001 142.4
AW 22 1800 1.7287 1.0035 150.8
AW 22 1900 1.7048 0.992 159.1
done 167.2
