AW 27 0 1.8083 1.2168 2.5
AW 27 100 1.7903 1.0034 11.1
AW 27 200 1.7853 1.0052 19.5
AW 27 300 1.7732 1.0124 27.8
AW 27 400 1.7515 1.007 36.3
AW 27 500 1.7478 1.0037 44.9
AW 27 600 1.738 1.004 53.4
AW 27 700 1.7578 1.0055 61.7
AW 27 800 1.7442 1.0093 70.2
AW 27 900 1.7338 1.0028 78.5
AW 27 1000 1.7207 0.9987 86.8
AW 27 1100 1.7271 1.0068 95.0
AW 27 1200 1.7138 1.0006 103.2
AW 27 1300 1.7099 1.0005 111.4
AW 27 1400 1.7185 0.9969 119.7
AW 27 1500 1.7011 0.9946 127.9
AW 27 1600 1.7342 0.9982 136.2
AW 27 1700 1.7251 1.0019 144.6
AW 27 1800 1.7196 0.9946 152.9
AW 27 1900 1.7123 0.9993 161.3
done 169.3
