AW 23 0 1.7994 1.2203 2.4
AW 23 100 1.7899 1.0037 10.5
AW 23 200 1.7866 1.0139 18.8
AW 23 300 1.7685 1.0059 27.0
AW 23 400 1.7512 1.0072 35.3
AW 23 500 1.753 1.0049 43.4
AW 23 600 1.7472 0.9996 51.8
AW 23 700 1.7221 1.003 59.9
AW 23 800 1.7174 1.001 68.1
AW 23 900 1.7239 0.9997 76.0
AW 23 1000 1.7127 0.999 83.9
AW 23 1100 1.7283 1.0026 92.1
AW 23 1200 1.7044 1.0036 100.1
AW 23 1300 1.7229 1.0024 108.3
AW 23 1400 1.7049 0.995 116.4
AW 23 1500 1.7182 0.9948 124.8
AW 23 1600 1.7203 0.9998 132.9
AW 23 1700 1.7113 0.9979 141.1
AW 23 1800 1.7146 0.9923 149.3
AW 23 1900 1.7118 1.0011 157.2
done 165.4
